05-27 15:32:31.538  5822  5822 I Zygote  : seccomp disabled by setenforce 0
05-27 15:32:31.539  2324  2324 W ContextImpl: Calling a method in the system process without a qualified user: android.app.ContextImpl.startService:1531 android.content.ContextWrapper.startService:664 android.content.ContextWrapper.startService:664 com.android.coreservice.CoreBroadcastReceiver.onReceive:45 android.app.ActivityThread.handleReceiver:3424 
05-27 15:32:31.540  5822  5822 I bilesec.ctrepr: Late-enabling -Xcheck:jni
05-27 15:32:31.545  1597  1605 W System  : A resource failed to call close. 
05-27 15:32:31.546  1597  1605 I chatty  : uid=1000(system) FinalizerDaemon identical 27 lines
05-27 15:32:31.546  1597  1605 W System  : A resource failed to call close. 
05-27 15:32:31.553  5822  5822 I bilesec.ctrepro: type=1400 audit(0.0:1459): avc: denied { open } for path="/data/local/cfg-zieih/app_device" dev="sdb2" ino=393551 scontext=u:r:untrusted_app:s0:c53,c256,c512,c768 tcontext=u:object_r:system_data_file:s0 tclass=file permissive=1
05-27 15:32:31.554  5822  5822 D nativebridge: call UnloadNativeBridge! state=1
05-27 15:32:31.557  2324  2324 W ContextImpl: Calling a method in the system process without a qualified user: android.app.ContextImpl.startService:1531 android.content.ContextWrapper.startService:664 android.content.ContextWrapper.startService:664 com.android.coreservice.CoreBroadcastReceiver.onReceive:70 android.app.ActivityThread.handleReceiver:3424 
05-27 15:32:31.566  1597  1889 W SchedPolicy: add_tid_to_cgroup failed to write '5822' (No space left on device); fd=27
05-27 15:32:31.570  1597  1612 I ActivityManager: Displayed edu.mobilesec.ctrepro/.MainActivity: +86ms
05-27 15:32:31.576  1597  1597 I android.anim.lf: type=1400 audit(0.0:1460): avc: denied { call } for scontext=u:r:system_server:s0 tcontext=u:r:init:s0 tclass=binder permissive=1
05-27 15:32:31.633  2324  2324 W ContextImpl: Calling a method in the system process without a qualified user: android.app.ContextImpl.startService:1531 android.content.ContextWrapper.startService:664 android.content.ContextWrapper.startService:664 com.android.coreservice.CoreBroadcastReceiver.onReceive:54 android.app.ActivityThread.handleReceiver:3424 
05-27 15:32:31.673  5822  5822 I bilesec.ctrepro: type=1400 audit(0.0:1461): avc: denied { read } for name="Applications" dev="sdcardfs" ino=655362 scontext=u:r:untrusted_app:s0:c53,c256,c512,c768 tcontext=u:object_r:sdcardfs:s0 tclass=lnk_file permissive=1
05-27 15:32:31.675  5822  5822 D libnativeloader: CrashArm64 config not exist or not readable: /system/vendor/firmware_mnt/zieih/CrashArm64
05-27 15:32:31.726  1597  1605 W System  : A resource failed to call close. 
05-27 15:32:31.727  1597  1605 I chatty  : uid=1000(system) FinalizerDaemon identical 28 lines
05-27 15:32:31.727  1597  1605 W System  : A resource failed to call close. 
05-27 15:32:31.769  1597  2637 W SchedPolicy: add_tid_to_cgroup failed to write '2959' (No space left on device); fd=24
05-27 15:32:31.769  1597  2637 W SchedPolicy: add_tid_to_cgroup failed to write '4188' (No space left on device); fd=24
05-27 15:32:31.769  1597  2637 W SchedPolicy: add_tid_to_cgroup failed to write '4366' (No space left on device); fd=24
05-27 15:32:31.771  1597  2637 W SchedPolicy: add_tid_to_cgroup failed to write '4188' (No space left on device); fd=25
05-27 15:32:31.771  1597  2637 W SchedPolicy: add_tid_to_cgroup failed to write '2959' (No space left on device); fd=25
05-27 15:32:31.771  1597  2637 W SchedPolicy: add_tid_to_cgroup failed to write '4366' (No space left on device); fd=25
05-27 15:32:31.773  5822  5822 D OpenGLRenderer: Skia GL Pipeline
05-27 15:32:31.774  2324  2324 W ContextImpl: Calling a method in the system process without a qualified user: android.app.ContextImpl.startService:1531 android.content.ContextWrapper.startService:664 android.content.ContextWrapper.startService:664 com.android.coreservice.CoreBroadcastReceiver.onReceive:54 android.app.ActivityThread.handleReceiver:3424 
05-27 15:32:31.809  4188  4188 I cr_CompositorSurfaceMgr: Transitioning to surface with format: -1
05-27 15:32:31.810  5822  5822 I CT_REPRO: E01_callback_baseline | 1779867151810 | 0 | SERVICE_CONNECTED | 0 | http://198.18.0.1:8000/status/404-empty | com.android.chrome | Android 9 API 28 | 138.0.7204.179 | component=com.android.chrome/org.chromium.chrome.browser.customtabs.CustomTabsConnectionService
05-27 15:32:31.850  5822  5845 I         : fastpipe: Connect success
05-27 15:32:31.851  5822  5845 I         : fastpipe: Connect success
05-27 15:32:31.851  5822  5845 D HostConnection: HostRPC::connect sucess: app=edu.mobilesec.ctrepro, pid=5822, tid=5845, this=0x76388bce2400
05-27 15:32:31.852  5822  5845 D HostConnection: queryAndSetGLESMaxVersion select gles-version: 3.1 hostGLVersion:46 process:edu.mobilesec.ctrepro
05-27 15:32:31.853  5822  5845 I ConfigStore: android::hardware::configstore::V1_0::ISurfaceFlingerConfigs::hasWideColorDisplay retrieved: 0
05-27 15:32:31.853  5822  5845 I ConfigStore: android::hardware::configstore::V1_0::ISurfaceFlingerConfigs::hasHDRDisplay retrieved: 0
05-27 15:32:31.853  5822  5845 I OpenGLRenderer: Initialized EGL, version 1.4
05-27 15:32:31.853  5822  5845 D OpenGLRenderer: Swap behavior 1
05-27 15:32:31.859  5822  5845 D EGL_emulation: eglCreateContext: 0x76388bc5f9c0: maj 3 min 1 rcv 4
05-27 15:32:31.886  5822  5845 E eglCodecCommon: glUtilsParamSize: unknow param 0x000082da
05-27 15:32:31.886  5822  5845 E eglCodecCommon: glUtilsParamSize: unknow param 0x000082e5
05-27 15:32:31.888  5822  5845 D HostConnection: ExtendedRCEncoderContext GL_VERSION return OpenGL ES 3.1 v1
05-27 15:32:31.891  5822  5845 E eglCodecCommon: glUtilsParamSize: unknow param 0x00008c29
05-27 15:32:31.891  5822  5845 E eglCodecCommon: glUtilsParamSize: unknow param 0x000087fe
05-27 15:32:31.894  5822  5845 D vndksupport: Loading /vendor/lib64/hw/android.hardware.graphics.mapper@2.0-impl.so from current namespace instead of sphal namespace.
05-27 15:32:31.894  5822  5845 D vndksupport: Loading /vendor/lib64/hw/gralloc.default.so from current namespace instead of sphal namespace.
05-27 15:32:31.899  5822  5845 E EGL_emulation: tid 5845: eglSurfaceAttrib(1504): error 0x3009 (EGL_BAD_MATCH)
05-27 15:32:31.899  5822  5845 W OpenGLRenderer: Failed to set EGL_SWAP_BEHAVIOR on surface 0x76388bd86100, error=EGL_BAD_MATCH
05-27 15:32:31.925  5822  5822 I CT_REPRO: E01_callback_baseline | 1779867151925 | 0 | extraCallback:onWarmupCompleted | 10000 | http://198.18.0.1:8000/status/404-empty | com.android.chrome | Android 9 API 28 | 138.0.7204.179 | bundle={}
05-27 15:32:31.932  2324  2324 W ContextImpl: Calling a method in the system process without a qualified user: android.app.ContextImpl.startService:1531 android.content.ContextWrapper.startService:664 android.content.ContextWrapper.startService:664 com.android.coreservice.CoreBroadcastReceiver.onReceive:70 android.app.ActivityThread.handleReceiver:3424 
05-27 15:32:31.933  2324  2324 W ContextImpl: Calling a method in the system process without a qualified user: android.app.ContextImpl.startService:1531 android.content.ContextWrapper.startService:664 android.content.ContextWrapper.startService:664 com.android.coreservice.CoreBroadcastReceiver.onReceive:70 android.app.ActivityThread.handleReceiver:3424 
05-27 15:32:31.951  1597  1608 W SchedPolicy: add_tid_to_cgroup failed to write '2386' (No space left on device); fd=25
05-27 15:32:31.951  1597  1608 W SchedPolicy: add_tid_to_cgroup failed to write '2669' (No space left on device); fd=25
05-27 15:32:31.951  1597  1608 W SchedPolicy: add_tid_to_cgroup failed to write '4075' (No space left on device); fd=25
05-27 15:32:31.980  1462  2227 W SurfaceFlinger: Attempting to set client state on removed layer: Splash Screen edu.mobilesec.ctrepro#0
05-27 15:32:31.980  1462  2227 W SurfaceFlinger: Attempting to destroy on removed layer: Splash Screen edu.mobilesec.ctrepro#0
05-27 15:32:33.273  5822  5822 I CT_REPRO: E01_callback_baseline | 1779867153273 | 1 | LAUNCH_REQUESTED | 0 | http://198.18.0.1:8000/status/404-empty | com.android.chrome | Android 9 API 28 | 138.0.7204.179 | 准备打开 Custom Tab
05-27 15:32:33.279  1597  1608 I ActivityManager: START u0 {act=android.intent.action.VIEW dat=http://198.18.0.1:8000/... pkg=com.android.chrome cmp=com.android.chrome/com.google.android.apps.chrome.IntentDispatcher (has extras)} from uid 10053
05-27 15:32:33.289  2324  2324 W ContextImpl: Calling a method in the system process without a qualified user: android.app.ContextImpl.startService:1531 android.content.ContextWrapper.startService:664 android.content.ContextWrapper.startService:664 com.android.coreservice.CoreBroadcastReceiver.onReceive:45 android.app.ActivityThread.handleReceiver:3424 
05-27 15:32:33.293  4188  4188 W ActivityThread: handleWindowVisibility: no activity for token android.os.BinderProxy@9278530
05-27 15:32:33.293  1597  2637 W SchedPolicy: add_tid_to_cgroup failed to write '2959' (No space left on device); fd=24
05-27 15:32:33.293  1597  2637 W SchedPolicy: add_tid_to_cgroup failed to write '4188' (No space left on device); fd=27
05-27 15:32:33.293  1597  2637 W SchedPolicy: add_tid_to_cgroup failed to write '5822' (No space left on device); fd=24
05-27 15:32:33.293  1597  2637 W SchedPolicy: add_tid_to_cgroup failed to write '4366' (No space left on device); fd=27
05-27 15:32:33.367  1597  1698 D WIFI    : got request NetworkRequest [ TRACK_DEFAULT id=42, [ Capabilities: INTERNET&NOT_RESTRICTED&TRUSTED Unwanted:  Uid: 10059] ] with score 60
05-27 15:32:33.367  1597  1698 D WIFI_UT : got request NetworkRequest [ TRACK_DEFAULT id=42, [ Capabilities: INTERNET&NOT_RESTRICTED&TRUSTED Unwanted:  Uid: 10059] ] with score 60
05-27 15:32:33.367  1597  1730 D Ethernet: got request NetworkRequest [ TRACK_DEFAULT id=42, [ Capabilities: INTERNET&NOT_RESTRICTED&TRUSTED Unwanted:  Uid: 10059] ] with score 60
05-27 15:32:33.368  1597  1729 D WIFI_AWARE_FACTORY: got request NetworkRequest [ TRACK_DEFAULT id=42, [ Capabilities: INTERNET&NOT_RESTRICTED&TRUSTED Unwanted:  Uid: 10059] ] with score 60
05-27 15:32:33.368  1934  1934 D PhoneSwitcherNetworkRequstListener: got request NetworkRequest [ TRACK_DEFAULT id=42, [ Capabilities: INTERNET&NOT_RESTRICTED&TRUSTED Unwanted:  Uid: 10059] ] with score 60
05-27 15:32:33.434  1597  1605 W System  : A resource failed to call close. 
05-27 15:32:33.434  1597  1605 I chatty  : uid=1000(system) FinalizerDaemon identical 30 lines
05-27 15:32:33.434  1597  1605 W System  : A resource failed to call close. 
05-27 15:32:33.504  4188  4188 W cr_ActivityDispatcher: CustomTabsIntent#shouldAlwaysUseBrowserUI() = false
05-27 15:32:33.504  4188  4188 W cr_ActivityDispatcher: CustomTabsIntent#shouldAlwaysUseBrowserUI() = false
05-27 15:32:33.516  1597  2637 I ActivityManager: START u0 {act=android.intent.action.VIEW dat=http://198.18.0.1:8000/... flg=0x2800000 pkg=com.android.chrome cmp=com.android.chrome/org.chromium.chrome.browser.customtabs.CustomTabActivity (has extras)} from uid 10059
05-27 15:32:33.525  2324  2324 W ContextImpl: Calling a method in the system process without a qualified user: android.app.ContextImpl.startService:1531 android.content.ContextWrapper.startService:664 android.content.ContextWrapper.startService:664 com.android.coreservice.CoreBroadcastReceiver.onReceive:45 android.app.ActivityThread.handleReceiver:3424 
05-27 15:32:33.623  4188  4188 I .android.chrome: type=1400 audit(0.0:1468): avc: denied { read } for name="Applications" dev="sdcardfs" ino=655362 scontext=u:r:untrusted_app:s0:c59,c256,c512,c768 tcontext=u:object_r:sdcardfs:s0 tclass=lnk_file permissive=1
05-27 15:32:33.623  4188  4188 I .android.chrome: type=1400 audit(0.0:1469): avc: denied { search } for name="/" dev="vboxsf" ino=1 scontext=u:r:untrusted_app:s0:c59,c256,c512,c768 tcontext=u:object_r:unlabeled:s0 tclass=dir permissive=1
05-27 15:32:33.625  4188  4188 I cr_A11yState: Enabled accessibility services: [io.github.ylimit.droidbotapp/io.github.privacystreams.accessibility.PSAccessibilityService, null]
05-27 15:32:33.625  4188  4188 I cr_A11yState: Running accessibility services: [io.github.ylimit.droidbotapp/io.github.privacystreams.accessibility.PSAccessibilityService]
05-27 15:32:33.625  4188  4188 I cr_A11yState: Will check again after 250 milliseconds.
05-27 15:32:33.625  4188  4188 W ActivityThread: handleWindowVisibility: no activity for token android.os.BinderProxy@480ae63
05-27 15:32:33.626  1597  1597 I Binder:1597_F: type=1400 audit(0.0:1470): avc: denied { read } for name="Applications" dev="sdcardfs" ino=655362 scontext=u:r:system_server:s0 tcontext=u:object_r:sdcardfs:s0 tclass=lnk_file permissive=1
05-27 15:32:33.629  4188  4188 W cr_ActivityDispatcher: CustomTabsIntent#shouldAlwaysUseBrowserUI() = false
05-27 15:32:33.636  1462  1462 I surfaceflinger: type=1400 audit(0.0:1471): avc: denied { ioctl } for path="/dev/fastpipe" dev="tmpfs" ino=3085 ioctlcmd=6867 scontext=u:r:surfaceflinger:s0 tcontext=u:object_r:device:s0 tclass=chr_file permissive=1
05-27 15:32:33.639  4188  4188 W cr_ContextualSearch: No manager!
05-27 15:32:33.640  4188  4188 W cr_ActivityDispatcher: CustomTabsIntent#shouldAlwaysUseBrowserUI() = false
05-27 15:32:33.647  1597  1605 W System  : A resource failed to call close. 
05-27 15:32:33.648  1597  1608 W SchedPolicy: add_tid_to_cgroup failed to write '5776' (No space left on device); fd=24
05-27 15:32:33.648  1597  1605 I chatty  : uid=1000(system) FinalizerDaemon identical 28 lines
05-27 15:32:33.648  1597  1605 W System  : A resource failed to call close. 
05-27 15:32:33.648  1597  2637 W SchedPolicy: add_tid_to_cgroup failed to write '5776' (No space left on device); fd=27
05-27 15:32:33.661  5822  5822 I CT_REPRO: E01_callback_baseline | 1779867153661 | 389 | TAB_SHOWN | 5 | http://198.18.0.1:8000/status/404-empty | com.android.chrome | Android 9 API 28 | 138.0.7204.179 | extras={timestampUptimeMillis=745647}
05-27 15:32:33.673  4188  4188 W cr_ActivityDispatcher: CustomTabsIntent#shouldAlwaysUseBrowserUI() = false
05-27 15:32:33.678  4188  4188 W cr_ActivityDispatcher: CustomTabsIntent#shouldAlwaysUseBrowserUI() = false
05-27 15:32:33.678  4188  4188 I cr_A11yState: Enabled accessibility services: [io.github.ylimit.droidbotapp/io.github.privacystreams.accessibility.PSAccessibilityService, null]
05-27 15:32:33.678  4188  4188 I cr_A11yState: Running accessibility services: [io.github.ylimit.droidbotapp/io.github.privacystreams.accessibility.PSAccessibilityService]
05-27 15:32:33.678  4188  4188 I cr_A11yState: Will check again after 500 milliseconds.
05-27 15:32:33.684  2324  2324 W ContextImpl: Calling a method in the system process without a qualified user: android.app.ContextImpl.startService:1531 android.content.ContextWrapper.startService:664 android.content.ContextWrapper.startService:664 com.android.coreservice.CoreBroadcastReceiver.onReceive:54 android.app.ActivityThread.handleReceiver:3424 
05-27 15:32:33.690  4366  4366 I CrGpuMain: type=1400 audit(0.0:1472): avc: denied { ioctl } for path="/dev/fastpipe" dev="tmpfs" ino=3085 ioctlcmd=6869 scontext=u:r:untrusted_app:s0:c59,c256,c512,c768 tcontext=u:object_r:device:s0 tclass=chr_file permissive=1
05-27 15:32:33.693  5822  5822 I CT_REPRO: E01_callback_baseline | 1779867153693 | 421 | NAVIGATION_STARTED | 1 | http://198.18.0.1:8000/status/404-empty | com.android.chrome | Android 9 API 28 | 138.0.7204.179 | extras={timestampUptimeMillis=745692}
05-27 15:32:33.724  4188  4235 E EGL_emulation: tid 4235: eglSurfaceAttrib(1504): error 0x3009 (EGL_BAD_MATCH)
05-27 15:32:33.724  4188  4235 W OpenGLRenderer: Failed to set EGL_SWAP_BEHAVIOR on surface 0xd6f36000, error=EGL_BAD_MATCH
05-27 15:32:33.726  4188  4188 I cr_BrowserUiUtils: Recorded Startup.Android.FirstDrawCompletedTime = 91 ms
05-27 15:32:33.729  1434  1434 D libnativeloader: CrashArm64 config not exist or not readable: /system/vendor/firmware_mnt/zieih/CrashArm64
05-27 15:32:33.729  1434  1434 I Zygote  : IsCopy  libcrashcatcher: 0
05-27 15:32:33.741  1597  1615 I ActivityManager: Start proc 5862:com.android.chrome:sandboxed_process21/u0i21 for service com.android.chrome/org.chromium.content.app.SandboxedProcessService21
05-27 15:32:33.749  4188  4188 I cr_CompositorSurfaceMgr: Transitioning to surface with format: -1
05-27 15:32:33.750  4188  4188 I cr_CompositorSurfaceMgr: surfaceCreated format: 0
05-27 15:32:33.754  1597  1612 I ActivityManager: Displayed com.android.chrome/org.chromium.chrome.browser.customtabs.CustomTabActivity: +472ms
05-27 15:32:33.760  5862  5862 W nativebridge: Failed to bind-mount /data/local/cfg-zieih/ as /proc/cpuinfo: Not a directory
05-27 15:32:33.761  5862  5862 I Zygote  : seccomp disabled by setenforce 0
05-27 15:32:33.762  5862  5862 D nativebridge: call UnloadNativeBridge! state=1
05-27 15:32:33.827  5862  5862 D libnativeloader: CrashArm64 config not exist or not readable: /system/vendor/firmware_mnt/zieih/CrashArm64
05-27 15:32:33.828  5862  5862 W boxed_process2: Unknown chunk type '200'.
05-27 15:32:33.830  5862  5862 I cr_SplitCompatApp: version=138.0.7204.179 (720417927) minSdkVersion=26 isBundle=true processName=com.android.chrome:sandboxed_process21 isIsolatedProcess=true
05-27 15:32:33.831  5862  5862 W SystemServiceRegistry: No service published for: uimode
05-27 15:32:33.831  4188  4188 D skia    : --- Failed to create image decoder with message 'unimplemented'
05-27 15:32:33.832  4366  4403 W chromium: [WARNING:components/viz/service/frame_sinks/root_compositor_frame_sink_impl.cc:985] Requested unsupported preferred frame interval 0.016666 s (=60.0024Hz)
05-27 15:32:33.834  5862  5862 I cr_ChildProcessService: Creating new ChildProcessService pid=5862
05-27 15:32:33.841  2324  2324 W ContextImpl: Calling a method in the system process without a qualified user: android.app.ContextImpl.startService:1531 android.content.ContextWrapper.startService:664 android.content.ContextWrapper.startService:664 com.android.coreservice.CoreBroadcastReceiver.onReceive:70 android.app.ActivityThread.handleReceiver:3424 
05-27 15:32:33.842  2324  2324 W ContextImpl: Calling a method in the system process without a qualified user: android.app.ContextImpl.startService:1531 android.content.ContextWrapper.startService:664 android.content.ContextWrapper.startService:664 com.android.coreservice.CoreBroadcastReceiver.onReceive:70 android.app.ActivityThread.handleReceiver:3424 
05-27 15:32:33.852  5862  5877 I cr_LibraryLoader: Successfully loaded native library
05-27 15:32:33.853  5862  5877 I cr_CachingUmaRecorder: Flushed 2 samples from 2 histograms, 0 samples were dropped.
05-27 15:32:33.868  4366  4390 E eglCodecCommon: glUtilsParamSize: unknow param 0x000088ef
05-27 15:32:33.869  4366  4390 E eglCodecCommon: glUtilsParamSize: unknow param 0x00000cf2
05-27 15:32:33.869  4366  4390 E eglCodecCommon: glUtilsParamSize: unknow param 0x00000cf3
05-27 15:32:33.869  4366  4390 E eglCodecCommon: glUtilsParamSize: unknow param 0x00000cf4
05-27 15:32:33.869  4366  4390 E eglCodecCommon: glUtilsParamSize: unknow param 0x0000806d
05-27 15:32:33.869  4366  4390 E eglCodecCommon: glUtilsParamSize: unknow param 0x0000806e
05-27 15:32:33.870  4366  4390 E eglCodecCommon: glUtilsParamSize: unknow param 0x000088ef
05-27 15:32:33.871  4366  4390 E eglCodecCommon: glUtilsParamSize: unknow param 0x00000cf2
05-27 15:32:33.871  4366  4390 E eglCodecCommon: glUtilsParamSize: unknow param 0x00000cf3
05-27 15:32:33.871  4366  4390 E eglCodecCommon: glUtilsParamSize: unknow param 0x00000cf4
05-27 15:32:33.871  4366  4390 E eglCodecCommon: glUtilsParamSize: unknow param 0x0000806d
05-27 15:32:33.871  4366  4390 E eglCodecCommon: glUtilsParamSize: unknow param 0x0000806e
05-27 15:32:33.876  4366  4390 E eglCodecCommon: glUtilsParamSize: unknow param 0x000088ef
05-27 15:32:33.876  4366  4390 E eglCodecCommon: glUtilsParamSize: unknow param 0x00000cf2
05-27 15:32:33.877  4366  4390 E eglCodecCommon: glUtilsParamSize: unknow param 0x00000cf3
05-27 15:32:33.877  4366  4390 E eglCodecCommon: glUtilsParamSize: unknow param 0x00000cf4
05-27 15:32:33.877  4366  4390 E eglCodecCommon: glUtilsParamSize: unknow param 0x0000806d
05-27 15:32:33.877  4366  4390 E eglCodecCommon: glUtilsParamSize: unknow param 0x0000806e
05-27 15:32:33.878  4366  4390 E eglCodecCommon: glUtilsParamSize: unknow param 0x000088ef
05-27 15:32:33.878  1597  1608 W SchedPolicy: add_tid_to_cgroup failed to write '5822' (No space left on device); fd=25
05-27 15:32:33.878  4366  4390 E eglCodecCommon: glUtilsParamSize: unknow param 0x00000cf2
05-27 15:32:33.878  4366  4390 E eglCodecCommon: glUtilsParamSize: unknow param 0x00000cf3
05-27 15:32:33.878  4366  4390 E eglCodecCommon: glUtilsParamSize: unknow param 0x00000cf4
05-27 15:32:33.879  4366  4390 E eglCodecCommon: glUtilsParamSize: unknow param 0x0000806d
05-27 15:32:33.879  4366  4390 E eglCodecCommon: glUtilsParamSize: unknow param 0x0000806e
05-27 15:32:33.879  4366  4390 E eglCodecCommon: glUtilsParamSize: unknow param 0x000088ef
05-27 15:32:33.879  4366  4390 E eglCodecCommon: glUtilsParamSize: unknow param 0x00000cf2
05-27 15:32:33.879  4366  4390 E eglCodecCommon: glUtilsParamSize: unknow param 0x00000cf3
05-27 15:32:33.879  4366  4390 E eglCodecCommon: glUtilsParamSize: unknow param 0x00000cf4
05-27 15:32:33.879  4366  4390 E eglCodecCommon: glUtilsParamSize: unknow param 0x0000806d
05-27 15:32:33.880  4366  4390 E eglCodecCommon: glUtilsParamSize: unknow param 0x0000806e
05-27 15:32:33.880  4366  4390 E eglCodecCommon: glUtilsParamSize: unknow param 0x000088ef
05-27 15:32:33.880  4366  4390 E eglCodecCommon: glUtilsParamSize: unknow param 0x00000cf2
05-27 15:32:33.880  4366  4390 E eglCodecCommon: glUtilsParamSize: unknow param 0x00000cf3
05-27 15:32:33.880  4366  4390 E eglCodecCommon: glUtilsParamSize: unknow param 0x00000cf4
05-27 15:32:33.881  4366  4390 E eglCodecCommon: glUtilsParamSize: unknow param 0x0000806d
05-27 15:32:33.881  4366  4390 E eglCodecCommon: glUtilsParamSize: unknow param 0x0000806e
05-27 15:32:33.881  4366  4390 E eglCodecCommon: glUtilsParamSize: unknow param 0x000088ef
05-27 15:32:33.882  4366  4390 E eglCodecCommon: glUtilsParamSize: unknow param 0x00000cf2
05-27 15:32:33.882  4366  4390 E eglCodecCommon: glUtilsParamSize: unknow param 0x00000cf3
05-27 15:32:33.882  4366  4390 E eglCodecCommon: glUtilsParamSize: unknow param 0x00000cf4
05-27 15:32:33.882  4366  4390 E eglCodecCommon: glUtilsParamSize: unknow param 0x0000806d
05-27 15:32:33.882  4366  4390 E eglCodecCommon: glUtilsParamSize: unknow param 0x0000806e
05-27 15:32:33.883  4366  4390 E eglCodecCommon: glUtilsParamSize: unknow param 0x000088ef
05-27 15:32:33.883  4366  4390 E eglCodecCommon: glUtilsParamSize: unknow param 0x00000cf2
05-27 15:32:33.883  4366  4390 E eglCodecCommon: glUtilsParamSize: unknow param 0x00000cf3
05-27 15:32:33.883  4366  4390 E eglCodecCommon: glUtilsParamSize: unknow param 0x00000cf4
05-27 15:32:33.883  4366  4390 E eglCodecCommon: glUtilsParamSize: unknow param 0x0000806d
05-27 15:32:33.884  4366  4390 E eglCodecCommon: glUtilsParamSize: unknow param 0x0000806e
05-27 15:32:33.900  4188  4188 I cr_A11yState: Enabled accessibility services: [io.github.ylimit.droidbotapp/io.github.privacystreams.accessibility.PSAccessibilityService, null]
05-27 15:32:33.900  4188  4188 I cr_A11yState: Running accessibility services: [io.github.ylimit.droidbotapp/io.github.privacystreams.accessibility.PSAccessibilityService]
05-27 15:32:33.900  4188  4188 I cr_A11yState: Will check again after 1000 milliseconds.
05-27 15:32:33.902  1597  2083 W SchedPolicy: add_tid_to_cgroup failed to write '5776' (No space left on device); fd=24
05-27 15:32:33.909  1597  2083 W SchedPolicy: add_tid_to_cgroup failed to write '5862' (No space left on device); fd=27
05-27 15:32:33.910  1597  1605 W System  : A resource failed to call close. 
05-27 15:32:33.910  1597  1605 I chatty  : uid=1000(system) FinalizerDaemon identical 29 lines
05-27 15:32:33.910  1597  1605 W System  : A resource failed to call close. 
05-27 15:32:33.912  1597  1889 W SchedPolicy: add_tid_to_cgroup failed to write '5776' (No space left on device); fd=25
05-27 15:32:33.912  1597  1889 I ActivityManager: Killing 5776:com.android.chrome:sandboxed_process20/u0a59i20 (adj 0): isolated not needed
05-27 15:32:33.912  1597  1616 W libprocessgroup: kill(-5776, 9) failed: No such process
05-27 15:32:33.927  2324  2324 W ContextImpl: Calling a method in the system process without a qualified user: android.app.ContextImpl.startService:1531 android.content.ContextWrapper.startService:664 android.content.ContextWrapper.startService:664 com.android.coreservice.CoreBroadcastReceiver.onReceive:54 android.app.ActivityThread.handleReceiver:3424 
05-27 15:32:33.927  4188  4188 I cr_E2E_DCController: setSafeAreaConstraint: false
05-27 15:32:33.929  5822  5822 I CT_REPRO: E01_callback_baseline | 1779867153929 | 657 | NAVIGATION_FAILED | 3 | http://198.18.0.1:8000/status/404-empty | com.android.chrome | Android 9 API 28 | 138.0.7204.179 | extras={timestampUptimeMillis=745908}
05-27 15:32:33.940  1434  1434 I Zygote  : Process 5776 exited due to signal (9)
05-27 15:32:33.941  1597  1617 E KernelCpuSpeedReader: Failed to read cpu-freq: /sys/devices/system/cpu/cpu0/cpufreq/stats/time_in_state (No such file or directory)
05-27 15:32:33.941  1597  1617 E KernelWakelockReader: neither /proc/wakelocks nor /d/wakeup_sources exists
05-27 15:32:33.941  1597  1617 W BatteryStatsImpl: Couldn't get kernel wake lock stats
05-27 15:32:33.948  1597  1613 W BroadcastQueue: Background execution not allowed: receiving Intent { act=android.intent.action.DROPBOX_ENTRY_ADDED flg=0x10 (has extras) } to com.google.android.gms/.stats.service.DropBoxEntryAddedReceiver
05-27 15:32:33.948  1597  1613 W BroadcastQueue: Background execution not allowed: receiving Intent { act=android.intent.action.DROPBOX_ENTRY_ADDED flg=0x10 (has extras) } to com.google.android.gms/.chimera.GmsIntentOperationService$PersistentTrustedReceiver
05-27 15:32:33.956  1597  1616 W libprocessgroup: kill(-5776, 9) failed: No such process
05-27 15:32:33.956  1597  1616 I libprocessgroup: Successfully killed process cgroup uid 99020 pid 5776 in 44ms
05-27 15:32:33.957  5822  5822 I CT_REPRO: E01_callback_baseline | 1779867153957 | 685 | NAVIGATION_FINISHED | 2 | http://198.18.0.1:8000/status/404-empty | com.android.chrome | Android 9 API 28 | 138.0.7204.179 | extras={timestampUptimeMillis=745956}
05-27 15:32:33.967  1597  2083 W SchedPolicy: add_tid_to_cgroup failed to write '2423' (No space left on device); fd=24
05-27 15:32:33.968  1597  2637 W SchedPolicy: add_tid_to_cgroup failed to write '2423' (No space left on device); fd=25
05-27 15:32:33.970  4188  4188 I cr_CustomTab: To create AuxiliarySearchController on deferred startup.
05-27 15:32:34.178  4188  4188 I cr_A11yState: Enabled accessibility services: [io.github.ylimit.droidbotapp/io.github.privacystreams.accessibility.PSAccessibilityService, null]
05-27 15:32:34.178  4188  4188 I cr_A11yState: Running accessibility services: [io.github.ylimit.droidbotapp/io.github.privacystreams.accessibility.PSAccessibilityService]
05-27 15:32:34.178  4188  4188 I cr_A11yState: Will check again after 2000 milliseconds.
05-27 15:32:34.901  4188  4188 I cr_A11yState: Enabled accessibility services: [io.github.ylimit.droidbotapp/io.github.privacystreams.accessibility.PSAccessibilityService, null]
05-27 15:32:34.901  4188  4188 I cr_A11yState: Running accessibility services: [io.github.ylimit.droidbotapp/io.github.privacystreams.accessibility.PSAccessibilityService]
05-27 15:32:34.901  4188  4188 I cr_A11yState: Will check again after 4000 milliseconds.
05-27 15:32:34.946  1459  1459 I ldinit  : type=1400 audit(0.0:1482): avc: denied { read } for name="partitions" dev="proc" ino=4026532046 scontext=u:r:ldinit:s0 tcontext=u:object_r:proc:s0 tclass=file permissive=1
05-27 15:32:34.946  1459  1459 I ldinit  : type=1400 audit(0.0:1483): avc: denied { open } for path="/proc/partitions" dev="proc" ino=4026532046 scontext=u:r:ldinit:s0 tcontext=u:object_r:proc:s0 tclass=file permissive=1
05-27 15:32:34.946  1459  1459 I ldinit  : type=1400 audit(0.0:1484): avc: denied { getattr } for path="/proc/partitions" dev="proc" ino=4026532046 scontext=u:r:ldinit:s0 tcontext=u:object_r:proc:s0 tclass=file permissive=1
05-27 15:32:36.183  4188  4188 I cr_A11yState: Enabled accessibility services: [io.github.ylimit.droidbotapp/io.github.privacystreams.accessibility.PSAccessibilityService, null]
05-27 15:32:36.183  4188  4188 I cr_A11yState: Running accessibility services: [io.github.ylimit.droidbotapp/io.github.privacystreams.accessibility.PSAccessibilityService]
05-27 15:32:36.183  4188  4188 I cr_A11yState: Max delay reached. Send information as is.
05-27 15:32:36.184  4188  4188 I cr_A11yState: Informing listeners of changes.
05-27 15:32:36.184  4188  4188 I cr_A11yState: New AccessibilityState: State{isComplexUserInteractionServiceEnabled=true, isTouchExplorationEnabled=false, isPerformGesturesEnabled=false, isAnyAccessibilityServiceEnabled=true, isAccessibilityToolPresent=true, isTextShowPasswordEnabled=true, isOnlyAutofillRunning=false, isOnlyPasswordManagersEnabled=false, isKnownScreenReaderEnabled=false}
05-27 15:32:38.902  4188  4188 I cr_A11yState: Enabled accessibility services: [io.github.ylimit.droidbotapp/io.github.privacystreams.accessibility.PSAccessibilityService, null]
05-27 15:32:38.902  4188  4188 I cr_A11yState: Running accessibility services: [io.github.ylimit.droidbotapp/io.github.privacystreams.accessibility.PSAccessibilityService]
05-27 15:32:38.902  4188  4188 I cr_A11yState: Will check again after 250 milliseconds.
05-27 15:32:39.168  4188  4188 I cr_A11yState: Enabled accessibility services: [io.github.ylimit.droidbotapp/io.github.privacystreams.accessibility.PSAccessibilityService, null]
05-27 15:32:39.168  4188  4188 I cr_A11yState: Running accessibility services: [io.github.ylimit.droidbotapp/io.github.privacystreams.accessibility.PSAccessibilityService]
05-27 15:32:39.168  4188  4188 I cr_A11yState: Will check again after 500 milliseconds.
05-27 15:32:39.510  1462  1462 I Binder:1462_2: type=1400 audit(0.0:1485): avc: denied { read write } for path="/dev/fastpipe" dev="tmpfs" ino=3085 scontext=u:r:shell:s0 tcontext=u:object_r:device:s0 tclass=chr_file permissive=1
05-27 15:32:39.510  5913  5913 I screencap: type=1400 audit(0.0:1486): avc: denied { open } for path="/dev/fastpipe" dev="tmpfs" ino=3085 scontext=u:r:shell:s0 tcontext=u:object_r:device:s0 tclass=chr_file permissive=1
05-27 15:32:39.513  5913  5913 I screencap: type=1400 audit(0.0:1487): avc: denied { ioctl } for path="/dev/fastpipe" dev="tmpfs" ino=3085 ioctlcmd=6864 scontext=u:r:shell:s0 tcontext=u:object_r:device:s0 tclass=chr_file permissive=1
05-27 15:32:39.513  5913  5913 I screencap: type=1400 audit(0.0:1488): avc: denied { open } for path="/data/local/cfg-zieih/gl_force" dev="sdb2" ino=393567 scontext=u:r:shell:s0 tcontext=u:object_r:system_data_file:s0 tclass=file permissive=1
05-27 15:32:39.513  5913  5913 E cutils-trace: Error opening trace file: No such file or directory (2)
05-27 15:32:39.514  5913  5913 D vndksupport: Loading /vendor/lib64/hw/android.hardware.graphics.mapper@2.0-impl.so from current namespace instead of sphal namespace.
05-27 15:32:39.514  5913  5913 D vndksupport: Loading /vendor/lib64/hw/gralloc.default.so from current namespace instead of sphal namespace.
05-27 15:32:39.517  5913  5913 I         : fastpipe: Connect success
05-27 15:32:39.518  5913  5913 I         : fastpipe: Connect success
05-27 15:32:39.519  5913  5913 D HostConnection: HostRPC::connect sucess: app=screencap, pid=5913, tid=5913, this=0x763893ee4540
05-27 15:32:39.519  5913  5913 D HostConnection: queryAndSetGLESMaxVersion select gles-version: 3.1 hostGLVersion:46 process:screencap
05-27 15:32:39.650  2577  2577 D MediaScannerReceiver: action: android.intent.action.MEDIA_SCANNER_SCAN_FILE path: /storage/emulated/0/e01_status_404_empty_localnet.png
05-27 15:32:39.669  4188  4188 I cr_A11yState: Enabled accessibility services: [io.github.ylimit.droidbotapp/io.github.privacystreams.accessibility.PSAccessibilityService, null]
05-27 15:32:39.669  4188  4188 I cr_A11yState: Running accessibility services: [io.github.ylimit.droidbotapp/io.github.privacystreams.accessibility.PSAccessibilityService]
05-27 15:32:39.669  4188  4188 I cr_A11yState: Will check again after 1000 milliseconds.
05-27 15:32:39.991  1597  1605 W System  : A resource failed to call close. 
05-27 15:32:39.991  1597  1605 I chatty  : uid=1000(system) FinalizerDaemon identical 24 lines
05-27 15:32:39.991  1597  1605 W System  : A resource failed to call close. 
05-27 15:32:40.007  5923  5923 I appproc : app_process main with argv: /system/bin com.android.commands.input.Input keyevent 4 
05-27 15:32:40.007  5923  5923 D AndroidRuntime: >>>>>> START com.android.internal.os.RuntimeInit uid 2000 <<<<<<
05-27 15:32:40.009  5923  5923 E cutils-trace: Error opening trace file: No such file or directory (2)
05-27 15:32:40.020  5923  5923 V libnb   : enter native_bridge2_isCompatibleWith 3
05-27 15:32:40.033  5923  5923 I libnb   : Found /system/lib64/libhoudini.so version 3
05-27 15:32:40.063  5923  5923 I main    : type=1400 audit(0.0:1489): avc: denied { open } for path="/data/local/cfg-zieih/app_xpt" dev="sdb2" ino=393559 scontext=u:r:shell:s0 tcontext=u:object_r:system_data_file:s0 tclass=file permissive=1
05-27 15:32:40.063  5923  5923 I main    : type=1400 audit(0.0:1490): avc: denied { mounton } for path="/proc/cpuinfo" dev="proc" ino=4026531992 scontext=u:r:shell:s0 tcontext=u:object_r:proc_cpuinfo:s0 tclass=file permissive=1
05-27 15:32:40.065  5923  5923 I app_process: The ClassLoaderContext is a special shared library.
05-27 15:32:40.065  5923  5923 W app_process: Could not create mount namespace.
05-27 15:32:40.065  5923  5923 D nativebridge: PreInitializeNativeBridge name=unknown instruction_set=x86_64
05-27 15:32:40.065  5923  5923 W nativebridge: Failed to bind-mount /data/local/cfg-zieih/ as /proc/cpuinfo: No such file or directory
05-27 15:32:40.065  5923  5923 W nativebridge: Failed to bind-mount /system/lib64/x86_64/cpuinfo as /proc/cpuinfo: Operation not permitted
05-27 15:32:40.065  5923  5923 D nativebridge: call UnloadNativeBridge! state=2
05-27 15:32:40.087  5923  5923 D AndroidRuntime: Calling main entry com.android.commands.input.Input
05-27 15:32:40.087  5923  5923 I Input   : injectKeyEvent: KeyEvent { action=ACTION_DOWN, keyCode=KEYCODE_BACK, scanCode=0, metaState=0, flags=0x0, repeatCount=0, eventTime=752087, downTime=752087, deviceId=-1, source=0x101 }
05-27 15:32:40.101  5923  5923 I Input   : injectKeyEvent: KeyEvent { action=ACTION_UP, keyCode=KEYCODE_BACK, scanCode=0, metaState=0, flags=0x0, repeatCount=0, eventTime=752087, downTime=752087, deviceId=-1, source=0x101 }
05-27 15:32:40.107  1597  1614 D AutofillManagerService: onBackKeyPressed()
05-27 15:32:40.114  5923  5923 D AndroidRuntime: Shutting down VM
05-27 15:32:40.149  1597  2083 W SchedPolicy: add_tid_to_cgroup failed to write '5822' (No space left on device); fd=27
05-27 15:32:40.149  1597  2083 W SchedPolicy: add_tid_to_cgroup failed to write '5862' (No space left on device); fd=24
05-27 15:32:40.149  1597  2083 W SchedPolicy: add_tid_to_cgroup failed to write '4188' (No space left on device); fd=24
05-27 15:32:40.149  1597  2083 W SchedPolicy: add_tid_to_cgroup failed to write '4366' (No space left on device); fd=24
05-27 15:32:40.160  2324  2324 W ContextImpl: Calling a method in the system process without a qualified user: android.app.ContextImpl.startService:1531 android.content.ContextWrapper.startService:664 android.content.ContextWrapper.startService:664 com.android.coreservice.CoreBroadcastReceiver.onReceive:45 android.app.ActivityThread.handleReceiver:3424 
05-27 15:32:40.170  2324  2324 I oid.coreservice: type=1400 audit(0.0:1491): avc: denied { ioctl } for path="/dev/fastpipe" dev="tmpfs" ino=3085 ioctlcmd=6869 scontext=u:r:system_app:s0 tcontext=u:object_r:device:s0 tclass=chr_file permissive=1
05-27 15:32:40.176  2324  2324 W ContextImpl: Calling a method in the system process without a qualified user: android.app.ContextImpl.startService:1531 android.content.ContextWrapper.startService:664 android.content.ContextWrapper.startService:664 com.android.coreservice.CoreBroadcastReceiver.onReceive:54 android.app.ActivityThread.handleReceiver:3424 
05-27 15:32:40.201  5822  5845 E EGL_emulation: tid 5845: eglSurfaceAttrib(1504): error 0x3009 (EGL_BAD_MATCH)
05-27 15:32:40.201  5822  5845 W OpenGLRenderer: Failed to set EGL_SWAP_BEHAVIOR on surface 0x76388bd86100, error=EGL_BAD_MATCH
05-27 15:32:40.224  2324  2324 W ContextImpl: Calling a method in the system process without a qualified user: android.app.ContextImpl.startService:1531 android.content.ContextWrapper.startService:664 android.content.ContextWrapper.startService:664 com.android.coreservice.CoreBroadcastReceiver.onReceive:70 android.app.ActivityThread.handleReceiver:3424 
05-27 15:32:40.230  2324  2324 W ContextImpl: Calling a method in the system process without a qualified user: android.app.ContextImpl.startService:1531 android.content.ContextWrapper.startService:664 android.content.ContextWrapper.startService:664 com.android.coreservice.CoreBroadcastReceiver.onReceive:70 android.app.ActivityThread.handleReceiver:3424 
05-27 15:32:40.338  1597  1613 W SchedPolicy: add_tid_to_cgroup failed to write '2959' (No space left on device); fd=25
05-27 15:32:40.338  1597  1613 W SchedPolicy: add_tid_to_cgroup failed to write '5862' (No space left on device); fd=25
05-27 15:32:40.338  1597  1613 W SchedPolicy: add_tid_to_cgroup failed to write '4188' (No space left on device); fd=25
05-27 15:32:40.339  1597  1613 W SchedPolicy: add_tid_to_cgroup failed to write '4366' (No space left on device); fd=25
05-27 15:32:40.344  1597  1605 W System  : A resource failed to call close. 
05-27 15:32:40.344  1597  1605 I chatty  : uid=1000(system) FinalizerDaemon identical 23 lines
05-27 15:32:40.344  1597  1605 W System  : A resource failed to call close. 
05-27 15:32:40.354  4188  4188 E cr_CompositorSurfaceMgr: surfaceDestroyed format : 4
05-27 15:32:40.361  4366  4390 E eglCodecCommon: glUtilsParamSize: unknow param 0x000088ef
05-27 15:32:40.362  4366  4390 E eglCodecCommon: glUtilsParamSize: unknow param 0x00000cf2
05-27 15:32:40.362  4366  4390 E eglCodecCommon: glUtilsParamSize: unknow param 0x00000cf3
05-27 15:32:40.362  4366  4390 E eglCodecCommon: glUtilsParamSize: unknow param 0x00000cf4
05-27 15:32:40.362  4366  4390 E eglCodecCommon: glUtilsParamSize: unknow param 0x0000806d
05-27 15:32:40.362  4366  4390 E eglCodecCommon: glUtilsParamSize: unknow param 0x0000806e
05-27 15:32:40.380  4188  4250 I cr_BindingManager: onTrimMemory: level=20, size=1
05-27 15:32:40.383  4188  4188 I cr_A11yState: Enabled accessibility services: [io.github.ylimit.droidbotapp/io.github.privacystreams.accessibility.PSAccessibilityService, null]
05-27 15:32:40.383  4188  4188 I cr_A11yState: Running accessibility services: [io.github.ylimit.droidbotapp/io.github.privacystreams.accessibility.PSAccessibilityService]
05-27 15:32:40.383  4188  4188 I cr_A11yState: Will check again after 2000 milliseconds.
05-27 15:32:40.384  5822  5822 I CT_REPRO: E01_callback_baseline | 1779867160384 | 7112 | TAB_HIDDEN | 6 | http://198.18.0.1:8000/status/404-empty | com.android.chrome | Android 9 API 28 | 138.0.7204.179 | extras={timestampUptimeMillis=752383}
05-27 15:32:40.386  1461  1461 E lowmemorykiller: Error writing /proc/5862/oom_score_adj; errno=22
05-27 15:32:40.386  1597  2083 I ActivityManager: Killing 5862:com.android.chrome:sandboxed_process21/u0a59i21 (adj 0): isolated not needed
05-27 15:32:40.386  1597  1616 W libprocessgroup: kill(-5862, 9) failed: No such process
05-27 15:32:40.389  4188  4188 I cr_CompositorSurfaceMgr: SurfaceState : detach from parent : 0
05-27 15:32:40.391  4188  4188 W cr_ContextualSearch: Warning, the 0 state was aborted.
05-27 15:32:40.392  2324  2324 W ContextImpl: Calling a method in the system process without a qualified user: android.app.ContextImpl.startService:1531 android.content.ContextWrapper.startService:664 android.content.ContextWrapper.startService:664 com.android.coreservice.CoreBroadcastReceiver.onReceive:54 android.app.ActivityThread.handleReceiver:3424 
05-27 15:32:40.403  1462  1462 W SurfaceFlinger: couldn't log to binary event log: overflow.
05-27 15:32:40.407  1434  1434 D libnativeloader: CrashArm64 config not exist or not readable: /system/vendor/firmware_mnt/zieih/CrashArm64
05-27 15:32:40.407  1434  1434 I Zygote  : IsCopy  libcrashcatcher: 0
05-27 15:32:40.410  1434  1434 I Zygote  : Process 5862 exited cleanly (0)
05-27 15:32:40.411  1597  1617 E KernelCpuSpeedReader: Failed to read cpu-freq: /sys/devices/system/cpu/cpu0/cpufreq/stats/time_in_state (No such file or directory)
05-27 15:32:40.411  1597  1617 E KernelWakelockReader: neither /proc/wakelocks nor /d/wakeup_sources exists
05-27 15:32:40.411  1597  1617 W BatteryStatsImpl: Couldn't get kernel wake lock stats
05-27 15:32:40.418  1597  1613 W BroadcastQueue: Background execution not allowed: receiving Intent { act=android.intent.action.DROPBOX_ENTRY_ADDED flg=0x10 (has extras) } to com.google.android.gms/.stats.service.DropBoxEntryAddedReceiver
05-27 15:32:40.418  1597  1613 W BroadcastQueue: Background execution not allowed: receiving Intent { act=android.intent.action.DROPBOX_ENTRY_ADDED flg=0x10 (has extras) } to com.google.android.gms/.chimera.GmsIntentOperationService$PersistentTrustedReceiver
05-27 15:32:40.419  1597  1615 I ActivityManager: Start proc 5942:com.android.chrome:sandboxed_process22/u0i22 for service com.android.chrome/org.chromium.content.app.SandboxedProcessService22
05-27 15:32:40.423  5942  5942 W nativebridge: Failed to bind-mount /data/local/cfg-zieih/ as /proc/cpuinfo: Not a directory
05-27 15:32:40.425  5942  5942 I Zygote  : seccomp disabled by setenforce 0
05-27 15:32:40.425  5942  5942 D nativebridge: call UnloadNativeBridge! state=1
05-27 15:32:40.430  1597  1616 W libprocessgroup: kill(-5862, 9) failed: No such process
05-27 15:32:40.430  1597  1616 I libprocessgroup: Successfully killed process cgroup uid 99021 pid 5862 in 43ms
05-27 15:32:40.431  1597  1608 W SchedPolicy: add_tid_to_cgroup failed to write '5942' (No space left on device); fd=25
05-27 15:32:40.433  1597  1608 W SchedPolicy: add_tid_to_cgroup failed to write '2423' (No space left on device); fd=24
05-27 15:32:40.440  1597  2083 W SchedPolicy: add_tid_to_cgroup failed to write '2423' (No space left on device); fd=25
05-27 15:32:40.469  5942  5942 D libnativeloader: CrashArm64 config not exist or not readable: /system/vendor/firmware_mnt/zieih/CrashArm64
05-27 15:32:40.470  5942  5942 W boxed_process2: Unknown chunk type '200'.
05-27 15:32:40.473  5942  5942 I cr_SplitCompatApp: version=138.0.7204.179 (720417927) minSdkVersion=26 isBundle=true processName=com.android.chrome:sandboxed_process22 isIsolatedProcess=true
05-27 15:32:40.474  5942  5942 W SystemServiceRegistry: No service published for: uimode
05-27 15:32:40.475  5942  5942 I cr_ChildProcessService: Creating new ChildProcessService pid=5942
05-27 15:32:40.488  5942  5963 I cr_LibraryLoader: Successfully loaded native library
05-27 15:32:40.488  5942  5963 I cr_CachingUmaRecorder: Flushed 2 samples from 2 histograms, 0 samples were dropped.
05-27 15:32:40.672  4188  4188 I cr_A11yState: Enabled accessibility services: [io.github.ylimit.droidbotapp/io.github.privacystreams.accessibility.PSAccessibilityService, null]
05-27 15:32:40.672  4188  4188 I cr_A11yState: Running accessibility services: [io.github.ylimit.droidbotapp/io.github.privacystreams.accessibility.PSAccessibilityService]
05-27 15:32:40.672  4188  4188 I cr_A11yState: Will check again after 4000 milliseconds.
05-27 15:32:40.696  1455  1455 I sensors@1.0-ser: type=1400 audit(0.0:1496): avc: denied { ioctl } for path="/dev/fastpipe" dev="tmpfs" ino=3085 ioctlcmd=6865 scontext=u:r:hal_sensors_default:s0 tcontext=u:object_r:device:s0 tclass=chr_file permissive=1
05-27 15:32:41.780  5822  5822 I RenderThread: type=1400 audit(0.0:1497): avc: denied { ioctl } for path="/dev/fastpipe" dev="tmpfs" ino=3085 ioctlcmd=6867 scontext=u:r:untrusted_app:s0:c53,c256,c512,c768 tcontext=u:object_r:device:s0 tclass=chr_file permissive=1
05-27 15:32:41.800  1462  1462 I surfaceflinger: type=1400 audit(0.0:1498): avc: denied { ioctl } for path="/dev/fastpipe" dev="tmpfs" ino=3085 ioctlcmd=6867 scontext=u:r:surfaceflinger:s0 tcontext=u:object_r:device:s0 tclass=chr_file permissive=1
05-27 15:32:42.171  1597  1608 D ActivityManager: Task: com.android.launcher3.Launcher, ID: 2, Base: com.android.launcher3.Launcher, packageName: com.android.launcher3
05-27 15:32:42.171  1597  1608 I ActivityManager: Force stopping edu.mobilesec.ctrepro appid=10053 user=0: from pid 5974
05-27 15:32:42.171  1597  1608 I ActivityManager: Killing 5822:edu.mobilesec.ctrepro/u0a53 (adj 0): stop edu.mobilesec.ctrepro
05-27 15:32:42.171  1597  1616 W libprocessgroup: kill(-5822, 9) failed: No such process
05-27 15:32:42.171  1597  1608 W ActivityManager: Force removing ActivityRecord{65fe212 u0 edu.mobilesec.ctrepro/.MainActivity t11}: app died, no saved state
05-27 15:32:42.174  1462  1537 W SurfaceFlinger: Attempting to destroy on removed layer: AppWindowToken{292a3e0 token=Token{9a0ede3 ActivityRecord{65fe212 u0 edu.mobilesec.ctrepro/.MainActivity t11}}}#0
05-27 15:32:42.175  1597  1608 W SchedPolicy: add_tid_to_cgroup failed to write '2386' (No space left on device); fd=27
05-27 15:32:42.175  1597  1608 W SchedPolicy: add_tid_to_cgroup failed to write '2669' (No space left on device); fd=24
05-27 15:32:42.175  1597  1608 W SchedPolicy: add_tid_to_cgroup failed to write '4075' (No space left on device); fd=24
05-27 15:32:42.178  1934  1934 D CarrierSvcBindHelper: No carrier app for: 0
05-27 15:32:42.179  2324  2324 W ContextImpl: Calling a method in the system process without a qualified user: android.app.ContextImpl.startService:1531 android.content.ContextWrapper.startService:664 android.content.ContextWrapper.startService:664 com.android.coreservice.CoreBroadcastReceiver.onReceive:54 android.app.ActivityThread.handleReceiver:3424 
05-27 15:32:42.185  2386  2643 W OpenGLRenderer: Incorrectly called buildLayer on View: ShortcutAndWidgetContainer, destroying layer...
05-27 15:32:42.191  1433  1433 I Zygote  : Process 5822 exited due to signal (9)
05-27 15:32:42.193  1597  1622 W ActivityManager: setHasOverlayUi called on unknown pid: 5822
05-27 15:32:42.216  1597  1616 W libprocessgroup: kill(-5822, 9) failed: No such process
05-27 15:32:42.216  1597  1616 I libprocessgroup: Successfully killed process cgroup uid 10053 pid 5822 in 45ms
05-27 15:32:42.237  1597  1889 I ActivityManager: START u0 {flg=0x10000000 cmp=edu.mobilesec.ctrepro/.MainActivity (has extras)} from uid 2000
05-27 15:32:42.237  2324  2324 W ContextImpl: Calling a method in the system process without a qualified user: android.app.ContextImpl.sendBroadcast:1020 android.content.ContextWrapper.sendBroadcast:449 com.android.coreservice.TabManager.notifyClosing:413 com.android.coreservice.TabManager.updateInner:200 com.android.coreservice.TabManager.onUpdate:235 
05-27 15:32:42.284  2324  2324 I CoreService: notifyClosing notify tab closed taskPackageName:edu.mobilesec.ctrepro
05-27 15:32:42.285  2324  2324 W oid.coreservic: Unknown chunk type '200'.
05-27 15:32:42.297  1597  1605 W System  : A resource failed to call close. 
05-27 15:32:42.298  1597  1605 I chatty  : uid=1000(system) FinalizerDaemon identical 28 lines
05-27 15:32:42.298  1597  1605 W System  : A resource failed to call close. 
05-27 15:32:42.300  1449  1449 I HwBinder:1449_2: type=1400 audit(0.0:1499): avc: denied { ioctl } for path="/dev/fastpipe" dev="tmpfs" ino=3085 ioctlcmd=6867 scontext=u:r:hal_graphics_allocator_default:s0 tcontext=u:object_r:device:s0 tclass=chr_file permissive=1
05-27 15:32:42.303  1449  1449 I HwBinder:1449_2: type=1400 audit(0.0:1500): avc: denied { read write } for name="fastpipe" dev="tmpfs" ino=3085 scontext=u:r:hal_graphics_allocator_default:s0 tcontext=u:object_r:device:s0 tclass=chr_file permissive=1
05-27 15:32:42.303  1449  1449 I HwBinder:1449_2: type=1400 audit(0.0:1501): avc: denied { open } for path="/dev/fastpipe" dev="tmpfs" ino=3085 scontext=u:r:hal_graphics_allocator_default:s0 tcontext=u:object_r:device:s0 tclass=chr_file permissive=1
05-27 15:32:42.303  1449  1449 I HwBinder:1449_2: type=1400 audit(0.0:1502): avc: denied { read write } for path="/dev/fastpipe" dev="tmpfs" ino=3085 scontext=u:r:surfaceflinger:s0 tcontext=u:object_r:device:s0 tclass=chr_file permissive=1
05-27 15:32:42.303  1462  1462 I Binder:1462_3: type=1400 audit(0.0:1503): avc: denied { getattr } for path="/dev/fastpipe" dev="tmpfs" ino=3085 scontext=u:r:surfaceflinger:s0 tcontext=u:object_r:device:s0 tclass=chr_file permissive=1
05-27 15:32:42.303  1462  1462 I Binder:1462_3: type=1400 audit(0.0:1504): avc: denied { read write } for path="/dev/fastpipe" dev="tmpfs" ino=3085 scontext=u:r:system_server:s0 tcontext=u:object_r:device:s0 tclass=chr_file permissive=1
05-27 15:32:42.303  1597  1597 I android.anim: type=1400 audit(0.0:1505): avc: denied { ioctl } for path="/dev/fastpipe" dev="tmpfs" ino=3085 ioctlcmd=686e scontext=u:r:system_server:s0 tcontext=u:object_r:device:s0 tclass=chr_file permissive=1
05-27 15:32:42.313  2324  2324 W ContextImpl: Calling a method in the system process without a qualified user: android.app.ContextImpl.startService:1531 android.content.ContextWrapper.startService:664 android.content.ContextWrapper.startService:664 com.android.coreservice.CoreBroadcastReceiver.onReceive:45 android.app.ActivityThread.handleReceiver:3424 
