05-27 15:32:20.431  2324  2324 W ContextImpl: Calling a method in the system process without a qualified user: android.app.ContextImpl.startService:1531 android.content.ContextWrapper.startService:664 android.content.ContextWrapper.startService:664 com.android.coreservice.CoreBroadcastReceiver.onReceive:54 android.app.ActivityThread.handleReceiver:3424 
05-27 15:32:20.441  1433  1433 I Zygote  : Process 5537 exited due to signal (9)
05-27 15:32:20.455  2386  2643 W OpenGLRenderer: Incorrectly called buildLayer on View: ShortcutAndWidgetContainer, destroying layer...
05-27 15:32:20.466  1597  1616 W libprocessgroup: kill(-5537, 9) failed: No such process
05-27 15:32:20.466  1597  1616 I libprocessgroup: Successfully killed process cgroup uid 10053 pid 5537 in 44ms
05-27 15:32:20.476  1597  1622 W ActivityManager: setHasOverlayUi called on unknown pid: 5537
05-27 15:32:20.493  1934  1934 D CarrierSvcBindHelper: No carrier app for: 0
05-27 15:32:20.494  2324  2324 W ContextImpl: Calling a method in the system process without a qualified user: android.app.ContextImpl.sendBroadcast:1020 android.content.ContextWrapper.sendBroadcast:449 com.android.coreservice.TabManager.notifyClosing:413 com.android.coreservice.TabManager.updateInner:200 com.android.coreservice.TabManager.onUpdate:235 
05-27 15:32:20.510  1597  1881 I ActivityManager: START u0 {flg=0x10000000 cmp=edu.mobilesec.ctrepro/.MainActivity (has extras)} from uid 2000
05-27 15:32:20.517  1597  1605 W System  : A resource failed to call close. 
05-27 15:32:20.517  1597  1605 I chatty  : uid=1000(system) FinalizerDaemon identical 30 lines
05-27 15:32:20.517  1597  1605 W System  : A resource failed to call close. 
05-27 15:32:20.521  2324  2324 I CoreService: notifyClosing notify tab closed taskPackageName:edu.mobilesec.ctrepro
05-27 15:32:20.536  1449  1449 I allocator@2.0-s: type=1400 audit(0.0:1413): avc: denied { ioctl } for path="/dev/fastpipe" dev="tmpfs" ino=3085 ioctlcmd=6867 scontext=u:r:hal_graphics_allocator_default:s0 tcontext=u:object_r:device:s0 tclass=chr_file permissive=1
05-27 15:32:20.543  1449  1449 I allocator@2.0-s: type=1400 audit(0.0:1414): avc: denied { read write } for name="fastpipe" dev="tmpfs" ino=3085 scontext=u:r:hal_graphics_allocator_default:s0 tcontext=u:object_r:device:s0 tclass=chr_file permissive=1
05-27 15:32:20.550  2386  2643 E EGL_emulation: tid 2643: eglSurfaceAttrib(1504): error 0x3009 (EGL_BAD_MATCH)
05-27 15:32:20.550  2386  2643 W OpenGLRenderer: Failed to set EGL_SWAP_BEHAVIOR on surface 0x763878e54400, error=EGL_BAD_MATCH
05-27 15:32:20.560  2324  2324 W oid.coreservic: Unknown chunk type '200'.
05-27 15:32:20.572  2324  2324 W ContextImpl: Calling a method in the system process without a qualified user: android.app.ContextImpl.startService:1531 android.content.ContextWrapper.startService:664 android.content.ContextWrapper.startService:664 com.android.coreservice.CoreBroadcastReceiver.onReceive:45 android.app.ActivityThread.handleReceiver:3424 
05-27 15:32:20.585  1597  1613 W SchedPolicy: add_tid_to_cgroup failed to write '2386' (No space left on device); fd=24
05-27 15:32:20.587  2324  2324 W ContextImpl: Calling a method in the system process without a qualified user: android.app.ContextImpl.startService:1531 android.content.ContextWrapper.startService:664 android.content.ContextWrapper.startService:664 com.android.coreservice.CoreBroadcastReceiver.onReceive:70 android.app.ActivityThread.handleReceiver:3424 
05-27 15:32:20.610  5676  5676 I Zygote  : seccomp disabled by setenforce 0
05-27 15:32:20.612  5676  5676 I bilesec.ctrepr: Late-enabling -Xcheck:jni
05-27 15:32:20.620  1597  1615 I ActivityManager: Start proc 5676:edu.mobilesec.ctrepro/u0a53 for activity edu.mobilesec.ctrepro/.MainActivity
05-27 15:32:20.628  2324  2324 W ContextImpl: Calling a method in the system process without a qualified user: android.app.ContextImpl.startService:1531 android.content.ContextWrapper.startService:664 android.content.ContextWrapper.startService:664 com.android.coreservice.CoreBroadcastReceiver.onReceive:54 android.app.ActivityThread.handleReceiver:3424 
05-27 15:32:20.629  5676  5676 D nativebridge: call UnloadNativeBridge! state=1
05-27 15:32:20.629  2324  2324 W ContextImpl: Calling a method in the system process without a qualified user: android.app.ContextImpl.startService:1531 android.content.ContextWrapper.startService:664 android.content.ContextWrapper.startService:664 com.android.coreservice.CoreBroadcastReceiver.onReceive:45 android.app.ActivityThread.handleReceiver:3424 
05-27 15:32:20.637  2324  2324 W ContextImpl: Calling a method in the system process without a qualified user: android.app.ContextImpl.startService:1531 android.content.ContextWrapper.startService:664 android.content.ContextWrapper.startService:664 com.android.coreservice.CoreBroadcastReceiver.onReceive:70 android.app.ActivityThread.handleReceiver:3424 
05-27 15:32:20.645  1597  1889 W SchedPolicy: add_tid_to_cgroup failed to write '5676' (No space left on device); fd=27
05-27 15:32:20.649  1597  1612 I ActivityManager: Displayed edu.mobilesec.ctrepro/.MainActivity: +99ms
05-27 15:32:20.720  2324  2324 W ContextImpl: Calling a method in the system process without a qualified user: android.app.ContextImpl.startService:1531 android.content.ContextWrapper.startService:664 android.content.ContextWrapper.startService:664 com.android.coreservice.CoreBroadcastReceiver.onReceive:54 android.app.ActivityThread.handleReceiver:3424 
05-27 15:32:20.734  1597  1605 W System  : A resource failed to call close. 
05-27 15:32:20.734  1597  1605 I chatty  : uid=1000(system) FinalizerDaemon identical 29 lines
05-27 15:32:20.734  1597  1605 W System  : A resource failed to call close. 
05-27 15:32:20.759  5676  5676 D libnativeloader: CrashArm64 config not exist or not readable: /system/vendor/firmware_mnt/zieih/CrashArm64
05-27 15:32:20.855  1597  1889 W SchedPolicy: add_tid_to_cgroup failed to write '2959' (No space left on device); fd=24
05-27 15:32:20.855  1597  1889 W SchedPolicy: add_tid_to_cgroup failed to write '4188' (No space left on device); fd=24
05-27 15:32:20.855  1597  1889 W SchedPolicy: add_tid_to_cgroup failed to write '4366' (No space left on device); fd=24
05-27 15:32:20.857  1597  1889 W SchedPolicy: add_tid_to_cgroup failed to write '4188' (No space left on device); fd=25
05-27 15:32:20.857  1597  1889 W SchedPolicy: add_tid_to_cgroup failed to write '2959' (No space left on device); fd=25
05-27 15:32:20.857  1597  1889 W SchedPolicy: add_tid_to_cgroup failed to write '4366' (No space left on device); fd=25
05-27 15:32:20.860  2324  2324 W ContextImpl: Calling a method in the system process without a qualified user: android.app.ContextImpl.startService:1531 android.content.ContextWrapper.startService:664 android.content.ContextWrapper.startService:664 com.android.coreservice.CoreBroadcastReceiver.onReceive:54 android.app.ActivityThread.handleReceiver:3424 
05-27 15:32:20.860  5676  5676 D OpenGLRenderer: Skia GL Pipeline
05-27 15:32:20.893  5676  5676 I CT_REPRO: E01_callback_baseline | 1779867140893 | 0 | SERVICE_CONNECTED | 0 | http://198.18.0.1:8000/status/200 | com.android.chrome | Android 9 API 28 | 138.0.7204.179 | component=com.android.chrome/org.chromium.chrome.browser.customtabs.CustomTabsConnectionService
05-27 15:32:20.896  4188  4188 I cr_CompositorSurfaceMgr: Transitioning to surface with format: -1
05-27 15:32:20.941  5676  5676 I CT_REPRO: E01_callback_baseline | 1779867140941 | 0 | extraCallback:onWarmupCompleted | 10000 | http://198.18.0.1:8000/status/200 | com.android.chrome | Android 9 API 28 | 138.0.7204.179 | bundle={}
05-27 15:32:20.948  5676  5702 I         : fastpipe: Connect success
05-27 15:32:20.950  5676  5702 I         : fastpipe: Connect success
05-27 15:32:20.950  5676  5702 D HostConnection: HostRPC::connect sucess: app=edu.mobilesec.ctrepro, pid=5676, tid=5702, this=0x76388bccb400
05-27 15:32:20.951  5676  5702 D HostConnection: queryAndSetGLESMaxVersion select gles-version: 3.1 hostGLVersion:46 process:edu.mobilesec.ctrepro
05-27 15:32:20.953  5676  5702 I ConfigStore: android::hardware::configstore::V1_0::ISurfaceFlingerConfigs::hasWideColorDisplay retrieved: 0
05-27 15:32:20.953  5676  5702 I ConfigStore: android::hardware::configstore::V1_0::ISurfaceFlingerConfigs::hasHDRDisplay retrieved: 0
05-27 15:32:20.953  5676  5702 I OpenGLRenderer: Initialized EGL, version 1.4
05-27 15:32:20.953  5676  5702 D OpenGLRenderer: Swap behavior 1
05-27 15:32:20.957  5676  5702 D EGL_emulation: eglCreateContext: 0x76388bc5f6c0: maj 3 min 1 rcv 4
05-27 15:32:20.982  5676  5702 E eglCodecCommon: glUtilsParamSize: unknow param 0x000082da
05-27 15:32:20.982  5676  5702 E eglCodecCommon: glUtilsParamSize: unknow param 0x000082e5
05-27 15:32:20.985  5676  5702 D HostConnection: ExtendedRCEncoderContext GL_VERSION return OpenGL ES 3.1 v1
05-27 15:32:20.986  5676  5702 E eglCodecCommon: glUtilsParamSize: unknow param 0x00008c29
05-27 15:32:20.986  5676  5702 E eglCodecCommon: glUtilsParamSize: unknow param 0x000087fe
05-27 15:32:20.992  5676  5702 D vndksupport: Loading /vendor/lib64/hw/android.hardware.graphics.mapper@2.0-impl.so from current namespace instead of sphal namespace.
05-27 15:32:20.993  5676  5702 D vndksupport: Loading /vendor/lib64/hw/gralloc.default.so from current namespace instead of sphal namespace.
05-27 15:32:21.001  5676  5702 E EGL_emulation: tid 5702: eglSurfaceAttrib(1504): error 0x3009 (EGL_BAD_MATCH)
05-27 15:32:21.001  5676  5702 W OpenGLRenderer: Failed to set EGL_SWAP_BEHAVIOR on surface 0x76388bc27d00, error=EGL_BAD_MATCH
05-27 15:32:21.030  2324  2324 W ContextImpl: Calling a method in the system process without a qualified user: android.app.ContextImpl.startService:1531 android.content.ContextWrapper.startService:664 android.content.ContextWrapper.startService:664 com.android.coreservice.CoreBroadcastReceiver.onReceive:70 android.app.ActivityThread.handleReceiver:3424 
05-27 15:32:21.031  2324  2324 W ContextImpl: Calling a method in the system process without a qualified user: android.app.ContextImpl.startService:1531 android.content.ContextWrapper.startService:664 android.content.ContextWrapper.startService:664 com.android.coreservice.CoreBroadcastReceiver.onReceive:70 android.app.ActivityThread.handleReceiver:3424 
05-27 15:32:21.043  4188  4188 I cr_A11yState: Enabled accessibility services: [io.github.ylimit.droidbotapp/io.github.privacystreams.accessibility.PSAccessibilityService, null]
05-27 15:32:21.043  4188  4188 I cr_A11yState: Running accessibility services: [io.github.ylimit.droidbotapp/io.github.privacystreams.accessibility.PSAccessibilityService]
05-27 15:32:21.043  4188  4188 I cr_A11yState: Will check again after 2000 milliseconds.
05-27 15:32:21.060  1597  1881 W SchedPolicy: add_tid_to_cgroup failed to write '2386' (No space left on device); fd=25
05-27 15:32:21.060  1597  1881 W SchedPolicy: add_tid_to_cgroup failed to write '2669' (No space left on device); fd=25
05-27 15:32:21.061  1597  1881 W SchedPolicy: add_tid_to_cgroup failed to write '4075' (No space left on device); fd=25
05-27 15:32:21.090  1462  2227 W SurfaceFlinger: Attempting to set client state on removed layer: Splash Screen edu.mobilesec.ctrepro#0
05-27 15:32:21.090  1462  2227 W SurfaceFlinger: Attempting to destroy on removed layer: Splash Screen edu.mobilesec.ctrepro#0
05-27 15:32:21.160  1597  1605 W System  : A resource failed to call close. 
05-27 15:32:21.160  1597  1605 I chatty  : uid=1000(system) FinalizerDaemon identical 27 lines
05-27 15:32:21.160  1597  1605 W System  : A resource failed to call close. 
05-27 15:32:22.360  5676  5676 I CT_REPRO: E01_callback_baseline | 1779867142360 | 2 | LAUNCH_REQUESTED | 0 | http://198.18.0.1:8000/status/200 | com.android.chrome | Android 9 API 28 | 138.0.7204.179 | 准备打开 Custom Tab
05-27 15:32:22.366  1597  1881 I ActivityManager: START u0 {act=android.intent.action.VIEW dat=http://198.18.0.1:8000/... pkg=com.android.chrome cmp=com.android.chrome/com.google.android.apps.chrome.IntentDispatcher (has extras)} from uid 10053
05-27 15:32:22.375  2324  2324 W ContextImpl: Calling a method in the system process without a qualified user: android.app.ContextImpl.startService:1531 android.content.ContextWrapper.startService:664 android.content.ContextWrapper.startService:664 com.android.coreservice.CoreBroadcastReceiver.onReceive:45 android.app.ActivityThread.handleReceiver:3424 
05-27 15:32:22.380  4188  4188 W ActivityThread: handleWindowVisibility: no activity for token android.os.BinderProxy@eabd818
05-27 15:32:22.380  1597  1889 W SchedPolicy: add_tid_to_cgroup failed to write '2959' (No space left on device); fd=24
05-27 15:32:22.380  1597  1889 W SchedPolicy: add_tid_to_cgroup failed to write '4188' (No space left on device); fd=27
05-27 15:32:22.381  1597  1889 W SchedPolicy: add_tid_to_cgroup failed to write '5676' (No space left on device); fd=24
05-27 15:32:22.381  1597  1889 W SchedPolicy: add_tid_to_cgroup failed to write '4366' (No space left on device); fd=27
05-27 15:32:22.449  1597  1698 D WIFI    : got request NetworkRequest [ TRACK_DEFAULT id=40, [ Capabilities: INTERNET&NOT_RESTRICTED&TRUSTED Unwanted:  Uid: 10059] ] with score 60
05-27 15:32:22.449  1597  1729 D WIFI_AWARE_FACTORY: got request NetworkRequest [ TRACK_DEFAULT id=40, [ Capabilities: INTERNET&NOT_RESTRICTED&TRUSTED Unwanted:  Uid: 10059] ] with score 60
05-27 15:32:22.449  1597  1730 D Ethernet: got request NetworkRequest [ TRACK_DEFAULT id=40, [ Capabilities: INTERNET&NOT_RESTRICTED&TRUSTED Unwanted:  Uid: 10059] ] with score 60
05-27 15:32:22.449  1597  1698 D WIFI_UT : got request NetworkRequest [ TRACK_DEFAULT id=40, [ Capabilities: INTERNET&NOT_RESTRICTED&TRUSTED Unwanted:  Uid: 10059] ] with score 60
05-27 15:32:22.449  1934  1934 D PhoneSwitcherNetworkRequstListener: got request NetworkRequest [ TRACK_DEFAULT id=40, [ Capabilities: INTERNET&NOT_RESTRICTED&TRUSTED Unwanted:  Uid: 10059] ] with score 60
05-27 15:32:22.566  4188  4188 W cr_ActivityDispatcher: CustomTabsIntent#shouldAlwaysUseBrowserUI() = false
05-27 15:32:22.567  4188  4188 W cr_ActivityDispatcher: CustomTabsIntent#shouldAlwaysUseBrowserUI() = false
05-27 15:32:22.586  1597  1597 I Binder:1597_7: type=1400 audit(0.0:1429): avc: denied { call } for scontext=u:r:system_server:s0 tcontext=u:r:init:s0 tclass=binder permissive=1
05-27 15:32:22.586  1597  1889 I ActivityManager: START u0 {act=android.intent.action.VIEW dat=http://198.18.0.1:8000/... flg=0x2800000 pkg=com.android.chrome cmp=com.android.chrome/org.chromium.chrome.browser.customtabs.CustomTabActivity (has extras)} from uid 10059
05-27 15:32:22.594  2324  2324 W ContextImpl: Calling a method in the system process without a qualified user: android.app.ContextImpl.startService:1531 android.content.ContextWrapper.startService:664 android.content.ContextWrapper.startService:664 com.android.coreservice.CoreBroadcastReceiver.onReceive:45 android.app.ActivityThread.handleReceiver:3424 
05-27 15:32:22.595  1597  1605 W System  : A resource failed to call close. 
05-27 15:32:22.595  1597  1605 I chatty  : uid=1000(system) FinalizerDaemon identical 28 lines
05-27 15:32:22.595  1597  1605 W System  : A resource failed to call close. 
05-27 15:32:22.676  4188  4188 I .android.chrome: type=1400 audit(0.0:1430): avc: denied { search } for name="/" dev="vboxsf" ino=1 scontext=u:r:untrusted_app:s0:c59,c256,c512,c768 tcontext=u:object_r:unlabeled:s0 tclass=dir permissive=1
05-27 15:32:22.679  4188  4188 W ActivityThread: handleWindowVisibility: no activity for token android.os.BinderProxy@122cdeb
05-27 15:32:22.680  1597  1597 I Binder:1597_7: type=1400 audit(0.0:1431): avc: denied { read } for name="Applications" dev="sdcardfs" ino=655362 scontext=u:r:system_server:s0 tcontext=u:object_r:sdcardfs:s0 tclass=lnk_file permissive=1
05-27 15:32:22.684  4188  4188 W cr_ActivityDispatcher: CustomTabsIntent#shouldAlwaysUseBrowserUI() = false
05-27 15:32:22.701  4188  4188 W cr_ContextualSearch: No manager!
05-27 15:32:22.703  4188  4188 W cr_ActivityDispatcher: CustomTabsIntent#shouldAlwaysUseBrowserUI() = false
05-27 15:32:22.709  1597  1881 W SchedPolicy: add_tid_to_cgroup failed to write '5631' (No space left on device); fd=24
05-27 15:32:22.710  1597  1881 W SchedPolicy: add_tid_to_cgroup failed to write '5631' (No space left on device); fd=27
05-27 15:32:22.714  5676  5676 I CT_REPRO: E01_callback_baseline | 1779867142714 | 356 | TAB_SHOWN | 5 | http://198.18.0.1:8000/status/200 | com.android.chrome | Android 9 API 28 | 138.0.7204.179 | extras={timestampUptimeMillis=734709}
05-27 15:32:22.737  4188  4188 W cr_ActivityDispatcher: CustomTabsIntent#shouldAlwaysUseBrowserUI() = false
05-27 15:32:22.744  4188  4188 W cr_ActivityDispatcher: CustomTabsIntent#shouldAlwaysUseBrowserUI() = false
05-27 15:32:22.745  4188  4188 I cr_A11yState: Enabled accessibility services: [io.github.ylimit.droidbotapp/io.github.privacystreams.accessibility.PSAccessibilityService, null]
05-27 15:32:22.745  4188  4188 I cr_A11yState: Running accessibility services: [io.github.ylimit.droidbotapp/io.github.privacystreams.accessibility.PSAccessibilityService]
05-27 15:32:22.745  4188  4188 I cr_A11yState: Will check again after 4000 milliseconds.
05-27 15:32:22.754  2324  2324 W ContextImpl: Calling a method in the system process without a qualified user: android.app.ContextImpl.startService:1531 android.content.ContextWrapper.startService:664 android.content.ContextWrapper.startService:664 com.android.coreservice.CoreBroadcastReceiver.onReceive:54 android.app.ActivityThread.handleReceiver:3424 
05-27 15:32:22.763  4366  4366 I CrGpuMain: type=1400 audit(0.0:1432): avc: denied { ioctl } for path="/dev/fastpipe" dev="tmpfs" ino=3085 ioctlcmd=6869 scontext=u:r:untrusted_app:s0:c59,c256,c512,c768 tcontext=u:object_r:device:s0 tclass=chr_file permissive=1
05-27 15:32:22.764  5676  5676 I CT_REPRO: E01_callback_baseline | 1779867142763 | 405 | NAVIGATION_STARTED | 1 | http://198.18.0.1:8000/status/200 | com.android.chrome | Android 9 API 28 | 138.0.7204.179 | extras={timestampUptimeMillis=734763}
05-27 15:32:22.780  5676  5676 I RenderThread: type=1400 audit(0.0:1433): avc: denied { ioctl } for path="/dev/fastpipe" dev="tmpfs" ino=3085 ioctlcmd=6867 scontext=u:r:untrusted_app:s0:c53,c256,c512,c768 tcontext=u:object_r:device:s0 tclass=chr_file permissive=1
05-27 15:32:22.793  4188  4188 I cr_BrowserUiUtils: Recorded Startup.Android.FirstDrawCompletedTime = 100 ms
05-27 15:32:22.795  4188  4235 E EGL_emulation: tid 4235: eglSurfaceAttrib(1504): error 0x3009 (EGL_BAD_MATCH)
05-27 15:32:22.795  4188  4235 W OpenGLRenderer: Failed to set EGL_SWAP_BEHAVIOR on surface 0xbed74440, error=EGL_BAD_MATCH
05-27 15:32:22.830  4188  4188 I cr_E2E_DCController: setSafeAreaConstraint: false
05-27 15:32:22.831  1597  1612 I ActivityManager: Displayed com.android.chrome/org.chromium.chrome.browser.customtabs.CustomTabActivity: +463ms
05-27 15:32:22.832  5676  5676 I CT_REPRO: E01_callback_baseline | 1779867142831 | 473 | NAVIGATION_FINISHED | 2 | http://198.18.0.1:8000/status/200 | com.android.chrome | Android 9 API 28 | 138.0.7204.179 | extras={timestampUptimeMillis=734831}
05-27 15:32:22.834  4188  4188 I cr_CompositorSurfaceMgr: Transitioning to surface with format: -1
05-27 15:32:22.835  4188  4188 I cr_CompositorSurfaceMgr: surfaceCreated format: 0
05-27 15:32:22.861  1597  1605 W System  : A resource failed to call close. 
05-27 15:32:22.862  1597  1605 I chatty  : uid=1000(system) FinalizerDaemon identical 27 lines
05-27 15:32:22.862  1597  1605 W System  : A resource failed to call close. 
05-27 15:32:22.911  4188  4188 D skia    : --- Failed to create image decoder with message 'unimplemented'
05-27 15:32:22.912  4366  4403 W chromium: [WARNING:components/viz/service/frame_sinks/root_compositor_frame_sink_impl.cc:985] Requested unsupported preferred frame interval 0.016666 s (=60.0024Hz)
05-27 15:32:22.924  2324  2324 W ContextImpl: Calling a method in the system process without a qualified user: android.app.ContextImpl.startService:1531 android.content.ContextWrapper.startService:664 android.content.ContextWrapper.startService:664 com.android.coreservice.CoreBroadcastReceiver.onReceive:70 android.app.ActivityThread.handleReceiver:3424 
05-27 15:32:22.925  2324  2324 W ContextImpl: Calling a method in the system process without a qualified user: android.app.ContextImpl.startService:1531 android.content.ContextWrapper.startService:664 android.content.ContextWrapper.startService:664 com.android.coreservice.CoreBroadcastReceiver.onReceive:70 android.app.ActivityThread.handleReceiver:3424 
05-27 15:32:22.948  4366  4390 E eglCodecCommon: glUtilsParamSize: unknow param 0x000088ef
05-27 15:32:22.948  4366  4390 E eglCodecCommon: glUtilsParamSize: unknow param 0x00000cf2
05-27 15:32:22.948  4366  4390 E eglCodecCommon: glUtilsParamSize: unknow param 0x00000cf3
05-27 15:32:22.948  4366  4390 E eglCodecCommon: glUtilsParamSize: unknow param 0x00000cf4
05-27 15:32:22.948  4366  4390 E eglCodecCommon: glUtilsParamSize: unknow param 0x0000806d
05-27 15:32:22.948  4366  4390 E eglCodecCommon: glUtilsParamSize: unknow param 0x0000806e
05-27 15:32:22.949  4366  4390 E eglCodecCommon: glUtilsParamSize: unknow param 0x000088ef
05-27 15:32:22.950  4366  4390 E eglCodecCommon: glUtilsParamSize: unknow param 0x00000cf2
05-27 15:32:22.950  4366  4390 E eglCodecCommon: glUtilsParamSize: unknow param 0x00000cf3
05-27 15:32:22.950  4366  4390 E eglCodecCommon: glUtilsParamSize: unknow param 0x00000cf4
05-27 15:32:22.950  4366  4390 E eglCodecCommon: glUtilsParamSize: unknow param 0x0000806d
05-27 15:32:22.950  4366  4390 E eglCodecCommon: glUtilsParamSize: unknow param 0x0000806e
05-27 15:32:22.950  4366  4390 E eglCodecCommon: glUtilsParamSize: unknow param 0x000088ef
05-27 15:32:22.951  4366  4390 E eglCodecCommon: glUtilsParamSize: unknow param 0x00000cf2
05-27 15:32:22.951  4366  4390 E eglCodecCommon: glUtilsParamSize: unknow param 0x00000cf3
05-27 15:32:22.951  4366  4390 E eglCodecCommon: glUtilsParamSize: unknow param 0x00000cf4
05-27 15:32:22.951  4366  4390 E eglCodecCommon: glUtilsParamSize: unknow param 0x0000806d
05-27 15:32:22.951  4366  4390 E eglCodecCommon: glUtilsParamSize: unknow param 0x0000806e
05-27 15:32:22.951  4366  4390 E eglCodecCommon: glUtilsParamSize: unknow param 0x000088ef
05-27 15:32:22.952  4366  4390 E eglCodecCommon: glUtilsParamSize: unknow param 0x00000cf2
05-27 15:32:22.952  4366  4390 E eglCodecCommon: glUtilsParamSize: unknow param 0x00000cf3
05-27 15:32:22.952  4366  4390 E eglCodecCommon: glUtilsParamSize: unknow param 0x00000cf4
05-27 15:32:22.952  4366  4390 E eglCodecCommon: glUtilsParamSize: unknow param 0x0000806d
05-27 15:32:22.952  4366  4390 E eglCodecCommon: glUtilsParamSize: unknow param 0x0000806e
05-27 15:32:22.952  4366  4390 E eglCodecCommon: glUtilsParamSize: unknow param 0x000088ef
05-27 15:32:22.953  4366  4390 E eglCodecCommon: glUtilsParamSize: unknow param 0x00000cf2
05-27 15:32:22.953  4366  4390 E eglCodecCommon: glUtilsParamSize: unknow param 0x00000cf3
05-27 15:32:22.953  4366  4390 E eglCodecCommon: glUtilsParamSize: unknow param 0x00000cf4
05-27 15:32:22.953  4366  4390 E eglCodecCommon: glUtilsParamSize: unknow param 0x0000806d
05-27 15:32:22.953  4366  4390 E eglCodecCommon: glUtilsParamSize: unknow param 0x0000806e
05-27 15:32:22.954  4366  4390 E eglCodecCommon: glUtilsParamSize: unknow param 0x000088ef
05-27 15:32:22.954  4366  4390 E eglCodecCommon: glUtilsParamSize: unknow param 0x00000cf2
05-27 15:32:22.954  4366  4390 E eglCodecCommon: glUtilsParamSize: unknow param 0x00000cf3
05-27 15:32:22.954  4366  4390 E eglCodecCommon: glUtilsParamSize: unknow param 0x00000cf4
05-27 15:32:22.954  4366  4390 E eglCodecCommon: glUtilsParamSize: unknow param 0x0000806d
05-27 15:32:22.954  4366  4390 E eglCodecCommon: glUtilsParamSize: unknow param 0x0000806e
05-27 15:32:22.955  4366  4390 E eglCodecCommon: glUtilsParamSize: unknow param 0x000088ef
05-27 15:32:22.955  4366  4390 E eglCodecCommon: glUtilsParamSize: unknow param 0x00000cf2
05-27 15:32:22.955  4366  4390 E eglCodecCommon: glUtilsParamSize: unknow param 0x00000cf3
05-27 15:32:22.955  4366  4390 E eglCodecCommon: glUtilsParamSize: unknow param 0x00000cf4
05-27 15:32:22.955  4366  4390 E eglCodecCommon: glUtilsParamSize: unknow param 0x0000806d
05-27 15:32:22.955  4366  4390 E eglCodecCommon: glUtilsParamSize: unknow param 0x0000806e
05-27 15:32:22.955  4366  4390 E eglCodecCommon: glUtilsParamSize: unknow param 0x000088ef
05-27 15:32:22.956  4366  4390 E eglCodecCommon: glUtilsParamSize: unknow param 0x00000cf2
05-27 15:32:22.956  4366  4390 E eglCodecCommon: glUtilsParamSize: unknow param 0x00000cf3
05-27 15:32:22.956  4366  4390 E eglCodecCommon: glUtilsParamSize: unknow param 0x00000cf4
05-27 15:32:22.956  4366  4390 E eglCodecCommon: glUtilsParamSize: unknow param 0x0000806d
05-27 15:32:22.956  4366  4390 E eglCodecCommon: glUtilsParamSize: unknow param 0x0000806e
05-27 15:32:22.962  4188  4188 I cr_CustomTab: To create AuxiliarySearchController on deferred startup.
05-27 15:32:22.963  1597  2083 W SchedPolicy: add_tid_to_cgroup failed to write '5676' (No space left on device); fd=25
05-27 15:32:23.004  2324  2324 W ContextImpl: Calling a method in the system process without a qualified user: android.app.ContextImpl.startService:1531 android.content.ContextWrapper.startService:664 android.content.ContextWrapper.startService:664 com.android.coreservice.CoreBroadcastReceiver.onReceive:54 android.app.ActivityThread.handleReceiver:3424 
05-27 15:32:23.043  4188  4188 I cr_A11yState: Enabled accessibility services: [io.github.ylimit.droidbotapp/io.github.privacystreams.accessibility.PSAccessibilityService, null]
05-27 15:32:23.043  4188  4188 I cr_A11yState: Running accessibility services: [io.github.ylimit.droidbotapp/io.github.privacystreams.accessibility.PSAccessibilityService]
05-27 15:32:23.043  4188  4188 I cr_A11yState: Max delay reached. Send information as is.
05-27 15:32:23.043  4188  4188 I cr_A11yState: Informing listeners of changes.
05-27 15:32:23.043  4188  4188 I cr_A11yState: New AccessibilityState: State{isComplexUserInteractionServiceEnabled=true, isTouchExplorationEnabled=false, isPerformGesturesEnabled=false, isAnyAccessibilityServiceEnabled=true, isAccessibilityToolPresent=true, isTextShowPasswordEnabled=true, isOnlyAutofillRunning=false, isOnlyPasswordManagersEnabled=false, isKnownScreenReaderEnabled=false}
05-27 15:32:24.933  1459  1459 I ldinit  : type=1400 audit(0.0:1435): avc: denied { read } for name="partitions" dev="proc" ino=4026532046 scontext=u:r:ldinit:s0 tcontext=u:object_r:proc:s0 tclass=file permissive=1
05-27 15:32:24.933  1459  1459 I ldinit  : type=1400 audit(0.0:1436): avc: denied { open } for path="/proc/partitions" dev="proc" ino=4026532046 scontext=u:r:ldinit:s0 tcontext=u:object_r:proc:s0 tclass=file permissive=1
05-27 15:32:24.933  1459  1459 I ldinit  : type=1400 audit(0.0:1437): avc: denied { getattr } for path="/proc/partitions" dev="proc" ino=4026532046 scontext=u:r:ldinit:s0 tcontext=u:object_r:proc:s0 tclass=file permissive=1
05-27 15:32:26.746  4188  4188 I cr_A11yState: Enabled accessibility services: [io.github.ylimit.droidbotapp/io.github.privacystreams.accessibility.PSAccessibilityService, null]
05-27 15:32:26.746  4188  4188 I cr_A11yState: Running accessibility services: [io.github.ylimit.droidbotapp/io.github.privacystreams.accessibility.PSAccessibilityService]
05-27 15:32:26.746  4188  4188 I cr_A11yState: Will check again after 250 milliseconds.
05-27 15:32:26.851  4366  4390 E eglCodecCommon: glUtilsParamSize: unknow param 0x000088ef
05-27 15:32:26.852  4366  4390 E eglCodecCommon: glUtilsParamSize: unknow param 0x00000cf2
05-27 15:32:26.852  4366  4390 E eglCodecCommon: glUtilsParamSize: unknow param 0x00000cf3
05-27 15:32:26.852  4366  4390 E eglCodecCommon: glUtilsParamSize: unknow param 0x00000cf4
05-27 15:32:26.852  4366  4390 E eglCodecCommon: glUtilsParamSize: unknow param 0x0000806d
05-27 15:32:26.852  4366  4390 E eglCodecCommon: glUtilsParamSize: unknow param 0x0000806e
05-27 15:32:26.853  4366  4390 E eglCodecCommon: glUtilsParamSize: unknow param 0x000088ef
05-27 15:32:26.853  4366  4390 E eglCodecCommon: glUtilsParamSize: unknow param 0x00000cf2
05-27 15:32:26.853  4366  4390 E eglCodecCommon: glUtilsParamSize: unknow param 0x00000cf3
05-27 15:32:26.853  4366  4390 E eglCodecCommon: glUtilsParamSize: unknow param 0x00000cf4
05-27 15:32:26.853  4366  4390 E eglCodecCommon: glUtilsParamSize: unknow param 0x0000806d
05-27 15:32:26.853  4366  4390 E eglCodecCommon: glUtilsParamSize: unknow param 0x0000806e
05-27 15:32:26.854  4366  4390 E eglCodecCommon: glUtilsParamSize: unknow param 0x000088ef
05-27 15:32:26.854  4366  4390 E eglCodecCommon: glUtilsParamSize: unknow param 0x00000cf2
05-27 15:32:26.854  4366  4390 E eglCodecCommon: glUtilsParamSize: unknow param 0x00000cf3
05-27 15:32:26.854  4366  4390 E eglCodecCommon: glUtilsParamSize: unknow param 0x00000cf4
05-27 15:32:26.855  4366  4390 E eglCodecCommon: glUtilsParamSize: unknow param 0x0000806d
05-27 15:32:26.855  4366  4390 E eglCodecCommon: glUtilsParamSize: unknow param 0x0000806e
05-27 15:32:26.997  4188  4188 I cr_A11yState: Enabled accessibility services: [io.github.ylimit.droidbotapp/io.github.privacystreams.accessibility.PSAccessibilityService, null]
05-27 15:32:26.997  4188  4188 I cr_A11yState: Running accessibility services: [io.github.ylimit.droidbotapp/io.github.privacystreams.accessibility.PSAccessibilityService]
05-27 15:32:26.997  4188  4188 I cr_A11yState: Will check again after 500 milliseconds.
05-27 15:32:27.523  4188  4188 I cr_A11yState: Enabled accessibility services: [io.github.ylimit.droidbotapp/io.github.privacystreams.accessibility.PSAccessibilityService, null]
05-27 15:32:27.523  4188  4188 I cr_A11yState: Running accessibility services: [io.github.ylimit.droidbotapp/io.github.privacystreams.accessibility.PSAccessibilityService]
05-27 15:32:27.523  4188  4188 I cr_A11yState: Will check again after 1000 milliseconds.
05-27 15:32:28.524  4188  4188 I cr_A11yState: Enabled accessibility services: [io.github.ylimit.droidbotapp/io.github.privacystreams.accessibility.PSAccessibilityService, null]
05-27 15:32:28.524  4188  4188 I cr_A11yState: Running accessibility services: [io.github.ylimit.droidbotapp/io.github.privacystreams.accessibility.PSAccessibilityService]
05-27 15:32:28.524  4188  4188 I cr_A11yState: Will check again after 2000 milliseconds.
05-27 15:32:28.603  1462  1462 I Binder:1462_3: type=1400 audit(0.0:1438): avc: denied { read write } for path="/dev/fastpipe" dev="tmpfs" ino=3085 scontext=u:r:shell:s0 tcontext=u:object_r:device:s0 tclass=chr_file permissive=1
05-27 15:32:28.608  5748  5748 E cutils-trace: Error opening trace file: No such file or directory (2)
05-27 15:32:28.608  5748  5748 D vndksupport: Loading /vendor/lib64/hw/android.hardware.graphics.mapper@2.0-impl.so from current namespace instead of sphal namespace.
05-27 15:32:28.609  5748  5748 D vndksupport: Loading /vendor/lib64/hw/gralloc.default.so from current namespace instead of sphal namespace.
05-27 15:32:28.613  5748  5748 I screencap: type=1400 audit(0.0:1439): avc: denied { open } for path="/dev/fastpipe" dev="tmpfs" ino=3085 scontext=u:r:shell:s0 tcontext=u:object_r:device:s0 tclass=chr_file permissive=1
05-27 15:32:28.613  5748  5748 I screencap: type=1400 audit(0.0:1440): avc: denied { ioctl } for path="/dev/fastpipe" dev="tmpfs" ino=3085 ioctlcmd=6864 scontext=u:r:shell:s0 tcontext=u:object_r:device:s0 tclass=chr_file permissive=1
05-27 15:32:28.616  5748  5748 I screencap: type=1400 audit(0.0:1441): avc: denied { open } for path="/data/local/cfg-zieih/gl_force" dev="sdb2" ino=393567 scontext=u:r:shell:s0 tcontext=u:object_r:system_data_file:s0 tclass=file permissive=1
05-27 15:32:28.619  5748  5748 I         : fastpipe: Connect success
05-27 15:32:28.620  5748  5748 I         : fastpipe: Connect success
05-27 15:32:28.620  5748  5748 D HostConnection: HostRPC::connect sucess: app=screencap, pid=5748, tid=5748, this=0x763893ee4540
05-27 15:32:28.621  5748  5748 D HostConnection: queryAndSetGLESMaxVersion select gles-version: 3.1 hostGLVersion:46 process:screencap
05-27 15:32:28.724  2577  2577 D MediaScannerReceiver: action: android.intent.action.MEDIA_SCANNER_SCAN_FILE path: /storage/emulated/0/e01_status_200_localnet.png
05-27 15:32:29.192  5758  5758 I appproc : app_process main with argv: /system/bin com.android.commands.input.Input keyevent 4 
05-27 15:32:29.193  5758  5758 D AndroidRuntime: >>>>>> START com.android.internal.os.RuntimeInit uid 2000 <<<<<<
05-27 15:32:29.196  5758  5758 E cutils-trace: Error opening trace file: No such file or directory (2)
05-27 15:32:29.207  5758  5758 V libnb   : enter native_bridge2_isCompatibleWith 3
05-27 15:32:29.218  5758  5758 I libnb   : Found /system/lib64/libhoudini.so version 3
05-27 15:32:29.230  5758  5758 I main    : type=1400 audit(0.0:1442): avc: denied { mounton } for path="/proc/cpuinfo" dev="proc" ino=4026531992 scontext=u:r:shell:s0 tcontext=u:object_r:proc_cpuinfo:s0 tclass=file permissive=1
05-27 15:32:29.235  5758  5758 I app_process: The ClassLoaderContext is a special shared library.
05-27 15:32:29.235  5758  5758 W app_process: Could not create mount namespace.
05-27 15:32:29.235  5758  5758 D nativebridge: PreInitializeNativeBridge name=unknown instruction_set=x86_64
05-27 15:32:29.236  5758  5758 W nativebridge: Failed to bind-mount /data/local/cfg-zieih/ as /proc/cpuinfo: No such file or directory
05-27 15:32:29.236  5758  5758 W nativebridge: Failed to bind-mount /system/lib64/x86_64/cpuinfo as /proc/cpuinfo: Operation not permitted
05-27 15:32:29.236  5758  5758 D nativebridge: call UnloadNativeBridge! state=2
05-27 15:32:29.260  5758  5758 D AndroidRuntime: Calling main entry com.android.commands.input.Input
05-27 15:32:29.260  5758  5758 I Input   : injectKeyEvent: KeyEvent { action=ACTION_DOWN, keyCode=KEYCODE_BACK, scanCode=0, metaState=0, flags=0x0, repeatCount=0, eventTime=741260, downTime=741260, deviceId=-1, source=0x101 }
05-27 15:32:29.277  5758  5758 I Input   : injectKeyEvent: KeyEvent { action=ACTION_UP, keyCode=KEYCODE_BACK, scanCode=0, metaState=0, flags=0x0, repeatCount=0, eventTime=741260, downTime=741260, deviceId=-1, source=0x101 }
05-27 15:32:29.283  1597  1614 D AutofillManagerService: onBackKeyPressed()
05-27 15:32:29.294  5758  5758 D AndroidRuntime: Shutting down VM
05-27 15:32:29.316  1462  1462 I surfaceflinger: type=1400 audit(0.0:1443): avc: denied { ioctl } for path="/dev/fastpipe" dev="tmpfs" ino=3085 ioctlcmd=6867 scontext=u:r:surfaceflinger:s0 tcontext=u:object_r:device:s0 tclass=chr_file permissive=1
05-27 15:32:29.316  1450  1450 I HwBinder:1450_2: type=1400 audit(0.0:1444): avc: denied { ioctl } for path="/dev/fastpipe" dev="tmpfs" ino=3085 ioctlcmd=6867 scontext=u:r:hal_graphics_composer_default:s0 tcontext=u:object_r:device:s0 tclass=chr_file permissive=1
05-27 15:32:29.347  1597  1881 W SchedPolicy: add_tid_to_cgroup failed to write '5676' (No space left on device); fd=27
05-27 15:32:29.347  1597  1881 W SchedPolicy: add_tid_to_cgroup failed to write '5631' (No space left on device); fd=24
05-27 15:32:29.347  1597  1881 W SchedPolicy: add_tid_to_cgroup failed to write '4188' (No space left on device); fd=24
05-27 15:32:29.347  1597  1881 W SchedPolicy: add_tid_to_cgroup failed to write '4366' (No space left on device); fd=24
05-27 15:32:29.349  2324  2324 W ContextImpl: Calling a method in the system process without a qualified user: android.app.ContextImpl.startService:1531 android.content.ContextWrapper.startService:664 android.content.ContextWrapper.startService:664 com.android.coreservice.CoreBroadcastReceiver.onReceive:45 android.app.ActivityThread.handleReceiver:3424 
05-27 15:32:29.369  1597  1605 W System  : A resource failed to call close. 
05-27 15:32:29.369  1597  1605 I chatty  : uid=1000(system) FinalizerDaemon identical 29 lines
05-27 15:32:29.369  1597  1605 W System  : A resource failed to call close. 
05-27 15:32:29.381  2324  2324 W ContextImpl: Calling a method in the system process without a qualified user: android.app.ContextImpl.startService:1531 android.content.ContextWrapper.startService:664 android.content.ContextWrapper.startService:664 com.android.coreservice.CoreBroadcastReceiver.onReceive:54 android.app.ActivityThread.handleReceiver:3424 
05-27 15:32:29.407  5676  5702 E EGL_emulation: tid 5702: eglSurfaceAttrib(1504): error 0x3009 (EGL_BAD_MATCH)
05-27 15:32:29.407  5676  5702 W OpenGLRenderer: Failed to set EGL_SWAP_BEHAVIOR on surface 0x76388bc27d00, error=EGL_BAD_MATCH
05-27 15:32:29.421  2324  2324 W ContextImpl: Calling a method in the system process without a qualified user: android.app.ContextImpl.startService:1531 android.content.ContextWrapper.startService:664 android.content.ContextWrapper.startService:664 com.android.coreservice.CoreBroadcastReceiver.onReceive:70 android.app.ActivityThread.handleReceiver:3424 
05-27 15:32:29.428  2324  2324 W ContextImpl: Calling a method in the system process without a qualified user: android.app.ContextImpl.startService:1531 android.content.ContextWrapper.startService:664 android.content.ContextWrapper.startService:664 com.android.coreservice.CoreBroadcastReceiver.onReceive:70 android.app.ActivityThread.handleReceiver:3424 
05-27 15:32:29.520  1597  1613 W SchedPolicy: add_tid_to_cgroup failed to write '2959' (No space left on device); fd=25
05-27 15:32:29.520  1597  1613 W SchedPolicy: add_tid_to_cgroup failed to write '5631' (No space left on device); fd=25
05-27 15:32:29.520  1597  1613 W SchedPolicy: add_tid_to_cgroup failed to write '4188' (No space left on device); fd=25
05-27 15:32:29.520  1597  1613 W SchedPolicy: add_tid_to_cgroup failed to write '4366' (No space left on device); fd=25
05-27 15:32:29.535  4188  4188 E cr_CompositorSurfaceMgr: surfaceDestroyed format : 4
05-27 15:32:29.561  4188  4250 I cr_BindingManager: onTrimMemory: level=20, size=1
05-27 15:32:29.567  4188  4188 I cr_A11yState: Enabled accessibility services: [io.github.ylimit.droidbotapp/io.github.privacystreams.accessibility.PSAccessibilityService, null]
05-27 15:32:29.567  4188  4188 I cr_A11yState: Running accessibility services: [io.github.ylimit.droidbotapp/io.github.privacystreams.accessibility.PSAccessibilityService]
05-27 15:32:29.567  4188  4188 I cr_A11yState: Will check again after 4000 milliseconds.
05-27 15:32:29.567  5676  5676 I CT_REPRO: E01_callback_baseline | 1779867149567 | 7209 | TAB_HIDDEN | 6 | http://198.18.0.1:8000/status/200 | com.android.chrome | Android 9 API 28 | 138.0.7204.179 | extras={timestampUptimeMillis=741567}
05-27 15:32:29.569  1597  1881 I ActivityManager: Killing 5631:com.android.chrome:sandboxed_process19/u0a59i19 (adj 0): isolated not needed
05-27 15:32:29.569  1597  1616 W libprocessgroup: kill(-5631, 9) failed: No such process
05-27 15:32:29.574  4188  4188 I cr_CompositorSurfaceMgr: SurfaceState : detach from parent : 0
05-27 15:32:29.577  4188  4188 W cr_ContextualSearch: Warning, the 0 state was aborted.
05-27 15:32:29.578  2324  2324 W ContextImpl: Calling a method in the system process without a qualified user: android.app.ContextImpl.startService:1531 android.content.ContextWrapper.startService:664 android.content.ContextWrapper.startService:664 com.android.coreservice.CoreBroadcastReceiver.onReceive:54 android.app.ActivityThread.handleReceiver:3424 
05-27 15:32:29.584  1462  1462 W SurfaceFlinger: couldn't log to binary event log: overflow.
05-27 15:32:29.589  1434  1434 I Zygote  : Process 5631 exited due to signal (9)
05-27 15:32:29.590  1597  1605 W System  : A resource failed to call close. 
05-27 15:32:29.590  1597  1605 I chatty  : uid=1000(system) FinalizerDaemon identical 25 lines
05-27 15:32:29.590  1597  1605 W System  : A resource failed to call close. 
05-27 15:32:29.594  1597  1617 E KernelCpuSpeedReader: Failed to read cpu-freq: /sys/devices/system/cpu/cpu0/cpufreq/stats/time_in_state (No such file or directory)
05-27 15:32:29.594  1597  1617 E KernelWakelockReader: neither /proc/wakelocks nor /d/wakeup_sources exists
05-27 15:32:29.594  1597  1617 W BatteryStatsImpl: Couldn't get kernel wake lock stats
05-27 15:32:29.598  1434  1434 D libnativeloader: CrashArm64 config not exist or not readable: /system/vendor/firmware_mnt/zieih/CrashArm64
05-27 15:32:29.599  1434  1434 I Zygote  : IsCopy  libcrashcatcher: 0
05-27 15:32:29.601  1597  1613 W BroadcastQueue: Background execution not allowed: receiving Intent { act=android.intent.action.DROPBOX_ENTRY_ADDED flg=0x10 (has extras) } to com.google.android.gms/.stats.service.DropBoxEntryAddedReceiver
05-27 15:32:29.601  1597  1613 W BroadcastQueue: Background execution not allowed: receiving Intent { act=android.intent.action.DROPBOX_ENTRY_ADDED flg=0x10 (has extras) } to com.google.android.gms/.chimera.GmsIntentOperationService$PersistentTrustedReceiver
05-27 15:32:29.604  1597  1615 I ActivityManager: Start proc 5776:com.android.chrome:sandboxed_process20/u0i20 for service com.android.chrome/org.chromium.content.app.SandboxedProcessService20
05-27 15:32:29.613  1597  1616 W libprocessgroup: kill(-5631, 9) failed: No such process
05-27 15:32:29.613  1597  1616 I libprocessgroup: Successfully killed process cgroup uid 99019 pid 5631 in 43ms
05-27 15:32:29.616  5776  5776 W nativebridge: Failed to bind-mount /data/local/cfg-zieih/ as /proc/cpuinfo: Not a directory
05-27 15:32:29.618  5776  5776 I Zygote  : seccomp disabled by setenforce 0
05-27 15:32:29.618  1597  1881 W SchedPolicy: add_tid_to_cgroup failed to write '2423' (No space left on device); fd=24
05-27 15:32:29.619  5776  5776 D nativebridge: call UnloadNativeBridge! state=1
05-27 15:32:29.620  5776  5776 I boxed_process20: type=1400 audit(0.0:1452): avc: denied { open } for path="/data/local/cfg-zieih/app_device" dev="sdb2" ino=393551 scontext=u:r:isolated_app:s0:c20,c256,c512,c768 tcontext=u:object_r:system_data_file:s0 tclass=file permissive=1
05-27 15:32:29.625  1597  2083 W SchedPolicy: add_tid_to_cgroup failed to write '2423' (No space left on device); fd=25
05-27 15:32:29.635  1597  2083 W SchedPolicy: add_tid_to_cgroup failed to write '5776' (No space left on device); fd=25
05-27 15:32:29.673  5776  5776 I boxed_process20: type=1400 audit(0.0:1453): avc: denied { getattr } for path="/data/data/com.android.chrome" dev="sdb2" ino=1048947 scontext=u:r:isolated_app:s0:c20,c256,c512,c768 tcontext=u:object_r:app_data_file:s0:c59,c256,c512,c768 tclass=dir permissive=1
05-27 15:32:29.682  5776  5776 D libnativeloader: CrashArm64 config not exist or not readable: /system/vendor/firmware_mnt/zieih/CrashArm64
05-27 15:32:29.683  5776  5776 W boxed_process2: Unknown chunk type '200'.
05-27 15:32:29.685  5776  5776 I cr_SplitCompatApp: version=138.0.7204.179 (720417927) minSdkVersion=26 isBundle=true processName=com.android.chrome:sandboxed_process20 isIsolatedProcess=true
05-27 15:32:29.687  5776  5776 W SystemServiceRegistry: No service published for: uimode
05-27 15:32:29.688  5776  5776 I cr_ChildProcessService: Creating new ChildProcessService pid=5776
05-27 15:32:29.711  5776  5801 I cr_LibraryLoader: Successfully loaded native library
05-27 15:32:29.711  5776  5801 I cr_CachingUmaRecorder: Flushed 2 samples from 2 histograms, 0 samples were dropped.
05-27 15:32:29.863  1455  1455 I sensors@1.0-ser: type=1400 audit(0.0:1454): avc: denied { ioctl } for path="/dev/fastpipe" dev="tmpfs" ino=3085 ioctlcmd=6865 scontext=u:r:hal_sensors_default:s0 tcontext=u:object_r:device:s0 tclass=chr_file permissive=1
05-27 15:32:30.526  4188  4188 I cr_A11yState: Enabled accessibility services: [io.github.ylimit.droidbotapp/io.github.privacystreams.accessibility.PSAccessibilityService, null]
05-27 15:32:30.526  4188  4188 I cr_A11yState: Running accessibility services: [io.github.ylimit.droidbotapp/io.github.privacystreams.accessibility.PSAccessibilityService]
05-27 15:32:30.526  4188  4188 I cr_A11yState: Max delay reached. Send information as is.
05-27 15:32:30.526  4188  4188 I cr_A11yState: Informing listeners of changes.
05-27 15:32:30.526  4188  4188 I cr_A11yState: New AccessibilityState: State{isComplexUserInteractionServiceEnabled=true, isTouchExplorationEnabled=false, isPerformGesturesEnabled=false, isAnyAccessibilityServiceEnabled=true, isAccessibilityToolPresent=true, isTextShowPasswordEnabled=true, isOnlyAutofillRunning=false, isOnlyPasswordManagersEnabled=false, isKnownScreenReaderEnabled=false}
05-27 15:32:31.355  1597  2083 D ActivityManager: Task: com.android.launcher3.Launcher, ID: 2, Base: com.android.launcher3.Launcher, packageName: com.android.launcher3
05-27 15:32:31.355  1597  2083 I ActivityManager: Force stopping edu.mobilesec.ctrepro appid=10053 user=0: from pid 5811
05-27 15:32:31.356  1597  2083 I ActivityManager: Killing 5676:edu.mobilesec.ctrepro/u0a53 (adj 0): stop edu.mobilesec.ctrepro
05-27 15:32:31.356  1597  1616 W libprocessgroup: kill(-5676, 9) failed: No such process
05-27 15:32:31.356  1597  2083 W ActivityManager: Force removing ActivityRecord{c003273 u0 edu.mobilesec.ctrepro/.MainActivity t10}: app died, no saved state
05-27 15:32:31.358  1462  1919 W SurfaceFlinger: Attempting to destroy on removed layer: AppWindowToken{10ff5a9 token=Token{366b530 ActivityRecord{c003273 u0 edu.mobilesec.ctrepro/.MainActivity t10}}}#0
05-27 15:32:31.359  1597  2083 W SchedPolicy: add_tid_to_cgroup failed to write '2386' (No space left on device); fd=27
05-27 15:32:31.359  1597  2083 W SchedPolicy: add_tid_to_cgroup failed to write '2669' (No space left on device); fd=24
05-27 15:32:31.359  1597  2083 W SchedPolicy: add_tid_to_cgroup failed to write '4075' (No space left on device); fd=24
05-27 15:32:31.363  2324  2324 W ContextImpl: Calling a method in the system process without a qualified user: android.app.ContextImpl.startService:1531 android.content.ContextWrapper.startService:664 android.content.ContextWrapper.startService:664 com.android.coreservice.CoreBroadcastReceiver.onReceive:54 android.app.ActivityThread.handleReceiver:3424 
05-27 15:32:31.365  2386  2643 W OpenGLRenderer: Incorrectly called buildLayer on View: ShortcutAndWidgetContainer, destroying layer...
05-27 15:32:31.372  1433  1433 I Zygote  : Process 5676 exited due to signal (9)
05-27 15:32:31.391  1934  1934 D CarrierSvcBindHelper: No carrier app for: 0
05-27 15:32:31.392  1597  1622 W ActivityManager: setHasOverlayUi called on unknown pid: 5676
05-27 15:32:31.402  1597  1616 W libprocessgroup: kill(-5676, 9) failed: No such process
05-27 15:32:31.402  1597  1616 I libprocessgroup: Successfully killed process cgroup uid 10053 pid 5676 in 46ms
05-27 15:32:31.430  2324  2324 I oid.coreservice: type=1400 audit(0.0:1455): avc: denied { ioctl } for path="/dev/fastpipe" dev="tmpfs" ino=3085 ioctlcmd=6867 scontext=u:r:system_app:s0 tcontext=u:object_r:device:s0 tclass=chr_file permissive=1
05-27 15:32:31.432  1597  2637 I ActivityManager: START u0 {flg=0x10000000 cmp=edu.mobilesec.ctrepro/.MainActivity (has extras)} from uid 2000
05-27 15:32:31.432  2324  2324 W ContextImpl: Calling a method in the system process without a qualified user: android.app.ContextImpl.sendBroadcast:1020 android.content.ContextWrapper.sendBroadcast:449 com.android.coreservice.TabManager.notifyClosing:413 com.android.coreservice.TabManager.updateInner:200 com.android.coreservice.TabManager.onUpdate:235 
05-27 15:32:31.460  2324  2324 I CoreService: notifyClosing notify tab closed taskPackageName:edu.mobilesec.ctrepro
05-27 15:32:31.483  1462  1462 I Binder:1462_1: type=1400 audit(0.0:1456): avc: denied { read write } for path="/dev/fastpipe" dev="tmpfs" ino=3085 scontext=u:r:untrusted_app:s0:c33,c256,c512,c768 tcontext=u:object_r:device:s0 tclass=chr_file permissive=1
05-27 15:32:31.483  2386  2386 I RenderThread: type=1400 audit(0.0:1457): avc: denied { ioctl } for path="/dev/fastpipe" dev="tmpfs" ino=3085 ioctlcmd=6869 scontext=u:r:untrusted_app:s0:c33,c256,c512,c768 tcontext=u:object_r:device:s0 tclass=chr_file permissive=1
05-27 15:32:31.493  2386  2643 E EGL_emulation: tid 2643: eglSurfaceAttrib(1504): error 0x3009 (EGL_BAD_MATCH)
05-27 15:32:31.493  2386  2643 W OpenGLRenderer: Failed to set EGL_SWAP_BEHAVIOR on surface 0x763878d0f600, error=EGL_BAD_MATCH
05-27 15:32:31.494  2324  2324 W ContextImpl: Calling a method in the system process without a qualified user: android.app.ContextImpl.startService:1531 android.content.ContextWrapper.startService:664 android.content.ContextWrapper.startService:664 com.android.coreservice.CoreBroadcastReceiver.onReceive:45 android.app.ActivityThread.handleReceiver:3424 
05-27 15:32:31.510  1597  2637 W SchedPolicy: add_tid_to_cgroup failed to write '2386' (No space left on device); fd=24
05-27 15:32:31.510  2324  2324 W ContextImpl: Calling a method in the system process without a qualified user: android.app.ContextImpl.startService:1531 android.content.ContextWrapper.startService:664 android.content.ContextWrapper.startService:664 com.android.coreservice.CoreBroadcastReceiver.onReceive:70 android.app.ActivityThread.handleReceiver:3424 
05-27 15:32:31.519  1597  1615 I ActivityManager: Start proc 5822:edu.mobilesec.ctrepro/u0a53 for activity edu.mobilesec.ctrepro/.MainActivity
05-27 15:32:31.520  2324  2324 W ContextImpl: Calling a method in the system process without a qualified user: android.app.ContextImpl.startService:1531 android.content.ContextWrapper.startService:664 android.content.ContextWrapper.startService:664 com.android.coreservice.CoreBroadcastReceiver.onReceive:54 android.app.ActivityThread.handleReceiver:3424 
05-27 15:32:31.526  1751  1751 I RenderThread: type=1400 audit(0.0:1458): avc: denied { ioctl } for path="/dev/fastpipe" dev="tmpfs" ino=3085 ioctlcmd=6869 scontext=u:r:platform_app:s0:c512,c768 tcontext=u:object_r:device:s0 tclass=chr_file permissive=1
