05-27 15:32:42.320  2386  2643 E EGL_emulation: tid 2643: eglSurfaceAttrib(1504): error 0x3009 (EGL_BAD_MATCH)
05-27 15:32:42.320  2386  2643 W OpenGLRenderer: Failed to set EGL_SWAP_BEHAVIOR on surface 0x763878e54400, error=EGL_BAD_MATCH
05-27 15:32:42.332  1597  1609 W SchedPolicy: add_tid_to_cgroup failed to write '2386' (No space left on device); fd=24
05-27 15:32:42.332  2324  2324 W ContextImpl: Calling a method in the system process without a qualified user: android.app.ContextImpl.startService:1531 android.content.ContextWrapper.startService:664 android.content.ContextWrapper.startService:664 com.android.coreservice.CoreBroadcastReceiver.onReceive:70 android.app.ActivityThread.handleReceiver:3424 
05-27 15:32:42.339  2324  2324 W ContextImpl: Calling a method in the system process without a qualified user: android.app.ContextImpl.startService:1531 android.content.ContextWrapper.startService:664 android.content.ContextWrapper.startService:664 com.android.coreservice.CoreBroadcastReceiver.onReceive:45 android.app.ActivityThread.handleReceiver:3424 
05-27 15:32:42.352  5984  5984 I Zygote  : seccomp disabled by setenforce 0
05-27 15:32:42.353  5984  5984 I bilesec.ctrepr: Late-enabling -Xcheck:jni
05-27 15:32:42.359  1597  1615 I ActivityManager: Start proc 5984:edu.mobilesec.ctrepro/u0a53 for activity edu.mobilesec.ctrepro/.MainActivity
05-27 15:32:42.360  2324  2324 W ContextImpl: Calling a method in the system process without a qualified user: android.app.ContextImpl.startService:1531 android.content.ContextWrapper.startService:664 android.content.ContextWrapper.startService:664 com.android.coreservice.CoreBroadcastReceiver.onReceive:54 android.app.ActivityThread.handleReceiver:3424 
05-27 15:32:42.364  5984  5984 D nativebridge: call UnloadNativeBridge! state=1
05-27 15:32:42.366  2324  2324 W ContextImpl: Calling a method in the system process without a qualified user: android.app.ContextImpl.startService:1531 android.content.ContextWrapper.startService:664 android.content.ContextWrapper.startService:664 com.android.coreservice.CoreBroadcastReceiver.onReceive:70 android.app.ActivityThread.handleReceiver:3424 
05-27 15:32:42.374  1597  3111 W SchedPolicy: add_tid_to_cgroup failed to write '5984' (No space left on device); fd=27
05-27 15:32:42.377  1597  1612 I ActivityManager: Displayed edu.mobilesec.ctrepro/.MainActivity: +109ms
05-27 15:32:42.383  4188  4188 I cr_A11yState: Enabled accessibility services: [io.github.ylimit.droidbotapp/io.github.privacystreams.accessibility.PSAccessibilityService, null]
05-27 15:32:42.383  4188  4188 I cr_A11yState: Running accessibility services: [io.github.ylimit.droidbotapp/io.github.privacystreams.accessibility.PSAccessibilityService]
05-27 15:32:42.383  4188  4188 I cr_A11yState: Max delay reached. Send information as is.
05-27 15:32:42.383  4188  4188 I cr_A11yState: Informing listeners of changes.
05-27 15:32:42.383  4188  4188 I cr_A11yState: New AccessibilityState: State{isComplexUserInteractionServiceEnabled=true, isTouchExplorationEnabled=false, isPerformGesturesEnabled=false, isAnyAccessibilityServiceEnabled=true, isAccessibilityToolPresent=true, isTextShowPasswordEnabled=true, isOnlyAutofillRunning=false, isOnlyPasswordManagersEnabled=false, isKnownScreenReaderEnabled=false}
05-27 15:32:42.428  2324  2324 W ContextImpl: Calling a method in the system process without a qualified user: android.app.ContextImpl.startService:1531 android.content.ContextWrapper.startService:664 android.content.ContextWrapper.startService:664 com.android.coreservice.CoreBroadcastReceiver.onReceive:54 android.app.ActivityThread.handleReceiver:3424 
05-27 15:32:42.467  5984  5984 D libnativeloader: CrashArm64 config not exist or not readable: /system/vendor/firmware_mnt/zieih/CrashArm64
05-27 15:32:42.499  1597  1605 W System  : A resource failed to call close. 
05-27 15:32:42.499  1597  1605 I chatty  : uid=1000(system) FinalizerDaemon identical 26 lines
05-27 15:32:42.499  1597  1605 W System  : A resource failed to call close. 
05-27 15:32:42.568  1597  1881 W SchedPolicy: add_tid_to_cgroup failed to write '2959' (No space left on device); fd=24
05-27 15:32:42.568  1597  1881 W SchedPolicy: add_tid_to_cgroup failed to write '4188' (No space left on device); fd=24
05-27 15:32:42.568  1597  1881 W SchedPolicy: add_tid_to_cgroup failed to write '4366' (No space left on device); fd=24
05-27 15:32:42.569  1597  1881 W SchedPolicy: add_tid_to_cgroup failed to write '4188' (No space left on device); fd=25
05-27 15:32:42.569  1597  1881 W SchedPolicy: add_tid_to_cgroup failed to write '2959' (No space left on device); fd=25
05-27 15:32:42.569  1597  1881 W SchedPolicy: add_tid_to_cgroup failed to write '4366' (No space left on device); fd=25
05-27 15:32:42.572  2324  2324 W ContextImpl: Calling a method in the system process without a qualified user: android.app.ContextImpl.startService:1531 android.content.ContextWrapper.startService:664 android.content.ContextWrapper.startService:664 com.android.coreservice.CoreBroadcastReceiver.onReceive:54 android.app.ActivityThread.handleReceiver:3424 
05-27 15:32:42.572  5984  5984 D OpenGLRenderer: Skia GL Pipeline
05-27 15:32:42.603  4188  4188 I cr_CompositorSurfaceMgr: Transitioning to surface with format: -1
05-27 15:32:42.604  5984  5984 I CT_REPRO: E01_callback_baseline | 1779867162603 | 0 | SERVICE_CONNECTED | 0 | http://198.18.0.1:8000/status/404-body | com.android.chrome | Android 9 API 28 | 138.0.7204.179 | component=com.android.chrome/org.chromium.chrome.browser.customtabs.CustomTabsConnectionService
05-27 15:32:42.638  5984  6007 I         : fastpipe: Connect success
05-27 15:32:42.639  5984  6007 I         : fastpipe: Connect success
05-27 15:32:42.639  5984  5984 I CT_REPRO: E01_callback_baseline | 1779867162639 | 0 | extraCallback:onWarmupCompleted | 10000 | http://198.18.0.1:8000/status/404-body | com.android.chrome | Android 9 API 28 | 138.0.7204.179 | bundle={}
05-27 15:32:42.639  5984  6007 D HostConnection: HostRPC::connect sucess: app=edu.mobilesec.ctrepro, pid=5984, tid=6007, this=0x76388bccb400
05-27 15:32:42.640  5984  6007 D HostConnection: queryAndSetGLESMaxVersion select gles-version: 3.1 hostGLVersion:46 process:edu.mobilesec.ctrepro
05-27 15:32:42.641  5984  6007 I ConfigStore: android::hardware::configstore::V1_0::ISurfaceFlingerConfigs::hasWideColorDisplay retrieved: 0
05-27 15:32:42.641  5984  6007 I ConfigStore: android::hardware::configstore::V1_0::ISurfaceFlingerConfigs::hasHDRDisplay retrieved: 0
05-27 15:32:42.641  5984  6007 I OpenGLRenderer: Initialized EGL, version 1.4
05-27 15:32:42.641  5984  6007 D OpenGLRenderer: Swap behavior 1
05-27 15:32:42.646  5984  6007 D EGL_emulation: eglCreateContext: 0x76388bc5f6c0: maj 3 min 1 rcv 4
05-27 15:32:42.671  5984  6007 E eglCodecCommon: glUtilsParamSize: unknow param 0x000082da
05-27 15:32:42.671  5984  6007 E eglCodecCommon: glUtilsParamSize: unknow param 0x000082e5
05-27 15:32:42.674  5984  6007 D HostConnection: ExtendedRCEncoderContext GL_VERSION return OpenGL ES 3.1 v1
05-27 15:32:42.675  5984  6007 E eglCodecCommon: glUtilsParamSize: unknow param 0x00008c29
05-27 15:32:42.675  5984  6007 E eglCodecCommon: glUtilsParamSize: unknow param 0x000087fe
05-27 15:32:42.678  5984  6007 D vndksupport: Loading /vendor/lib64/hw/android.hardware.graphics.mapper@2.0-impl.so from current namespace instead of sphal namespace.
05-27 15:32:42.678  5984  6007 D vndksupport: Loading /vendor/lib64/hw/gralloc.default.so from current namespace instead of sphal namespace.
05-27 15:32:42.683  5984  6007 E EGL_emulation: tid 6007: eglSurfaceAttrib(1504): error 0x3009 (EGL_BAD_MATCH)
05-27 15:32:42.683  5984  6007 W OpenGLRenderer: Failed to set EGL_SWAP_BEHAVIOR on surface 0x76388bc27c80, error=EGL_BAD_MATCH
05-27 15:32:42.711  2324  2324 W ContextImpl: Calling a method in the system process without a qualified user: android.app.ContextImpl.startService:1531 android.content.ContextWrapper.startService:664 android.content.ContextWrapper.startService:664 com.android.coreservice.CoreBroadcastReceiver.onReceive:70 android.app.ActivityThread.handleReceiver:3424 
05-27 15:32:42.712  2324  2324 W ContextImpl: Calling a method in the system process without a qualified user: android.app.ContextImpl.startService:1531 android.content.ContextWrapper.startService:664 android.content.ContextWrapper.startService:664 com.android.coreservice.CoreBroadcastReceiver.onReceive:70 android.app.ActivityThread.handleReceiver:3424 
05-27 15:32:42.725  1597  1881 W SchedPolicy: add_tid_to_cgroup failed to write '2386' (No space left on device); fd=25
05-27 15:32:42.726  1597  1881 W SchedPolicy: add_tid_to_cgroup failed to write '2669' (No space left on device); fd=25
05-27 15:32:42.726  1597  1881 W SchedPolicy: add_tid_to_cgroup failed to write '4075' (No space left on device); fd=25
05-27 15:32:42.772  1462  1537 W SurfaceFlinger: Attempting to set client state on removed layer: Splash Screen edu.mobilesec.ctrepro#0
05-27 15:32:42.772  1462  1537 W SurfaceFlinger: Attempting to destroy on removed layer: Splash Screen edu.mobilesec.ctrepro#0
05-27 15:32:44.105  5984  5984 I CT_REPRO: E01_callback_baseline | 1779867164104 | 0 | LAUNCH_REQUESTED | 0 | http://198.18.0.1:8000/status/404-body | com.android.chrome | Android 9 API 28 | 138.0.7204.179 | 准备打开 Custom Tab
05-27 15:32:44.111  1597  1881 I ActivityManager: START u0 {act=android.intent.action.VIEW dat=http://198.18.0.1:8000/... pkg=com.android.chrome cmp=com.android.chrome/com.google.android.apps.chrome.IntentDispatcher (has extras)} from uid 10053
05-27 15:32:44.120  2324  2324 W ContextImpl: Calling a method in the system process without a qualified user: android.app.ContextImpl.startService:1531 android.content.ContextWrapper.startService:664 android.content.ContextWrapper.startService:664 com.android.coreservice.CoreBroadcastReceiver.onReceive:45 android.app.ActivityThread.handleReceiver:3424 
05-27 15:32:44.124  4188  4188 W ActivityThread: handleWindowVisibility: no activity for token android.os.BinderProxy@1f6f8e
05-27 15:32:44.124  1597  1608 W SchedPolicy: add_tid_to_cgroup failed to write '2959' (No space left on device); fd=24
05-27 15:32:44.124  1597  1608 W SchedPolicy: add_tid_to_cgroup failed to write '4188' (No space left on device); fd=27
05-27 15:32:44.124  1597  1608 W SchedPolicy: add_tid_to_cgroup failed to write '5984' (No space left on device); fd=24
05-27 15:32:44.124  1597  1608 W SchedPolicy: add_tid_to_cgroup failed to write '4366' (No space left on device); fd=27
05-27 15:32:44.202  1597  1698 D WIFI    : got request NetworkRequest [ TRACK_DEFAULT id=44, [ Capabilities: INTERNET&NOT_RESTRICTED&TRUSTED Unwanted:  Uid: 10059] ] with score 60
05-27 15:32:44.202  1597  1730 D Ethernet: got request NetworkRequest [ TRACK_DEFAULT id=44, [ Capabilities: INTERNET&NOT_RESTRICTED&TRUSTED Unwanted:  Uid: 10059] ] with score 60
05-27 15:32:44.202  1597  1698 D WIFI_UT : got request NetworkRequest [ TRACK_DEFAULT id=44, [ Capabilities: INTERNET&NOT_RESTRICTED&TRUSTED Unwanted:  Uid: 10059] ] with score 60
05-27 15:32:44.202  1597  1729 D WIFI_AWARE_FACTORY: got request NetworkRequest [ TRACK_DEFAULT id=44, [ Capabilities: INTERNET&NOT_RESTRICTED&TRUSTED Unwanted:  Uid: 10059] ] with score 60
05-27 15:32:44.203  1934  1934 D PhoneSwitcherNetworkRequstListener: got request NetworkRequest [ TRACK_DEFAULT id=44, [ Capabilities: INTERNET&NOT_RESTRICTED&TRUSTED Unwanted:  Uid: 10059] ] with score 60
05-27 15:32:44.217  1597  1605 W System  : A resource failed to call close. 
05-27 15:32:44.217  1597  1605 I chatty  : uid=1000(system) FinalizerDaemon identical 28 lines
05-27 15:32:44.217  1597  1605 W System  : A resource failed to call close. 
05-27 15:32:44.312  4188  4188 W cr_ActivityDispatcher: CustomTabsIntent#shouldAlwaysUseBrowserUI() = false
05-27 15:32:44.312  4188  4188 W cr_ActivityDispatcher: CustomTabsIntent#shouldAlwaysUseBrowserUI() = false
05-27 15:32:44.325  1597  1881 I ActivityManager: START u0 {act=android.intent.action.VIEW dat=http://198.18.0.1:8000/... flg=0x2800000 pkg=com.android.chrome cmp=com.android.chrome/org.chromium.chrome.browser.customtabs.CustomTabActivity (has extras)} from uid 10059
05-27 15:32:44.333  2324  2324 W ContextImpl: Calling a method in the system process without a qualified user: android.app.ContextImpl.startService:1531 android.content.ContextWrapper.startService:664 android.content.ContextWrapper.startService:664 com.android.coreservice.CoreBroadcastReceiver.onReceive:45 android.app.ActivityThread.handleReceiver:3424 
05-27 15:32:44.403  1597  1605 W System  : A resource failed to call close. 
05-27 15:32:44.403  1597  1605 I chatty  : uid=1000(system) FinalizerDaemon identical 31 lines
05-27 15:32:44.403  1597  1605 W System  : A resource failed to call close. 
05-27 15:32:44.423  4188  4188 I .android.chrome: type=1400 audit(0.0:1517): avc: denied { read } for name="Applications" dev="sdcardfs" ino=655362 scontext=u:r:untrusted_app:s0:c59,c256,c512,c768 tcontext=u:object_r:sdcardfs:s0 tclass=lnk_file permissive=1
05-27 15:32:44.423  4188  4188 I .android.chrome: type=1400 audit(0.0:1518): avc: denied { search } for name="/" dev="vboxsf" ino=1 scontext=u:r:untrusted_app:s0:c59,c256,c512,c768 tcontext=u:object_r:unlabeled:s0 tclass=dir permissive=1
05-27 15:32:44.426  1597  1597 I Binder:1597_6: type=1400 audit(0.0:1519): avc: denied { read } for name="Applications" dev="sdcardfs" ino=655362 scontext=u:r:system_server:s0 tcontext=u:object_r:sdcardfs:s0 tclass=lnk_file permissive=1
05-27 15:32:44.427  4188  4188 W ActivityThread: handleWindowVisibility: no activity for token android.os.BinderProxy@ed7e0f9
05-27 15:32:44.430  4188  4188 W cr_ActivityDispatcher: CustomTabsIntent#shouldAlwaysUseBrowserUI() = false
05-27 15:32:44.437  4188  4188 W cr_ContextualSearch: No manager!
05-27 15:32:44.438  4188  4188 W cr_ActivityDispatcher: CustomTabsIntent#shouldAlwaysUseBrowserUI() = false
05-27 15:32:44.444  1597  1881 W SchedPolicy: add_tid_to_cgroup failed to write '5942' (No space left on device); fd=24
05-27 15:32:44.446  5984  5984 I CT_REPRO: E01_callback_baseline | 1779867164446 | 342 | TAB_SHOWN | 5 | http://198.18.0.1:8000/status/404-body | com.android.chrome | Android 9 API 28 | 138.0.7204.179 | extras={timestampUptimeMillis=756444}
05-27 15:32:44.451  1597  1881 W SchedPolicy: add_tid_to_cgroup failed to write '5942' (No space left on device); fd=27
05-27 15:32:44.469  4188  4188 W cr_ActivityDispatcher: CustomTabsIntent#shouldAlwaysUseBrowserUI() = false
05-27 15:32:44.477  4188  4188 W cr_ActivityDispatcher: CustomTabsIntent#shouldAlwaysUseBrowserUI() = false
05-27 15:32:44.478  4188  4188 I cr_A11yState: Enabled accessibility services: [io.github.ylimit.droidbotapp/io.github.privacystreams.accessibility.PSAccessibilityService, null]
05-27 15:32:44.478  4188  4188 I cr_A11yState: Running accessibility services: [io.github.ylimit.droidbotapp/io.github.privacystreams.accessibility.PSAccessibilityService]
05-27 15:32:44.478  4188  4188 I cr_A11yState: Will check again after 250 milliseconds.
05-27 15:32:44.483  2324  2324 W ContextImpl: Calling a method in the system process without a qualified user: android.app.ContextImpl.startService:1531 android.content.ContextWrapper.startService:664 android.content.ContextWrapper.startService:664 com.android.coreservice.CoreBroadcastReceiver.onReceive:54 android.app.ActivityThread.handleReceiver:3424 
05-27 15:32:44.492  5984  5984 I CT_REPRO: E01_callback_baseline | 1779867164492 | 388 | NAVIGATION_STARTED | 1 | http://198.18.0.1:8000/status/404-body | com.android.chrome | Android 9 API 28 | 138.0.7204.179 | extras={timestampUptimeMillis=756491}
05-27 15:32:44.510  1462  1462 I Binder:1462_3: type=1400 audit(0.0:1520): avc: denied { read write } for path="/dev/fastpipe" dev="tmpfs" ino=3085 scontext=u:r:untrusted_app:s0:c59,c256,c512,c768 tcontext=u:object_r:device:s0 tclass=chr_file permissive=1
05-27 15:32:44.517  4188  4188 I cr_BrowserUiUtils: Recorded Startup.Android.FirstDrawCompletedTime = 85 ms
05-27 15:32:44.519  4188  4235 E EGL_emulation: tid 4235: eglSurfaceAttrib(1504): error 0x3009 (EGL_BAD_MATCH)
05-27 15:32:44.519  4188  4235 W OpenGLRenderer: Failed to set EGL_SWAP_BEHAVIOR on surface 0xd68ddae0, error=EGL_BAD_MATCH
05-27 15:32:44.542  4188  4188 I cr_E2E_DCController: setSafeAreaConstraint: false
05-27 15:32:44.542  1597  1612 I ActivityManager: Displayed com.android.chrome/org.chromium.chrome.browser.customtabs.CustomTabActivity: +429ms
05-27 15:32:44.543  5984  5984 I CT_REPRO: E01_callback_baseline | 1779867164543 | 439 | NAVIGATION_FINISHED | 2 | http://198.18.0.1:8000/status/404-body | com.android.chrome | Android 9 API 28 | 138.0.7204.179 | extras={timestampUptimeMillis=756542}
05-27 15:32:44.544  4188  4188 I cr_CompositorSurfaceMgr: Transitioning to surface with format: -1
05-27 15:32:44.545  4188  4188 I cr_CompositorSurfaceMgr: surfaceCreated format: 0
05-27 15:32:44.626  4188  4188 D skia    : --- Failed to create image decoder with message 'unimplemented'
05-27 15:32:44.628  4366  4403 W chromium: [WARNING:components/viz/service/frame_sinks/root_compositor_frame_sink_impl.cc:985] Requested unsupported preferred frame interval 0.016666 s (=60.0024Hz)
05-27 15:32:44.637  1597  1605 W System  : A resource failed to call close. 
05-27 15:32:44.637  1597  1605 I chatty  : uid=1000(system) FinalizerDaemon identical 28 lines
05-27 15:32:44.637  1597  1605 W System  : A resource failed to call close. 
05-27 15:32:44.637  2324  2324 W ContextImpl: Calling a method in the system process without a qualified user: android.app.ContextImpl.startService:1531 android.content.ContextWrapper.startService:664 android.content.ContextWrapper.startService:664 com.android.coreservice.CoreBroadcastReceiver.onReceive:70 android.app.ActivityThread.handleReceiver:3424 
05-27 15:32:44.638  2324  2324 W ContextImpl: Calling a method in the system process without a qualified user: android.app.ContextImpl.startService:1531 android.content.ContextWrapper.startService:664 android.content.ContextWrapper.startService:664 com.android.coreservice.CoreBroadcastReceiver.onReceive:70 android.app.ActivityThread.handleReceiver:3424 
05-27 15:32:44.661  4366  4390 E eglCodecCommon: glUtilsParamSize: unknow param 0x000088ef
05-27 15:32:44.662  4366  4390 E eglCodecCommon: glUtilsParamSize: unknow param 0x00000cf2
05-27 15:32:44.662  4366  4390 E eglCodecCommon: glUtilsParamSize: unknow param 0x00000cf3
05-27 15:32:44.662  4366  4390 E eglCodecCommon: glUtilsParamSize: unknow param 0x00000cf4
05-27 15:32:44.662  4366  4390 E eglCodecCommon: glUtilsParamSize: unknow param 0x0000806d
05-27 15:32:44.662  4366  4390 E eglCodecCommon: glUtilsParamSize: unknow param 0x0000806e
05-27 15:32:44.664  4366  4390 E eglCodecCommon: glUtilsParamSize: unknow param 0x000088ef
05-27 15:32:44.664  4366  4390 E eglCodecCommon: glUtilsParamSize: unknow param 0x00000cf2
05-27 15:32:44.664  4366  4390 E eglCodecCommon: glUtilsParamSize: unknow param 0x00000cf3
05-27 15:32:44.664  4366  4390 E eglCodecCommon: glUtilsParamSize: unknow param 0x00000cf4
05-27 15:32:44.664  4366  4390 E eglCodecCommon: glUtilsParamSize: unknow param 0x0000806d
05-27 15:32:44.665  4366  4390 E eglCodecCommon: glUtilsParamSize: unknow param 0x0000806e
05-27 15:32:44.667  4366  4390 E eglCodecCommon: glUtilsParamSize: unknow param 0x000088ef
05-27 15:32:44.667  4366  4390 E eglCodecCommon: glUtilsParamSize: unknow param 0x00000cf2
05-27 15:32:44.667  4366  4390 E eglCodecCommon: glUtilsParamSize: unknow param 0x00000cf3
05-27 15:32:44.667  4366  4390 E eglCodecCommon: glUtilsParamSize: unknow param 0x00000cf4
05-27 15:32:44.667  4366  4390 E eglCodecCommon: glUtilsParamSize: unknow param 0x0000806d
05-27 15:32:44.667  4366  4390 E eglCodecCommon: glUtilsParamSize: unknow param 0x0000806e
05-27 15:32:44.668  4366  4390 E eglCodecCommon: glUtilsParamSize: unknow param 0x000088ef
05-27 15:32:44.668  4366  4390 E eglCodecCommon: glUtilsParamSize: unknow param 0x00000cf2
05-27 15:32:44.668  4366  4390 E eglCodecCommon: glUtilsParamSize: unknow param 0x00000cf3
05-27 15:32:44.668  4366  4390 E eglCodecCommon: glUtilsParamSize: unknow param 0x00000cf4
05-27 15:32:44.668  4366  4390 E eglCodecCommon: glUtilsParamSize: unknow param 0x0000806d
05-27 15:32:44.668  4366  4390 E eglCodecCommon: glUtilsParamSize: unknow param 0x0000806e
05-27 15:32:44.669  4366  4390 E eglCodecCommon: glUtilsParamSize: unknow param 0x000088ef
05-27 15:32:44.669  4366  4390 E eglCodecCommon: glUtilsParamSize: unknow param 0x00000cf2
05-27 15:32:44.669  4366  4390 E eglCodecCommon: glUtilsParamSize: unknow param 0x00000cf3
05-27 15:32:44.669  4366  4390 E eglCodecCommon: glUtilsParamSize: unknow param 0x00000cf4
05-27 15:32:44.669  4366  4390 E eglCodecCommon: glUtilsParamSize: unknow param 0x0000806d
05-27 15:32:44.670  4366  4390 E eglCodecCommon: glUtilsParamSize: unknow param 0x0000806e
05-27 15:32:44.670  4366  4390 E eglCodecCommon: glUtilsParamSize: unknow param 0x000088ef
05-27 15:32:44.670  4366  4390 E eglCodecCommon: glUtilsParamSize: unknow param 0x00000cf2
05-27 15:32:44.670  4366  4390 E eglCodecCommon: glUtilsParamSize: unknow param 0x00000cf3
05-27 15:32:44.670  4366  4390 E eglCodecCommon: glUtilsParamSize: unknow param 0x00000cf4
05-27 15:32:44.670  4366  4390 E eglCodecCommon: glUtilsParamSize: unknow param 0x0000806d
05-27 15:32:44.670  4366  4390 E eglCodecCommon: glUtilsParamSize: unknow param 0x0000806e
05-27 15:32:44.671  4366  4390 E eglCodecCommon: glUtilsParamSize: unknow param 0x000088ef
05-27 15:32:44.671  4366  4390 E eglCodecCommon: glUtilsParamSize: unknow param 0x00000cf2
05-27 15:32:44.671  4366  4390 E eglCodecCommon: glUtilsParamSize: unknow param 0x00000cf3
05-27 15:32:44.671  4366  4390 E eglCodecCommon: glUtilsParamSize: unknow param 0x00000cf4
05-27 15:32:44.671  4366  4390 E eglCodecCommon: glUtilsParamSize: unknow param 0x0000806d
05-27 15:32:44.671  4366  4390 E eglCodecCommon: glUtilsParamSize: unknow param 0x0000806e
05-27 15:32:44.672  4366  4390 E eglCodecCommon: glUtilsParamSize: unknow param 0x000088ef
05-27 15:32:44.672  4366  4390 E eglCodecCommon: glUtilsParamSize: unknow param 0x00000cf2
05-27 15:32:44.672  4366  4390 E eglCodecCommon: glUtilsParamSize: unknow param 0x00000cf3
05-27 15:32:44.672  4366  4390 E eglCodecCommon: glUtilsParamSize: unknow param 0x00000cf4
05-27 15:32:44.672  4366  4390 E eglCodecCommon: glUtilsParamSize: unknow param 0x0000806d
05-27 15:32:44.673  4366  4390 E eglCodecCommon: glUtilsParamSize: unknow param 0x0000806e
05-27 15:32:44.676  1597  1597 I Binder:1597_1: type=1400 audit(0.0:1521): avc: denied { call } for scontext=u:r:system_server:s0 tcontext=u:r:init:s0 tclass=binder permissive=1
05-27 15:32:44.678  4188  4188 I cr_A11yState: Enabled accessibility services: [io.github.ylimit.droidbotapp/io.github.privacystreams.accessibility.PSAccessibilityService, null]
05-27 15:32:44.678  4188  4188 I cr_A11yState: Running accessibility services: [io.github.ylimit.droidbotapp/io.github.privacystreams.accessibility.PSAccessibilityService]
05-27 15:32:44.678  4188  4188 I cr_A11yState: Will check again after 500 milliseconds.
05-27 15:32:44.680  4188  4188 I cr_CustomTab: To create AuxiliarySearchController on deferred startup.
05-27 15:32:44.681  1597  1608 W SchedPolicy: add_tid_to_cgroup failed to write '5984' (No space left on device); fd=25
05-27 15:32:44.711  2324  2324 W ContextImpl: Calling a method in the system process without a qualified user: android.app.ContextImpl.startService:1531 android.content.ContextWrapper.startService:664 android.content.ContextWrapper.startService:664 com.android.coreservice.CoreBroadcastReceiver.onReceive:54 android.app.ActivityThread.handleReceiver:3424 
05-27 15:32:44.728  4188  4188 I cr_A11yState: Enabled accessibility services: [io.github.ylimit.droidbotapp/io.github.privacystreams.accessibility.PSAccessibilityService, null]
05-27 15:32:44.728  4188  4188 I cr_A11yState: Running accessibility services: [io.github.ylimit.droidbotapp/io.github.privacystreams.accessibility.PSAccessibilityService]
05-27 15:32:44.728  4188  4188 I cr_A11yState: Will check again after 1000 milliseconds.
05-27 15:32:44.740  2366  2406 I mit.droidbotap: Waiting for a blocking GC ProfileSaver
05-27 15:32:45.180  4188  4188 I cr_A11yState: Enabled accessibility services: [io.github.ylimit.droidbotapp/io.github.privacystreams.accessibility.PSAccessibilityService, null]
05-27 15:32:45.180  4188  4188 I cr_A11yState: Running accessibility services: [io.github.ylimit.droidbotapp/io.github.privacystreams.accessibility.PSAccessibilityService]
05-27 15:32:45.180  4188  4188 I cr_A11yState: Will check again after 2000 milliseconds.
05-27 15:32:45.728  4188  4188 I cr_A11yState: Enabled accessibility services: [io.github.ylimit.droidbotapp/io.github.privacystreams.accessibility.PSAccessibilityService, null]
05-27 15:32:45.728  4188  4188 I cr_A11yState: Running accessibility services: [io.github.ylimit.droidbotapp/io.github.privacystreams.accessibility.PSAccessibilityService]
05-27 15:32:45.728  4188  4188 I cr_A11yState: Will check again after 4000 milliseconds.
05-27 15:32:47.185  4188  4188 I cr_A11yState: Enabled accessibility services: [io.github.ylimit.droidbotapp/io.github.privacystreams.accessibility.PSAccessibilityService, null]
05-27 15:32:47.185  4188  4188 I cr_A11yState: Running accessibility services: [io.github.ylimit.droidbotapp/io.github.privacystreams.accessibility.PSAccessibilityService]
05-27 15:32:47.185  4188  4188 I cr_A11yState: Max delay reached. Send information as is.
05-27 15:32:47.185  4188  4188 I cr_A11yState: Informing listeners of changes.
05-27 15:32:47.185  4188  4188 I cr_A11yState: New AccessibilityState: State{isComplexUserInteractionServiceEnabled=true, isTouchExplorationEnabled=false, isPerformGesturesEnabled=false, isAnyAccessibilityServiceEnabled=true, isAccessibilityToolPresent=true, isTextShowPasswordEnabled=true, isOnlyAutofillRunning=false, isOnlyPasswordManagersEnabled=false, isKnownScreenReaderEnabled=false}
05-27 15:32:48.573  4366  4390 E eglCodecCommon: glUtilsParamSize: unknow param 0x000088ef
05-27 15:32:48.574  4366  4390 E eglCodecCommon: glUtilsParamSize: unknow param 0x00000cf2
05-27 15:32:48.574  4366  4390 E eglCodecCommon: glUtilsParamSize: unknow param 0x00000cf3
05-27 15:32:48.574  4366  4390 E eglCodecCommon: glUtilsParamSize: unknow param 0x00000cf4
05-27 15:32:48.574  4366  4390 E eglCodecCommon: glUtilsParamSize: unknow param 0x0000806d
05-27 15:32:48.574  4366  4390 E eglCodecCommon: glUtilsParamSize: unknow param 0x0000806e
05-27 15:32:48.575  4366  4390 E eglCodecCommon: glUtilsParamSize: unknow param 0x000088ef
05-27 15:32:48.575  4366  4390 E eglCodecCommon: glUtilsParamSize: unknow param 0x00000cf2
05-27 15:32:48.575  4366  4390 E eglCodecCommon: glUtilsParamSize: unknow param 0x00000cf3
05-27 15:32:48.575  4366  4390 E eglCodecCommon: glUtilsParamSize: unknow param 0x00000cf4
05-27 15:32:48.575  4366  4390 E eglCodecCommon: glUtilsParamSize: unknow param 0x0000806d
05-27 15:32:48.575  4366  4390 E eglCodecCommon: glUtilsParamSize: unknow param 0x0000806e
05-27 15:32:48.576  4366  4390 E eglCodecCommon: glUtilsParamSize: unknow param 0x000088ef
05-27 15:32:48.576  4366  4390 E eglCodecCommon: glUtilsParamSize: unknow param 0x00000cf2
05-27 15:32:48.576  4366  4390 E eglCodecCommon: glUtilsParamSize: unknow param 0x00000cf3
05-27 15:32:48.577  4366  4390 E eglCodecCommon: glUtilsParamSize: unknow param 0x00000cf4
05-27 15:32:48.577  4366  4390 E eglCodecCommon: glUtilsParamSize: unknow param 0x0000806d
05-27 15:32:48.577  4366  4390 E eglCodecCommon: glUtilsParamSize: unknow param 0x0000806e
05-27 15:32:49.740  4188  4188 I cr_A11yState: Enabled accessibility services: [io.github.ylimit.droidbotapp/io.github.privacystreams.accessibility.PSAccessibilityService, null]
05-27 15:32:49.740  4188  4188 I cr_A11yState: Running accessibility services: [io.github.ylimit.droidbotapp/io.github.privacystreams.accessibility.PSAccessibilityService]
05-27 15:32:49.740  4188  4188 I cr_A11yState: Will check again after 250 milliseconds.
05-27 15:32:50.001  4188  4188 I cr_A11yState: Enabled accessibility services: [io.github.ylimit.droidbotapp/io.github.privacystreams.accessibility.PSAccessibilityService, null]
05-27 15:32:50.001  4188  4188 I cr_A11yState: Running accessibility services: [io.github.ylimit.droidbotapp/io.github.privacystreams.accessibility.PSAccessibilityService]
05-27 15:32:50.002  4188  4188 I cr_A11yState: Will check again after 500 milliseconds.
05-27 15:32:50.320  1462  1462 I Binder:1462_4: type=1400 audit(0.0:1526): avc: denied { read write } for path="/dev/fastpipe" dev="tmpfs" ino=3085 scontext=u:r:shell:s0 tcontext=u:object_r:device:s0 tclass=chr_file permissive=1
05-27 15:32:50.323  6053  6053 I screencap: type=1400 audit(0.0:1527): avc: denied { open } for path="/dev/fastpipe" dev="tmpfs" ino=3085 scontext=u:r:shell:s0 tcontext=u:object_r:device:s0 tclass=chr_file permissive=1
05-27 15:32:50.323  6053  6053 I screencap: type=1400 audit(0.0:1528): avc: denied { ioctl } for path="/dev/fastpipe" dev="tmpfs" ino=3085 ioctlcmd=6864 scontext=u:r:shell:s0 tcontext=u:object_r:device:s0 tclass=chr_file permissive=1
05-27 15:32:50.326  6053  6053 E cutils-trace: Error opening trace file: No such file or directory (2)
05-27 15:32:50.326  6053  6053 D vndksupport: Loading /vendor/lib64/hw/android.hardware.graphics.mapper@2.0-impl.so from current namespace instead of sphal namespace.
05-27 15:32:50.327  6053  6053 D vndksupport: Loading /vendor/lib64/hw/gralloc.default.so from current namespace instead of sphal namespace.
05-27 15:32:50.330  6053  6053 I screencap: type=1400 audit(0.0:1529): avc: denied { open } for path="/data/local/cfg-zieih/gl_force" dev="sdb2" ino=393567 scontext=u:r:shell:s0 tcontext=u:object_r:system_data_file:s0 tclass=file permissive=1
05-27 15:32:50.331  6053  6053 I         : fastpipe: Connect success
05-27 15:32:50.332  6053  6053 I         : fastpipe: Connect success
05-27 15:32:50.332  6053  6053 D HostConnection: HostRPC::connect sucess: app=screencap, pid=6053, tid=6053, this=0x763893ee4540
05-27 15:32:50.333  6053  6053 D HostConnection: queryAndSetGLESMaxVersion select gles-version: 3.1 hostGLVersion:46 process:screencap
05-27 15:32:50.477  2577  2577 D MediaScannerReceiver: action: android.intent.action.MEDIA_SCANNER_SCAN_FILE path: /storage/emulated/0/e01_status_404_body_localnet.png
05-27 15:32:50.506  4188  4188 I cr_A11yState: Enabled accessibility services: [io.github.ylimit.droidbotapp/io.github.privacystreams.accessibility.PSAccessibilityService, null]
05-27 15:32:50.506  4188  4188 I cr_A11yState: Running accessibility services: [io.github.ylimit.droidbotapp/io.github.privacystreams.accessibility.PSAccessibilityService]
05-27 15:32:50.506  4188  4188 I cr_A11yState: Will check again after 1000 milliseconds.
05-27 15:32:50.896  6063  6063 I appproc : app_process main with argv: /system/bin com.android.commands.input.Input keyevent 4 
05-27 15:32:50.896  6063  6063 D AndroidRuntime: >>>>>> START com.android.internal.os.RuntimeInit uid 2000 <<<<<<
05-27 15:32:50.898  6063  6063 E cutils-trace: Error opening trace file: No such file or directory (2)
05-27 15:32:50.908  6063  6063 V libnb   : enter native_bridge2_isCompatibleWith 3
05-27 15:32:50.917  6063  6063 I libnb   : Found /system/lib64/libhoudini.so version 3
05-27 15:32:50.930  6063  6063 I main    : type=1400 audit(0.0:1530): avc: denied { mounton } for path="/proc/cpuinfo" dev="proc" ino=4026531992 scontext=u:r:shell:s0 tcontext=u:object_r:proc_cpuinfo:s0 tclass=file permissive=1
05-27 15:32:50.932  6063  6063 I app_process: The ClassLoaderContext is a special shared library.
05-27 15:32:50.932  6063  6063 W app_process: Could not create mount namespace.
05-27 15:32:50.932  6063  6063 D nativebridge: PreInitializeNativeBridge name=unknown instruction_set=x86_64
05-27 15:32:50.933  6063  6063 W nativebridge: Failed to bind-mount /data/local/cfg-zieih/ as /proc/cpuinfo: No such file or directory
05-27 15:32:50.933  6063  6063 W nativebridge: Failed to bind-mount /system/lib64/x86_64/cpuinfo as /proc/cpuinfo: Operation not permitted
05-27 15:32:50.933  6063  6063 D nativebridge: call UnloadNativeBridge! state=2
05-27 15:32:50.948  6063  6063 D AndroidRuntime: Calling main entry com.android.commands.input.Input
05-27 15:32:50.948  6063  6063 I Input   : injectKeyEvent: KeyEvent { action=ACTION_DOWN, keyCode=KEYCODE_BACK, scanCode=0, metaState=0, flags=0x0, repeatCount=0, eventTime=762948, downTime=762948, deviceId=-1, source=0x101 }
05-27 15:32:50.965  6063  6063 I Input   : injectKeyEvent: KeyEvent { action=ACTION_UP, keyCode=KEYCODE_BACK, scanCode=0, metaState=0, flags=0x0, repeatCount=0, eventTime=762948, downTime=762948, deviceId=-1, source=0x101 }
05-27 15:32:50.971  1597  1614 D AutofillManagerService: onBackKeyPressed()
05-27 15:32:50.980  6063  6063 D AndroidRuntime: Shutting down VM
05-27 15:32:51.024  1597  1608 W SchedPolicy: add_tid_to_cgroup failed to write '5984' (No space left on device); fd=27
05-27 15:32:51.024  1597  1608 W SchedPolicy: add_tid_to_cgroup failed to write '5942' (No space left on device); fd=24
05-27 15:32:51.024  1597  1608 W SchedPolicy: add_tid_to_cgroup failed to write '4188' (No space left on device); fd=24
05-27 15:32:51.024  1597  1608 W SchedPolicy: add_tid_to_cgroup failed to write '4366' (No space left on device); fd=24
05-27 15:32:51.026  2324  2324 W ContextImpl: Calling a method in the system process without a qualified user: android.app.ContextImpl.startService:1531 android.content.ContextWrapper.startService:664 android.content.ContextWrapper.startService:664 com.android.coreservice.CoreBroadcastReceiver.onReceive:45 android.app.ActivityThread.handleReceiver:3424 
05-27 15:32:51.065  2324  2324 W ContextImpl: Calling a method in the system process without a qualified user: android.app.ContextImpl.startService:1531 android.content.ContextWrapper.startService:664 android.content.ContextWrapper.startService:664 com.android.coreservice.CoreBroadcastReceiver.onReceive:54 android.app.ActivityThread.handleReceiver:3424 
05-27 15:32:51.094  5984  6007 E EGL_emulation: tid 6007: eglSurfaceAttrib(1504): error 0x3009 (EGL_BAD_MATCH)
05-27 15:32:51.094  5984  6007 W OpenGLRenderer: Failed to set EGL_SWAP_BEHAVIOR on surface 0x76388bc27c80, error=EGL_BAD_MATCH
05-27 15:32:51.116  2324  2324 W ContextImpl: Calling a method in the system process without a qualified user: android.app.ContextImpl.startService:1531 android.content.ContextWrapper.startService:664 android.content.ContextWrapper.startService:664 com.android.coreservice.CoreBroadcastReceiver.onReceive:70 android.app.ActivityThread.handleReceiver:3424 
05-27 15:32:51.117  2324  2324 W ContextImpl: Calling a method in the system process without a qualified user: android.app.ContextImpl.startService:1531 android.content.ContextWrapper.startService:664 android.content.ContextWrapper.startService:664 com.android.coreservice.CoreBroadcastReceiver.onReceive:70 android.app.ActivityThread.handleReceiver:3424 
05-27 15:32:51.117  1597  1605 W System  : A resource failed to call close. 
05-27 15:32:51.118  1597  1605 I chatty  : uid=1000(system) FinalizerDaemon identical 27 lines
05-27 15:32:51.118  1597  1605 W System  : A resource failed to call close. 
05-27 15:32:51.218  1597  1613 W SchedPolicy: add_tid_to_cgroup failed to write '2959' (No space left on device); fd=25
05-27 15:32:51.219  1597  1613 W SchedPolicy: add_tid_to_cgroup failed to write '5942' (No space left on device); fd=25
05-27 15:32:51.219  1597  1613 W SchedPolicy: add_tid_to_cgroup failed to write '4188' (No space left on device); fd=25
05-27 15:32:51.219  1597  1613 W SchedPolicy: add_tid_to_cgroup failed to write '4366' (No space left on device); fd=25
05-27 15:32:51.233  4188  4188 E cr_CompositorSurfaceMgr: surfaceDestroyed format : 4
05-27 15:32:51.257  4188  4250 I cr_BindingManager: onTrimMemory: level=20, size=1
05-27 15:32:51.261  4188  4188 I cr_A11yState: Enabled accessibility services: [io.github.ylimit.droidbotapp/io.github.privacystreams.accessibility.PSAccessibilityService, null]
05-27 15:32:51.261  4188  4188 I cr_A11yState: Running accessibility services: [io.github.ylimit.droidbotapp/io.github.privacystreams.accessibility.PSAccessibilityService]
05-27 15:32:51.261  4188  4188 I cr_A11yState: Will check again after 2000 milliseconds.
05-27 15:32:51.262  5984  5984 I CT_REPRO: E01_callback_baseline | 1779867171262 | 7158 | TAB_HIDDEN | 6 | http://198.18.0.1:8000/status/404-body | com.android.chrome | Android 9 API 28 | 138.0.7204.179 | extras={timestampUptimeMillis=763262}
05-27 15:32:51.264  1461  1461 E lowmemorykiller: Error writing /proc/5942/oom_score_adj; errno=22
05-27 15:32:51.264  1597  3111 I ActivityManager: Killing 5942:com.android.chrome:sandboxed_process22/u0a59i22 (adj 0): isolated not needed
05-27 15:32:51.264  1597  1616 W libprocessgroup: kill(-5942, 9) failed: No such process
05-27 15:32:51.274  4188  4188 I cr_CompositorSurfaceMgr: SurfaceState : detach from parent : 0
05-27 15:32:51.276  4188  4188 W cr_ContextualSearch: Warning, the 0 state was aborted.
05-27 15:32:51.277  2324  2324 W ContextImpl: Calling a method in the system process without a qualified user: android.app.ContextImpl.startService:1531 android.content.ContextWrapper.startService:664 android.content.ContextWrapper.startService:664 com.android.coreservice.CoreBroadcastReceiver.onReceive:54 android.app.ActivityThread.handleReceiver:3424 
05-27 15:32:51.282  1462  1462 W SurfaceFlinger: couldn't log to binary event log: overflow.
05-27 15:32:51.284  1434  1434 I Zygote  : Process 5942 exited cleanly (0)
05-27 15:32:51.291  1597  1617 E KernelCpuSpeedReader: Failed to read cpu-freq: /sys/devices/system/cpu/cpu0/cpufreq/stats/time_in_state (No such file or directory)
05-27 15:32:51.291  1597  1617 E KernelWakelockReader: neither /proc/wakelocks nor /d/wakeup_sources exists
05-27 15:32:51.291  1597  1617 W BatteryStatsImpl: Couldn't get kernel wake lock stats
05-27 15:32:51.295  1434  1434 D libnativeloader: CrashArm64 config not exist or not readable: /system/vendor/firmware_mnt/zieih/CrashArm64
05-27 15:32:51.296  1434  1434 I Zygote  : IsCopy  libcrashcatcher: 0
05-27 15:32:51.298  1597  1613 W BroadcastQueue: Background execution not allowed: receiving Intent { act=android.intent.action.DROPBOX_ENTRY_ADDED flg=0x10 (has extras) } to com.google.android.gms/.stats.service.DropBoxEntryAddedReceiver
05-27 15:32:51.298  1597  1613 W BroadcastQueue: Background execution not allowed: receiving Intent { act=android.intent.action.DROPBOX_ENTRY_ADDED flg=0x10 (has extras) } to com.google.android.gms/.chimera.GmsIntentOperationService$PersistentTrustedReceiver
05-27 15:32:51.302  1597  1615 I ActivityManager: Start proc 6082:com.android.chrome:sandboxed_process23/u0i23 for service com.android.chrome/org.chromium.content.app.SandboxedProcessService23
05-27 15:32:51.311  1597  1616 W libprocessgroup: kill(-5942, 9) failed: No such process
05-27 15:32:51.311  1597  1616 I libprocessgroup: Successfully killed process cgroup uid 99022 pid 5942 in 46ms
05-27 15:32:51.311  6082  6082 W nativebridge: Failed to bind-mount /data/local/cfg-zieih/ as /proc/cpuinfo: Not a directory
05-27 15:32:51.312  6082  6082 I Zygote  : seccomp disabled by setenforce 0
05-27 15:32:51.313  6082  6082 D nativebridge: call UnloadNativeBridge! state=1
05-27 15:32:51.316  1597  1881 W SchedPolicy: add_tid_to_cgroup failed to write '2423' (No space left on device); fd=24
05-27 15:32:51.326  1597  1889 W SchedPolicy: add_tid_to_cgroup failed to write '6082' (No space left on device); fd=25
05-27 15:32:51.327  1597  1608 W SchedPolicy: add_tid_to_cgroup failed to write '2423' (No space left on device); fd=25
05-27 15:32:51.363  6082  6082 I boxed_process23: type=1400 audit(0.0:1542): avc: denied { getattr } for path="/data/data/com.android.chrome" dev="sdb2" ino=1048947 scontext=u:r:isolated_app:s0:c23,c256,c512,c768 tcontext=u:object_r:app_data_file:s0:c59,c256,c512,c768 tclass=dir permissive=1
05-27 15:32:51.370  6082  6082 D libnativeloader: CrashArm64 config not exist or not readable: /system/vendor/firmware_mnt/zieih/CrashArm64
05-27 15:32:51.371  6082  6082 W boxed_process2: Unknown chunk type '200'.
05-27 15:32:51.373  6082  6082 I cr_SplitCompatApp: version=138.0.7204.179 (720417927) minSdkVersion=26 isBundle=true processName=com.android.chrome:sandboxed_process23 isIsolatedProcess=true
05-27 15:32:51.375  6082  6082 W SystemServiceRegistry: No service published for: uimode
05-27 15:32:51.376  6082  6082 I cr_ChildProcessService: Creating new ChildProcessService pid=6082
05-27 15:32:51.394  6082  6106 I cr_LibraryLoader: Successfully loaded native library
05-27 15:32:51.394  6082  6106 I cr_CachingUmaRecorder: Flushed 2 samples from 2 histograms, 0 samples were dropped.
05-27 15:32:51.394  1597  1605 W System  : A resource failed to call close. 
05-27 15:32:51.395  1597  1605 I chatty  : uid=1000(system) FinalizerDaemon identical 29 lines
05-27 15:32:51.395  1597  1605 W System  : A resource failed to call close. 
05-27 15:32:51.515  4188  4188 I cr_A11yState: Enabled accessibility services: [io.github.ylimit.droidbotapp/io.github.privacystreams.accessibility.PSAccessibilityService, null]
05-27 15:32:51.515  4188  4188 I cr_A11yState: Running accessibility services: [io.github.ylimit.droidbotapp/io.github.privacystreams.accessibility.PSAccessibilityService]
05-27 15:32:51.515  4188  4188 I cr_A11yState: Will check again after 4000 milliseconds.
05-27 15:32:51.523  1455  1455 I sensors@1.0-ser: type=1400 audit(0.0:1543): avc: denied { ioctl } for path="/dev/fastpipe" dev="tmpfs" ino=3085 ioctlcmd=6865 scontext=u:r:hal_sensors_default:s0 tcontext=u:object_r:device:s0 tclass=chr_file permissive=1
05-27 15:32:53.275  4188  4188 I cr_A11yState: Enabled accessibility services: [io.github.ylimit.droidbotapp/io.github.privacystreams.accessibility.PSAccessibilityService, null]
05-27 15:32:53.275  4188  4188 I cr_A11yState: Running accessibility services: [io.github.ylimit.droidbotapp/io.github.privacystreams.accessibility.PSAccessibilityService]
05-27 15:32:53.275  4188  4188 I cr_A11yState: Max delay reached. Send information as is.
05-27 15:32:53.275  4188  4188 I cr_A11yState: Informing listeners of changes.
05-27 15:32:53.275  4188  4188 I cr_A11yState: New AccessibilityState: State{isComplexUserInteractionServiceEnabled=true, isTouchExplorationEnabled=false, isPerformGesturesEnabled=false, isAnyAccessibilityServiceEnabled=true, isAccessibilityToolPresent=true, isTextShowPasswordEnabled=true, isOnlyAutofillRunning=false, isOnlyPasswordManagersEnabled=false, isKnownScreenReaderEnabled=false}
05-27 15:32:54.946  1459  1459 I ldinit  : type=1400 audit(0.0:1544): avc: denied { read } for name="partitions" dev="proc" ino=4026532046 scontext=u:r:ldinit:s0 tcontext=u:object_r:proc:s0 tclass=file permissive=1
05-27 15:32:54.946  1459  1459 I ldinit  : type=1400 audit(0.0:1545): avc: denied { open } for path="/proc/partitions" dev="proc" ino=4026532046 scontext=u:r:ldinit:s0 tcontext=u:object_r:proc:s0 tclass=file permissive=1
05-27 15:32:54.946  1459  1459 I ldinit  : type=1400 audit(0.0:1546): avc: denied { getattr } for path="/proc/partitions" dev="proc" ino=4026532046 scontext=u:r:ldinit:s0 tcontext=u:object_r:proc:s0 tclass=file permissive=1
05-27 15:32:55.518  4188  4188 I cr_A11yState: Enabled accessibility services: [io.github.ylimit.droidbotapp/io.github.privacystreams.accessibility.PSAccessibilityService, null]
05-27 15:32:55.518  4188  4188 I cr_A11yState: Running accessibility services: [io.github.ylimit.droidbotapp/io.github.privacystreams.accessibility.PSAccessibilityService]
05-27 15:32:55.518  4188  4188 I cr_A11yState: Will check again after 250 milliseconds.
05-27 15:32:55.776  4188  4188 I cr_A11yState: Enabled accessibility services: [io.github.ylimit.droidbotapp/io.github.privacystreams.accessibility.PSAccessibilityService, null]
05-27 15:32:55.776  4188  4188 I cr_A11yState: Running accessibility services: [io.github.ylimit.droidbotapp/io.github.privacystreams.accessibility.PSAccessibilityService]
05-27 15:32:55.776  4188  4188 I cr_A11yState: Will check again after 500 milliseconds.
05-27 15:32:56.284  4188  4188 I cr_A11yState: Enabled accessibility services: [io.github.ylimit.droidbotapp/io.github.privacystreams.accessibility.PSAccessibilityService, null]
05-27 15:32:56.284  4188  4188 I cr_A11yState: Running accessibility services: [io.github.ylimit.droidbotapp/io.github.privacystreams.accessibility.PSAccessibilityService]
05-27 15:32:56.284  4188  4188 I cr_A11yState: Will check again after 1000 milliseconds.
05-27 15:32:57.286  4188  4188 I cr_A11yState: Enabled accessibility services: [io.github.ylimit.droidbotapp/io.github.privacystreams.accessibility.PSAccessibilityService, null]
05-27 15:32:57.286  4188  4188 I cr_A11yState: Running accessibility services: [io.github.ylimit.droidbotapp/io.github.privacystreams.accessibility.PSAccessibilityService]
05-27 15:32:57.286  4188  4188 I cr_A11yState: Will check again after 2000 milliseconds.
05-27 15:32:59.291  4188  4188 I cr_A11yState: Enabled accessibility services: [io.github.ylimit.droidbotapp/io.github.privacystreams.accessibility.PSAccessibilityService, null]
05-27 15:32:59.291  4188  4188 I cr_A11yState: Running accessibility services: [io.github.ylimit.droidbotapp/io.github.privacystreams.accessibility.PSAccessibilityService]
05-27 15:32:59.291  4188  4188 I cr_A11yState: Will check again after 4000 milliseconds.
05-27 15:33:01.261  4188  4250 I cr_BindingManager: Release visible connections: 0
05-27 15:33:03.294  4188  4188 I cr_A11yState: Enabled accessibility services: [io.github.ylimit.droidbotapp/io.github.privacystreams.accessibility.PSAccessibilityService, null]
05-27 15:33:03.294  4188  4188 I cr_A11yState: Running accessibility services: [io.github.ylimit.droidbotapp/io.github.privacystreams.accessibility.PSAccessibilityService]
05-27 15:33:03.294  4188  4188 I cr_A11yState: Max delay reached. Send information as is.
05-27 15:33:03.294  4188  4188 I cr_A11yState: Informing listeners of changes.
05-27 15:33:03.294  4188  4188 I cr_A11yState: New AccessibilityState: State{isComplexUserInteractionServiceEnabled=true, isTouchExplorationEnabled=false, isPerformGesturesEnabled=false, isAnyAccessibilityServiceEnabled=true, isAccessibilityToolPresent=true, isTextShowPasswordEnabled=true, isOnlyAutofillRunning=false, isOnlyPasswordManagersEnabled=false, isKnownScreenReaderEnabled=false}
05-27 15:33:06.376  1597  1612 E memtrack: Couldn't load memtrack module
05-27 15:33:06.376  1597  1612 W android.os.Debug: failed to get memory consumption info: -1
