--------- beginning of main
05-27 15:32:02.668  1597  1605 I chatty  : uid=1000(system) FinalizerDaemon expire 20 lines
05-27 15:32:02.668  1597  1605 W System  : A resource failed to call close. 
05-27 15:32:08.970  1597  1660 D ActivityManager: Task: com.android.launcher3.Launcher, ID: 2, Base: com.android.launcher3.Launcher, packageName: com.android.launcher3
--------- beginning of system
05-27 15:32:08.970  1597  1660 I ActivityManager: Force stopping edu.mobilesec.ctrepro appid=10053 user=0: from pid 5527
05-27 15:32:08.971  1597  1660 I ActivityManager: Killing 5321:edu.mobilesec.ctrepro/u0a53 (adj 0): stop edu.mobilesec.ctrepro
05-27 15:32:08.971  1597  1616 W libprocessgroup: kill(-5321, 9) failed: No such process
05-27 15:32:08.972  1597  1660 W ActivityManager: Force removing ActivityRecord{8f62421 u0 edu.mobilesec.ctrepro/.MainActivity t8}: app died, no saved state
05-27 15:32:08.977  1597  1660 W SchedPolicy: add_tid_to_cgroup failed to write '2386' (No space left on device); fd=27
05-27 15:32:08.978  1597  1660 W SchedPolicy: add_tid_to_cgroup failed to write '2669' (No space left on device); fd=24
05-27 15:32:08.978  1597  1660 W SchedPolicy: add_tid_to_cgroup failed to write '4075' (No space left on device); fd=24
05-27 15:32:08.983  1450  1505 D EmuHWC2 : sent 18 syncs in 63s
05-27 15:32:08.984  2386  2643 W OpenGLRenderer: Incorrectly called buildLayer on View: ShortcutAndWidgetContainer, destroying layer...
05-27 15:32:08.986  2324  2324 W ContextImpl: Calling a method in the system process without a qualified user: android.app.ContextImpl.startService:1531 android.content.ContextWrapper.startService:664 android.content.ContextWrapper.startService:664 com.android.coreservice.CoreBroadcastReceiver.onReceive:54 android.app.ActivityThread.handleReceiver:3424 
05-27 15:32:08.991  1433  1433 I Zygote  : Process 5321 exited due to signal (9)
05-27 15:32:09.012  1597  1622 W ActivityManager: setHasOverlayUi called on unknown pid: 5321
05-27 15:32:09.013  1597  1616 W libprocessgroup: kill(-5321, 9) failed: No such process
05-27 15:32:09.013  1597  1616 I libprocessgroup: Successfully killed process cgroup uid 10053 pid 5321 in 42ms
05-27 15:32:09.050  2324  2324 I oid.coreservice: type=1400 audit(0.0:1366): avc: denied { ioctl } for path="/dev/fastpipe" dev="tmpfs" ino=3085 ioctlcmd=6867 scontext=u:r:system_app:s0 tcontext=u:object_r:device:s0 tclass=chr_file permissive=1
05-27 15:32:09.057  2324  2324 W ContextImpl: Calling a method in the system process without a qualified user: android.app.ContextImpl.sendBroadcast:1020 android.content.ContextWrapper.sendBroadcast:449 com.android.coreservice.TabManager.notifyClosing:413 com.android.coreservice.TabManager.updateInner:200 com.android.coreservice.TabManager.onUpdate:235 
05-27 15:32:09.081  2324  2324 I CoreService: notifyClosing notify tab closed taskPackageName:edu.mobilesec.ctrepro
05-27 15:32:09.084  1597  1889 I ActivityManager: START u0 {flg=0x10000000 cmp=edu.mobilesec.ctrepro/.MainActivity (has extras)} from uid 2000
05-27 15:32:09.084  1934  1934 D CarrierSvcBindHelper: No carrier app for: 0
05-27 15:32:09.093  1597  1597 I Binder:1597_7: type=1400 audit(0.0:1367): avc: denied { call } for scontext=u:r:system_server:s0 tcontext=u:r:init:s0 tclass=binder permissive=1
05-27 15:32:09.095  2324  2324 W ContextImpl: Calling a method in the system process without a qualified user: android.app.ContextImpl.startService:1531 android.content.ContextWrapper.startService:664 android.content.ContextWrapper.startService:664 com.android.coreservice.CoreBroadcastReceiver.onReceive:45 android.app.ActivityThread.handleReceiver:3424 
05-27 15:32:09.112  1597  2636 W SchedPolicy: add_tid_to_cgroup failed to write '2386' (No space left on device); fd=24
05-27 15:32:09.112  2324  2324 W ContextImpl: Calling a method in the system process without a qualified user: android.app.ContextImpl.startService:1531 android.content.ContextWrapper.startService:664 android.content.ContextWrapper.startService:664 com.android.coreservice.CoreBroadcastReceiver.onReceive:70 android.app.ActivityThread.handleReceiver:3424 
05-27 15:32:09.113  1450  1450 I HwBinder:1450_2: type=1400 audit(0.0:1368): avc: denied { ioctl } for path="/dev/fastpipe" dev="tmpfs" ino=3085 ioctlcmd=6867 scontext=u:r:hal_graphics_composer_default:s0 tcontext=u:object_r:device:s0 tclass=chr_file permissive=1
05-27 15:32:09.133  1449  1449 I allocator@2.0-s: type=1400 audit(0.0:1369): avc: denied { ioctl } for path="/dev/fastpipe" dev="tmpfs" ino=3085 ioctlcmd=6869 scontext=u:r:hal_graphics_allocator_default:s0 tcontext=u:object_r:device:s0 tclass=chr_file permissive=1
05-27 15:32:09.133  1449  1449 I allocator@2.0-s: type=1400 audit(0.0:1370): avc: denied { read write } for name="fastpipe" dev="tmpfs" ino=3085 scontext=u:r:hal_graphics_allocator_default:s0 tcontext=u:object_r:device:s0 tclass=chr_file permissive=1
05-27 15:32:09.133  1449  1449 I allocator@2.0-s: type=1400 audit(0.0:1371): avc: denied { open } for path="/dev/fastpipe" dev="tmpfs" ino=3085 scontext=u:r:hal_graphics_allocator_default:s0 tcontext=u:object_r:device:s0 tclass=chr_file permissive=1
05-27 15:32:09.136  1462  1462 I Binder:1462_1: type=1400 audit(0.0:1372): avc: denied { read write } for path="/dev/fastpipe" dev="tmpfs" ino=3085 scontext=u:r:untrusted_app:s0:c33,c256,c512,c768 tcontext=u:object_r:device:s0 tclass=chr_file permissive=1
05-27 15:32:09.136  1462  1462 I Binder:1462_1: type=1400 audit(0.0:1373): avc: denied { getattr } for path="/dev/fastpipe" dev="tmpfs" ino=3085 scontext=u:r:surfaceflinger:s0 tcontext=u:object_r:device:s0 tclass=chr_file permissive=1
05-27 15:32:09.136  2386  2386 I RenderThread: type=1400 audit(0.0:1374): avc: denied { ioctl } for path="/dev/fastpipe" dev="tmpfs" ino=3085 ioctlcmd=6869 scontext=u:r:untrusted_app:s0:c33,c256,c512,c768 tcontext=u:object_r:device:s0 tclass=chr_file permissive=1
05-27 15:32:09.136  2324  2324 W ContextImpl: Calling a method in the system process without a qualified user: android.app.ContextImpl.startService:1531 android.content.ContextWrapper.startService:664 android.content.ContextWrapper.startService:664 com.android.coreservice.CoreBroadcastReceiver.onReceive:45 android.app.ActivityThread.handleReceiver:3424 
05-27 15:32:09.138  2324  2324 W ContextImpl: Calling a method in the system process without a qualified user: android.app.ContextImpl.startService:1531 android.content.ContextWrapper.startService:664 android.content.ContextWrapper.startService:664 com.android.coreservice.CoreBroadcastReceiver.onReceive:54 android.app.ActivityThread.handleReceiver:3424 
05-27 15:32:09.146  2386  2643 E EGL_emulation: tid 2643: eglSurfaceAttrib(1504): error 0x3009 (EGL_BAD_MATCH)
05-27 15:32:09.146  2386  2643 W OpenGLRenderer: Failed to set EGL_SWAP_BEHAVIOR on surface 0x763878d0f600, error=EGL_BAD_MATCH
05-27 15:32:09.203  1597  1605 W System  : A resource failed to call close. 
05-27 15:32:09.203  1597  1605 I chatty  : uid=1000(system) FinalizerDaemon identical 19 lines
05-27 15:32:09.203  1597  1605 W System  : A resource failed to call close. 
05-27 15:32:09.215  1597  1615 I ActivityManager: Start proc 5537:edu.mobilesec.ctrepro/u0a53 for activity edu.mobilesec.ctrepro/.MainActivity
05-27 15:32:09.215  2324  2324 W ContextImpl: Calling a method in the system process without a qualified user: android.app.ContextImpl.startService:1531 android.content.ContextWrapper.startService:664 android.content.ContextWrapper.startService:664 com.android.coreservice.CoreBroadcastReceiver.onReceive:70 android.app.ActivityThread.handleReceiver:3424 
05-27 15:32:09.236  5537  5537 I Zygote  : seccomp disabled by setenforce 0
05-27 15:32:09.237  5537  5537 I bilesec.ctrepr: Late-enabling -Xcheck:jni
05-27 15:32:09.251  5537  5537 D nativebridge: call UnloadNativeBridge! state=1
05-27 15:32:09.265  1597  2636 W SchedPolicy: add_tid_to_cgroup failed to write '5537' (No space left on device); fd=27
05-27 15:32:09.270  1597  1612 I ActivityManager: Displayed edu.mobilesec.ctrepro/.MainActivity: +147ms
05-27 15:32:09.332  2324  2324 W ContextImpl: Calling a method in the system process without a qualified user: android.app.ContextImpl.startService:1531 android.content.ContextWrapper.startService:664 android.content.ContextWrapper.startService:664 com.android.coreservice.CoreBroadcastReceiver.onReceive:54 android.app.ActivityThread.handleReceiver:3424 
05-27 15:32:09.364  5537  5537 D libnativeloader: CrashArm64 config not exist or not readable: /system/vendor/firmware_mnt/zieih/CrashArm64
05-27 15:32:09.419  1597  1605 W System  : A resource failed to call close. 
05-27 15:32:09.420  1597  1605 I chatty  : uid=1000(system) FinalizerDaemon identical 24 lines
05-27 15:32:09.420  1597  1605 W System  : A resource failed to call close. 
05-27 15:32:09.468  1597  2636 W SchedPolicy: add_tid_to_cgroup failed to write '2959' (No space left on device); fd=24
05-27 15:32:09.468  1597  2636 W SchedPolicy: add_tid_to_cgroup failed to write '4188' (No space left on device); fd=24
05-27 15:32:09.468  1597  2636 W SchedPolicy: add_tid_to_cgroup failed to write '4366' (No space left on device); fd=24
05-27 15:32:09.472  1597  1660 W SchedPolicy: add_tid_to_cgroup failed to write '4188' (No space left on device); fd=25
05-27 15:32:09.472  1597  1660 W SchedPolicy: add_tid_to_cgroup failed to write '2959' (No space left on device); fd=25
05-27 15:32:09.472  1597  1660 W SchedPolicy: add_tid_to_cgroup failed to write '4366' (No space left on device); fd=25
05-27 15:32:09.473  5537  5537 D OpenGLRenderer: Skia GL Pipeline
05-27 15:32:09.473  2324  2324 W ContextImpl: Calling a method in the system process without a qualified user: android.app.ContextImpl.startService:1531 android.content.ContextWrapper.startService:664 android.content.ContextWrapper.startService:664 com.android.coreservice.CoreBroadcastReceiver.onReceive:54 android.app.ActivityThread.handleReceiver:3424 
05-27 15:32:09.504  5537  5537 I CT_REPRO: E01_callback_baseline | 1779867129503 | 0 | SERVICE_CONNECTED | 0 | http://198.18.0.1:8000/basic | com.android.chrome | Android 9 API 28 | 138.0.7204.179 | component=com.android.chrome/org.chromium.chrome.browser.customtabs.CustomTabsConnectionService
05-27 15:32:09.507  4188  4188 I cr_CompositorSurfaceMgr: Transitioning to surface with format: -1
05-27 15:32:09.557  5537  5560 I         : fastpipe: Connect success
05-27 15:32:09.558  5537  5560 I         : fastpipe: Connect success
05-27 15:32:09.558  5537  5560 D HostConnection: HostRPC::connect sucess: app=edu.mobilesec.ctrepro, pid=5537, tid=5560, this=0x76388bce2400
05-27 15:32:09.559  5537  5560 D HostConnection: queryAndSetGLESMaxVersion select gles-version: 3.1 hostGLVersion:46 process:edu.mobilesec.ctrepro
05-27 15:32:09.561  5537  5560 I ConfigStore: android::hardware::configstore::V1_0::ISurfaceFlingerConfigs::hasWideColorDisplay retrieved: 0
05-27 15:32:09.561  5537  5560 I ConfigStore: android::hardware::configstore::V1_0::ISurfaceFlingerConfigs::hasHDRDisplay retrieved: 0
05-27 15:32:09.561  5537  5560 I OpenGLRenderer: Initialized EGL, version 1.4
05-27 15:32:09.561  5537  5560 D OpenGLRenderer: Swap behavior 1
05-27 15:32:09.565  5537  5560 D EGL_emulation: eglCreateContext: 0x76388bc5f9c0: maj 3 min 1 rcv 4
05-27 15:32:09.585  5537  5560 E eglCodecCommon: glUtilsParamSize: unknow param 0x000082da
05-27 15:32:09.585  5537  5560 E eglCodecCommon: glUtilsParamSize: unknow param 0x000082e5
05-27 15:32:09.589  5537  5560 D HostConnection: ExtendedRCEncoderContext GL_VERSION return OpenGL ES 3.1 v1
05-27 15:32:09.591  5537  5560 E eglCodecCommon: glUtilsParamSize: unknow param 0x00008c29
05-27 15:32:09.591  5537  5560 E eglCodecCommon: glUtilsParamSize: unknow param 0x000087fe
05-27 15:32:09.593  5537  5560 D vndksupport: Loading /vendor/lib64/hw/android.hardware.graphics.mapper@2.0-impl.so from current namespace instead of sphal namespace.
05-27 15:32:09.594  5537  5560 D vndksupport: Loading /vendor/lib64/hw/gralloc.default.so from current namespace instead of sphal namespace.
05-27 15:32:09.603  5537  5560 E EGL_emulation: tid 5560: eglSurfaceAttrib(1504): error 0x3009 (EGL_BAD_MATCH)
05-27 15:32:09.603  5537  5560 W OpenGLRenderer: Failed to set EGL_SWAP_BEHAVIOR on surface 0x76388bd83100, error=EGL_BAD_MATCH
05-27 15:32:09.627  5537  5537 I CT_REPRO: E01_callback_baseline | 1779867129627 | 0 | extraCallback:onWarmupCompleted | 10000 | http://198.18.0.1:8000/basic | com.android.chrome | Android 9 API 28 | 138.0.7204.179 | bundle={}
05-27 15:32:09.634  2324  2324 W ContextImpl: Calling a method in the system process without a qualified user: android.app.ContextImpl.startService:1531 android.content.ContextWrapper.startService:664 android.content.ContextWrapper.startService:664 com.android.coreservice.CoreBroadcastReceiver.onReceive:70 android.app.ActivityThread.handleReceiver:3424 
05-27 15:32:09.635  2324  2324 W ContextImpl: Calling a method in the system process without a qualified user: android.app.ContextImpl.startService:1531 android.content.ContextWrapper.startService:664 android.content.ContextWrapper.startService:664 com.android.coreservice.CoreBroadcastReceiver.onReceive:70 android.app.ActivityThread.handleReceiver:3424 
05-27 15:32:09.665  1597  1660 W SchedPolicy: add_tid_to_cgroup failed to write '2386' (No space left on device); fd=25
05-27 15:32:09.665  1597  1660 W SchedPolicy: add_tid_to_cgroup failed to write '2669' (No space left on device); fd=25
05-27 15:32:09.665  1597  1660 W SchedPolicy: add_tid_to_cgroup failed to write '4075' (No space left on device); fd=25
05-27 15:32:09.693  1462  2638 W SurfaceFlinger: Attempting to set client state on removed layer: Splash Screen edu.mobilesec.ctrepro#0
05-27 15:32:09.693  1462  2638 W SurfaceFlinger: Attempting to destroy on removed layer: Splash Screen edu.mobilesec.ctrepro#0
05-27 15:32:10.306  1488  1488 I storaged: type=1400 audit(0.0:1388): avc: denied { call } for scontext=u:r:storaged:s0 tcontext=u:r:init:s0 tclass=binder permissive=1
05-27 15:32:10.308  1488  1499 E storaged: getDiskStats failed with result NOT_SUPPORTED and size 0
05-27 15:32:11.015  5537  5537 I CT_REPRO: E01_callback_baseline | 1779867131015 | 1 | LAUNCH_REQUESTED | 0 | http://198.18.0.1:8000/basic | com.android.chrome | Android 9 API 28 | 138.0.7204.179 | 准备打开 Custom Tab
05-27 15:32:11.021  1597  1861 I ActivityManager: START u0 {act=android.intent.action.VIEW dat=http://198.18.0.1:8000/... pkg=com.android.chrome cmp=com.android.chrome/com.google.android.apps.chrome.IntentDispatcher (has extras)} from uid 10053
05-27 15:32:11.030  2324  2324 W ContextImpl: Calling a method in the system process without a qualified user: android.app.ContextImpl.startService:1531 android.content.ContextWrapper.startService:664 android.content.ContextWrapper.startService:664 com.android.coreservice.CoreBroadcastReceiver.onReceive:45 android.app.ActivityThread.handleReceiver:3424 
05-27 15:32:11.037  4188  4188 W ActivityThread: handleWindowVisibility: no activity for token android.os.BinderProxy@cf3df32
05-27 15:32:11.037  1597  1660 W SchedPolicy: add_tid_to_cgroup failed to write '2959' (No space left on device); fd=24
05-27 15:32:11.037  1597  1660 W SchedPolicy: add_tid_to_cgroup failed to write '4188' (No space left on device); fd=27
05-27 15:32:11.038  1597  1660 W SchedPolicy: add_tid_to_cgroup failed to write '5537' (No space left on device); fd=24
05-27 15:32:11.038  1597  1660 W SchedPolicy: add_tid_to_cgroup failed to write '4366' (No space left on device); fd=27
05-27 15:32:11.117  1597  1730 D Ethernet: got request NetworkRequest [ TRACK_DEFAULT id=38, [ Capabilities: INTERNET&NOT_RESTRICTED&TRUSTED Unwanted:  Uid: 10059] ] with score 60
05-27 15:32:11.117  1597  1698 D WIFI    : got request NetworkRequest [ TRACK_DEFAULT id=38, [ Capabilities: INTERNET&NOT_RESTRICTED&TRUSTED Unwanted:  Uid: 10059] ] with score 60
05-27 15:32:11.117  1597  1698 D WIFI_UT : got request NetworkRequest [ TRACK_DEFAULT id=38, [ Capabilities: INTERNET&NOT_RESTRICTED&TRUSTED Unwanted:  Uid: 10059] ] with score 60
05-27 15:32:11.117  1597  1729 D WIFI_AWARE_FACTORY: got request NetworkRequest [ TRACK_DEFAULT id=38, [ Capabilities: INTERNET&NOT_RESTRICTED&TRUSTED Unwanted:  Uid: 10059] ] with score 60
05-27 15:32:11.123  1934  1934 D PhoneSwitcherNetworkRequstListener: got request NetworkRequest [ TRACK_DEFAULT id=38, [ Capabilities: INTERNET&NOT_RESTRICTED&TRUSTED Unwanted:  Uid: 10059] ] with score 60
05-27 15:32:11.171  1597  1605 W System  : A resource failed to call close. 
05-27 15:32:11.171  1597  1605 I chatty  : uid=1000(system) FinalizerDaemon identical 28 lines
05-27 15:32:11.171  1597  1605 W System  : A resource failed to call close. 
05-27 15:32:11.245  4188  4188 W cr_ActivityDispatcher: CustomTabsIntent#shouldAlwaysUseBrowserUI() = false
05-27 15:32:11.245  4188  4188 W cr_ActivityDispatcher: CustomTabsIntent#shouldAlwaysUseBrowserUI() = false
05-27 15:32:11.263  1597  1861 I ActivityManager: START u0 {act=android.intent.action.VIEW dat=http://198.18.0.1:8000/... flg=0x2800000 pkg=com.android.chrome cmp=com.android.chrome/org.chromium.chrome.browser.customtabs.CustomTabActivity (has extras)} from uid 10059
05-27 15:32:11.272  2324  2324 W ContextImpl: Calling a method in the system process without a qualified user: android.app.ContextImpl.startService:1531 android.content.ContextWrapper.startService:664 android.content.ContextWrapper.startService:664 com.android.coreservice.CoreBroadcastReceiver.onReceive:45 android.app.ActivityThread.handleReceiver:3424 
05-27 15:32:11.371  1597  1605 W System  : A resource failed to call close. 
05-27 15:32:11.372  1597  1605 I chatty  : uid=1000(system) FinalizerDaemon identical 25 lines
05-27 15:32:11.372  1597  1605 W System  : A resource failed to call close. 
05-27 15:32:11.416  4188  4188 I .android.chrome: type=1400 audit(0.0:1389): avc: denied { read } for name="Applications" dev="sdcardfs" ino=655362 scontext=u:r:untrusted_app:s0:c59,c256,c512,c768 tcontext=u:object_r:sdcardfs:s0 tclass=lnk_file permissive=1
05-27 15:32:11.416  4188  4188 I .android.chrome: type=1400 audit(0.0:1390): avc: denied { search } for name="/" dev="vboxsf" ino=1 scontext=u:r:untrusted_app:s0:c59,c256,c512,c768 tcontext=u:object_r:unlabeled:s0 tclass=dir permissive=1
05-27 15:32:11.417  4188  4188 W ActivityThread: handleWindowVisibility: no activity for token android.os.BinderProxy@f26cdad
05-27 15:32:11.423  4188  4188 W cr_ActivityDispatcher: CustomTabsIntent#shouldAlwaysUseBrowserUI() = false
05-27 15:32:11.430  1597  1597 I Binder:1597_5: type=1400 audit(0.0:1391): avc: denied { read } for name="Applications" dev="sdcardfs" ino=655362 scontext=u:r:system_server:s0 tcontext=u:object_r:sdcardfs:s0 tclass=lnk_file permissive=1
05-27 15:32:11.463  4188  4188 W cr_ContextualSearch: No manager!
05-27 15:32:11.465  4188  4188 W cr_ActivityDispatcher: CustomTabsIntent#shouldAlwaysUseBrowserUI() = false
05-27 15:32:11.471  1597  2636 W SchedPolicy: add_tid_to_cgroup failed to write '5449' (No space left on device); fd=24
05-27 15:32:11.472  1597  1861 W SchedPolicy: add_tid_to_cgroup failed to write '5449' (No space left on device); fd=27
05-27 15:32:11.473  5537  5537 I CT_REPRO: E01_callback_baseline | 1779867131472 | 458 | TAB_SHOWN | 5 | http://198.18.0.1:8000/basic | com.android.chrome | Android 9 API 28 | 138.0.7204.179 | extras={timestampUptimeMillis=723472}
05-27 15:32:11.503  4188  4188 W cr_ActivityDispatcher: CustomTabsIntent#shouldAlwaysUseBrowserUI() = false
05-27 15:32:11.513  4188  4188 W cr_ActivityDispatcher: CustomTabsIntent#shouldAlwaysUseBrowserUI() = false
05-27 15:32:11.514  4188  4188 I cr_A11yState: Enabled accessibility services: [io.github.ylimit.droidbotapp/io.github.privacystreams.accessibility.PSAccessibilityService, null]
05-27 15:32:11.514  4188  4188 I cr_A11yState: Running accessibility services: [io.github.ylimit.droidbotapp/io.github.privacystreams.accessibility.PSAccessibilityService]
05-27 15:32:11.514  4188  4188 I cr_A11yState: Will check again after 250 milliseconds.
05-27 15:32:11.524  2324  2324 W ContextImpl: Calling a method in the system process without a qualified user: android.app.ContextImpl.startService:1531 android.content.ContextWrapper.startService:664 android.content.ContextWrapper.startService:664 com.android.coreservice.CoreBroadcastReceiver.onReceive:54 android.app.ActivityThread.handleReceiver:3424 
05-27 15:32:11.547  5537  5537 I CT_REPRO: E01_callback_baseline | 1779867131547 | 533 | NAVIGATION_STARTED | 1 | http://198.18.0.1:8000/basic | com.android.chrome | Android 9 API 28 | 138.0.7204.179 | extras={timestampUptimeMillis=723546}
05-27 15:32:11.550  4366  4366 I CrGpuMain: type=1400 audit(0.0:1392): avc: denied { ioctl } for path="/dev/fastpipe" dev="tmpfs" ino=3085 ioctlcmd=6869 scontext=u:r:untrusted_app:s0:c59,c256,c512,c768 tcontext=u:object_r:device:s0 tclass=chr_file permissive=1
05-27 15:32:11.586  1462  1462 I Binder:1462_4: type=1400 audit(0.0:1393): avc: denied { read write } for path="/dev/fastpipe" dev="tmpfs" ino=3085 scontext=u:r:untrusted_app:s0:c59,c256,c512,c768 tcontext=u:object_r:device:s0 tclass=chr_file permissive=1
05-27 15:32:11.596  4188  4235 E EGL_emulation: tid 4235: eglSurfaceAttrib(1504): error 0x3009 (EGL_BAD_MATCH)
05-27 15:32:11.596  4188  4235 W OpenGLRenderer: Failed to set EGL_SWAP_BEHAVIOR on surface 0xbd87a620, error=EGL_BAD_MATCH
05-27 15:32:11.599  4188  4188 I cr_BrowserUiUtils: Recorded Startup.Android.FirstDrawCompletedTime = 161 ms
05-27 15:32:11.607  1597  1605 W System  : A resource failed to call close. 
05-27 15:32:11.607  1597  1605 I chatty  : uid=1000(system) FinalizerDaemon identical 27 lines
05-27 15:32:11.607  1597  1605 W System  : A resource failed to call close. 
05-27 15:32:11.631  1597  1612 I ActivityManager: Displayed com.android.chrome/org.chromium.chrome.browser.customtabs.CustomTabActivity: +607ms
05-27 15:32:11.633  4188  4188 I cr_E2E_DCController: setSafeAreaConstraint: false
05-27 15:32:11.635  5537  5537 I CT_REPRO: E01_callback_baseline | 1779867131635 | 621 | NAVIGATION_FINISHED | 2 | http://198.18.0.1:8000/basic | com.android.chrome | Android 9 API 28 | 138.0.7204.179 | extras={timestampUptimeMillis=723634}
05-27 15:32:11.637  4188  4188 I cr_CompositorSurfaceMgr: Transitioning to surface with format: -1
05-27 15:32:11.638  4188  4188 I cr_CompositorSurfaceMgr: surfaceCreated format: 0
05-27 15:32:11.682  4188  4188 D skia    : --- Failed to create image decoder with message 'unimplemented'
05-27 15:32:11.686  4366  4403 W chromium: [WARNING:components/viz/service/frame_sinks/root_compositor_frame_sink_impl.cc:985] Requested unsupported preferred frame interval 0.016666 s (=60.0024Hz)
05-27 15:32:11.702  2324  2324 W ContextImpl: Calling a method in the system process without a qualified user: android.app.ContextImpl.startService:1531 android.content.ContextWrapper.startService:664 android.content.ContextWrapper.startService:664 com.android.coreservice.CoreBroadcastReceiver.onReceive:70 android.app.ActivityThread.handleReceiver:3424 
05-27 15:32:11.703  2324  2324 W ContextImpl: Calling a method in the system process without a qualified user: android.app.ContextImpl.startService:1531 android.content.ContextWrapper.startService:664 android.content.ContextWrapper.startService:664 com.android.coreservice.CoreBroadcastReceiver.onReceive:70 android.app.ActivityThread.handleReceiver:3424 
05-27 15:32:11.736  4188  4188 I cr_CustomTab: To create AuxiliarySearchController on deferred startup.
05-27 15:32:11.745  1597  1613 W SchedPolicy: add_tid_to_cgroup failed to write '5537' (No space left on device); fd=25
05-27 15:32:11.764  4188  4188 I cr_A11yState: Enabled accessibility services: [io.github.ylimit.droidbotapp/io.github.privacystreams.accessibility.PSAccessibilityService, null]
05-27 15:32:11.764  4188  4188 I cr_A11yState: Running accessibility services: [io.github.ylimit.droidbotapp/io.github.privacystreams.accessibility.PSAccessibilityService]
05-27 15:32:11.764  4188  4188 I cr_A11yState: Will check again after 500 milliseconds.
05-27 15:32:11.778  2324  2324 W ContextImpl: Calling a method in the system process without a qualified user: android.app.ContextImpl.startService:1531 android.content.ContextWrapper.startService:664 android.content.ContextWrapper.startService:664 com.android.coreservice.CoreBroadcastReceiver.onReceive:54 android.app.ActivityThread.handleReceiver:3424 
05-27 15:32:11.782  4366  4390 E eglCodecCommon: glUtilsParamSize: unknow param 0x000088ef
05-27 15:32:11.783  4366  4390 E eglCodecCommon: glUtilsParamSize: unknow param 0x00000cf2
05-27 15:32:11.783  4366  4390 E eglCodecCommon: glUtilsParamSize: unknow param 0x00000cf3
05-27 15:32:11.783  4366  4390 E eglCodecCommon: glUtilsParamSize: unknow param 0x00000cf4
05-27 15:32:11.783  4366  4390 E eglCodecCommon: glUtilsParamSize: unknow param 0x0000806d
05-27 15:32:11.783  4366  4390 E eglCodecCommon: glUtilsParamSize: unknow param 0x0000806e
05-27 15:32:11.788  4366  4390 E eglCodecCommon: glUtilsParamSize: unknow param 0x000088ef
05-27 15:32:11.788  4366  4390 E eglCodecCommon: glUtilsParamSize: unknow param 0x00000cf2
05-27 15:32:11.788  4366  4390 E eglCodecCommon: glUtilsParamSize: unknow param 0x00000cf3
05-27 15:32:11.789  4366  4390 E eglCodecCommon: glUtilsParamSize: unknow param 0x00000cf4
05-27 15:32:11.789  4366  4390 E eglCodecCommon: glUtilsParamSize: unknow param 0x0000806d
05-27 15:32:11.789  4366  4390 E eglCodecCommon: glUtilsParamSize: unknow param 0x0000806e
05-27 15:32:11.789  4366  4390 E eglCodecCommon: glUtilsParamSize: unknow param 0x000088ef
05-27 15:32:11.790  4366  4390 E eglCodecCommon: glUtilsParamSize: unknow param 0x00000cf2
05-27 15:32:11.790  4366  4390 E eglCodecCommon: glUtilsParamSize: unknow param 0x00000cf3
05-27 15:32:11.790  4366  4390 E eglCodecCommon: glUtilsParamSize: unknow param 0x00000cf4
05-27 15:32:11.790  4366  4390 E eglCodecCommon: glUtilsParamSize: unknow param 0x0000806d
05-27 15:32:11.790  4366  4390 E eglCodecCommon: glUtilsParamSize: unknow param 0x0000806e
05-27 15:32:11.790  4366  4390 E eglCodecCommon: glUtilsParamSize: unknow param 0x000088ef
05-27 15:32:11.790  4366  4390 E eglCodecCommon: glUtilsParamSize: unknow param 0x00000cf2
05-27 15:32:11.790  4366  4390 E eglCodecCommon: glUtilsParamSize: unknow param 0x00000cf3
05-27 15:32:11.790  4366  4390 E eglCodecCommon: glUtilsParamSize: unknow param 0x00000cf4
05-27 15:32:11.790  4366  4390 E eglCodecCommon: glUtilsParamSize: unknow param 0x0000806d
05-27 15:32:11.790  4366  4390 E eglCodecCommon: glUtilsParamSize: unknow param 0x0000806e
05-27 15:32:11.791  4366  4390 E eglCodecCommon: glUtilsParamSize: unknow param 0x000088ef
05-27 15:32:11.792  4366  4390 E eglCodecCommon: glUtilsParamSize: unknow param 0x00000cf2
05-27 15:32:11.792  4366  4390 E eglCodecCommon: glUtilsParamSize: unknow param 0x00000cf3
05-27 15:32:11.792  4366  4390 E eglCodecCommon: glUtilsParamSize: unknow param 0x00000cf4
05-27 15:32:11.792  4366  4390 E eglCodecCommon: glUtilsParamSize: unknow param 0x0000806d
05-27 15:32:11.792  4366  4390 E eglCodecCommon: glUtilsParamSize: unknow param 0x0000806e
05-27 15:32:11.793  4366  4390 E eglCodecCommon: glUtilsParamSize: unknow param 0x000088ef
05-27 15:32:11.793  4366  4390 E eglCodecCommon: glUtilsParamSize: unknow param 0x00000cf2
05-27 15:32:11.793  4366  4390 E eglCodecCommon: glUtilsParamSize: unknow param 0x00000cf3
05-27 15:32:11.793  4366  4390 E eglCodecCommon: glUtilsParamSize: unknow param 0x00000cf4
05-27 15:32:11.793  4366  4390 E eglCodecCommon: glUtilsParamSize: unknow param 0x0000806d
05-27 15:32:11.793  4366  4390 E eglCodecCommon: glUtilsParamSize: unknow param 0x0000806e
05-27 15:32:11.794  4366  4390 E eglCodecCommon: glUtilsParamSize: unknow param 0x000088ef
05-27 15:32:11.794  4366  4390 E eglCodecCommon: glUtilsParamSize: unknow param 0x00000cf2
05-27 15:32:11.794  4366  4390 E eglCodecCommon: glUtilsParamSize: unknow param 0x00000cf3
05-27 15:32:11.794  4366  4390 E eglCodecCommon: glUtilsParamSize: unknow param 0x00000cf4
05-27 15:32:11.794  4366  4390 E eglCodecCommon: glUtilsParamSize: unknow param 0x0000806d
05-27 15:32:11.794  4366  4390 E eglCodecCommon: glUtilsParamSize: unknow param 0x0000806e
05-27 15:32:11.795  4366  4390 E eglCodecCommon: glUtilsParamSize: unknow param 0x000088ef
05-27 15:32:11.795  4366  4390 E eglCodecCommon: glUtilsParamSize: unknow param 0x00000cf2
05-27 15:32:11.795  4366  4390 E eglCodecCommon: glUtilsParamSize: unknow param 0x00000cf3
05-27 15:32:11.795  4366  4390 E eglCodecCommon: glUtilsParamSize: unknow param 0x00000cf4
05-27 15:32:11.795  4366  4390 E eglCodecCommon: glUtilsParamSize: unknow param 0x0000806d
05-27 15:32:11.795  4366  4390 E eglCodecCommon: glUtilsParamSize: unknow param 0x0000806e
05-27 15:32:12.266  4188  4188 I cr_A11yState: Enabled accessibility services: [io.github.ylimit.droidbotapp/io.github.privacystreams.accessibility.PSAccessibilityService, null]
05-27 15:32:12.266  4188  4188 I cr_A11yState: Running accessibility services: [io.github.ylimit.droidbotapp/io.github.privacystreams.accessibility.PSAccessibilityService]
05-27 15:32:12.266  4188  4188 I cr_A11yState: Will check again after 1000 milliseconds.
05-27 15:32:13.268  4188  4188 I cr_A11yState: Enabled accessibility services: [io.github.ylimit.droidbotapp/io.github.privacystreams.accessibility.PSAccessibilityService, null]
05-27 15:32:13.268  4188  4188 I cr_A11yState: Running accessibility services: [io.github.ylimit.droidbotapp/io.github.privacystreams.accessibility.PSAccessibilityService]
05-27 15:32:13.268  4188  4188 I cr_A11yState: Will check again after 2000 milliseconds.
05-27 15:32:14.933  1459  1459 I ldinit  : type=1400 audit(0.0:1394): avc: denied { read } for name="partitions" dev="proc" ino=4026532046 scontext=u:r:ldinit:s0 tcontext=u:object_r:proc:s0 tclass=file permissive=1
05-27 15:32:14.933  1459  1459 I ldinit  : type=1400 audit(0.0:1395): avc: denied { open } for path="/proc/partitions" dev="proc" ino=4026532046 scontext=u:r:ldinit:s0 tcontext=u:object_r:proc:s0 tclass=file permissive=1
05-27 15:32:14.933  1459  1459 I ldinit  : type=1400 audit(0.0:1396): avc: denied { getattr } for path="/proc/partitions" dev="proc" ino=4026532046 scontext=u:r:ldinit:s0 tcontext=u:object_r:proc:s0 tclass=file permissive=1
05-27 15:32:15.270  4188  4188 I cr_A11yState: Enabled accessibility services: [io.github.ylimit.droidbotapp/io.github.privacystreams.accessibility.PSAccessibilityService, null]
05-27 15:32:15.270  4188  4188 I cr_A11yState: Running accessibility services: [io.github.ylimit.droidbotapp/io.github.privacystreams.accessibility.PSAccessibilityService]
05-27 15:32:15.270  4188  4188 I cr_A11yState: Will check again after 4000 milliseconds.
05-27 15:32:15.651  4366  4390 E eglCodecCommon: glUtilsParamSize: unknow param 0x000088ef
05-27 15:32:15.651  4366  4390 E eglCodecCommon: glUtilsParamSize: unknow param 0x00000cf2
05-27 15:32:15.652  4366  4390 E eglCodecCommon: glUtilsParamSize: unknow param 0x00000cf3
05-27 15:32:15.652  4366  4390 E eglCodecCommon: glUtilsParamSize: unknow param 0x00000cf4
05-27 15:32:15.652  4366  4390 E eglCodecCommon: glUtilsParamSize: unknow param 0x0000806d
05-27 15:32:15.652  4366  4390 E eglCodecCommon: glUtilsParamSize: unknow param 0x0000806e
05-27 15:32:15.653  4366  4390 E eglCodecCommon: glUtilsParamSize: unknow param 0x000088ef
05-27 15:32:15.653  4366  4390 E eglCodecCommon: glUtilsParamSize: unknow param 0x00000cf2
05-27 15:32:15.653  4366  4390 E eglCodecCommon: glUtilsParamSize: unknow param 0x00000cf3
05-27 15:32:15.653  4366  4390 E eglCodecCommon: glUtilsParamSize: unknow param 0x00000cf4
05-27 15:32:15.653  4366  4390 E eglCodecCommon: glUtilsParamSize: unknow param 0x0000806d
05-27 15:32:15.653  4366  4390 E eglCodecCommon: glUtilsParamSize: unknow param 0x0000806e
05-27 15:32:15.654  4366  4390 E eglCodecCommon: glUtilsParamSize: unknow param 0x000088ef
05-27 15:32:15.654  4366  4390 E eglCodecCommon: glUtilsParamSize: unknow param 0x00000cf2
05-27 15:32:15.654  4366  4390 E eglCodecCommon: glUtilsParamSize: unknow param 0x00000cf3
05-27 15:32:15.655  4366  4390 E eglCodecCommon: glUtilsParamSize: unknow param 0x00000cf4
05-27 15:32:15.655  4366  4390 E eglCodecCommon: glUtilsParamSize: unknow param 0x0000806d
05-27 15:32:15.655  4366  4390 E eglCodecCommon: glUtilsParamSize: unknow param 0x0000806e
05-27 15:32:16.281  1597  1605 W System  : A resource failed to call close. 
05-27 15:32:16.281  1597  1605 I chatty  : uid=1000(system) FinalizerDaemon identical 27 lines
05-27 15:32:16.281  1597  1605 W System  : A resource failed to call close. 
05-27 15:32:17.283  1462  1462 I Binder:1462_1: type=1400 audit(0.0:1397): avc: denied { read write } for path="/dev/fastpipe" dev="tmpfs" ino=3085 scontext=u:r:shell:s0 tcontext=u:object_r:device:s0 tclass=chr_file permissive=1
05-27 15:32:17.288  5605  5605 E cutils-trace: Error opening trace file: No such file or directory (2)
05-27 15:32:17.288  5605  5605 D vndksupport: Loading /vendor/lib64/hw/android.hardware.graphics.mapper@2.0-impl.so from current namespace instead of sphal namespace.
05-27 15:32:17.288  5605  5605 D vndksupport: Loading /vendor/lib64/hw/gralloc.default.so from current namespace instead of sphal namespace.
05-27 15:32:17.290  5605  5605 I screencap: type=1400 audit(0.0:1398): avc: denied { open } for path="/dev/fastpipe" dev="tmpfs" ino=3085 scontext=u:r:shell:s0 tcontext=u:object_r:device:s0 tclass=chr_file permissive=1
05-27 15:32:17.290  5605  5605 I screencap: type=1400 audit(0.0:1399): avc: denied { ioctl } for path="/dev/fastpipe" dev="tmpfs" ino=3085 ioctlcmd=6864 scontext=u:r:shell:s0 tcontext=u:object_r:device:s0 tclass=chr_file permissive=1
05-27 15:32:17.293  5605  5605 I screencap: type=1400 audit(0.0:1400): avc: denied { open } for path="/data/local/cfg-zieih/gl_force" dev="sdb2" ino=393567 scontext=u:r:shell:s0 tcontext=u:object_r:system_data_file:s0 tclass=file permissive=1
05-27 15:32:17.296  5605  5605 I         : fastpipe: Connect success
05-27 15:32:17.297  5605  5605 I         : fastpipe: Connect success
05-27 15:32:17.297  5605  5605 D HostConnection: HostRPC::connect sucess: app=screencap, pid=5605, tid=5605, this=0x763893ee4540
05-27 15:32:17.298  5605  5605 D HostConnection: queryAndSetGLESMaxVersion select gles-version: 3.1 hostGLVersion:46 process:screencap
05-27 15:32:17.417  2577  2577 D MediaScannerReceiver: action: android.intent.action.MEDIA_SCANNER_SCAN_FILE path: /storage/emulated/0/e01_basic_localnet.png
05-27 15:32:17.640  1597  2636 E memtrack: Couldn't load memtrack module
05-27 15:32:17.640  1597  2636 W android.os.Debug: failed to get memory consumption info: -1
05-27 15:32:18.179  5615  5615 I appproc : app_process main with argv: /system/bin com.android.commands.input.Input keyevent 4 
05-27 15:32:18.179  5615  5615 D AndroidRuntime: >>>>>> START com.android.internal.os.RuntimeInit uid 2000 <<<<<<
05-27 15:32:18.183  5615  5615 E cutils-trace: Error opening trace file: No such file or directory (2)
05-27 15:32:18.207  5615  5615 V libnb   : enter native_bridge2_isCompatibleWith 3
05-27 15:32:18.246  5615  5615 I libnb   : Found /system/lib64/libhoudini.so version 3
05-27 15:32:18.276  5615  5615 I main    : type=1400 audit(0.0:1401): avc: denied { mounton } for path="/proc/cpuinfo" dev="proc" ino=4026531992 scontext=u:r:shell:s0 tcontext=u:object_r:proc_cpuinfo:s0 tclass=file permissive=1
05-27 15:32:18.281  5615  5615 I app_process: The ClassLoaderContext is a special shared library.
05-27 15:32:18.282  5615  5615 W app_process: Could not create mount namespace.
05-27 15:32:18.282  5615  5615 D nativebridge: PreInitializeNativeBridge name=unknown instruction_set=x86_64
05-27 15:32:18.282  5615  5615 W nativebridge: Failed to bind-mount /data/local/cfg-zieih/ as /proc/cpuinfo: No such file or directory
05-27 15:32:18.282  5615  5615 W nativebridge: Failed to bind-mount /system/lib64/x86_64/cpuinfo as /proc/cpuinfo: Operation not permitted
05-27 15:32:18.282  5615  5615 D nativebridge: call UnloadNativeBridge! state=2
05-27 15:32:18.319  5615  5615 D AndroidRuntime: Calling main entry com.android.commands.input.Input
05-27 15:32:18.319  5615  5615 I Input   : injectKeyEvent: KeyEvent { action=ACTION_DOWN, keyCode=KEYCODE_BACK, scanCode=0, metaState=0, flags=0x0, repeatCount=0, eventTime=730319, downTime=730319, deviceId=-1, source=0x101 }
05-27 15:32:18.326  1597  1597 I InputDispatcher: type=1400 audit(0.0:1402): avc: denied { call } for scontext=u:r:system_server:s0 tcontext=u:r:init:s0 tclass=binder permissive=1
05-27 15:32:18.343  5615  5615 I Input   : injectKeyEvent: KeyEvent { action=ACTION_UP, keyCode=KEYCODE_BACK, scanCode=0, metaState=0, flags=0x0, repeatCount=0, eventTime=730319, downTime=730319, deviceId=-1, source=0x101 }
05-27 15:32:18.351  1597  1614 D AutofillManagerService: onBackKeyPressed()
05-27 15:32:18.356  4366  4366 I CompositorGpuTh: type=1400 audit(0.0:1403): avc: denied { ioctl } for path="/dev/fastpipe" dev="tmpfs" ino=3085 ioctlcmd=6867 scontext=u:r:untrusted_app:s0:c59,c256,c512,c768 tcontext=u:object_r:device:s0 tclass=chr_file permissive=1
05-27 15:32:18.360  5615  5615 D AndroidRuntime: Shutting down VM
05-27 15:32:18.404  1597  2636 W SchedPolicy: add_tid_to_cgroup failed to write '5537' (No space left on device); fd=27
05-27 15:32:18.404  1597  2636 W SchedPolicy: add_tid_to_cgroup failed to write '5449' (No space left on device); fd=24
05-27 15:32:18.404  1597  2636 W SchedPolicy: add_tid_to_cgroup failed to write '4188' (No space left on device); fd=24
05-27 15:32:18.404  1597  2636 W SchedPolicy: add_tid_to_cgroup failed to write '4366' (No space left on device); fd=24
05-27 15:32:18.406  2324  2324 W ContextImpl: Calling a method in the system process without a qualified user: android.app.ContextImpl.startService:1531 android.content.ContextWrapper.startService:664 android.content.ContextWrapper.startService:664 com.android.coreservice.CoreBroadcastReceiver.onReceive:45 android.app.ActivityThread.handleReceiver:3424 
05-27 15:32:18.416  2324  2324 I oid.coreservice: type=1400 audit(0.0:1404): avc: denied { ioctl } for path="/dev/fastpipe" dev="tmpfs" ino=3085 ioctlcmd=6869 scontext=u:r:system_app:s0 tcontext=u:object_r:device:s0 tclass=chr_file permissive=1
05-27 15:32:18.437  2324  2324 W ContextImpl: Calling a method in the system process without a qualified user: android.app.ContextImpl.startService:1531 android.content.ContextWrapper.startService:664 android.content.ContextWrapper.startService:664 com.android.coreservice.CoreBroadcastReceiver.onReceive:54 android.app.ActivityThread.handleReceiver:3424 
05-27 15:32:18.463  1462  1462 I Binder:1462_5: type=1400 audit(0.0:1405): avc: denied { read write } for path="/dev/fastpipe" dev="tmpfs" ino=3085 scontext=u:r:untrusted_app:s0:c53,c256,c512,c768 tcontext=u:object_r:device:s0 tclass=chr_file permissive=1
05-27 15:32:18.463  5537  5537 I RenderThread: type=1400 audit(0.0:1406): avc: denied { ioctl } for path="/dev/fastpipe" dev="tmpfs" ino=3085 ioctlcmd=6867 scontext=u:r:untrusted_app:s0:c53,c256,c512,c768 tcontext=u:object_r:device:s0 tclass=chr_file permissive=1
05-27 15:32:18.468  2324  2324 W ContextImpl: Calling a method in the system process without a qualified user: android.app.ContextImpl.startService:1531 android.content.ContextWrapper.startService:664 android.content.ContextWrapper.startService:664 com.android.coreservice.CoreBroadcastReceiver.onReceive:70 android.app.ActivityThread.handleReceiver:3424 
05-27 15:32:18.469  2324  2324 W ContextImpl: Calling a method in the system process without a qualified user: android.app.ContextImpl.startService:1531 android.content.ContextWrapper.startService:664 android.content.ContextWrapper.startService:664 com.android.coreservice.CoreBroadcastReceiver.onReceive:70 android.app.ActivityThread.handleReceiver:3424 
05-27 15:32:18.472  5537  5560 E EGL_emulation: tid 5560: eglSurfaceAttrib(1504): error 0x3009 (EGL_BAD_MATCH)
05-27 15:32:18.472  5537  5560 W OpenGLRenderer: Failed to set EGL_SWAP_BEHAVIOR on surface 0x76388bd83100, error=EGL_BAD_MATCH
05-27 15:32:18.583  1597  1605 W System  : A resource failed to call close. 
05-27 15:32:18.583  1597  1605 I chatty  : uid=1000(system) FinalizerDaemon identical 25 lines
05-27 15:32:18.583  1597  1605 W System  : A resource failed to call close. 
05-27 15:32:18.586  1597  1613 W SchedPolicy: add_tid_to_cgroup failed to write '2959' (No space left on device); fd=25
05-27 15:32:18.586  1597  1613 W SchedPolicy: add_tid_to_cgroup failed to write '5449' (No space left on device); fd=25
05-27 15:32:18.586  1597  1613 W SchedPolicy: add_tid_to_cgroup failed to write '4188' (No space left on device); fd=25
05-27 15:32:18.586  1597  1613 W SchedPolicy: add_tid_to_cgroup failed to write '4366' (No space left on device); fd=25
05-27 15:32:18.602  4188  4188 E cr_CompositorSurfaceMgr: surfaceDestroyed format : 4
05-27 15:32:18.633  4188  4250 I cr_BindingManager: onTrimMemory: level=20, size=1
05-27 15:32:18.640  4188  4188 I cr_A11yState: Enabled accessibility services: [io.github.ylimit.droidbotapp/io.github.privacystreams.accessibility.PSAccessibilityService, null]
05-27 15:32:18.640  4188  4188 I cr_A11yState: Running accessibility services: [io.github.ylimit.droidbotapp/io.github.privacystreams.accessibility.PSAccessibilityService]
05-27 15:32:18.640  4188  4188 I cr_A11yState: Max delay reached. Send information as is.
05-27 15:32:18.640  4188  4188 I cr_A11yState: Informing listeners of changes.
05-27 15:32:18.640  4188  4188 I cr_A11yState: New AccessibilityState: State{isComplexUserInteractionServiceEnabled=true, isTouchExplorationEnabled=false, isPerformGesturesEnabled=false, isAnyAccessibilityServiceEnabled=true, isAccessibilityToolPresent=true, isTextShowPasswordEnabled=true, isOnlyAutofillRunning=false, isOnlyPasswordManagersEnabled=false, isKnownScreenReaderEnabled=false}
05-27 15:32:18.641  5537  5537 I CT_REPRO: E01_callback_baseline | 1779867138641 | 7627 | TAB_HIDDEN | 6 | http://198.18.0.1:8000/basic | com.android.chrome | Android 9 API 28 | 138.0.7204.179 | extras={timestampUptimeMillis=730641}
05-27 15:32:18.644  1597  1889 I ActivityManager: Killing 5449:com.android.chrome:sandboxed_process18/u0a59i18 (adj 0): isolated not needed
05-27 15:32:18.644  1597  1616 W libprocessgroup: kill(-5449, 9) failed: No such process
05-27 15:32:18.664  4188  4188 I cr_CompositorSurfaceMgr: SurfaceState : detach from parent : 0
05-27 15:32:18.668  4188  4188 W cr_ContextualSearch: Warning, the 0 state was aborted.
05-27 15:32:18.669  2324  2324 W ContextImpl: Calling a method in the system process without a qualified user: android.app.ContextImpl.startService:1531 android.content.ContextWrapper.startService:664 android.content.ContextWrapper.startService:664 com.android.coreservice.CoreBroadcastReceiver.onReceive:54 android.app.ActivityThread.handleReceiver:3424 
05-27 15:32:18.670  1434  1434 I Zygote  : Process 5449 exited cleanly (0)
05-27 15:32:18.673  1597  1617 E KernelCpuSpeedReader: Failed to read cpu-freq: /sys/devices/system/cpu/cpu0/cpufreq/stats/time_in_state (No such file or directory)
05-27 15:32:18.673  1597  1617 E KernelWakelockReader: neither /proc/wakelocks nor /d/wakeup_sources exists
05-27 15:32:18.674  1597  1617 W BatteryStatsImpl: Couldn't get kernel wake lock stats
05-27 15:32:18.684  1434  1434 D libnativeloader: CrashArm64 config not exist or not readable: /system/vendor/firmware_mnt/zieih/CrashArm64
05-27 15:32:18.685  1462  1462 W SurfaceFlinger: couldn't log to binary event log: overflow.
05-27 15:32:18.685  1434  1434 I Zygote  : IsCopy  libcrashcatcher: 0
05-27 15:32:18.686  1597  1616 W libprocessgroup: kill(-5449, 9) failed: No such process
05-27 15:32:18.686  1597  1616 I libprocessgroup: Successfully killed process cgroup uid 99018 pid 5449 in 42ms
05-27 15:32:18.691  1597  1613 W BroadcastQueue: Background execution not allowed: receiving Intent { act=android.intent.action.DROPBOX_ENTRY_ADDED flg=0x10 (has extras) } to com.google.android.gms/.stats.service.DropBoxEntryAddedReceiver
05-27 15:32:18.691  1597  1613 W BroadcastQueue: Background execution not allowed: receiving Intent { act=android.intent.action.DROPBOX_ENTRY_ADDED flg=0x10 (has extras) } to com.google.android.gms/.chimera.GmsIntentOperationService$PersistentTrustedReceiver
05-27 15:32:18.691  1597  1615 I ActivityManager: Start proc 5631:com.android.chrome:sandboxed_process19/u0i19 for service com.android.chrome/org.chromium.content.app.SandboxedProcessService19
05-27 15:32:18.706  5631  5631 W nativebridge: Failed to bind-mount /data/local/cfg-zieih/ as /proc/cpuinfo: Not a directory
05-27 15:32:18.708  5631  5631 I Zygote  : seccomp disabled by setenforce 0
05-27 15:32:18.711  5631  5631 D nativebridge: call UnloadNativeBridge! state=1
05-27 15:32:18.723  5631  5631 I boxed_process19: type=1400 audit(0.0:1407): avc: denied { open } for path="/data/local/cfg-zieih/app_device" dev="sdb2" ino=393551 scontext=u:r:isolated_app:s0:c19,c256,c512,c768 tcontext=u:object_r:system_data_file:s0 tclass=file permissive=1
05-27 15:32:18.734  1597  2636 W SchedPolicy: add_tid_to_cgroup failed to write '2423' (No space left on device); fd=24
05-27 15:32:18.745  1597  1889 W SchedPolicy: add_tid_to_cgroup failed to write '5631' (No space left on device); fd=25
05-27 15:32:18.745  1597  2636 W SchedPolicy: add_tid_to_cgroup failed to write '2423' (No space left on device); fd=25
05-27 15:32:18.806  5631  5631 D libnativeloader: CrashArm64 config not exist or not readable: /system/vendor/firmware_mnt/zieih/CrashArm64
05-27 15:32:18.811  5631  5631 W boxed_process1: Unknown chunk type '200'.
05-27 15:32:18.818  5631  5631 I cr_SplitCompatApp: version=138.0.7204.179 (720417927) minSdkVersion=26 isBundle=true processName=com.android.chrome:sandboxed_process19 isIsolatedProcess=true
05-27 15:32:18.823  5631  5631 W SystemServiceRegistry: No service published for: uimode
05-27 15:32:18.826  5631  5631 I cr_ChildProcessService: Creating new ChildProcessService pid=5631
05-27 15:32:18.852  5631  5658 I cr_LibraryLoader: Successfully loaded native library
05-27 15:32:18.852  5631  5658 I cr_CachingUmaRecorder: Flushed 2 samples from 2 histograms, 0 samples were dropped.
05-27 15:32:19.270  4188  4188 I cr_A11yState: Enabled accessibility services: [io.github.ylimit.droidbotapp/io.github.privacystreams.accessibility.PSAccessibilityService, null]
05-27 15:32:19.270  4188  4188 I cr_A11yState: Running accessibility services: [io.github.ylimit.droidbotapp/io.github.privacystreams.accessibility.PSAccessibilityService]
05-27 15:32:19.270  4188  4188 I cr_A11yState: Will check again after 250 milliseconds.
05-27 15:32:19.541  4188  4188 I cr_A11yState: Enabled accessibility services: [io.github.ylimit.droidbotapp/io.github.privacystreams.accessibility.PSAccessibilityService, null]
05-27 15:32:19.541  4188  4188 I cr_A11yState: Running accessibility services: [io.github.ylimit.droidbotapp/io.github.privacystreams.accessibility.PSAccessibilityService]
05-27 15:32:19.541  4188  4188 I cr_A11yState: Will check again after 500 milliseconds.
05-27 15:32:20.043  4188  4188 I cr_A11yState: Enabled accessibility services: [io.github.ylimit.droidbotapp/io.github.privacystreams.accessibility.PSAccessibilityService, null]
05-27 15:32:20.043  4188  4188 I cr_A11yState: Running accessibility services: [io.github.ylimit.droidbotapp/io.github.privacystreams.accessibility.PSAccessibilityService]
05-27 15:32:20.043  4188  4188 I cr_A11yState: Will check again after 1000 milliseconds.
05-27 15:32:20.080  1462  1462 I surfaceflinger: type=1400 audit(0.0:1410): avc: denied { ioctl } for path="/dev/fastpipe" dev="tmpfs" ino=3085 ioctlcmd=6867 scontext=u:r:surfaceflinger:s0 tcontext=u:object_r:device:s0 tclass=chr_file permissive=1
05-27 15:32:20.080  1462  1462 I surfaceflinger: type=1400 audit(0.0:1411): avc: denied { read write } for path="/dev/fastpipe" dev="tmpfs" ino=3085 scontext=u:r:hal_graphics_composer_default:s0 tcontext=u:object_r:device:s0 tclass=chr_file permissive=1
05-27 15:32:20.080  1450  1450 I HwBinder:1450_2: type=1400 audit(0.0:1412): avc: denied { ioctl } for path="/dev/fastpipe" dev="tmpfs" ino=3085 ioctlcmd=6867 scontext=u:r:hal_graphics_composer_default:s0 tcontext=u:object_r:device:s0 tclass=chr_file permissive=1
05-27 15:32:20.422  1597  1881 D ActivityManager: Task: com.android.launcher3.Launcher, ID: 2, Base: com.android.launcher3.Launcher, packageName: com.android.launcher3
05-27 15:32:20.422  1597  1881 I ActivityManager: Force stopping edu.mobilesec.ctrepro appid=10053 user=0: from pid 5668
05-27 15:32:20.422  1597  1881 I ActivityManager: Killing 5537:edu.mobilesec.ctrepro/u0a53 (adj 0): stop edu.mobilesec.ctrepro
05-27 15:32:20.422  1597  1616 W libprocessgroup: kill(-5537, 9) failed: No such process
05-27 15:32:20.422  1597  1881 W ActivityManager: Force removing ActivityRecord{28a3281 u0 edu.mobilesec.ctrepro/.MainActivity t9}: app died, no saved state
05-27 15:32:20.425  1462  1541 W SurfaceFlinger: Attempting to destroy on removed layer: AppWindowToken{88e6767 token=Token{100ff26 ActivityRecord{28a3281 u0 edu.mobilesec.ctrepro/.MainActivity t9}}}#0
05-27 15:32:20.426  1597  1881 W SchedPolicy: add_tid_to_cgroup failed to write '2386' (No space left on device); fd=27
05-27 15:32:20.427  1597  1881 W SchedPolicy: add_tid_to_cgroup failed to write '2669' (No space left on device); fd=24
05-27 15:32:20.427  1597  1881 W SchedPolicy: add_tid_to_cgroup failed to write '4075' (No space left on device); fd=24
