05-27 15:47:12.999  6134  6134 I cr_A11yState: Running accessibility services: [io.github.ylimit.droidbotapp/io.github.privacystreams.accessibility.PSAccessibilityService]
05-27 15:47:12.999  6134  6134 I cr_A11yState: Max delay reached. Send information as is.
05-27 15:47:13.000  6134  6134 I cr_A11yState: Informing listeners of changes.
05-27 15:47:13.000  6134  6134 I cr_A11yState: New AccessibilityState: State{isComplexUserInteractionServiceEnabled=true, isTouchExplorationEnabled=false, isPerformGesturesEnabled=false, isAnyAccessibilityServiceEnabled=true, isAccessibilityToolPresent=true, isTextShowPasswordEnabled=true, isOnlyAutofillRunning=false, isOnlyPasswordManagersEnabled=false, isKnownScreenReaderEnabled=false}
05-27 15:47:15.085  6187  6211 E eglCodecCommon: glUtilsParamSize: unknow param 0x000088ef
05-27 15:47:15.085  6187  6211 E eglCodecCommon: glUtilsParamSize: unknow param 0x00000cf2
05-27 15:47:15.085  6187  6211 E eglCodecCommon: glUtilsParamSize: unknow param 0x00000cf3
05-27 15:47:15.085  6187  6211 E eglCodecCommon: glUtilsParamSize: unknow param 0x00000cf4
05-27 15:47:15.085  6187  6211 E eglCodecCommon: glUtilsParamSize: unknow param 0x0000806d
05-27 15:47:15.085  6187  6211 E eglCodecCommon: glUtilsParamSize: unknow param 0x0000806e
05-27 15:47:15.087  6187  6211 E eglCodecCommon: glUtilsParamSize: unknow param 0x000088ef
05-27 15:47:15.087  6187  6211 E eglCodecCommon: glUtilsParamSize: unknow param 0x00000cf2
05-27 15:47:15.087  6187  6211 E eglCodecCommon: glUtilsParamSize: unknow param 0x00000cf3
05-27 15:47:15.087  6187  6211 E eglCodecCommon: glUtilsParamSize: unknow param 0x00000cf4
05-27 15:47:15.087  6187  6211 E eglCodecCommon: glUtilsParamSize: unknow param 0x0000806d
05-27 15:47:15.087  6187  6211 E eglCodecCommon: glUtilsParamSize: unknow param 0x0000806e
05-27 15:47:15.088  6187  6211 E eglCodecCommon: glUtilsParamSize: unknow param 0x000088ef
05-27 15:47:15.088  6187  6211 E eglCodecCommon: glUtilsParamSize: unknow param 0x00000cf2
05-27 15:47:15.088  6187  6211 E eglCodecCommon: glUtilsParamSize: unknow param 0x00000cf3
05-27 15:47:15.088  6187  6211 E eglCodecCommon: glUtilsParamSize: unknow param 0x00000cf4
05-27 15:47:15.088  6187  6211 E eglCodecCommon: glUtilsParamSize: unknow param 0x0000806d
05-27 15:47:15.088  6187  6211 E eglCodecCommon: glUtilsParamSize: unknow param 0x0000806e
05-27 15:47:15.516  1459  1459 I ldinit  : type=1400 audit(0.0:2586): avc: denied { read } for name="partitions" dev="proc" ino=4026532046 scontext=u:r:ldinit:s0 tcontext=u:object_r:proc:s0 tclass=file permissive=1
05-27 15:47:15.520  1459  1459 I ldinit  : type=1400 audit(0.0:2587): avc: denied { open } for path="/proc/partitions" dev="proc" ino=4026532046 scontext=u:r:ldinit:s0 tcontext=u:object_r:proc:s0 tclass=file permissive=1
05-27 15:47:15.520  1459  1459 I ldinit  : type=1400 audit(0.0:2588): avc: denied { getattr } for path="/proc/partitions" dev="proc" ino=4026532046 scontext=u:r:ldinit:s0 tcontext=u:object_r:proc:s0 tclass=file permissive=1
05-27 15:47:15.835  6134  6134 I cr_A11yState: Enabled accessibility services: [io.github.ylimit.droidbotapp/io.github.privacystreams.accessibility.PSAccessibilityService, null]
05-27 15:47:15.835  6134  6134 I cr_A11yState: Running accessibility services: [io.github.ylimit.droidbotapp/io.github.privacystreams.accessibility.PSAccessibilityService]
05-27 15:47:15.835  6134  6134 I cr_A11yState: Will check again after 250 milliseconds.
05-27 15:47:15.889  9487  9487 I appproc : app_process main with argv: /system/bin com.android.commands.input.Input keyevent 4 
05-27 15:47:15.889  9487  9487 D AndroidRuntime: >>>>>> START com.android.internal.os.RuntimeInit uid 2000 <<<<<<
05-27 15:47:15.891  9487  9487 E cutils-trace: Error opening trace file: No such file or directory (2)
05-27 15:47:15.899  9487  9487 V libnb   : enter native_bridge2_isCompatibleWith 3
05-27 15:47:15.907  9487  9487 I libnb   : Found /system/lib64/libhoudini.so version 3
05-27 15:47:15.920  9487  9487 I main    : type=1400 audit(0.0:2589): avc: denied { open } for path="/data/local/cfg-zieih/app_xpt" dev="sdb2" ino=393559 scontext=u:r:shell:s0 tcontext=u:object_r:system_data_file:s0 tclass=file permissive=1
05-27 15:47:15.920  9487  9487 I main    : type=1400 audit(0.0:2590): avc: denied { mounton } for path="/proc/cpuinfo" dev="proc" ino=4026531992 scontext=u:r:shell:s0 tcontext=u:object_r:proc_cpuinfo:s0 tclass=file permissive=1
05-27 15:47:15.923  9487  9487 I app_process: The ClassLoaderContext is a special shared library.
05-27 15:47:15.923  9487  9487 W app_process: Could not create mount namespace.
05-27 15:47:15.923  9487  9487 D nativebridge: PreInitializeNativeBridge name=unknown instruction_set=x86_64
05-27 15:47:15.924  9487  9487 W nativebridge: Failed to bind-mount /data/local/cfg-zieih/ as /proc/cpuinfo: No such file or directory
05-27 15:47:15.924  9487  9487 W nativebridge: Failed to bind-mount /system/lib64/x86_64/cpuinfo as /proc/cpuinfo: Operation not permitted
05-27 15:47:15.924  9487  9487 D nativebridge: call UnloadNativeBridge! state=2
05-27 15:47:15.938  9487  9487 D AndroidRuntime: Calling main entry com.android.commands.input.Input
05-27 15:47:15.938  9487  9487 I Input   : injectKeyEvent: KeyEvent { action=ACTION_DOWN, keyCode=KEYCODE_BACK, scanCode=0, metaState=0, flags=0x0, repeatCount=0, eventTime=1627938, downTime=1627938, deviceId=-1, source=0x101 }
05-27 15:47:15.955  9487  9487 I Input   : injectKeyEvent: KeyEvent { action=ACTION_UP, keyCode=KEYCODE_BACK, scanCode=0, metaState=0, flags=0x0, repeatCount=0, eventTime=1627938, downTime=1627938, deviceId=-1, source=0x101 }
05-27 15:47:15.961  1597  1614 D AutofillManagerService: onBackKeyPressed()
05-27 15:47:15.970  9487  9487 D AndroidRuntime: Shutting down VM
05-27 15:47:16.017  1597  6125 W SchedPolicy: add_tid_to_cgroup failed to write '6134' (No space left on device); fd=24
05-27 15:47:16.017  1597  6125 W SchedPolicy: add_tid_to_cgroup failed to write '9417' (No space left on device); fd=27
05-27 15:47:16.017  1597  6125 W SchedPolicy: add_tid_to_cgroup failed to write '9370' (No space left on device); fd=24
05-27 15:47:16.017  1597  6125 W SchedPolicy: add_tid_to_cgroup failed to write '6187' (No space left on device); fd=24
05-27 15:47:16.019  2324  2324 W ContextImpl: Calling a method in the system process without a qualified user: android.app.ContextImpl.startService:1531 android.content.ContextWrapper.startService:664 android.content.ContextWrapper.startService:664 com.android.coreservice.CoreBroadcastReceiver.onReceive:45 android.app.ActivityThread.handleReceiver:3424 
05-27 15:47:16.052  2324  2324 W ContextImpl: Calling a method in the system process without a qualified user: android.app.ContextImpl.startService:1531 android.content.ContextWrapper.startService:664 android.content.ContextWrapper.startService:664 com.android.coreservice.CoreBroadcastReceiver.onReceive:54 android.app.ActivityThread.handleReceiver:3424 
05-27 15:47:16.084  2324  2324 W ContextImpl: Calling a method in the system process without a qualified user: android.app.ContextImpl.startService:1531 android.content.ContextWrapper.startService:664 android.content.ContextWrapper.startService:664 com.android.coreservice.CoreBroadcastReceiver.onReceive:70 android.app.ActivityThread.handleReceiver:3424 
05-27 15:47:16.085  2324  2324 W ContextImpl: Calling a method in the system process without a qualified user: android.app.ContextImpl.startService:1531 android.content.ContextWrapper.startService:664 android.content.ContextWrapper.startService:664 com.android.coreservice.CoreBroadcastReceiver.onReceive:70 android.app.ActivityThread.handleReceiver:3424 
05-27 15:47:16.086  6134  6134 I cr_A11yState: Enabled accessibility services: [io.github.ylimit.droidbotapp/io.github.privacystreams.accessibility.PSAccessibilityService, null]
05-27 15:47:16.086  6134  6134 I cr_A11yState: Running accessibility services: [io.github.ylimit.droidbotapp/io.github.privacystreams.accessibility.PSAccessibilityService]
05-27 15:47:16.086  6134  6134 I cr_A11yState: Will check again after 500 milliseconds.
05-27 15:47:16.091  9417  9441 E EGL_emulation: tid 9441: eglSurfaceAttrib(1504): error 0x3009 (EGL_BAD_MATCH)
05-27 15:47:16.091  9417  9441 W OpenGLRenderer: Failed to set EGL_SWAP_BEHAVIOR on surface 0x76388890c380, error=EGL_BAD_MATCH
05-27 15:47:16.158  1597  1605 W System  : A resource failed to call close. 
05-27 15:47:16.158  1597  1605 I chatty  : uid=1000(system) FinalizerDaemon identical 25 lines
05-27 15:47:16.158  1597  1605 W System  : A resource failed to call close. 
05-27 15:47:16.201  1597  1613 W SchedPolicy: add_tid_to_cgroup failed to write '6134' (No space left on device); fd=25
05-27 15:47:16.202  1597  1613 W SchedPolicy: add_tid_to_cgroup failed to write '9370' (No space left on device); fd=25
05-27 15:47:16.202  1597  1613 W SchedPolicy: add_tid_to_cgroup failed to write '2959' (No space left on device); fd=25
05-27 15:47:16.202  1597  1613 W SchedPolicy: add_tid_to_cgroup failed to write '6187' (No space left on device); fd=25
05-27 15:47:16.217  6134  6134 E cr_CompositorSurfaceMgr: surfaceDestroyed format : 4
05-27 15:47:16.240  6134  6184 I cr_BindingManager: onTrimMemory: level=20, size=1
05-27 15:47:16.245  6134  6134 I cr_A11yState: Enabled accessibility services: [io.github.ylimit.droidbotapp/io.github.privacystreams.accessibility.PSAccessibilityService, null]
05-27 15:47:16.245  6134  6134 I cr_A11yState: Running accessibility services: [io.github.ylimit.droidbotapp/io.github.privacystreams.accessibility.PSAccessibilityService]
05-27 15:47:16.245  6134  6134 I cr_A11yState: Will check again after 1000 milliseconds.
05-27 15:47:16.246  9417  9417 I CT_REPRO: E02_state_inference_oracle | 1779868036245 | 6587 | TAB_HIDDEN | 6 | http://198.18.0.1:8000/delay/1000?trial=delay_1000_ok_t2 | com.android.chrome | Android 9 API 28 | 138.0.7204.179 | extras={timestampUptimeMillis=1628245}
05-27 15:47:16.248  1461  1461 E lowmemorykiller: Error writing /proc/9370/oom_score_adj; errno=22
05-27 15:47:16.248  1597  1893 I ActivityManager: Killing 9370:com.android.chrome:sandboxed_process13/u0a59i37 (adj 0): isolated not needed
05-27 15:47:16.248  1597  1616 W libprocessgroup: kill(-9370, 9) failed: No such process
05-27 15:47:16.253  6134  6134 I cr_CompositorSurfaceMgr: SurfaceState : detach from parent : 0
05-27 15:47:16.255  6134  6134 W cr_ContextualSearch: Warning, the 0 state was aborted.
05-27 15:47:16.256  2324  2324 W ContextImpl: Calling a method in the system process without a qualified user: android.app.ContextImpl.startService:1531 android.content.ContextWrapper.startService:664 android.content.ContextWrapper.startService:664 com.android.coreservice.CoreBroadcastReceiver.onReceive:54 android.app.ActivityThread.handleReceiver:3424 
05-27 15:47:16.266  6134  6134 D AutofillManager: No AutofillClient for com.android.chrome on context org.chromium.chrome.browser.base.SplitMonochromeApplication@30bdb42
05-27 15:47:16.266  1462  1462 W SurfaceFlinger: couldn't log to binary event log: overflow.
05-27 15:47:16.272  1434  1434 D libnativeloader: CrashArm64 config not exist or not readable: /system/vendor/firmware_mnt/zieih/CrashArm64
05-27 15:47:16.272  1434  1434 I Zygote  : IsCopy  libcrashcatcher: 0
05-27 15:47:16.274  1597  1617 E KernelCpuSpeedReader: Failed to read cpu-freq: /sys/devices/system/cpu/cpu0/cpufreq/stats/time_in_state (No such file or directory)
05-27 15:47:16.274  1597  1617 E KernelWakelockReader: neither /proc/wakelocks nor /d/wakeup_sources exists
05-27 15:47:16.274  1434  1434 I Zygote  : Process 9370 exited cleanly (0)
05-27 15:47:16.274  1597  1617 W BatteryStatsImpl: Couldn't get kernel wake lock stats
05-27 15:47:16.282  1597  1613 W BroadcastQueue: Background execution not allowed: receiving Intent { act=android.intent.action.DROPBOX_ENTRY_ADDED flg=0x10 (has extras) } to com.google.android.gms/.stats.service.DropBoxEntryAddedReceiver
05-27 15:47:16.282  1597  1613 W BroadcastQueue: Background execution not allowed: receiving Intent { act=android.intent.action.DROPBOX_ENTRY_ADDED flg=0x10 (has extras) } to com.google.android.gms/.chimera.GmsIntentOperationService$PersistentTrustedReceiver
05-27 15:47:16.282  1597  1615 I ActivityManager: Start proc 9505:com.android.chrome:sandboxed_process14/u0i38 for service com.android.chrome/org.chromium.content.app.SandboxedProcessService14
05-27 15:47:16.286  9505  9505 I boxed_process14: type=1400 audit(0.0:2591): avc: denied { open } for path="/data/local/cfg-zieih/app_device" dev="sdb2" ino=393551 scontext=u:r:isolated_app:s0:c38,c256,c512,c768 tcontext=u:object_r:system_data_file:s0 tclass=file permissive=1
05-27 15:47:16.286  9505  9505 W nativebridge: Failed to bind-mount /data/local/cfg-zieih/ as /proc/cpuinfo: Not a directory
05-27 15:47:16.288  9505  9505 I Zygote  : seccomp disabled by setenforce 0
05-27 15:47:16.288  9505  9505 D nativebridge: call UnloadNativeBridge! state=1
05-27 15:47:16.294  1597  1616 W libprocessgroup: kill(-9370, 9) failed: No such process
05-27 15:47:16.294  1597  1616 I libprocessgroup: Successfully killed process cgroup uid 99037 pid 9370 in 45ms
05-27 15:47:16.297  1597  4957 W SchedPolicy: add_tid_to_cgroup failed to write '9505' (No space left on device); fd=25
05-27 15:47:16.298  1597  6125 W SchedPolicy: add_tid_to_cgroup failed to write '2423' (No space left on device); fd=24
05-27 15:47:16.305  1597  4957 W SchedPolicy: add_tid_to_cgroup failed to write '2423' (No space left on device); fd=25
05-27 15:47:16.339  9505  9505 D libnativeloader: CrashArm64 config not exist or not readable: /system/vendor/firmware_mnt/zieih/CrashArm64
05-27 15:47:16.340  9505  9505 W boxed_process1: Unknown chunk type '200'.
05-27 15:47:16.342  9505  9505 I cr_SplitCompatApp: version=138.0.7204.179 (720417927) minSdkVersion=26 isBundle=true processName=com.android.chrome:sandboxed_process14 isIsolatedProcess=true
05-27 15:47:16.343  9505  9505 W SystemServiceRegistry: No service published for: uimode
05-27 15:47:16.344  9505  9505 I cr_ChildProcessService: Creating new ChildProcessService pid=9505
05-27 15:47:16.359  9505  9528 I cr_LibraryLoader: Successfully loaded native library
05-27 15:47:16.359  9505  9528 I cr_CachingUmaRecorder: Flushed 2 samples from 2 histograms, 0 samples were dropped.
05-27 15:47:16.601  6134  6134 I cr_A11yState: Enabled accessibility services: [io.github.ylimit.droidbotapp/io.github.privacystreams.accessibility.PSAccessibilityService, null]
05-27 15:47:16.601  6134  6134 I cr_A11yState: Running accessibility services: [io.github.ylimit.droidbotapp/io.github.privacystreams.accessibility.PSAccessibilityService]
05-27 15:47:16.601  6134  6134 I cr_A11yState: Will check again after 2000 milliseconds.
05-27 15:47:17.248  6134  6134 I cr_A11yState: Enabled accessibility services: [io.github.ylimit.droidbotapp/io.github.privacystreams.accessibility.PSAccessibilityService, null]
05-27 15:47:17.248  6134  6134 I cr_A11yState: Running accessibility services: [io.github.ylimit.droidbotapp/io.github.privacystreams.accessibility.PSAccessibilityService]
05-27 15:47:17.248  6134  6134 I cr_A11yState: Will check again after 4000 milliseconds.
05-27 15:47:18.148  1597  6125 D ActivityManager: Task: com.android.launcher3.Launcher, ID: 2, Base: com.android.launcher3.Launcher, packageName: com.android.launcher3
05-27 15:47:18.148  1597  6125 I ActivityManager: Force stopping edu.mobilesec.ctrepro appid=10053 user=0: from pid 9540
05-27 15:47:18.148  1597  6125 I ActivityManager: Killing 9417:edu.mobilesec.ctrepro/u0a53 (adj 0): stop edu.mobilesec.ctrepro
05-27 15:47:18.148  1597  1616 W libprocessgroup: kill(-9417, 9) failed: No such process
05-27 15:47:18.149  1597  6125 W ActivityManager: Force removing ActivityRecord{984db5f u0 edu.mobilesec.ctrepro/.MainActivity t44}: app died, no saved state
05-27 15:47:18.152  1597  6125 W SchedPolicy: add_tid_to_cgroup failed to write '2386' (No space left on device); fd=27
05-27 15:47:18.152  1597  6125 W SchedPolicy: add_tid_to_cgroup failed to write '2669' (No space left on device); fd=24
05-27 15:47:18.152  1597  6125 W SchedPolicy: add_tid_to_cgroup failed to write '4075' (No space left on device); fd=24
05-27 15:47:18.155  2324  2324 W ContextImpl: Calling a method in the system process without a qualified user: android.app.ContextImpl.startService:1531 android.content.ContextWrapper.startService:664 android.content.ContextWrapper.startService:664 com.android.coreservice.CoreBroadcastReceiver.onReceive:54 android.app.ActivityThread.handleReceiver:3424 
05-27 15:47:18.156  1934  1934 D CarrierSvcBindHelper: No carrier app for: 0
05-27 15:47:18.165  1433  1433 I Zygote  : Process 9417 exited due to signal (9)
05-27 15:47:18.166  2386  2643 W OpenGLRenderer: Incorrectly called buildLayer on View: ShortcutAndWidgetContainer, destroying layer...
05-27 15:47:18.171  1597  1622 W ActivityManager: setHasOverlayUi called on unknown pid: 9417
05-27 15:47:18.194  1597  1616 W libprocessgroup: kill(-9417, 9) failed: No such process
05-27 15:47:18.194  1597  1616 I libprocessgroup: Successfully killed process cgroup uid 10053 pid 9417 in 45ms
05-27 15:47:18.227  1597  1605 W System  : A resource failed to call close. 
05-27 15:47:18.227  1597  1605 I chatty  : uid=1000(system) FinalizerDaemon identical 28 lines
05-27 15:47:18.227  1597  1605 W System  : A resource failed to call close. 
05-27 15:47:18.240  2324  2324 I oid.coreservice: type=1400 audit(0.0:2593): avc: denied { ioctl } for path="/dev/fastpipe" dev="tmpfs" ino=3085 ioctlcmd=6867 scontext=u:r:system_app:s0 tcontext=u:object_r:device:s0 tclass=chr_file permissive=1
05-27 15:47:18.245  1597  1609 I ActivityManager: START u0 {flg=0x10000000 cmp=edu.mobilesec.ctrepro/.MainActivity (has extras)} from uid 2000
05-27 15:47:18.246  2324  2324 W ContextImpl: Calling a method in the system process without a qualified user: android.app.ContextImpl.sendBroadcast:1020 android.content.ContextWrapper.sendBroadcast:449 com.android.coreservice.TabManager.notifyClosing:413 com.android.coreservice.TabManager.updateInner:200 com.android.coreservice.TabManager.onUpdate:235 
05-27 15:47:18.273  1597  1597 I Binder:1597_2: type=1400 audit(0.0:2594): avc: denied { call } for scontext=u:r:system_server:s0 tcontext=u:r:init:s0 tclass=binder permissive=1
05-27 15:47:18.277  2324  2324 I CoreService: notifyClosing notify tab closed taskPackageName:edu.mobilesec.ctrepro
05-27 15:47:18.297  2324  2324 W ContextImpl: Calling a method in the system process without a qualified user: android.app.ContextImpl.startService:1531 android.content.ContextWrapper.startService:664 android.content.ContextWrapper.startService:664 com.android.coreservice.CoreBroadcastReceiver.onReceive:45 android.app.ActivityThread.handleReceiver:3424 
05-27 15:47:18.300  1462  1462 I Binder:1462_2: type=1400 audit(0.0:2595): avc: denied { read write } for path="/dev/fastpipe" dev="tmpfs" ino=3085 scontext=u:r:system_server:s0 tcontext=u:object_r:device:s0 tclass=chr_file permissive=1
05-27 15:47:18.300  1597  1597 I android.anim: type=1400 audit(0.0:2596): avc: denied { ioctl } for path="/dev/fastpipe" dev="tmpfs" ino=3085 ioctlcmd=686e scontext=u:r:system_server:s0 tcontext=u:object_r:device:s0 tclass=chr_file permissive=1
05-27 15:47:18.324  1597  4472 W SchedPolicy: add_tid_to_cgroup failed to write '2386' (No space left on device); fd=24
05-27 15:47:18.324  2324  2324 W ContextImpl: Calling a method in the system process without a qualified user: android.app.ContextImpl.startService:1531 android.content.ContextWrapper.startService:664 android.content.ContextWrapper.startService:664 com.android.coreservice.CoreBroadcastReceiver.onReceive:70 android.app.ActivityThread.handleReceiver:3424 
05-27 15:47:18.330  2386  2643 E EGL_emulation: tid 2643: eglSurfaceAttrib(1504): error 0x3009 (EGL_BAD_MATCH)
05-27 15:47:18.330  2386  2643 W OpenGLRenderer: Failed to set EGL_SWAP_BEHAVIOR on surface 0x763878e7ac80, error=EGL_BAD_MATCH
05-27 15:47:18.363  1751  1751 I RenderThread: type=1400 audit(0.0:2597): avc: denied { ioctl } for path="/dev/fastpipe" dev="tmpfs" ino=3085 ioctlcmd=6869 scontext=u:r:platform_app:s0:c512,c768 tcontext=u:object_r:device:s0 tclass=chr_file permissive=1
05-27 15:47:18.383  2324  2324 W ContextImpl: Calling a method in the system process without a qualified user: android.app.ContextImpl.startService:1531 android.content.ContextWrapper.startService:664 android.content.ContextWrapper.startService:664 com.android.coreservice.CoreBroadcastReceiver.onReceive:45 android.app.ActivityThread.handleReceiver:3424 
05-27 15:47:18.390  1597  1615 W ActivityManager: Slow operation: 53ms so far, now at startProcess: done updating battery stats
05-27 15:47:18.390  1597  1615 W ActivityManager: Slow operation: 53ms so far, now at startProcess: building log message
05-27 15:47:18.390  1597  1615 I ActivityManager: Start proc 9551:edu.mobilesec.ctrepro/u0a53 for activity edu.mobilesec.ctrepro/.MainActivity
05-27 15:47:18.390  1597  1615 W ActivityManager: Slow operation: 53ms so far, now at startProcess: starting to update pids map
05-27 15:47:18.390  1597  1615 W ActivityManager: Slow operation: 53ms so far, now at startProcess: done updating pids map
05-27 15:47:18.391  2324  2324 W ContextImpl: Calling a method in the system process without a qualified user: android.app.ContextImpl.startService:1531 android.content.ContextWrapper.startService:664 android.content.ContextWrapper.startService:664 com.android.coreservice.CoreBroadcastReceiver.onReceive:54 android.app.ActivityThread.handleReceiver:3424 
05-27 15:47:18.394  1597  2082 E memtrack: Couldn't load memtrack module
05-27 15:47:18.394  1597  2082 W android.os.Debug: failed to get memory consumption info: -1
05-27 15:47:18.400  2324  2324 W ContextImpl: Calling a method in the system process without a qualified user: android.app.ContextImpl.startService:1531 android.content.ContextWrapper.startService:664 android.content.ContextWrapper.startService:664 com.android.coreservice.CoreBroadcastReceiver.onReceive:70 android.app.ActivityThread.handleReceiver:3424 
05-27 15:47:18.409  9551  9551 I Zygote  : seccomp disabled by setenforce 0
05-27 15:47:18.410  9551  9551 I bilesec.ctrepr: Late-enabling -Xcheck:jni
05-27 15:47:18.420  9551  9551 D nativebridge: call UnloadNativeBridge! state=1
05-27 15:47:18.428  1597  2082 W SchedPolicy: add_tid_to_cgroup failed to write '9551' (No space left on device); fd=27
05-27 15:47:18.434  1597  1612 I ActivityManager: Displayed edu.mobilesec.ctrepro/.MainActivity: +151ms
05-27 15:47:18.446  1597  1605 W System  : A resource failed to call close. 
05-27 15:47:18.446  1597  1605 I chatty  : uid=1000(system) FinalizerDaemon identical 29 lines
05-27 15:47:18.446  1597  1605 W System  : A resource failed to call close. 
05-27 15:47:18.491  2324  2324 W ContextImpl: Calling a method in the system process without a qualified user: android.app.ContextImpl.startService:1531 android.content.ContextWrapper.startService:664 android.content.ContextWrapper.startService:664 com.android.coreservice.CoreBroadcastReceiver.onReceive:54 android.app.ActivityThread.handleReceiver:3424 
05-27 15:47:18.531  9551  9551 D libnativeloader: CrashArm64 config not exist or not readable: /system/vendor/firmware_mnt/zieih/CrashArm64
05-27 15:47:18.601  6134  6134 I cr_A11yState: Enabled accessibility services: [io.github.ylimit.droidbotapp/io.github.privacystreams.accessibility.PSAccessibilityService, null]
05-27 15:47:18.602  6134  6134 I cr_A11yState: Running accessibility services: [io.github.ylimit.droidbotapp/io.github.privacystreams.accessibility.PSAccessibilityService]
05-27 15:47:18.602  6134  6134 I cr_A11yState: Max delay reached. Send information as is.
05-27 15:47:18.602  6134  6134 D AutofillManager: No AutofillClient for com.android.chrome on context org.chromium.chrome.browser.base.SplitMonochromeApplication@30bdb42
05-27 15:47:18.602  6134  6134 I cr_A11yState: Informing listeners of changes.
05-27 15:47:18.602  6134  6134 I cr_A11yState: New AccessibilityState: State{isComplexUserInteractionServiceEnabled=true, isTouchExplorationEnabled=false, isPerformGesturesEnabled=false, isAnyAccessibilityServiceEnabled=true, isAccessibilityToolPresent=true, isTextShowPasswordEnabled=true, isOnlyAutofillRunning=false, isOnlyPasswordManagersEnabled=false, isKnownScreenReaderEnabled=false}
05-27 15:47:18.617  1597  2082 W SchedPolicy: add_tid_to_cgroup failed to write '2959' (No space left on device); fd=24
05-27 15:47:18.617  1597  2082 W SchedPolicy: add_tid_to_cgroup failed to write '6134' (No space left on device); fd=24
05-27 15:47:18.618  1597  2082 W SchedPolicy: add_tid_to_cgroup failed to write '6187' (No space left on device); fd=24
05-27 15:47:18.618  1597  3563 W SchedPolicy: add_tid_to_cgroup failed to write '6134' (No space left on device); fd=25
05-27 15:47:18.618  1597  3563 W SchedPolicy: add_tid_to_cgroup failed to write '2959' (No space left on device); fd=25
05-27 15:47:18.618  1597  3563 W SchedPolicy: add_tid_to_cgroup failed to write '6187' (No space left on device); fd=25
05-27 15:47:18.621  9551  9551 D OpenGLRenderer: Skia GL Pipeline
05-27 15:47:18.621  2324  2324 W ContextImpl: Calling a method in the system process without a qualified user: android.app.ContextImpl.startService:1531 android.content.ContextWrapper.startService:664 android.content.ContextWrapper.startService:664 com.android.coreservice.CoreBroadcastReceiver.onReceive:54 android.app.ActivityThread.handleReceiver:3424 
05-27 15:47:18.650  6134  6134 I cr_CompositorSurfaceMgr: Transitioning to surface with format: -1
05-27 15:47:18.651  9551  9551 I CT_REPRO: E02_state_inference_oracle | 1779868038650 | 0 | SERVICE_CONNECTED | 0 | http://198.18.0.1:8000/delay/1000?trial=delay_1000_ok_t3 | com.android.chrome | Android 9 API 28 | 138.0.7204.179 | component=com.android.chrome/org.chromium.chrome.browser.customtabs.CustomTabsConnectionService
05-27 15:47:18.687  9551  9574 I         : fastpipe: Connect success
05-27 15:47:18.688  9551  9574 I         : fastpipe: Connect success
05-27 15:47:18.688  9551  9574 D HostConnection: HostRPC::connect sucess: app=edu.mobilesec.ctrepro, pid=9551, tid=9574, this=0x76388bcdf400
05-27 15:47:18.688  9551  9551 I CT_REPRO: E02_state_inference_oracle | 1779868038688 | 0 | extraCallback:onWarmupCompleted | 10000 | http://198.18.0.1:8000/delay/1000?trial=delay_1000_ok_t3 | com.android.chrome | Android 9 API 28 | 138.0.7204.179 | bundle={}
05-27 15:47:18.689  9551  9574 D HostConnection: queryAndSetGLESMaxVersion select gles-version: 3.1 hostGLVersion:46 process:edu.mobilesec.ctrepro
05-27 15:47:18.690  9551  9574 I ConfigStore: android::hardware::configstore::V1_0::ISurfaceFlingerConfigs::hasWideColorDisplay retrieved: 0
05-27 15:47:18.690  9551  9574 I ConfigStore: android::hardware::configstore::V1_0::ISurfaceFlingerConfigs::hasHDRDisplay retrieved: 0
05-27 15:47:18.690  9551  9574 I OpenGLRenderer: Initialized EGL, version 1.4
05-27 15:47:18.690  9551  9574 D OpenGLRenderer: Swap behavior 1
05-27 15:47:18.696  9551  9574 D EGL_emulation: eglCreateContext: 0x76388bc5f9c0: maj 3 min 1 rcv 4
05-27 15:47:18.721  9551  9574 E eglCodecCommon: glUtilsParamSize: unknow param 0x000082da
05-27 15:47:18.721  9551  9574 E eglCodecCommon: glUtilsParamSize: unknow param 0x000082e5
05-27 15:47:18.723  9551  9574 D HostConnection: ExtendedRCEncoderContext GL_VERSION return OpenGL ES 3.1 v1
05-27 15:47:18.725  9551  9574 E eglCodecCommon: glUtilsParamSize: unknow param 0x00008c29
05-27 15:47:18.725  9551  9574 E eglCodecCommon: glUtilsParamSize: unknow param 0x000087fe
05-27 15:47:18.727  9551  9574 D vndksupport: Loading /vendor/lib64/hw/android.hardware.graphics.mapper@2.0-impl.so from current namespace instead of sphal namespace.
05-27 15:47:18.728  9551  9574 D vndksupport: Loading /vendor/lib64/hw/gralloc.default.so from current namespace instead of sphal namespace.
05-27 15:47:18.732  9551  9574 E EGL_emulation: tid 9574: eglSurfaceAttrib(1504): error 0x3009 (EGL_BAD_MATCH)
05-27 15:47:18.732  9551  9574 W OpenGLRenderer: Failed to set EGL_SWAP_BEHAVIOR on surface 0x76388bd86100, error=EGL_BAD_MATCH
05-27 15:47:18.735  1597  1605 W System  : A resource failed to call close. 
05-27 15:47:18.735  1597  1605 I chatty  : uid=1000(system) FinalizerDaemon identical 29 lines
05-27 15:47:18.736  1597  1605 W System  : A resource failed to call close. 
05-27 15:47:18.762  2324  2324 W ContextImpl: Calling a method in the system process without a qualified user: android.app.ContextImpl.startService:1531 android.content.ContextWrapper.startService:664 android.content.ContextWrapper.startService:664 com.android.coreservice.CoreBroadcastReceiver.onReceive:70 android.app.ActivityThread.handleReceiver:3424 
05-27 15:47:18.763  2324  2324 W ContextImpl: Calling a method in the system process without a qualified user: android.app.ContextImpl.startService:1531 android.content.ContextWrapper.startService:664 android.content.ContextWrapper.startService:664 com.android.coreservice.CoreBroadcastReceiver.onReceive:70 android.app.ActivityThread.handleReceiver:3424 
05-27 15:47:18.790  1597  2082 W SchedPolicy: add_tid_to_cgroup failed to write '2386' (No space left on device); fd=25
05-27 15:47:18.790  1597  2082 W SchedPolicy: add_tid_to_cgroup failed to write '2669' (No space left on device); fd=25
05-27 15:47:18.790  1597  2082 W SchedPolicy: add_tid_to_cgroup failed to write '4075' (No space left on device); fd=25
05-27 15:47:18.818  1462  2638 W SurfaceFlinger: Attempting to set client state on removed layer: Splash Screen edu.mobilesec.ctrepro#0
05-27 15:47:18.818  1462  2638 W SurfaceFlinger: Attempting to destroy on removed layer: Splash Screen edu.mobilesec.ctrepro#0
05-27 15:47:20.122  9551  9551 I CT_REPRO: E02_state_inference_oracle | 1779868040122 | 1 | LAUNCH_REQUESTED | 0 | http://198.18.0.1:8000/delay/1000?trial=delay_1000_ok_t3 | com.android.chrome | Android 9 API 28 | 138.0.7204.179 | 准备打开 Custom Tab
05-27 15:47:20.127  1597  3563 I ActivityManager: START u0 {act=android.intent.action.VIEW dat=http://198.18.0.1:8000/... pkg=com.android.chrome cmp=com.android.chrome/com.google.android.apps.chrome.IntentDispatcher (has extras)} from uid 10053
05-27 15:47:20.137  2324  2324 W ContextImpl: Calling a method in the system process without a qualified user: android.app.ContextImpl.startService:1531 android.content.ContextWrapper.startService:664 android.content.ContextWrapper.startService:664 com.android.coreservice.CoreBroadcastReceiver.onReceive:45 android.app.ActivityThread.handleReceiver:3424 
05-27 15:47:20.141  6134  6134 W ActivityThread: handleWindowVisibility: no activity for token android.os.BinderProxy@4fff16a
05-27 15:47:20.141  1597  3563 W SchedPolicy: add_tid_to_cgroup failed to write '6134' (No space left on device); fd=27
05-27 15:47:20.141  1597  3563 W SchedPolicy: add_tid_to_cgroup failed to write '9551' (No space left on device); fd=24
05-27 15:47:20.141  1597  3563 W SchedPolicy: add_tid_to_cgroup failed to write '2959' (No space left on device); fd=24
05-27 15:47:20.141  1597  3563 W SchedPolicy: add_tid_to_cgroup failed to write '6187' (No space left on device); fd=27
05-27 15:47:20.213  1597  1698 D WIFI    : got request NetworkRequest [ TRACK_DEFAULT id=78, [ Capabilities: INTERNET&NOT_RESTRICTED&TRUSTED Unwanted:  Uid: 10059] ] with score 60
05-27 15:47:20.213  1597  1698 D WIFI_UT : got request NetworkRequest [ TRACK_DEFAULT id=78, [ Capabilities: INTERNET&NOT_RESTRICTED&TRUSTED Unwanted:  Uid: 10059] ] with score 60
05-27 15:47:20.213  1597  1730 D Ethernet: got request NetworkRequest [ TRACK_DEFAULT id=78, [ Capabilities: INTERNET&NOT_RESTRICTED&TRUSTED Unwanted:  Uid: 10059] ] with score 60
05-27 15:47:20.213  1597  1729 D WIFI_AWARE_FACTORY: got request NetworkRequest [ TRACK_DEFAULT id=78, [ Capabilities: INTERNET&NOT_RESTRICTED&TRUSTED Unwanted:  Uid: 10059] ] with score 60
05-27 15:47:20.213  1934  1934 D PhoneSwitcherNetworkRequstListener: got request NetworkRequest [ TRACK_DEFAULT id=78, [ Capabilities: INTERNET&NOT_RESTRICTED&TRUSTED Unwanted:  Uid: 10059] ] with score 60
05-27 15:47:20.323  1597  1605 W System  : A resource failed to call close. 
05-27 15:47:20.323  1597  1605 I chatty  : uid=1000(system) FinalizerDaemon identical 27 lines
05-27 15:47:20.323  1597  1605 W System  : A resource failed to call close. 
05-27 15:47:20.327  6134  6134 W cr_ActivityDispatcher: CustomTabsIntent#shouldAlwaysUseBrowserUI() = false
05-27 15:47:20.327  6134  6134 W cr_ActivityDispatcher: CustomTabsIntent#shouldAlwaysUseBrowserUI() = false
05-27 15:47:20.348  1597  1893 I ActivityManager: START u0 {act=android.intent.action.VIEW dat=http://198.18.0.1:8000/... flg=0x2800000 pkg=com.android.chrome cmp=com.android.chrome/org.chromium.chrome.browser.customtabs.CustomTabActivity (has extras)} from uid 10059
05-27 15:47:20.357  2324  2324 W ContextImpl: Calling a method in the system process without a qualified user: android.app.ContextImpl.startService:1531 android.content.ContextWrapper.startService:664 android.content.ContextWrapper.startService:664 com.android.coreservice.CoreBroadcastReceiver.onReceive:45 android.app.ActivityThread.handleReceiver:3424 
05-27 15:47:20.443  6134  6134 I .android.chrome: type=1400 audit(0.0:2614): avc: denied { read } for name="Applications" dev="sdcardfs" ino=655362 scontext=u:r:untrusted_app:s0:c59,c256,c512,c768 tcontext=u:object_r:sdcardfs:s0 tclass=lnk_file permissive=1
05-27 15:47:20.443  6134  6134 I .android.chrome: type=1400 audit(0.0:2615): avc: denied { search } for name="/" dev="vboxsf" ino=1 scontext=u:r:untrusted_app:s0:c59,c256,c512,c768 tcontext=u:object_r:unlabeled:s0 tclass=dir permissive=1
05-27 15:47:20.447  6134  6134 W ActivityThread: handleWindowVisibility: no activity for token android.os.BinderProxy@a504c2f
05-27 15:47:20.450  1597  1597 I Binder:1597_12: type=1400 audit(0.0:2616): avc: denied { read } for name="Applications" dev="sdcardfs" ino=655362 scontext=u:r:system_server:s0 tcontext=u:object_r:sdcardfs:s0 tclass=lnk_file permissive=1
05-27 15:47:20.452  6134  6134 W cr_ActivityDispatcher: CustomTabsIntent#shouldAlwaysUseBrowserUI() = false
05-27 15:47:20.461  6134  6134 W cr_ContextualSearch: No manager!
05-27 15:47:20.462  6134  6134 W cr_ActivityDispatcher: CustomTabsIntent#shouldAlwaysUseBrowserUI() = false
05-27 15:47:20.468  1597  3563 W SchedPolicy: add_tid_to_cgroup failed to write '9505' (No space left on device); fd=24
05-27 15:47:20.469  1597  3563 W SchedPolicy: add_tid_to_cgroup failed to write '9505' (No space left on device); fd=27
05-27 15:47:20.487  9551  9551 I CT_REPRO: E02_state_inference_oracle | 1779868040486 | 365 | TAB_SHOWN | 5 | http://198.18.0.1:8000/delay/1000?trial=delay_1000_ok_t3 | com.android.chrome | Android 9 API 28 | 138.0.7204.179 | extras={timestampUptimeMillis=1632468}
05-27 15:47:20.496  6134  6134 W cr_ActivityDispatcher: CustomTabsIntent#shouldAlwaysUseBrowserUI() = false
05-27 15:47:20.501  6134  6134 W cr_ActivityDispatcher: CustomTabsIntent#shouldAlwaysUseBrowserUI() = false
05-27 15:47:20.502  6134  6134 I cr_A11yState: Enabled accessibility services: [io.github.ylimit.droidbotapp/io.github.privacystreams.accessibility.PSAccessibilityService, null]
05-27 15:47:20.502  6134  6134 I cr_A11yState: Running accessibility services: [io.github.ylimit.droidbotapp/io.github.privacystreams.accessibility.PSAccessibilityService]
05-27 15:47:20.502  6134  6134 I cr_A11yState: Will check again after 250 milliseconds.
05-27 15:47:20.510  2324  2324 W ContextImpl: Calling a method in the system process without a qualified user: android.app.ContextImpl.startService:1531 android.content.ContextWrapper.startService:664 android.content.ContextWrapper.startService:664 com.android.coreservice.CoreBroadcastReceiver.onReceive:54 android.app.ActivityThread.handleReceiver:3424 
05-27 15:47:20.516  6187  6187 I CrGpuMain: type=1400 audit(0.0:2617): avc: denied { ioctl } for path="/dev/fastpipe" dev="tmpfs" ino=3085 ioctlcmd=6869 scontext=u:r:untrusted_app:s0:c59,c256,c512,c768 tcontext=u:object_r:device:s0 tclass=chr_file permissive=1
05-27 15:47:20.520  9551  9551 I CT_REPRO: E02_state_inference_oracle | 1779868040520 | 399 | NAVIGATION_STARTED | 1 | http://198.18.0.1:8000/delay/1000?trial=delay_1000_ok_t3 | com.android.chrome | Android 9 API 28 | 138.0.7204.179 | extras={timestampUptimeMillis=1632518}
05-27 15:47:20.546  1462  1462 I Binder:1462_5: type=1400 audit(0.0:2618): avc: denied { read write } for path="/dev/fastpipe" dev="tmpfs" ino=3085 scontext=u:r:untrusted_app:s0:c59,c256,c512,c768 tcontext=u:object_r:device:s0 tclass=chr_file permissive=1
05-27 15:47:20.549  1597  1605 W System  : A resource failed to call close. 
05-27 15:47:20.549  1597  1605 I chatty  : uid=1000(system) FinalizerDaemon identical 27 lines
05-27 15:47:20.549  1597  1605 W System  : A resource failed to call close. 
05-27 15:47:20.550  6134  6134 I cr_BrowserUiUtils: Recorded Startup.Android.FirstDrawCompletedTime = 95 ms
05-27 15:47:20.555  6134  7758 E EGL_emulation: tid 7758: eglSurfaceAttrib(1504): error 0x3009 (EGL_BAD_MATCH)
05-27 15:47:20.555  6134  7758 W OpenGLRenderer: Failed to set EGL_SWAP_BEHAVIOR on surface 0xc09f5b60, error=EGL_BAD_MATCH
05-27 15:47:20.579  6134  6134 I cr_CompositorSurfaceMgr: Transitioning to surface with format: -1
05-27 15:47:20.580  6134  6134 I cr_CompositorSurfaceMgr: surfaceCreated format: 0
05-27 15:47:20.581  1597  1612 I ActivityManager: Displayed com.android.chrome/org.chromium.chrome.browser.customtabs.CustomTabActivity: +453ms
05-27 15:47:20.657  6134  6134 D skia    : --- Failed to create image decoder with message 'unimplemented'
05-27 15:47:20.658  6187  6235 W chromium: [WARNING:components/viz/service/frame_sinks/root_compositor_frame_sink_impl.cc:985] Requested unsupported preferred frame interval 0.016666 s (=60.0024Hz)
05-27 15:47:20.663  2324  2324 W ContextImpl: Calling a method in the system process without a qualified user: android.app.ContextImpl.startService:1531 android.content.ContextWrapper.startService:664 android.content.ContextWrapper.startService:664 com.android.coreservice.CoreBroadcastReceiver.onReceive:70 android.app.ActivityThread.handleReceiver:3424 
05-27 15:47:20.664  2324  2324 W ContextImpl: Calling a method in the system process without a qualified user: android.app.ContextImpl.startService:1531 android.content.ContextWrapper.startService:664 android.content.ContextWrapper.startService:664 com.android.coreservice.CoreBroadcastReceiver.onReceive:70 android.app.ActivityThread.handleReceiver:3424 
05-27 15:47:20.687  6187  6211 E eglCodecCommon: glUtilsParamSize: unknow param 0x000088ef
05-27 15:47:20.687  6187  6211 E eglCodecCommon: glUtilsParamSize: unknow param 0x00000cf2
05-27 15:47:20.688  6187  6211 E eglCodecCommon: glUtilsParamSize: unknow param 0x00000cf3
05-27 15:47:20.688  6187  6211 E eglCodecCommon: glUtilsParamSize: unknow param 0x00000cf4
05-27 15:47:20.688  6187  6211 E eglCodecCommon: glUtilsParamSize: unknow param 0x0000806d
05-27 15:47:20.688  6187  6211 E eglCodecCommon: glUtilsParamSize: unknow param 0x0000806e
05-27 15:47:20.688  6187  6211 E eglCodecCommon: glUtilsParamSize: unknow param 0x000088ef
05-27 15:47:20.689  6187  6211 E eglCodecCommon: glUtilsParamSize: unknow param 0x00000cf2
05-27 15:47:20.689  6187  6211 E eglCodecCommon: glUtilsParamSize: unknow param 0x00000cf3
05-27 15:47:20.689  6187  6211 E eglCodecCommon: glUtilsParamSize: unknow param 0x00000cf4
05-27 15:47:20.689  6187  6211 E eglCodecCommon: glUtilsParamSize: unknow param 0x0000806d
05-27 15:47:20.689  6187  6211 E eglCodecCommon: glUtilsParamSize: unknow param 0x0000806e
05-27 15:47:20.697  6187  6211 E eglCodecCommon: glUtilsParamSize: unknow param 0x000088ef
05-27 15:47:20.697  6187  6211 E eglCodecCommon: glUtilsParamSize: unknow param 0x00000cf2
05-27 15:47:20.697  6187  6211 E eglCodecCommon: glUtilsParamSize: unknow param 0x00000cf3
05-27 15:47:20.698  6187  6211 E eglCodecCommon: glUtilsParamSize: unknow param 0x00000cf4
05-27 15:47:20.698  6187  6211 E eglCodecCommon: glUtilsParamSize: unknow param 0x0000806d
05-27 15:47:20.698  6187  6211 E eglCodecCommon: glUtilsParamSize: unknow param 0x0000806e
05-27 15:47:20.698  6187  6211 E eglCodecCommon: glUtilsParamSize: unknow param 0x000088ef
05-27 15:47:20.699  6187  6211 E eglCodecCommon: glUtilsParamSize: unknow param 0x00000cf2
05-27 15:47:20.699  6187  6211 E eglCodecCommon: glUtilsParamSize: unknow param 0x00000cf3
05-27 15:47:20.699  6187  6211 E eglCodecCommon: glUtilsParamSize: unknow param 0x00000cf4
05-27 15:47:20.699  6187  6211 E eglCodecCommon: glUtilsParamSize: unknow param 0x0000806d
05-27 15:47:20.699  6187  6211 E eglCodecCommon: glUtilsParamSize: unknow param 0x0000806e
05-27 15:47:20.700  1597  4472 W SchedPolicy: add_tid_to_cgroup failed to write '9551' (No space left on device); fd=25
05-27 15:47:20.700  6187  6211 E eglCodecCommon: glUtilsParamSize: unknow param 0x000088ef
05-27 15:47:20.700  6187  6211 E eglCodecCommon: glUtilsParamSize: unknow param 0x00000cf2
05-27 15:47:20.700  6187  6211 E eglCodecCommon: glUtilsParamSize: unknow param 0x00000cf3
05-27 15:47:20.700  6187  6211 E eglCodecCommon: glUtilsParamSize: unknow param 0x00000cf4
05-27 15:47:20.700  6187  6211 E eglCodecCommon: glUtilsParamSize: unknow param 0x0000806d
05-27 15:47:20.701  6187  6211 E eglCodecCommon: glUtilsParamSize: unknow param 0x0000806e
05-27 15:47:20.701  6187  6211 E eglCodecCommon: glUtilsParamSize: unknow param 0x000088ef
05-27 15:47:20.701  6187  6211 E eglCodecCommon: glUtilsParamSize: unknow param 0x00000cf2
05-27 15:47:20.702  6187  6211 E eglCodecCommon: glUtilsParamSize: unknow param 0x00000cf3
05-27 15:47:20.702  6187  6211 E eglCodecCommon: glUtilsParamSize: unknow param 0x00000cf4
05-27 15:47:20.702  6187  6211 E eglCodecCommon: glUtilsParamSize: unknow param 0x0000806d
05-27 15:47:20.702  6187  6211 E eglCodecCommon: glUtilsParamSize: unknow param 0x0000806e
05-27 15:47:20.703  6187  6211 E eglCodecCommon: glUtilsParamSize: unknow param 0x000088ef
05-27 15:47:20.705  6187  6211 E eglCodecCommon: glUtilsParamSize: unknow param 0x00000cf2
05-27 15:47:20.705  6187  6211 E eglCodecCommon: glUtilsParamSize: unknow param 0x00000cf3
05-27 15:47:20.705  6187  6211 E eglCodecCommon: glUtilsParamSize: unknow param 0x00000cf4
05-27 15:47:20.705  6187  6211 E eglCodecCommon: glUtilsParamSize: unknow param 0x0000806d
05-27 15:47:20.705  6187  6211 E eglCodecCommon: glUtilsParamSize: unknow param 0x0000806e
05-27 15:47:20.706  6187  6211 E eglCodecCommon: glUtilsParamSize: unknow param 0x000088ef
05-27 15:47:20.706  6187  6211 E eglCodecCommon: glUtilsParamSize: unknow param 0x00000cf2
05-27 15:47:20.706  6187  6211 E eglCodecCommon: glUtilsParamSize: unknow param 0x00000cf3
05-27 15:47:20.706  6187  6211 E eglCodecCommon: glUtilsParamSize: unknow param 0x00000cf4
05-27 15:47:20.706  6187  6211 E eglCodecCommon: glUtilsParamSize: unknow param 0x0000806d
05-27 15:47:20.706  6187  6211 E eglCodecCommon: glUtilsParamSize: unknow param 0x0000806e
05-27 15:47:20.734  2324  2324 W ContextImpl: Calling a method in the system process without a qualified user: android.app.ContextImpl.startService:1531 android.content.ContextWrapper.startService:664 android.content.ContextWrapper.startService:664 com.android.coreservice.CoreBroadcastReceiver.onReceive:54 android.app.ActivityThread.handleReceiver:3424 
05-27 15:47:20.752  6134  6134 I cr_A11yState: Enabled accessibility services: [io.github.ylimit.droidbotapp/io.github.privacystreams.accessibility.PSAccessibilityService, null]
05-27 15:47:20.752  6134  6134 I cr_A11yState: Running accessibility services: [io.github.ylimit.droidbotapp/io.github.privacystreams.accessibility.PSAccessibilityService]
05-27 15:47:20.752  6134  6134 I cr_A11yState: Will check again after 500 milliseconds.
05-27 15:47:20.792  1597  1605 W System  : A resource failed to call close. 
05-27 15:47:20.792  1597  1605 I chatty  : uid=1000(system) FinalizerDaemon identical 27 lines
05-27 15:47:20.792  1597  1605 W System  : A resource failed to call close. 
05-27 15:47:21.249  6134  6134 I cr_A11yState: Enabled accessibility services: [io.github.ylimit.droidbotapp/io.github.privacystreams.accessibility.PSAccessibilityService, null]
05-27 15:47:21.249  6134  6134 I cr_A11yState: Running accessibility services: [io.github.ylimit.droidbotapp/io.github.privacystreams.accessibility.PSAccessibilityService]
05-27 15:47:21.249  6134  6134 I cr_A11yState: Will check again after 1000 milliseconds.
05-27 15:47:21.252  6134  6134 I cr_A11yState: Enabled accessibility services: [io.github.ylimit.droidbotapp/io.github.privacystreams.accessibility.PSAccessibilityService, null]
05-27 15:47:21.252  6134  6134 I cr_A11yState: Running accessibility services: [io.github.ylimit.droidbotapp/io.github.privacystreams.accessibility.PSAccessibilityService]
05-27 15:47:21.252  6134  6134 I cr_A11yState: Will check again after 2000 milliseconds.
05-27 15:47:21.536  6134  6134 I cr_E2E_DCController: setSafeAreaConstraint: false
05-27 15:47:21.539  9551  9551 I CT_REPRO: E02_state_inference_oracle | 1779868041539 | 1418 | NAVIGATION_FINISHED | 2 | http://198.18.0.1:8000/delay/1000?trial=delay_1000_ok_t3 | com.android.chrome | Android 9 API 28 | 138.0.7204.179 | extras={timestampUptimeMillis=1633538}
05-27 15:47:21.554  6134  6134 I cr_CustomTab: To create AuxiliarySearchController on deferred startup.
05-27 15:47:22.250  6134  6134 I cr_A11yState: Enabled accessibility services: [io.github.ylimit.droidbotapp/io.github.privacystreams.accessibility.PSAccessibilityService, null]
05-27 15:47:22.250  6134  6134 I cr_A11yState: Running accessibility services: [io.github.ylimit.droidbotapp/io.github.privacystreams.accessibility.PSAccessibilityService]
05-27 15:47:22.250  6134  6134 I cr_A11yState: Will check again after 4000 milliseconds.
05-27 15:47:23.267  6134  6134 I cr_A11yState: Enabled accessibility services: [io.github.ylimit.droidbotapp/io.github.privacystreams.accessibility.PSAccessibilityService, null]
05-27 15:47:23.267  6134  6134 I cr_A11yState: Running accessibility services: [io.github.ylimit.droidbotapp/io.github.privacystreams.accessibility.PSAccessibilityService]
05-27 15:47:23.267  6134  6134 I cr_A11yState: Max delay reached. Send information as is.
05-27 15:47:23.267  6134  6134 I cr_A11yState: Informing listeners of changes.
05-27 15:47:23.267  6134  6134 I cr_A11yState: New AccessibilityState: State{isComplexUserInteractionServiceEnabled=true, isTouchExplorationEnabled=false, isPerformGesturesEnabled=false, isAnyAccessibilityServiceEnabled=true, isAccessibilityToolPresent=true, isTextShowPasswordEnabled=true, isOnlyAutofillRunning=false, isOnlyPasswordManagersEnabled=false, isKnownScreenReaderEnabled=false}
05-27 15:47:25.520  1459  1459 I ldinit  : type=1400 audit(0.0:2619): avc: denied { read } for name="partitions" dev="proc" ino=4026532046 scontext=u:r:ldinit:s0 tcontext=u:object_r:proc:s0 tclass=file permissive=1
05-27 15:47:25.520  1459  1459 I ldinit  : type=1400 audit(0.0:2620): avc: denied { open } for path="/proc/partitions" dev="proc" ino=4026532046 scontext=u:r:ldinit:s0 tcontext=u:object_r:proc:s0 tclass=file permissive=1
05-27 15:47:25.520  1459  1459 I ldinit  : type=1400 audit(0.0:2621): avc: denied { getattr } for path="/proc/partitions" dev="proc" ino=4026532046 scontext=u:r:ldinit:s0 tcontext=u:object_r:proc:s0 tclass=file permissive=1
05-27 15:47:25.551  6187  6211 E eglCodecCommon: glUtilsParamSize: unknow param 0x000088ef
05-27 15:47:25.551  6187  6211 E eglCodecCommon: glUtilsParamSize: unknow param 0x00000cf2
05-27 15:47:25.551  6187  6211 E eglCodecCommon: glUtilsParamSize: unknow param 0x00000cf3
05-27 15:47:25.551  6187  6211 E eglCodecCommon: glUtilsParamSize: unknow param 0x00000cf4
05-27 15:47:25.552  6187  6211 E eglCodecCommon: glUtilsParamSize: unknow param 0x0000806d
05-27 15:47:25.552  6187  6211 E eglCodecCommon: glUtilsParamSize: unknow param 0x0000806e
05-27 15:47:25.552  6187  6211 E eglCodecCommon: glUtilsParamSize: unknow param 0x000088ef
05-27 15:47:25.553  6187  6211 E eglCodecCommon: glUtilsParamSize: unknow param 0x00000cf2
05-27 15:47:25.553  6187  6211 E eglCodecCommon: glUtilsParamSize: unknow param 0x00000cf3
05-27 15:47:25.553  6187  6211 E eglCodecCommon: glUtilsParamSize: unknow param 0x00000cf4
05-27 15:47:25.553  6187  6211 E eglCodecCommon: glUtilsParamSize: unknow param 0x0000806d
05-27 15:47:25.553  6187  6211 E eglCodecCommon: glUtilsParamSize: unknow param 0x0000806e
05-27 15:47:25.553  6187  6211 E eglCodecCommon: glUtilsParamSize: unknow param 0x000088ef
05-27 15:47:25.554  6187  6211 E eglCodecCommon: glUtilsParamSize: unknow param 0x00000cf2
05-27 15:47:25.554  6187  6211 E eglCodecCommon: glUtilsParamSize: unknow param 0x00000cf3
05-27 15:47:25.554  6187  6211 E eglCodecCommon: glUtilsParamSize: unknow param 0x00000cf4
05-27 15:47:25.554  6187  6211 E eglCodecCommon: glUtilsParamSize: unknow param 0x0000806d
05-27 15:47:25.554  6187  6211 E eglCodecCommon: glUtilsParamSize: unknow param 0x0000806e
05-27 15:47:26.251  6134  6134 I cr_A11yState: Enabled accessibility services: [io.github.ylimit.droidbotapp/io.github.privacystreams.accessibility.PSAccessibilityService, null]
05-27 15:47:26.251  6134  6134 I cr_A11yState: Running accessibility services: [io.github.ylimit.droidbotapp/io.github.privacystreams.accessibility.PSAccessibilityService]
05-27 15:47:26.251  6134  6134 I cr_A11yState: Will check again after 250 milliseconds.
05-27 15:47:26.365  9620  9620 I appproc : app_process main with argv: /system/bin com.android.commands.input.Input keyevent 4 
05-27 15:47:26.365  9620  9620 D AndroidRuntime: >>>>>> START com.android.internal.os.RuntimeInit uid 2000 <<<<<<
05-27 15:47:26.366  9620  9620 E cutils-trace: Error opening trace file: No such file or directory (2)
