05-27 15:46:22.346  1597  1615 I ActivityManager: Start proc 8905:edu.mobilesec.ctrepro/u0a53 for activity edu.mobilesec.ctrepro/.MainActivity
05-27 15:46:22.348  8905  8905 I Zygote  : seccomp disabled by setenforce 0
05-27 15:46:22.349  8905  8905 I bilesec.ctrepr: Late-enabling -Xcheck:jni
05-27 15:46:22.360  8905  8905 I bilesec.ctrepro: type=1400 audit(0.0:2403): avc: denied { open } for path="/data/local/cfg-zieih/app_device" dev="sdb2" ino=393551 scontext=u:r:untrusted_app:s0:c53,c256,c512,c768 tcontext=u:object_r:system_data_file:s0 tclass=file permissive=1
05-27 15:46:22.360  8905  8905 D nativebridge: call UnloadNativeBridge! state=1
05-27 15:46:22.376  1450  1450 I composer@2.1-se: type=1400 audit(0.0:2404): avc: denied { ioctl } for path="/dev/fastpipe" dev="tmpfs" ino=3085 ioctlcmd=6867 scontext=u:r:hal_graphics_composer_default:s0 tcontext=u:object_r:device:s0 tclass=chr_file permissive=1
05-27 15:46:22.385  1597  3563 W SchedPolicy: add_tid_to_cgroup failed to write '8905' (No space left on device); fd=27
05-27 15:46:22.400  1449  1449 I allocator@2.0-s: type=1400 audit(0.0:2405): avc: denied { ioctl } for path="/dev/fastpipe" dev="tmpfs" ino=3085 ioctlcmd=6867 scontext=u:r:hal_graphics_allocator_default:s0 tcontext=u:object_r:device:s0 tclass=chr_file permissive=1
05-27 15:46:22.400  1449  1449 I allocator@2.0-s: type=1400 audit(0.0:2406): avc: denied { read write } for name="fastpipe" dev="tmpfs" ino=3085 scontext=u:r:hal_graphics_allocator_default:s0 tcontext=u:object_r:device:s0 tclass=chr_file permissive=1
05-27 15:46:22.400  1449  1449 I allocator@2.0-s: type=1400 audit(0.0:2407): avc: denied { open } for path="/dev/fastpipe" dev="tmpfs" ino=3085 scontext=u:r:hal_graphics_allocator_default:s0 tcontext=u:object_r:device:s0 tclass=chr_file permissive=1
05-27 15:46:22.468  2324  2324 W ContextImpl: Calling a method in the system process without a qualified user: android.app.ContextImpl.startService:1531 android.content.ContextWrapper.startService:664 android.content.ContextWrapper.startService:664 com.android.coreservice.CoreBroadcastReceiver.onReceive:54 android.app.ActivityThread.handleReceiver:3424 
05-27 15:46:22.476  1597  1605 I chatty  : uid=1000(system) FinalizerDaemon expire 2 lines
05-27 15:46:22.511  8905  8905 D libnativeloader: CrashArm64 config not exist or not readable: /system/vendor/firmware_mnt/zieih/CrashArm64
05-27 15:46:22.613  8905  8905 D OpenGLRenderer: Skia GL Pipeline
05-27 15:46:22.613  2324  2324 W ContextImpl: Calling a method in the system process without a qualified user: android.app.ContextImpl.startService:1531 android.content.ContextWrapper.startService:664 android.content.ContextWrapper.startService:664 com.android.coreservice.CoreBroadcastReceiver.onReceive:54 android.app.ActivityThread.handleReceiver:3424 
05-27 15:46:22.649  8905  8905 I CT_REPRO: E02_state_inference_oracle | 1779867982649 | 0 | SERVICE_CONNECTED | 0 | http://198.18.0.1:8000/content/pdf?trial=content_pdf_ok_t1 | com.android.chrome | Android 9 API 28 | 138.0.7204.179 | component=com.android.chrome/org.chromium.chrome.browser.customtabs.CustomTabsConnectionService
05-27 15:46:22.660  1434  1434 D libnativeloader: CrashArm64 config not exist or not readable: /system/vendor/firmware_mnt/zieih/CrashArm64
05-27 15:46:22.660  1434  1434 I Zygote  : IsCopy  libcrashcatcher: 0
05-27 15:46:22.666  1597  1615 I ActivityManager: Start proc 8928:com.android.chrome:sandboxed_process9/u0i33 for service com.android.chrome/org.chromium.content.app.SandboxedProcessService9
05-27 15:46:22.677  8928  8928 W nativebridge: Failed to bind-mount /data/local/cfg-zieih/ as /proc/cpuinfo: Not a directory
05-27 15:46:22.679  8928  8928 I Zygote  : seccomp disabled by setenforce 0
05-27 15:46:22.679  8928  8928 D nativebridge: call UnloadNativeBridge! state=1
05-27 15:46:22.691  8905  8925 I         : fastpipe: Connect success
05-27 15:46:22.692  8905  8925 I         : fastpipe: Connect success
05-27 15:46:22.692  8905  8925 D HostConnection: HostRPC::connect sucess: app=edu.mobilesec.ctrepro, pid=8905, tid=8925, this=0x76388bce0400
05-27 15:46:22.692  8905  8905 I CT_REPRO: E02_state_inference_oracle | 1779867982692 | 0 | extraCallback:onWarmupCompleted | 10000 | http://198.18.0.1:8000/content/pdf?trial=content_pdf_ok_t1 | com.android.chrome | Android 9 API 28 | 138.0.7204.179 | bundle={}
05-27 15:46:22.693  8905  8925 D HostConnection: queryAndSetGLESMaxVersion select gles-version: 3.1 hostGLVersion:46 process:edu.mobilesec.ctrepro
05-27 15:46:22.694  8905  8925 I ConfigStore: android::hardware::configstore::V1_0::ISurfaceFlingerConfigs::hasWideColorDisplay retrieved: 0
05-27 15:46:22.695  8905  8925 I ConfigStore: android::hardware::configstore::V1_0::ISurfaceFlingerConfigs::hasHDRDisplay retrieved: 0
05-27 15:46:22.695  8905  8925 I OpenGLRenderer: Initialized EGL, version 1.4
05-27 15:46:22.695  8905  8925 D OpenGLRenderer: Swap behavior 1
05-27 15:46:22.701  8905  8925 D EGL_emulation: eglCreateContext: 0x76388bc5f9c0: maj 3 min 1 rcv 4
05-27 15:46:22.719  1597  4173 I chatty  : uid=1000(system) RenderThread expire 12 lines
05-27 15:46:22.726  8928  8928 D libnativeloader: CrashArm64 config not exist or not readable: /system/vendor/firmware_mnt/zieih/CrashArm64
05-27 15:46:22.727  8928  8928 W dboxed_process: Unknown chunk type '200'.
05-27 15:46:22.729  8928  8928 I cr_SplitCompatApp: version=138.0.7204.179 (720417927) minSdkVersion=26 isBundle=true processName=com.android.chrome:sandboxed_process9 isIsolatedProcess=true
05-27 15:46:22.731  8928  8928 W SystemServiceRegistry: No service published for: uimode
05-27 15:46:22.731  8905  8925 E eglCodecCommon: glUtilsParamSize: unknow param 0x000082da
05-27 15:46:22.731  8905  8925 E eglCodecCommon: glUtilsParamSize: unknow param 0x000082e5
05-27 15:46:22.733  8928  8928 I cr_ChildProcessService: Creating new ChildProcessService pid=8928
05-27 15:46:22.736  8905  8925 D HostConnection: ExtendedRCEncoderContext GL_VERSION return OpenGL ES 3.1 v1
05-27 15:46:22.738  8905  8925 E eglCodecCommon: glUtilsParamSize: unknow param 0x00008c29
05-27 15:46:22.738  8905  8925 E eglCodecCommon: glUtilsParamSize: unknow param 0x000087fe
05-27 15:46:22.741  8905  8925 D vndksupport: Loading /vendor/lib64/hw/android.hardware.graphics.mapper@2.0-impl.so from current namespace instead of sphal namespace.
05-27 15:46:22.741  8905  8925 D vndksupport: Loading /vendor/lib64/hw/gralloc.default.so from current namespace instead of sphal namespace.
05-27 15:46:22.753  8928  8943 I cr_LibraryLoader: Successfully loaded native library
05-27 15:46:22.754  8928  8943 I cr_CachingUmaRecorder: Flushed 2 samples from 2 histograms, 0 samples were dropped.
05-27 15:46:22.766  8905  8925 E EGL_emulation: tid 8925: eglSurfaceAttrib(1504): error 0x3009 (EGL_BAD_MATCH)
05-27 15:46:22.766  8905  8925 W OpenGLRenderer: Failed to set EGL_SWAP_BEHAVIOR on surface 0x76388bc27f00, error=EGL_BAD_MATCH
05-27 15:46:22.808  1597  1612 I chatty  : uid=1000(system) android.bg expire 1 line
05-27 15:46:22.810  2324  2324 W ContextImpl: Calling a method in the system process without a qualified user: android.app.ContextImpl.startService:1531 android.content.ContextWrapper.startService:664 android.content.ContextWrapper.startService:664 com.android.coreservice.CoreBroadcastReceiver.onReceive:70 android.app.ActivityThread.handleReceiver:3424 
05-27 15:46:22.811  2324  2324 W ContextImpl: Calling a method in the system process without a qualified user: android.app.ContextImpl.startService:1531 android.content.ContextWrapper.startService:664 android.content.ContextWrapper.startService:664 com.android.coreservice.CoreBroadcastReceiver.onReceive:70 android.app.ActivityThread.handleReceiver:3424 
05-27 15:46:22.824  1597  2171 W SchedPolicy: add_tid_to_cgroup failed to write '6134' (No space left on device); fd=25
05-27 15:46:22.825  1597  2171 W SchedPolicy: add_tid_to_cgroup failed to write '8928' (No space left on device); fd=25
05-27 15:46:22.825  1597  2171 W SchedPolicy: add_tid_to_cgroup failed to write '8815' (No space left on device); fd=25
05-27 15:46:22.826  1597  2171 W SchedPolicy: add_tid_to_cgroup failed to write '2959' (No space left on device); fd=25
05-27 15:46:22.826  1597  2171 W SchedPolicy: add_tid_to_cgroup failed to write '6187' (No space left on device); fd=25
05-27 15:46:22.838  1597  1660 I ActivityManager: Killing 8815:com.android.chrome:sandboxed_process8/u0a59i32 (adj 0): isolated not needed
05-27 15:46:22.838  1597  1616 I chatty  : uid=1000(system) ActivityManager expire 3 lines
05-27 15:46:22.851  2324  2324 W ContextImpl: Calling a method in the system process without a qualified user: android.app.ContextImpl.startService:1531 android.content.ContextWrapper.startService:664 android.content.ContextWrapper.startService:664 com.android.coreservice.CoreBroadcastReceiver.onReceive:54 android.app.ActivityThread.handleReceiver:3424 
05-27 15:46:22.853  6134  6184 I chatty  : uid=10059(com.android.chrome) Chrome_ProcessL expire 1 line
05-27 15:46:22.863  1434  1434 I Zygote  : Process 8815 exited cleanly (0)
05-27 15:46:22.865  1597  1617 E KernelCpuSpeedReader: Failed to read cpu-freq: /sys/devices/system/cpu/cpu0/cpufreq/stats/time_in_state (No such file or directory)
05-27 15:46:22.865  1597  1617 E KernelWakelockReader: neither /proc/wakelocks nor /d/wakeup_sources exists
05-27 15:46:22.865  1597  1617 W BatteryStatsImpl: Couldn't get kernel wake lock stats
05-27 15:46:22.867  1462  1462 W SurfaceFlinger: couldn't log to binary event log: overflow.
05-27 15:46:22.869  1462  2227 W SurfaceFlinger: Attempting to set client state on removed layer: Splash Screen edu.mobilesec.ctrepro#0
05-27 15:46:22.869  1462  2227 W SurfaceFlinger: Attempting to destroy on removed layer: Splash Screen edu.mobilesec.ctrepro#0
05-27 15:46:22.873  1597  1613 W BroadcastQueue: Background execution not allowed: receiving Intent { act=android.intent.action.DROPBOX_ENTRY_ADDED flg=0x10 (has extras) } to com.google.android.gms/.stats.service.DropBoxEntryAddedReceiver
05-27 15:46:22.873  1597  1613 W BroadcastQueue: Background execution not allowed: receiving Intent { act=android.intent.action.DROPBOX_ENTRY_ADDED flg=0x10 (has extras) } to com.google.android.gms/.chimera.GmsIntentOperationService$PersistentTrustedReceiver
05-27 15:46:22.875  1597  1605 I chatty  : uid=1000(system) FinalizerDaemon expire 2 lines
05-27 15:46:22.889  1597  2171 W SchedPolicy: add_tid_to_cgroup failed to write '2423' (No space left on device); fd=24
05-27 15:46:22.896  1597  4957 W SchedPolicy: add_tid_to_cgroup failed to write '2423' (No space left on device); fd=25
05-27 15:46:23.031  6134  6134 I chatty  : uid=10059(com.android.chrome) expire 21 lines
05-27 15:46:24.114  8905  8905 I CT_REPRO: E02_state_inference_oracle | 1779867984113 | 1 | LAUNCH_REQUESTED | 0 | http://198.18.0.1:8000/content/pdf?trial=content_pdf_ok_t1 | com.android.chrome | Android 9 API 28 | 138.0.7204.179 | 准备打开 Custom Tab
05-27 15:46:24.120  1597  4957 I ActivityManager: START u0 {act=android.intent.action.VIEW dat=http://198.18.0.1:8000/... pkg=com.android.chrome cmp=com.android.chrome/com.google.android.apps.chrome.IntentDispatcher (has extras)} from uid 10053
05-27 15:46:24.131  2324  2324 W ContextImpl: Calling a method in the system process without a qualified user: android.app.ContextImpl.startService:1531 android.content.ContextWrapper.startService:664 android.content.ContextWrapper.startService:664 com.android.coreservice.CoreBroadcastReceiver.onReceive:45 android.app.ActivityThread.handleReceiver:3424 
05-27 15:46:24.135  1597  3563 W SchedPolicy: add_tid_to_cgroup failed to write '6134' (No space left on device); fd=27
05-27 15:46:24.135  1597  3563 W SchedPolicy: add_tid_to_cgroup failed to write '8905' (No space left on device); fd=24
05-27 15:46:24.135  1597  3563 W SchedPolicy: add_tid_to_cgroup failed to write '2959' (No space left on device); fd=24
05-27 15:46:24.135  1597  3563 W SchedPolicy: add_tid_to_cgroup failed to write '6187' (No space left on device); fd=27
05-27 15:46:24.199  1597  1698 I chatty  : uid=1000(system) WifiStateMachin expire 2 lines
05-27 15:46:24.199  1597  1729 I chatty  : uid=1000(system) wifiAwareServic expire 1 line
05-27 15:46:24.199  1597  1730 I chatty  : uid=1000(system) EthernetService expire 1 line
05-27 15:46:24.199  1934  1934 D PhoneSwitcherNetworkRequstListener: got request NetworkRequest [ TRACK_DEFAULT id=68, [ Capabilities: INTERNET&NOT_RESTRICTED&TRUSTED Unwanted:  Uid: 10059] ] with score 60
05-27 15:46:24.284  1597  1605 I chatty  : uid=1000(system) FinalizerDaemon expire 59 lines
05-27 15:46:24.349  1597  3566 I ActivityManager: START u0 {act=android.intent.action.VIEW dat=http://198.18.0.1:8000/... flg=0x2800000 pkg=com.android.chrome cmp=com.android.chrome/org.chromium.chrome.browser.customtabs.CustomTabActivity (has extras)} from uid 10059
05-27 15:46:24.358  2324  2324 W ContextImpl: Calling a method in the system process without a qualified user: android.app.ContextImpl.startService:1531 android.content.ContextWrapper.startService:664 android.content.ContextWrapper.startService:664 com.android.coreservice.CoreBroadcastReceiver.onReceive:45 android.app.ActivityThread.handleReceiver:3424 
05-27 15:46:24.453  1597  1597 I chatty  : uid=1000 system_server expire 1 line
05-27 15:46:24.471  1597  3566 W SchedPolicy: add_tid_to_cgroup failed to write '8928' (No space left on device); fd=24
05-27 15:46:24.472  1597  3566 W SchedPolicy: add_tid_to_cgroup failed to write '8928' (No space left on device); fd=27
05-27 15:46:24.486  8905  8905 I CT_REPRO: E02_state_inference_oracle | 1779867984485 | 373 | TAB_SHOWN | 5 | http://198.18.0.1:8000/content/pdf?trial=content_pdf_ok_t1 | com.android.chrome | Android 9 API 28 | 138.0.7204.179 | extras={timestampUptimeMillis=1576471}
05-27 15:46:24.514  1597  1605 I chatty  : uid=1000(system) FinalizerDaemon expire 104 lines
05-27 15:46:24.539  2324  2324 W ContextImpl: Calling a method in the system process without a qualified user: android.app.ContextImpl.startService:1531 android.content.ContextWrapper.startService:664 android.content.ContextWrapper.startService:664 com.android.coreservice.CoreBroadcastReceiver.onReceive:54 android.app.ActivityThread.handleReceiver:3424 
05-27 15:46:24.547  8905  8905 I CT_REPRO: E02_state_inference_oracle | 1779867984547 | 435 | NAVIGATION_STARTED | 1 | http://198.18.0.1:8000/content/pdf?trial=content_pdf_ok_t1 | com.android.chrome | Android 9 API 28 | 138.0.7204.179 | extras={timestampUptimeMillis=1576546}
05-27 15:46:24.570  1462  1462 I Binder:1462_2: type=1400 audit(0.0:2429): avc: denied { read write } for path="/dev/fastpipe" dev="tmpfs" ino=3085 scontext=u:r:untrusted_app:s0:c59,c256,c512,c768 tcontext=u:object_r:device:s0 tclass=chr_file permissive=1
05-27 15:46:24.579  6134  7758 I chatty  : uid=10059(com.android.chrome) RenderThread expire 8 lines
05-27 15:46:24.661  8905  8905 I CT_REPRO: E02_state_inference_oracle | 1779867984661 | 549 | NAVIGATION_ABORTED | 4 | http://198.18.0.1:8000/content/pdf?trial=content_pdf_ok_t1 | com.android.chrome | Android 9 API 28 | 138.0.7204.179 | extras={timestampUptimeMillis=1576661}
05-27 15:46:24.700  1462  2638 D SurfaceFlinger: duplicate layer name: changing com.android.chrome/org.chromium.chrome.browser.customtabs.CustomTabActivity to com.android.chrome/org.chromium.chrome.browser.customtabs.CustomTabActivity#1
05-27 15:46:24.736  2324  2324 I oid.coreservice: type=1400 audit(0.0:2430): avc: denied { ioctl } for path="/dev/fastpipe" dev="tmpfs" ino=3085 ioctlcmd=6867 scontext=u:r:system_app:s0 tcontext=u:object_r:device:s0 tclass=chr_file permissive=1
05-27 15:46:24.739  2324  2324 W ContextImpl: Calling a method in the system process without a qualified user: android.app.ContextImpl.startService:1531 android.content.ContextWrapper.startService:664 android.content.ContextWrapper.startService:664 com.android.coreservice.CoreBroadcastReceiver.onReceive:70 android.app.ActivityThread.handleReceiver:3424 
05-27 15:46:24.740  2324  2324 I chatty  : uid=1000(system) com.android.coreservice identical 1 line
05-27 15:46:24.742  2324  2324 W ContextImpl: Calling a method in the system process without a qualified user: android.app.ContextImpl.startService:1531 android.content.ContextWrapper.startService:664 android.content.ContextWrapper.startService:664 com.android.coreservice.CoreBroadcastReceiver.onReceive:70 android.app.ActivityThread.handleReceiver:3424 
05-27 15:46:24.768  6134  6134 I chatty  : uid=10059(com.android.chrome) expire 45 lines
05-27 15:46:24.769  6187  6235 I chatty  : uid=10059(com.android.chrome) VizCompositorTh expire 2 lines
05-27 15:46:24.773  1597  1612 I chatty  : uid=1000(system) android.bg expire 1 line
05-27 15:46:24.785  6187  6211 I chatty  : uid=10059(com.android.chrome) CrGpuMain expire 54 lines
05-27 15:46:24.887  1597  1613 W SchedPolicy: add_tid_to_cgroup failed to write '8905' (No space left on device); fd=25
05-27 15:46:24.925  2324  2324 W ContextImpl: Calling a method in the system process without a qualified user: android.app.ContextImpl.startService:1531 android.content.ContextWrapper.startService:664 android.content.ContextWrapper.startService:664 com.android.coreservice.CoreBroadcastReceiver.onReceive:54 android.app.ActivityThread.handleReceiver:3424 
05-27 15:46:25.480  1459  1459 I ldinit  : type=1400 audit(0.0:2432): avc: denied { read } for name="partitions" dev="proc" ino=4026532046 scontext=u:r:ldinit:s0 tcontext=u:object_r:proc:s0 tclass=file permissive=1
05-27 15:46:25.480  1459  1459 I ldinit  : type=1400 audit(0.0:2433): avc: denied { open } for path="/proc/partitions" dev="proc" ino=4026532046 scontext=u:r:ldinit:s0 tcontext=u:object_r:proc:s0 tclass=file permissive=1
05-27 15:46:25.480  1459  1459 I ldinit  : type=1400 audit(0.0:2434): avc: denied { getattr } for path="/proc/partitions" dev="proc" ino=4026532046 scontext=u:r:ldinit:s0 tcontext=u:object_r:proc:s0 tclass=file permissive=1
05-27 15:46:31.370  1462  1462 I Binder:1462_1: type=1400 audit(0.0:2435): avc: denied { read write } for path="/dev/fastpipe" dev="tmpfs" ino=3085 scontext=u:r:shell:s0 tcontext=u:object_r:device:s0 tclass=chr_file permissive=1
05-27 15:46:31.373  8992  8992 I screencap: type=1400 audit(0.0:2436): avc: denied { open } for path="/dev/fastpipe" dev="tmpfs" ino=3085 scontext=u:r:shell:s0 tcontext=u:object_r:device:s0 tclass=chr_file permissive=1
05-27 15:46:31.373  8992  8992 I screencap: type=1400 audit(0.0:2437): avc: denied { ioctl } for path="/dev/fastpipe" dev="tmpfs" ino=3085 ioctlcmd=6864 scontext=u:r:shell:s0 tcontext=u:object_r:device:s0 tclass=chr_file permissive=1
05-27 15:46:31.376  8992  8992 E cutils-trace: Error opening trace file: No such file or directory (2)
05-27 15:46:31.377  8992  8992 D vndksupport: Loading /vendor/lib64/hw/android.hardware.graphics.mapper@2.0-impl.so from current namespace instead of sphal namespace.
05-27 15:46:31.377  8992  8992 D vndksupport: Loading /vendor/lib64/hw/gralloc.default.so from current namespace instead of sphal namespace.
05-27 15:46:31.380  8992  8992 I screencap: type=1400 audit(0.0:2438): avc: denied { open } for path="/data/local/cfg-zieih/gl_force" dev="sdb2" ino=393567 scontext=u:r:shell:s0 tcontext=u:object_r:system_data_file:s0 tclass=file permissive=1
05-27 15:46:31.381  8992  8992 I         : fastpipe: Connect success
05-27 15:46:31.383  8992  8992 I         : fastpipe: Connect success
05-27 15:46:31.383  8992  8992 D HostConnection: HostRPC::connect sucess: app=screencap, pid=8992, tid=8992, this=0x763893ee4540
05-27 15:46:31.383  8992  8992 D HostConnection: queryAndSetGLESMaxVersion select gles-version: 3.1 hostGLVersion:46 process:screencap
05-27 15:46:31.489  2577  2577 D MediaScannerReceiver: action: android.intent.action.MEDIA_SCANNER_SCAN_FILE path: /storage/emulated/0/e02_content_pdf_ok_t1.png
05-27 15:46:31.718  9001  9001 I appproc : app_process main with argv: /system/bin com.android.commands.input.Input keyevent 4 
05-27 15:46:31.718  9001  9001 D AndroidRuntime: >>>>>> START com.android.internal.os.RuntimeInit uid 2000 <<<<<<
05-27 15:46:31.720  9001  9001 E cutils-trace: Error opening trace file: No such file or directory (2)
05-27 15:46:31.728  9001  9001 V libnb   : enter native_bridge2_isCompatibleWith 3
05-27 15:46:31.734  9001  9001 I libnb   : Found /system/lib64/libhoudini.so version 3
05-27 15:46:31.746  9001  9001 I main    : type=1400 audit(0.0:2439): avc: denied { mounton } for path="/proc/cpuinfo" dev="proc" ino=4026531992 scontext=u:r:shell:s0 tcontext=u:object_r:proc_cpuinfo:s0 tclass=file permissive=1
05-27 15:46:31.749  9001  9001 I app_process: The ClassLoaderContext is a special shared library.
05-27 15:46:31.750  9001  9001 W app_process: Could not create mount namespace.
05-27 15:46:31.750  9001  9001 D nativebridge: PreInitializeNativeBridge name=unknown instruction_set=x86_64
05-27 15:46:31.750  9001  9001 W nativebridge: Failed to bind-mount /data/local/cfg-zieih/ as /proc/cpuinfo: No such file or directory
05-27 15:46:31.750  9001  9001 W nativebridge: Failed to bind-mount /system/lib64/x86_64/cpuinfo as /proc/cpuinfo: Operation not permitted
05-27 15:46:31.750  9001  9001 D nativebridge: call UnloadNativeBridge! state=2
05-27 15:46:31.765  9001  9001 D AndroidRuntime: Calling main entry com.android.commands.input.Input
05-27 15:46:31.766  9001  9001 I Input   : injectKeyEvent: KeyEvent { action=ACTION_DOWN, keyCode=KEYCODE_BACK, scanCode=0, metaState=0, flags=0x0, repeatCount=0, eventTime=1583765, downTime=1583765, deviceId=-1, source=0x101 }
05-27 15:46:31.773  1597  1597 I chatty  : uid=1000 system_server expire 1 line
05-27 15:46:31.782  9001  9001 I Input   : injectKeyEvent: KeyEvent { action=ACTION_UP, keyCode=KEYCODE_BACK, scanCode=0, metaState=0, flags=0x0, repeatCount=0, eventTime=1583765, downTime=1583765, deviceId=-1, source=0x101 }
05-27 15:46:31.789  1597  1614 D AutofillManagerService: onBackKeyPressed()
05-27 15:46:31.798  9001  9001 D AndroidRuntime: Shutting down VM
05-27 15:46:31.805  2324  2324 W ContextImpl: Calling a method in the system process without a qualified user: android.app.ContextImpl.startService:1531 android.content.ContextWrapper.startService:664 android.content.ContextWrapper.startService:664 com.android.coreservice.CoreBroadcastReceiver.onReceive:70 android.app.ActivityThread.handleReceiver:3424 
05-27 15:46:31.864  1462  2227 W SurfaceFlinger: Attempting to set client state on removed layer: Dim Layer for - Task=40#0
05-27 15:46:31.864  1462  2227 W SurfaceFlinger: Attempting to set client state on removed layer: com.android.chrome/org.chromium.chrome.browser.customtabs.CustomTabActivity#1
05-27 15:46:31.864  1462  2227 W SurfaceFlinger: Attempting to destroy on removed layer: Dim Layer for - Task=40#0
05-27 15:46:31.864  1462  2227 W SurfaceFlinger: Attempting to destroy on removed layer: com.android.chrome/org.chromium.chrome.browser.customtabs.CustomTabActivity#1
05-27 15:46:33.973  1597  4957 I ActivityManager: Force stopping edu.mobilesec.ctrepro appid=10053 user=0: from pid 9018
05-27 15:46:33.973  1597  4957 I ActivityManager: Killing 8905:edu.mobilesec.ctrepro/u0a53 (adj 700): stop edu.mobilesec.ctrepro
05-27 15:46:33.973  1597  1616 I chatty  : uid=1000(system) ActivityManager expire 1 line
05-27 15:46:33.974  1597  4957 I ActivityManager:   Force finishing activity ActivityRecord{21e6b35 u0 edu.mobilesec.ctrepro/.MainActivity t40}
05-27 15:46:33.974  1597  4957 I ActivityManager:   Force finishing activity ActivityRecord{3f3a806 u0 com.android.chrome/org.chromium.chrome.browser.customtabs.CustomTabActivity t40}
05-27 15:46:33.975  1597  4957 I ActivityManager:   Force finishing activity ActivityRecord{21e6b35 u0 edu.mobilesec.ctrepro/.MainActivity t40 f}
05-27 15:46:33.975  1597  4957 W ActivityManager: Duplicate finish request for ActivityRecord{21e6b35 u0 edu.mobilesec.ctrepro/.MainActivity t40 f}
05-27 15:46:33.975  1597  4957 I ActivityManager:   Force finishing activity ActivityRecord{3f3a806 u0 com.android.chrome/org.chromium.chrome.browser.customtabs.CustomTabActivity t40 f}
05-27 15:46:33.975  1597  4957 W ActivityManager: Duplicate finish request for ActivityRecord{3f3a806 u0 com.android.chrome/org.chromium.chrome.browser.customtabs.CustomTabActivity t40 f}
05-27 15:46:33.976  1597  1613 W SchedPolicy: add_tid_to_cgroup failed to write '6134' (No space left on device); fd=24
05-27 15:46:33.976  1597  1613 W SchedPolicy: add_tid_to_cgroup failed to write '8928' (No space left on device); fd=24
05-27 15:46:33.976  1597  1613 W SchedPolicy: add_tid_to_cgroup failed to write '2386' (No space left on device); fd=27
05-27 15:46:33.977  1597  1613 W SchedPolicy: add_tid_to_cgroup failed to write '2669' (No space left on device); fd=24
05-27 15:46:33.977  1597  1613 W SchedPolicy: add_tid_to_cgroup failed to write '6187' (No space left on device); fd=24
05-27 15:46:33.977  1597  1613 W SchedPolicy: add_tid_to_cgroup failed to write '4075' (No space left on device); fd=24
05-27 15:46:33.977  1934  1934 D CarrierSvcBindHelper: No carrier app for: 0
05-27 15:46:33.977  2324  2324 W ContextImpl: Calling a method in the system process without a qualified user: android.app.ContextImpl.startService:1531 android.content.ContextWrapper.startService:664 android.content.ContextWrapper.startService:664 com.android.coreservice.CoreBroadcastReceiver.onReceive:54 android.app.ActivityThread.handleReceiver:3424 
05-27 15:46:33.981  1597  1685 I chatty  : uid=1000(system) InputDispatcher expire 2 lines
05-27 15:46:33.981  1597  2228 I WindowManager: WIN DEATH: Window{b9732ef u0 edu.mobilesec.ctrepro/edu.mobilesec.ctrepro.MainActivity}
05-27 15:46:33.981  1597  2228 I chatty  : uid=1000(system) Binder:1597_C expire 1 line
05-27 15:46:33.993  1433  1433 I Zygote  : Process 8905 exited due to signal (9)
05-27 15:46:34.007  1597  1622 W ActivityManager: setHasOverlayUi called on unknown pid: 8905
05-27 15:46:34.017  1597  1616 I chatty  : uid=1000(system) ActivityManager expire 2 lines
05-27 15:46:34.045  2324  2324 W ContextImpl: Calling a method in the system process without a qualified user: android.app.ContextImpl.sendBroadcast:1020 android.content.ContextWrapper.sendBroadcast:449 com.android.coreservice.TabManager.notifyClosing:413 com.android.coreservice.TabManager.updateInner:200 com.android.coreservice.TabManager.onUpdate:235 
05-27 15:46:34.054  1597  1605 I chatty  : uid=1000(system) FinalizerDaemon expire 6 lines
05-27 15:46:34.059  2324  2324 I CoreService: notifyClosing notify tab closed taskPackageName:edu.mobilesec.ctrepro
05-27 15:46:34.059  1597  3563 I ActivityManager: START u0 {flg=0x10000000 cmp=edu.mobilesec.ctrepro/.MainActivity (has extras)} from uid 2000
05-27 15:46:34.072  2324  2324 W oid.coreservic: Unknown chunk type '200'.
05-27 15:46:34.089  2324  2324 W ContextImpl: Calling a method in the system process without a qualified user: android.app.ContextImpl.startService:1531 android.content.ContextWrapper.startService:664 android.content.ContextWrapper.startService:664 com.android.coreservice.CoreBroadcastReceiver.onReceive:45 android.app.ActivityThread.handleReceiver:3424 
05-27 15:46:34.100  1449  1449 I HwBinder:1449_2: type=1400 audit(0.0:2442): avc: denied { read write } for name="fastpipe" dev="tmpfs" ino=3085 scontext=u:r:hal_graphics_allocator_default:s0 tcontext=u:object_r:device:s0 tclass=chr_file permissive=1
05-27 15:46:34.100  1449  1449 I HwBinder:1449_2: type=1400 audit(0.0:2443): avc: denied { open } for path="/dev/fastpipe" dev="tmpfs" ino=3085 scontext=u:r:hal_graphics_allocator_default:s0 tcontext=u:object_r:device:s0 tclass=chr_file permissive=1
05-27 15:46:34.100  1449  1449 I HwBinder:1449_2: type=1400 audit(0.0:2444): avc: denied { ioctl } for path="/dev/fastpipe" dev="tmpfs" ino=3085 ioctlcmd=686b scontext=u:r:hal_graphics_allocator_default:s0 tcontext=u:object_r:device:s0 tclass=chr_file permissive=1
05-27 15:46:34.100  1450  1450 I HwBinder:1450_2: type=1400 audit(0.0:2445): avc: denied { ioctl } for path="/dev/fastpipe" dev="tmpfs" ino=3085 ioctlcmd=6867 scontext=u:r:hal_graphics_composer_default:s0 tcontext=u:object_r:device:s0 tclass=chr_file permissive=1
05-27 15:46:34.101  1597  2171 W SchedPolicy: add_tid_to_cgroup failed to write '2386' (No space left on device); fd=25
05-27 15:46:34.101  2324  2324 W ContextImpl: Calling a method in the system process without a qualified user: android.app.ContextImpl.startService:1531 android.content.ContextWrapper.startService:664 android.content.ContextWrapper.startService:664 com.android.coreservice.CoreBroadcastReceiver.onReceive:45 android.app.ActivityThread.handleReceiver:3424 
05-27 15:46:34.101  1597  2171 W SchedPolicy: add_tid_to_cgroup failed to write '2669' (No space left on device); fd=25
05-27 15:46:34.101  1597  2171 W SchedPolicy: add_tid_to_cgroup failed to write '4075' (No space left on device); fd=25
05-27 15:46:34.140  1462  1462 I surfaceflinger: type=1400 audit(0.0:2446): avc: denied { read write } for path="/dev/fastpipe" dev="tmpfs" ino=3085 scontext=u:r:hal_graphics_composer_default:s0 tcontext=u:object_r:device:s0 tclass=chr_file permissive=1
05-27 15:46:34.165  1597  1615 W ActivityManager: Slow operation: 55ms so far, now at startProcess: returned from zygote!
05-27 15:46:34.165  1597  1615 W ActivityManager: Slow operation: 55ms so far, now at startProcess: done updating battery stats
05-27 15:46:34.184  1597  1615 W ActivityManager: Slow operation: 74ms so far, now at startProcess: building log message
05-27 15:46:34.185  1597  1615 I ActivityManager: Start proc 9028:edu.mobilesec.ctrepro/u0a53 for activity edu.mobilesec.ctrepro/.MainActivity
05-27 15:46:34.185  1597  1615 W ActivityManager: Slow operation: 75ms so far, now at startProcess: starting to update pids map
05-27 15:46:34.185  1597  1615 W ActivityManager: Slow operation: 75ms so far, now at startProcess: done updating pids map
05-27 15:46:34.188  9028  9028 I Zygote  : seccomp disabled by setenforce 0
05-27 15:46:34.189  9028  9028 I bilesec.ctrepr: Late-enabling -Xcheck:jni
05-27 15:46:34.197  9028  9028 D nativebridge: call UnloadNativeBridge! state=1
05-27 15:46:34.205  1597  3566 W SchedPolicy: add_tid_to_cgroup failed to write '9028' (No space left on device); fd=27
05-27 15:46:34.269  2324  2324 W ContextImpl: Calling a method in the system process without a qualified user: android.app.ContextImpl.startService:1531 android.content.ContextWrapper.startService:664 android.content.ContextWrapper.startService:664 com.android.coreservice.CoreBroadcastReceiver.onReceive:54 android.app.ActivityThread.handleReceiver:3424 
05-27 15:46:34.311  9028  9028 D libnativeloader: CrashArm64 config not exist or not readable: /system/vendor/firmware_mnt/zieih/CrashArm64
05-27 15:46:34.392  9028  9028 D OpenGLRenderer: Skia GL Pipeline
05-27 15:46:34.393  2324  2324 W ContextImpl: Calling a method in the system process without a qualified user: android.app.ContextImpl.startService:1531 android.content.ContextWrapper.startService:664 android.content.ContextWrapper.startService:664 com.android.coreservice.CoreBroadcastReceiver.onReceive:54 android.app.ActivityThread.handleReceiver:3424 
05-27 15:46:34.469  9028  9046 I         : fastpipe: Connect success
05-27 15:46:34.470  9028  9046 I         : fastpipe: Connect success
05-27 15:46:34.471  9028  9046 D HostConnection: HostRPC::connect sucess: app=edu.mobilesec.ctrepro, pid=9028, tid=9046, this=0x76388bcdf400
05-27 15:46:34.471  9028  9046 D HostConnection: queryAndSetGLESMaxVersion select gles-version: 3.1 hostGLVersion:46 process:edu.mobilesec.ctrepro
05-27 15:46:34.472  9028  9028 I CT_REPRO: E02_state_inference_oracle | 1779867994471 | 0 | SERVICE_CONNECTED | 0 | http://198.18.0.1:8000/content/pdf?trial=content_pdf_ok_t2 | com.android.chrome | Android 9 API 28 | 138.0.7204.179 | component=com.android.chrome/org.chromium.chrome.browser.customtabs.CustomTabsConnectionService
05-27 15:46:34.473  9028  9046 I ConfigStore: android::hardware::configstore::V1_0::ISurfaceFlingerConfigs::hasWideColorDisplay retrieved: 0
05-27 15:46:34.473  9028  9046 I ConfigStore: android::hardware::configstore::V1_0::ISurfaceFlingerConfigs::hasHDRDisplay retrieved: 0
05-27 15:46:34.473  9028  9046 I OpenGLRenderer: Initialized EGL, version 1.4
05-27 15:46:34.473  9028  9046 D OpenGLRenderer: Swap behavior 1
05-27 15:46:34.477  9028  9046 D EGL_emulation: eglCreateContext: 0x76388bc5f9c0: maj 3 min 1 rcv 4
05-27 15:46:34.484  1434  1434 D libnativeloader: CrashArm64 config not exist or not readable: /system/vendor/firmware_mnt/zieih/CrashArm64
05-27 15:46:34.484  1434  1434 I Zygote  : IsCopy  libcrashcatcher: 0
05-27 15:46:34.491  1597  1615 I ActivityManager: Start proc 9049:com.android.chrome:sandboxed_process10/u0i34 for service com.android.chrome/org.chromium.content.app.SandboxedProcessService10
05-27 15:46:34.500  9049  9049 W nativebridge: Failed to bind-mount /data/local/cfg-zieih/ as /proc/cpuinfo: Not a directory
05-27 15:46:34.502  9049  9049 I Zygote  : seccomp disabled by setenforce 0
05-27 15:46:34.503  9049  9049 D nativebridge: call UnloadNativeBridge! state=1
05-27 15:46:34.511  9028  9046 E eglCodecCommon: glUtilsParamSize: unknow param 0x000082da
05-27 15:46:34.511  9028  9046 E eglCodecCommon: glUtilsParamSize: unknow param 0x000082e5
05-27 15:46:34.513  1597  1612 I chatty  : uid=1000(system) android.bg expire 2 lines
05-27 15:46:34.514  9028  9046 D HostConnection: ExtendedRCEncoderContext GL_VERSION return OpenGL ES 3.1 v1
05-27 15:46:34.516  9028  9046 E eglCodecCommon: glUtilsParamSize: unknow param 0x00008c29
05-27 15:46:34.517  9028  9046 E eglCodecCommon: glUtilsParamSize: unknow param 0x000087fe
05-27 15:46:34.520  9028  9046 D vndksupport: Loading /vendor/lib64/hw/android.hardware.graphics.mapper@2.0-impl.so from current namespace instead of sphal namespace.
05-27 15:46:34.520  9028  9046 D vndksupport: Loading /vendor/lib64/hw/gralloc.default.so from current namespace instead of sphal namespace.
05-27 15:46:34.524  9028  9046 E EGL_emulation: tid 9046: eglSurfaceAttrib(1504): error 0x3009 (EGL_BAD_MATCH)
05-27 15:46:34.524  9028  9046 W OpenGLRenderer: Failed to set EGL_SWAP_BEHAVIOR on surface 0x76388bd86100, error=EGL_BAD_MATCH
05-27 15:46:34.534  1597  4173 I chatty  : uid=1000(system) RenderThread expire 12 lines
05-27 15:46:34.560  9049  9049 D libnativeloader: CrashArm64 config not exist or not readable: /system/vendor/firmware_mnt/zieih/CrashArm64
05-27 15:46:34.561  9049  9049 W boxed_process1: Unknown chunk type '200'.
05-27 15:46:34.568  9049  9049 I cr_SplitCompatApp: version=138.0.7204.179 (720417927) minSdkVersion=26 isBundle=true processName=com.android.chrome:sandboxed_process10 isIsolatedProcess=true
05-27 15:46:34.571  9049  9049 W SystemServiceRegistry: No service published for: uimode
05-27 15:46:34.573  9049  9049 I cr_ChildProcessService: Creating new ChildProcessService pid=9049
05-27 15:46:34.585  1597  1612 I chatty  : uid=1000(system) android.bg expire 1 line
05-27 15:46:34.586  2324  2324 W ContextImpl: Calling a method in the system process without a qualified user: android.app.ContextImpl.startService:1531 android.content.ContextWrapper.startService:664 android.content.ContextWrapper.startService:664 com.android.coreservice.CoreBroadcastReceiver.onReceive:70 android.app.ActivityThread.handleReceiver:3424 
05-27 15:46:34.588  2324  2324 W ContextImpl: Calling a method in the system process without a qualified user: android.app.ContextImpl.startService:1531 android.content.ContextWrapper.startService:664 android.content.ContextWrapper.startService:664 com.android.coreservice.CoreBroadcastReceiver.onReceive:70 android.app.ActivityThread.handleReceiver:3424 
05-27 15:46:34.589  9028  9028 I CT_REPRO: E02_state_inference_oracle | 1779867994589 | 0 | extraCallback:onWarmupCompleted | 10000 | http://198.18.0.1:8000/content/pdf?trial=content_pdf_ok_t2 | com.android.chrome | Android 9 API 28 | 138.0.7204.179 | bundle={}
05-27 15:46:34.590  9049  9064 I cr_LibraryLoader: Successfully loaded native library
05-27 15:46:34.591  9049  9064 I cr_CachingUmaRecorder: Flushed 2 samples from 2 histograms, 0 samples were dropped.
05-27 15:46:34.617  1597  2637 W SchedPolicy: add_tid_to_cgroup failed to write '6134' (No space left on device); fd=25
05-27 15:46:34.617  1597  2637 W SchedPolicy: add_tid_to_cgroup failed to write '9049' (No space left on device); fd=25
05-27 15:46:34.617  1597  2637 W SchedPolicy: add_tid_to_cgroup failed to write '8928' (No space left on device); fd=25
05-27 15:46:34.617  1597  2637 W SchedPolicy: add_tid_to_cgroup failed to write '2959' (No space left on device); fd=25
05-27 15:46:34.617  1597  2637 W SchedPolicy: add_tid_to_cgroup failed to write '6187' (No space left on device); fd=25
05-27 15:46:34.631  1461  1461 E lowmemorykiller: Error writing /proc/8928/oom_score_adj; errno=22
05-27 15:46:34.631  1597  2636 I ActivityManager: Killing 8928:com.android.chrome:sandboxed_process9/u0a59i33 (adj 0): isolated not needed
05-27 15:46:34.631  1597  1616 I chatty  : uid=1000(system) ActivityManager expire 3 lines
05-27 15:46:34.641  2324  2324 W ContextImpl: Calling a method in the system process without a qualified user: android.app.ContextImpl.startService:1531 android.content.ContextWrapper.startService:664 android.content.ContextWrapper.startService:664 com.android.coreservice.CoreBroadcastReceiver.onReceive:54 android.app.ActivityThread.handleReceiver:3424 
05-27 15:46:34.642  1462  2227 W SurfaceFlinger: Attempting to destroy on removed layer: AppWindowToken{5ab9cf4 token=Token{6948ec7 ActivityRecord{3f3a806 u0 com.android.chrome/org.chromium.chrome.browser.customtabs.CustomTabActivity t40}}}#0
05-27 15:46:34.643  1462  1462 W SurfaceFlinger: couldn't log to binary event log: overflow.
05-27 15:46:34.644  6134  6184 I chatty  : uid=10059(com.android.chrome) Chrome_ProcessL expire 1 line
05-27 15:46:34.646  1462  2227 W SurfaceFlinger: Attempting to set client state on removed layer: Splash Screen edu.mobilesec.ctrepro#0
05-27 15:46:34.646  1462  2227 W SurfaceFlinger: Attempting to destroy on removed layer: Splash Screen edu.mobilesec.ctrepro#0
05-27 15:46:34.654  1597  1617 E KernelCpuSpeedReader: Failed to read cpu-freq: /sys/devices/system/cpu/cpu0/cpufreq/stats/time_in_state (No such file or directory)
05-27 15:46:34.654  1434  1434 I Zygote  : Process 8928 exited cleanly (0)
05-27 15:46:34.655  1597  1617 E KernelWakelockReader: neither /proc/wakelocks nor /d/wakeup_sources exists
05-27 15:46:34.655  1597  1617 W BatteryStatsImpl: Couldn't get kernel wake lock stats
05-27 15:46:34.669  1597  1613 W BroadcastQueue: Background execution not allowed: receiving Intent { act=android.intent.action.DROPBOX_ENTRY_ADDED flg=0x10 (has extras) } to com.google.android.gms/.stats.service.DropBoxEntryAddedReceiver
05-27 15:46:34.669  1597  1613 W BroadcastQueue: Background execution not allowed: receiving Intent { act=android.intent.action.DROPBOX_ENTRY_ADDED flg=0x10 (has extras) } to com.google.android.gms/.chimera.GmsIntentOperationService$PersistentTrustedReceiver
05-27 15:46:34.689  1597  2636 W SchedPolicy: add_tid_to_cgroup failed to write '2423' (No space left on device); fd=24
05-27 15:46:34.696  1597  2228 W SchedPolicy: add_tid_to_cgroup failed to write '2423' (No space left on device); fd=25
05-27 15:46:35.500  1459  1459 I ldinit  : type=1400 audit(0.0:2464): avc: denied { read } for name="partitions" dev="proc" ino=4026532046 scontext=u:r:ldinit:s0 tcontext=u:object_r:proc:s0 tclass=file permissive=1
05-27 15:46:35.500  1459  1459 I ldinit  : type=1400 audit(0.0:2465): avc: denied { open } for path="/proc/partitions" dev="proc" ino=4026532046 scontext=u:r:ldinit:s0 tcontext=u:object_r:proc:s0 tclass=file permissive=1
05-27 15:46:35.500  1459  1459 I ldinit  : type=1400 audit(0.0:2466): avc: denied { getattr } for path="/proc/partitions" dev="proc" ino=4026532046 scontext=u:r:ldinit:s0 tcontext=u:object_r:proc:s0 tclass=file permissive=1
05-27 15:46:35.893  9028  9028 I CT_REPRO: E02_state_inference_oracle | 1779867995893 | 1 | LAUNCH_REQUESTED | 0 | http://198.18.0.1:8000/content/pdf?trial=content_pdf_ok_t2 | com.android.chrome | Android 9 API 28 | 138.0.7204.179 | 准备打开 Custom Tab
05-27 15:46:35.899  1597  2228 I ActivityManager: START u0 {act=android.intent.action.VIEW dat=http://198.18.0.1:8000/... pkg=com.android.chrome cmp=com.android.chrome/com.google.android.apps.chrome.IntentDispatcher (has extras)} from uid 10053
05-27 15:46:35.906  2324  2324 I oid.coreservice: type=1400 audit(0.0:2467): avc: denied { ioctl } for path="/dev/fastpipe" dev="tmpfs" ino=3085 ioctlcmd=6867 scontext=u:r:system_app:s0 tcontext=u:object_r:device:s0 tclass=chr_file permissive=1
05-27 15:46:35.910  2324  2324 W ContextImpl: Calling a method in the system process without a qualified user: android.app.ContextImpl.startService:1531 android.content.ContextWrapper.startService:664 android.content.ContextWrapper.startService:664 com.android.coreservice.CoreBroadcastReceiver.onReceive:45 android.app.ActivityThread.handleReceiver:3424 
05-27 15:46:35.914  6134  6134 I chatty  : uid=10059(com.android.chrome) expire 21 lines
05-27 15:46:35.914  1597  2636 W SchedPolicy: add_tid_to_cgroup failed to write '6134' (No space left on device); fd=27
05-27 15:46:35.914  1597  2636 W SchedPolicy: add_tid_to_cgroup failed to write '9028' (No space left on device); fd=24
05-27 15:46:35.915  1597  2636 W SchedPolicy: add_tid_to_cgroup failed to write '2959' (No space left on device); fd=24
05-27 15:46:35.915  1597  2636 W SchedPolicy: add_tid_to_cgroup failed to write '6187' (No space left on device); fd=27
05-27 15:46:35.981  1597  1698 I chatty  : uid=1000(system) WifiStateMachin expire 2 lines
05-27 15:46:35.981  1597  1730 I chatty  : uid=1000(system) EthernetService expire 1 line
05-27 15:46:35.981  1934  1934 D PhoneSwitcherNetworkRequstListener: got request NetworkRequest [ TRACK_DEFAULT id=70, [ Capabilities: INTERNET&NOT_RESTRICTED&TRUSTED Unwanted:  Uid: 10059] ] with score 60
05-27 15:46:35.982  1597  1729 I chatty  : uid=1000(system) wifiAwareServic expire 1 line
05-27 15:46:36.023  1597  1605 I chatty  : uid=1000(system) FinalizerDaemon expire 88 lines
05-27 15:46:36.096  1751  1751 I Binder:1751_5: type=1400 audit(0.0:2468): avc: denied { search } for name="/" dev="vboxsf" ino=1 scontext=u:r:platform_app:s0:c512,c768 tcontext=u:object_r:unlabeled:s0 tclass=dir permissive=1
05-27 15:46:36.103  1597  2228 I ActivityManager: START u0 {act=android.intent.action.VIEW dat=http://198.18.0.1:8000/... flg=0x2800000 pkg=com.android.chrome cmp=com.android.chrome/org.chromium.chrome.browser.customtabs.CustomTabActivity (has extras)} from uid 10059
05-27 15:46:36.119  2324  2324 W ContextImpl: Calling a method in the system process without a qualified user: android.app.ContextImpl.startService:1531 android.content.ContextWrapper.startService:664 android.content.ContextWrapper.startService:664 com.android.coreservice.CoreBroadcastReceiver.onReceive:45 android.app.ActivityThread.handleReceiver:3424 
05-27 15:46:36.352  1597  2228 W SchedPolicy: add_tid_to_cgroup failed to write '9049' (No space left on device); fd=24
05-27 15:46:36.353  9028  9028 I CT_REPRO: E02_state_inference_oracle | 1779867996353 | 461 | TAB_SHOWN | 5 | http://198.18.0.1:8000/content/pdf?trial=content_pdf_ok_t2 | com.android.chrome | Android 9 API 28 | 138.0.7204.179 | extras={timestampUptimeMillis=1588352}
05-27 15:46:36.353  1597  2228 W SchedPolicy: add_tid_to_cgroup failed to write '9049' (No space left on device); fd=27
05-27 15:46:36.399  2324  2324 W ContextImpl: Calling a method in the system process without a qualified user: android.app.ContextImpl.startService:1531 android.content.ContextWrapper.startService:664 android.content.ContextWrapper.startService:664 com.android.coreservice.CoreBroadcastReceiver.onReceive:54 android.app.ActivityThread.handleReceiver:3424 
05-27 15:46:36.408  9028  9028 I CT_REPRO: E02_state_inference_oracle | 1779867996408 | 516 | NAVIGATION_STARTED | 1 | http://198.18.0.1:8000/content/pdf?trial=content_pdf_ok_t2 | com.android.chrome | Android 9 API 28 | 138.0.7204.179 | extras={timestampUptimeMillis=1588408}
05-27 15:46:36.505  9028  9028 I CT_REPRO: E02_state_inference_oracle | 1779867996505 | 613 | NAVIGATION_ABORTED | 4 | http://198.18.0.1:8000/content/pdf?trial=content_pdf_ok_t2 | com.android.chrome | Android 9 API 28 | 138.0.7204.179 | extras={timestampUptimeMillis=1588504}
05-27 15:46:36.523  1462  1462 I Binder:1462_1: type=1400 audit(0.0:2471): avc: denied { read write } for path="/dev/fastpipe" dev="tmpfs" ino=3085 scontext=u:r:untrusted_app:s0:c59,c256,c512,c768 tcontext=u:object_r:device:s0 tclass=chr_file permissive=1
05-27 15:46:36.547  1462  1537 D SurfaceFlinger: duplicate layer name: changing com.android.chrome/org.chromium.chrome.browser.customtabs.CustomTabActivity to com.android.chrome/org.chromium.chrome.browser.customtabs.CustomTabActivity#1
05-27 15:46:36.555  2324  2324 W ContextImpl: Calling a method in the system process without a qualified user: android.app.ContextImpl.startService:1531 android.content.ContextWrapper.startService:664 android.content.ContextWrapper.startService:664 com.android.coreservice.CoreBroadcastReceiver.onReceive:70 android.app.ActivityThread.handleReceiver:3424 
05-27 15:46:36.556  2324  2324 W ContextImpl: Calling a method in the system process without a qualified user: android.app.ContextImpl.startService:1531 android.content.ContextWrapper.startService:664 android.content.ContextWrapper.startService:664 com.android.coreservice.CoreBroadcastReceiver.onReceive:70 android.app.ActivityThread.handleReceiver:3424 
05-27 15:46:36.579  1597  1612 I chatty  : uid=1000(system) android.bg expire 1 line
05-27 15:46:36.580  1597  1597 I chatty  : uid=1000 system_server expire 1 line
05-27 15:46:36.596  1751  1751 I RenderThread: type=1400 audit(0.0:2473): avc: denied { ioctl } for path="/dev/fastpipe" dev="tmpfs" ino=3085 ioctlcmd=6869 scontext=u:r:platform_app:s0:c512,c768 tcontext=u:object_r:device:s0 tclass=chr_file permissive=1
05-27 15:46:36.651  6187  6211 I chatty  : uid=10059(com.android.chrome) CrGpuMain expire 48 lines
05-27 15:46:36.686  1597  1613 W SchedPolicy: add_tid_to_cgroup failed to write '9028' (No space left on device); fd=25
05-27 15:46:36.703  2324  2324 W ContextImpl: Calling a method in the system process without a qualified user: android.app.ContextImpl.startService:1531 android.content.ContextWrapper.startService:664 android.content.ContextWrapper.startService:664 com.android.coreservice.CoreBroadcastReceiver.onReceive:54 android.app.ActivityThread.handleReceiver:3424 
05-27 15:46:36.807  1597  1605 I chatty  : uid=1000(system) FinalizerDaemon expire 215 lines
05-27 15:46:37.154  6134  6134 I chatty  : uid=10059(com.android.chrome) expire 40 lines
05-27 15:46:43.177  9108  9108 I appproc : app_process main with argv: /system/bin com.android.commands.input.Input keyevent 4 
05-27 15:46:43.177  9108  9108 D AndroidRuntime: >>>>>> START com.android.internal.os.RuntimeInit uid 2000 <<<<<<
05-27 15:46:43.178  9108  9108 E cutils-trace: Error opening trace file: No such file or directory (2)
05-27 15:46:43.188  9108  9108 V libnb   : enter native_bridge2_isCompatibleWith 3
05-27 15:46:43.199  9108  9108 I libnb   : Found /system/lib64/libhoudini.so version 3
05-27 15:46:43.213  9108  9108 I main    : type=1400 audit(0.0:2474): avc: denied { open } for path="/data/local/cfg-zieih/app_xpt" dev="sdb2" ino=393559 scontext=u:r:shell:s0 tcontext=u:object_r:system_data_file:s0 tclass=file permissive=1
05-27 15:46:43.213  9108  9108 I main    : type=1400 audit(0.0:2475): avc: denied { mounton } for path="/proc/cpuinfo" dev="proc" ino=4026531992 scontext=u:r:shell:s0 tcontext=u:object_r:proc_cpuinfo:s0 tclass=file permissive=1
05-27 15:46:43.217  9108  9108 I app_process: The ClassLoaderContext is a special shared library.
05-27 15:46:43.217  9108  9108 W app_process: Could not create mount namespace.
05-27 15:46:43.217  9108  9108 D nativebridge: PreInitializeNativeBridge name=unknown instruction_set=x86_64
05-27 15:46:43.217  9108  9108 W nativebridge: Failed to bind-mount /data/local/cfg-zieih/ as /proc/cpuinfo: No such file or directory
05-27 15:46:43.217  9108  9108 W nativebridge: Failed to bind-mount /system/lib64/x86_64/cpuinfo as /proc/cpuinfo: Operation not permitted
05-27 15:46:43.217  9108  9108 D nativebridge: call UnloadNativeBridge! state=2
05-27 15:46:43.234  9108  9108 D AndroidRuntime: Calling main entry com.android.commands.input.Input
05-27 15:46:43.235  9108  9108 I Input   : injectKeyEvent: KeyEvent { action=ACTION_DOWN, keyCode=KEYCODE_BACK, scanCode=0, metaState=0, flags=0x0, repeatCount=0, eventTime=1595234, downTime=1595234, deviceId=-1, source=0x101 }
05-27 15:46:43.251  9108  9108 I Input   : injectKeyEvent: KeyEvent { action=ACTION_UP, keyCode=KEYCODE_BACK, scanCode=0, metaState=0, flags=0x0, repeatCount=0, eventTime=1595234, downTime=1595234, deviceId=-1, source=0x101 }
05-27 15:46:43.257  1597  1614 D AutofillManagerService: onBackKeyPressed()
05-27 15:46:43.265  9108  9108 D AndroidRuntime: Shutting down VM
05-27 15:46:43.287  2324  2324 W ContextImpl: Calling a method in the system process without a qualified user: android.app.ContextImpl.startService:1531 android.content.ContextWrapper.startService:664 android.content.ContextWrapper.startService:664 com.android.coreservice.CoreBroadcastReceiver.onReceive:70 android.app.ActivityThread.handleReceiver:3424 
05-27 15:46:43.324  1462  2638 W SurfaceFlinger: Attempting to set client state on removed layer: com.android.chrome/org.chromium.chrome.browser.customtabs.CustomTabActivity#1
05-27 15:46:43.324  1462  2638 W SurfaceFlinger: Attempting to set client state on removed layer: Dim Layer for - Task=41#0
