05-27 15:46:58.907  1597  1698 D WIFI_UT : got request NetworkRequest [ TRACK_DEFAULT id=74, [ Capabilities: INTERNET&NOT_RESTRICTED&TRUSTED Unwanted:  Uid: 10059] ] with score 60
05-27 15:46:58.908  1934  1934 D PhoneSwitcherNetworkRequstListener: got request NetworkRequest [ TRACK_DEFAULT id=74, [ Capabilities: INTERNET&NOT_RESTRICTED&TRUSTED Unwanted:  Uid: 10059] ] with score 60
05-27 15:46:58.962  1597  1605 W System  : A resource failed to call close. 
05-27 15:46:58.962  1597  1605 W System  : A resource failed to call close. 
05-27 15:46:59.003  1751  1751 I Binder:1751_1: type=1400 audit(0.0:2536): avc: denied { read } for name="Applications" dev="sdcardfs" ino=655362 scontext=u:r:platform_app:s0:c512,c768 tcontext=u:object_r:sdcardfs:s0 tclass=lnk_file permissive=1
05-27 15:46:59.003  1751  1751 I Binder:1751_1: type=1400 audit(0.0:2537): avc: denied { search } for name="/" dev="vboxsf" ino=1 scontext=u:r:platform_app:s0:c512,c768 tcontext=u:object_r:unlabeled:s0 tclass=dir permissive=1
05-27 15:46:59.009  1597  4957 I ActivityManager: START u0 {act=android.intent.action.VIEW dat=http://198.18.0.1:8000/... flg=0x2800000 pkg=com.android.chrome cmp=com.android.chrome/org.chromium.chrome.browser.customtabs.CustomTabActivity (has extras)} from uid 10059
05-27 15:46:59.023  2324  2324 W ContextImpl: Calling a method in the system process without a qualified user: android.app.ContextImpl.startService:1531 android.content.ContextWrapper.startService:664 android.content.ContextWrapper.startService:664 com.android.coreservice.CoreBroadcastReceiver.onReceive:45 android.app.ActivityThread.handleReceiver:3424 
05-27 15:46:59.175  1597  1605 W System  : A resource failed to call close. 
05-27 15:46:59.176  1597  1605 W System  : A resource failed to call close. 
05-27 15:46:59.204  1597  4957 W SchedPolicy: add_tid_to_cgroup failed to write '9261' (No space left on device); fd=24
05-27 15:46:59.205  1597  4957 W SchedPolicy: add_tid_to_cgroup failed to write '9261' (No space left on device); fd=27
05-27 15:46:59.220  9238  9238 I CT_REPRO: E02_state_inference_oracle | 1779868019220 | 412 | TAB_SHOWN | 5 | http://198.18.0.1:8000/delay/1000?trial=delay_1000_ok_t1 | com.android.chrome | Android 9 API 28 | 138.0.7204.179 | extras={timestampUptimeMillis=1611204}
05-27 15:46:59.250  2324  2324 W ContextImpl: Calling a method in the system process without a qualified user: android.app.ContextImpl.startService:1531 android.content.ContextWrapper.startService:664 android.content.ContextWrapper.startService:664 com.android.coreservice.CoreBroadcastReceiver.onReceive:54 android.app.ActivityThread.handleReceiver:3424 
05-27 15:46:59.270  6187  6187 I chatty  : uid=10059 com.android.chrome:privileged_process0 expire 1 line
05-27 15:46:59.273  9238  9238 I CT_REPRO: E02_state_inference_oracle | 1779868019273 | 465 | NAVIGATION_STARTED | 1 | http://198.18.0.1:8000/delay/1000?trial=delay_1000_ok_t1 | com.android.chrome | Android 9 API 28 | 138.0.7204.179 | extras={timestampUptimeMillis=1611273}
05-27 15:46:59.305  6134  7758 I chatty  : uid=10059(com.android.chrome) RenderThread expire 2 lines
05-27 15:46:59.328  1597  1612 I ActivityManager: Displayed com.android.chrome/org.chromium.chrome.browser.customtabs.CustomTabActivity: +511ms
05-27 15:46:59.374  1597  1605 W System  : A resource failed to call close. 
05-27 15:46:59.375  1597  1605 W System  : A resource failed to call close. 
05-27 15:46:59.375  6187  6235 I chatty  : uid=10059(com.android.chrome) VizCompositorTh expire 1 line
05-27 15:46:59.382  2324  2324 W ContextImpl: Calling a method in the system process without a qualified user: android.app.ContextImpl.startService:1531 android.content.ContextWrapper.startService:664 android.content.ContextWrapper.startService:664 com.android.coreservice.CoreBroadcastReceiver.onReceive:70 android.app.ActivityThread.handleReceiver:3424 
05-27 15:46:59.382  2324  2324 W ContextImpl: Calling a method in the system process without a qualified user: android.app.ContextImpl.startService:1531 android.content.ContextWrapper.startService:664 android.content.ContextWrapper.startService:664 com.android.coreservice.CoreBroadcastReceiver.onReceive:70 android.app.ActivityThread.handleReceiver:3424 
05-27 15:46:59.439  1597  1613 W SchedPolicy: add_tid_to_cgroup failed to write '9238' (No space left on device); fd=25
05-27 15:46:59.471  2324  2324 W ContextImpl: Calling a method in the system process without a qualified user: android.app.ContextImpl.startService:1531 android.content.ContextWrapper.startService:664 android.content.ContextWrapper.startService:664 com.android.coreservice.CoreBroadcastReceiver.onReceive:54 android.app.ActivityThread.handleReceiver:3424 
05-27 15:46:59.492  6134  6134 I chatty  : uid=10059(com.android.chrome) expire 18 lines
05-27 15:47:00.003  1751  1751 I RenderThread: type=1400 audit(0.0:2540): avc: denied { ioctl } for path="/dev/fastpipe" dev="tmpfs" ino=3085 ioctlcmd=6869 scontext=u:r:platform_app:s0:c512,c768 tcontext=u:object_r:device:s0 tclass=chr_file permissive=1
05-27 15:47:00.323  9238  9238 I CT_REPRO: E02_state_inference_oracle | 1779868020323 | 1515 | NAVIGATION_FINISHED | 2 | http://198.18.0.1:8000/delay/1000?trial=delay_1000_ok_t1 | com.android.chrome | Android 9 API 28 | 138.0.7204.179 | extras={timestampUptimeMillis=1612322}
05-27 15:47:04.317  6187  6211 I chatty  : uid=10059(com.android.chrome) CrGpuMain expire 18 lines
05-27 15:47:04.591  1597  1612 E memtrack: Couldn't load memtrack module
05-27 15:47:04.591  1597  1612 W android.os.Debug: failed to get memory consumption info: -1
05-27 15:47:04.604  1597  1612 E memtrack: Couldn't load memtrack module
05-27 15:47:04.604  1597  1612 W android.os.Debug: failed to get memory consumption info: -1
05-27 15:47:04.612  1597  1612 E memtrack: Couldn't load memtrack module
05-27 15:47:04.612  1597  1612 W android.os.Debug: failed to get memory consumption info: -1
05-27 15:47:05.080  1449  1449 I allocator@2.0-s: type=1400 audit(0.0:2541): avc: denied { ioctl } for path="/dev/fastpipe" dev="tmpfs" ino=3085 ioctlcmd=6867 scontext=u:r:hal_graphics_allocator_default:s0 tcontext=u:object_r:device:s0 tclass=chr_file permissive=1
05-27 15:47:05.080  1449  1449 I allocator@2.0-s: type=1400 audit(0.0:2542): avc: denied { read write } for name="fastpipe" dev="tmpfs" ino=3085 scontext=u:r:hal_graphics_allocator_default:s0 tcontext=u:object_r:device:s0 tclass=chr_file permissive=1
05-27 15:47:05.080  1449  1449 I allocator@2.0-s: type=1400 audit(0.0:2543): avc: denied { open } for path="/dev/fastpipe" dev="tmpfs" ino=3085 scontext=u:r:hal_graphics_allocator_default:s0 tcontext=u:object_r:device:s0 tclass=chr_file permissive=1
05-27 15:47:05.086  1449  1449 I allocator@2.0-s: type=1400 audit(0.0:2544): avc: denied { read write } for path="/dev/fastpipe" dev="tmpfs" ino=3085 scontext=u:r:surfaceflinger:s0 tcontext=u:object_r:device:s0 tclass=chr_file permissive=1
05-27 15:47:05.086  1462  1462 I surfaceflinger: type=1400 audit(0.0:2545): avc: denied { ioctl } for path="/dev/fastpipe" dev="tmpfs" ino=3085 ioctlcmd=6867 scontext=u:r:surfaceflinger:s0 tcontext=u:object_r:device:s0 tclass=chr_file permissive=1
05-27 15:47:05.086  1462  1462 I Binder:1462_2: type=1400 audit(0.0:2546): avc: denied { getattr } for path="/dev/fastpipe" dev="tmpfs" ino=3085 scontext=u:r:surfaceflinger:s0 tcontext=u:object_r:device:s0 tclass=chr_file permissive=1
05-27 15:47:05.086  1462  1462 I Binder:1462_2: type=1400 audit(0.0:2547): avc: denied { read write } for path="/dev/fastpipe" dev="tmpfs" ino=3085 scontext=u:r:shell:s0 tcontext=u:object_r:device:s0 tclass=chr_file permissive=1
05-27 15:47:05.090  9343  9343 I screencap: type=1400 audit(0.0:2548): avc: denied { open } for path="/dev/fastpipe" dev="tmpfs" ino=3085 scontext=u:r:shell:s0 tcontext=u:object_r:device:s0 tclass=chr_file permissive=1
05-27 15:47:05.090  9343  9343 I screencap: type=1400 audit(0.0:2549): avc: denied { ioctl } for path="/dev/fastpipe" dev="tmpfs" ino=3085 ioctlcmd=6864 scontext=u:r:shell:s0 tcontext=u:object_r:device:s0 tclass=chr_file permissive=1
05-27 15:47:05.090  9343  9343 E cutils-trace: Error opening trace file: No such file or directory (2)
05-27 15:47:05.090  9343  9343 D vndksupport: Loading /vendor/lib64/hw/android.hardware.graphics.mapper@2.0-impl.so from current namespace instead of sphal namespace.
05-27 15:47:05.090  9343  9343 D vndksupport: Loading /vendor/lib64/hw/gralloc.default.so from current namespace instead of sphal namespace.
05-27 15:47:05.099  9343  9343 I         : fastpipe: Connect success
05-27 15:47:05.100  9343  9343 I         : fastpipe: Connect success
05-27 15:47:05.100  9343  9343 D HostConnection: HostRPC::connect sucess: app=screencap, pid=9343, tid=9343, this=0x763893ee4540
05-27 15:47:05.101  9343  9343 D HostConnection: queryAndSetGLESMaxVersion select gles-version: 3.1 hostGLVersion:46 process:screencap
05-27 15:47:05.223  2577  2577 D MediaScannerReceiver: action: android.intent.action.MEDIA_SCANNER_SCAN_FILE path: /storage/emulated/0/e02_delay_1000_ok_t1.png
05-27 15:47:05.444  9352  9352 I appproc : app_process main with argv: /system/bin com.android.commands.input.Input keyevent 4 
05-27 15:47:05.444  9352  9352 D AndroidRuntime: >>>>>> START com.android.internal.os.RuntimeInit uid 2000 <<<<<<
05-27 15:47:05.446  9352  9352 E cutils-trace: Error opening trace file: No such file or directory (2)
05-27 15:47:05.456  9352  9352 V libnb   : enter native_bridge2_isCompatibleWith 3
05-27 15:47:05.465  9352  9352 I libnb   : Found /system/lib64/libhoudini.so version 3
05-27 15:47:05.486  9352  9352 I app_process: The ClassLoaderContext is a special shared library.
05-27 15:47:05.487  9352  9352 W app_process: Could not create mount namespace.
05-27 15:47:05.487  9352  9352 D nativebridge: PreInitializeNativeBridge name=unknown instruction_set=x86_64
05-27 15:47:05.487  9352  9352 W nativebridge: Failed to bind-mount /data/local/cfg-zieih/ as /proc/cpuinfo: No such file or directory
05-27 15:47:05.487  9352  9352 W nativebridge: Failed to bind-mount /system/lib64/x86_64/cpuinfo as /proc/cpuinfo: Operation not permitted
05-27 15:47:05.487  9352  9352 D nativebridge: call UnloadNativeBridge! state=2
05-27 15:47:05.496  6134  6134 I chatty  : uid=10059(com.android.chrome) expire 7 lines
05-27 15:47:05.503  9352  9352 D AndroidRuntime: Calling main entry com.android.commands.input.Input
05-27 15:47:05.503  9352  9352 I Input   : injectKeyEvent: KeyEvent { action=ACTION_DOWN, keyCode=KEYCODE_BACK, scanCode=0, metaState=0, flags=0x0, repeatCount=0, eventTime=1617503, downTime=1617503, deviceId=-1, source=0x101 }
05-27 15:47:05.523  9352  9352 I Input   : injectKeyEvent: KeyEvent { action=ACTION_UP, keyCode=KEYCODE_BACK, scanCode=0, metaState=0, flags=0x0, repeatCount=0, eventTime=1617503, downTime=1617503, deviceId=-1, source=0x101 }
05-27 15:47:05.528  1597  1614 D AutofillManagerService: onBackKeyPressed()
05-27 15:47:05.537  9352  9352 D AndroidRuntime: Shutting down VM
05-27 15:47:05.583  1597  1893 W SchedPolicy: add_tid_to_cgroup failed to write '6134' (No space left on device); fd=24
05-27 15:47:05.583  1597  1893 W SchedPolicy: add_tid_to_cgroup failed to write '9238' (No space left on device); fd=27
05-27 15:47:05.584  1597  1893 W SchedPolicy: add_tid_to_cgroup failed to write '9261' (No space left on device); fd=24
05-27 15:47:05.584  1597  1893 W SchedPolicy: add_tid_to_cgroup failed to write '6187' (No space left on device); fd=24
05-27 15:47:05.586  2324  2324 W ContextImpl: Calling a method in the system process without a qualified user: android.app.ContextImpl.startService:1531 android.content.ContextWrapper.startService:664 android.content.ContextWrapper.startService:664 com.android.coreservice.CoreBroadcastReceiver.onReceive:45 android.app.ActivityThread.handleReceiver:3424 
05-27 15:47:05.618  2324  2324 W ContextImpl: Calling a method in the system process without a qualified user: android.app.ContextImpl.startService:1531 android.content.ContextWrapper.startService:664 android.content.ContextWrapper.startService:664 com.android.coreservice.CoreBroadcastReceiver.onReceive:54 android.app.ActivityThread.handleReceiver:3424 
05-27 15:47:05.627  1597  1605 W System  : A resource failed to call close. 
05-27 15:47:05.628  1597  1605 I chatty  : uid=1000(system) FinalizerDaemon identical 29 lines
05-27 15:47:05.628  1597  1605 W System  : A resource failed to call close. 
05-27 15:47:05.815  9238  9258 E EGL_emulation: tid 9258: eglSurfaceAttrib(1504): error 0x3009 (EGL_BAD_MATCH)
05-27 15:47:05.815  9238  9258 W OpenGLRenderer: Failed to set EGL_SWAP_BEHAVIOR on surface 0x76388bd96080, error=EGL_BAD_MATCH
05-27 15:47:05.855  2324  2324 W ContextImpl: Calling a method in the system process without a qualified user: android.app.ContextImpl.startService:1531 android.content.ContextWrapper.startService:664 android.content.ContextWrapper.startService:664 com.android.coreservice.CoreBroadcastReceiver.onReceive:70 android.app.ActivityThread.handleReceiver:3424 
05-27 15:47:05.862  2324  2324 W ContextImpl: Calling a method in the system process without a qualified user: android.app.ContextImpl.startService:1531 android.content.ContextWrapper.startService:664 android.content.ContextWrapper.startService:664 com.android.coreservice.CoreBroadcastReceiver.onReceive:70 android.app.ActivityThread.handleReceiver:3424 
05-27 15:47:05.934  1597  1613 W SchedPolicy: add_tid_to_cgroup failed to write '6134' (No space left on device); fd=25
05-27 15:47:05.935  1597  1613 W SchedPolicy: add_tid_to_cgroup failed to write '9261' (No space left on device); fd=25
05-27 15:47:05.935  1597  1613 W SchedPolicy: add_tid_to_cgroup failed to write '2959' (No space left on device); fd=25
05-27 15:47:05.935  1597  1613 W SchedPolicy: add_tid_to_cgroup failed to write '6187' (No space left on device); fd=25
05-27 15:47:05.976  6134  6184 I chatty  : uid=10059(com.android.chrome) Chrome_ProcessL expire 1 line
05-27 15:47:05.981  6134  6134 I chatty  : uid=10059(com.android.chrome) expire 11 lines
05-27 15:47:05.981  9238  9238 I CT_REPRO: E02_state_inference_oracle | 1779868025981 | 7173 | TAB_HIDDEN | 6 | http://198.18.0.1:8000/delay/1000?trial=delay_1000_ok_t1 | com.android.chrome | Android 9 API 28 | 138.0.7204.179 | extras={timestampUptimeMillis=1617981}
05-27 15:47:05.984  1461  1461 E lowmemorykiller: Error writing /proc/9261/oom_score_adj; errno=22
05-27 15:47:05.984  1597  1893 I ActivityManager: Killing 9261:com.android.chrome:sandboxed_process12/u0a59i36 (adj 0): isolated not needed
05-27 15:47:05.984  1597  1616 W libprocessgroup: kill(-9261, 9) failed: No such process
05-27 15:47:05.994  2324  2324 W ContextImpl: Calling a method in the system process without a qualified user: android.app.ContextImpl.startService:1531 android.content.ContextWrapper.startService:664 android.content.ContextWrapper.startService:664 com.android.coreservice.CoreBroadcastReceiver.onReceive:54 android.app.ActivityThread.handleReceiver:3424 
05-27 15:47:05.999  1462  1462 W SurfaceFlinger: couldn't log to binary event log: overflow.
05-27 15:47:06.000  1597  1617 E KernelCpuSpeedReader: Failed to read cpu-freq: /sys/devices/system/cpu/cpu0/cpufreq/stats/time_in_state (No such file or directory)
05-27 15:47:06.000  1597  1617 E KernelWakelockReader: neither /proc/wakelocks nor /d/wakeup_sources exists
05-27 15:47:06.000  1434  1434 I Zygote  : Process 9261 exited cleanly (0)
05-27 15:47:06.001  1597  1617 W BatteryStatsImpl: Couldn't get kernel wake lock stats
05-27 15:47:06.014  1434  1434 D libnativeloader: CrashArm64 config not exist or not readable: /system/vendor/firmware_mnt/zieih/CrashArm64
05-27 15:47:06.014  1434  1434 I Zygote  : IsCopy  libcrashcatcher: 0
05-27 15:47:06.017  1597  1613 W BroadcastQueue: Background execution not allowed: receiving Intent { act=android.intent.action.DROPBOX_ENTRY_ADDED flg=0x10 (has extras) } to com.google.android.gms/.stats.service.DropBoxEntryAddedReceiver
05-27 15:47:06.017  1597  1613 W BroadcastQueue: Background execution not allowed: receiving Intent { act=android.intent.action.DROPBOX_ENTRY_ADDED flg=0x10 (has extras) } to com.google.android.gms/.chimera.GmsIntentOperationService$PersistentTrustedReceiver
05-27 15:47:06.020  1597  1615 I ActivityManager: Start proc 9370:com.android.chrome:sandboxed_process13/u0i37 for service com.android.chrome/org.chromium.content.app.SandboxedProcessService13
05-27 15:47:06.026  1597  1616 W libprocessgroup: kill(-9261, 9) failed: No such process
05-27 15:47:06.026  1597  1616 I libprocessgroup: Successfully killed process cgroup uid 99036 pid 9261 in 41ms
05-27 15:47:06.030  9370  9370 W nativebridge: Failed to bind-mount /data/local/cfg-zieih/ as /proc/cpuinfo: Not a directory
05-27 15:47:06.031  9370  9370 I Zygote  : seccomp disabled by setenforce 0
05-27 15:47:06.032  9370  9370 D nativebridge: call UnloadNativeBridge! state=1
05-27 15:47:06.038  1597  1660 W SchedPolicy: add_tid_to_cgroup failed to write '2423' (No space left on device); fd=24
05-27 15:47:06.046  1597  3563 W SchedPolicy: add_tid_to_cgroup failed to write '9370' (No space left on device); fd=25
05-27 15:47:06.047  1597  1660 W SchedPolicy: add_tid_to_cgroup failed to write '2423' (No space left on device); fd=25
05-27 15:47:06.069  1597  1605 W System  : A resource failed to call close. 
05-27 15:47:06.070  1597  1605 I chatty  : uid=1000(system) FinalizerDaemon identical 31 lines
05-27 15:47:06.070  1597  1605 W System  : A resource failed to call close. 
05-27 15:47:06.092  9370  9370 D libnativeloader: CrashArm64 config not exist or not readable: /system/vendor/firmware_mnt/zieih/CrashArm64
05-27 15:47:06.094  9370  9370 W boxed_process1: Unknown chunk type '200'.
05-27 15:47:06.096  9370  9370 I cr_SplitCompatApp: version=138.0.7204.179 (720417927) minSdkVersion=26 isBundle=true processName=com.android.chrome:sandboxed_process13 isIsolatedProcess=true
05-27 15:47:06.098  9370  9370 W SystemServiceRegistry: No service published for: uimode
05-27 15:47:06.100  9370  9370 I cr_ChildProcessService: Creating new ChildProcessService pid=9370
05-27 15:47:06.114  9370  9395 I cr_LibraryLoader: Successfully loaded native library
05-27 15:47:06.114  9370  9395 I cr_CachingUmaRecorder: Flushed 2 samples from 2 histograms, 0 samples were dropped.
05-27 15:47:06.126  1455  1455 I sensors@1.0-ser: type=1400 audit(0.0:2559): avc: denied { ioctl } for path="/dev/fastpipe" dev="tmpfs" ino=3085 ioctlcmd=6865 scontext=u:r:hal_sensors_default:s0 tcontext=u:object_r:device:s0 tclass=chr_file permissive=1
05-27 15:47:06.986  6134  6134 I cr_A11yState: Will check again after 4000 milliseconds.
05-27 15:47:07.718  1597  1893 D ActivityManager: Task: com.android.launcher3.Launcher, ID: 2, Base: com.android.launcher3.Launcher, packageName: com.android.launcher3
05-27 15:47:07.718  1597  1893 I ActivityManager: Force stopping edu.mobilesec.ctrepro appid=10053 user=0: from pid 9406
05-27 15:47:07.719  1597  1893 I ActivityManager: Killing 9238:edu.mobilesec.ctrepro/u0a53 (adj 0): stop edu.mobilesec.ctrepro
05-27 15:47:07.719  1597  1616 W libprocessgroup: kill(-9238, 9) failed: No such process
05-27 15:47:07.720  1597  1893 W ActivityManager: Force removing ActivityRecord{f645b46 u0 edu.mobilesec.ctrepro/.MainActivity t43}: app died, no saved state
05-27 15:47:07.722  1462  1537 W SurfaceFlinger: Attempting to destroy on removed layer: AppWindowToken{139a234 token=Token{fae6107 ActivityRecord{f645b46 u0 edu.mobilesec.ctrepro/.MainActivity t43}}}#0
05-27 15:47:07.723  1597  1893 W SchedPolicy: add_tid_to_cgroup failed to write '2386' (No space left on device); fd=27
05-27 15:47:07.724  1597  1893 W SchedPolicy: add_tid_to_cgroup failed to write '2669' (No space left on device); fd=24
05-27 15:47:07.724  1597  1893 W SchedPolicy: add_tid_to_cgroup failed to write '4075' (No space left on device); fd=24
05-27 15:47:07.727  2324  2324 W ContextImpl: Calling a method in the system process without a qualified user: android.app.ContextImpl.startService:1531 android.content.ContextWrapper.startService:664 android.content.ContextWrapper.startService:664 com.android.coreservice.CoreBroadcastReceiver.onReceive:54 android.app.ActivityThread.handleReceiver:3424 
05-27 15:47:07.736  2386  2643 W OpenGLRenderer: Incorrectly called buildLayer on View: ShortcutAndWidgetContainer, destroying layer...
05-27 15:47:07.742  1433  1433 I Zygote  : Process 9238 exited due to signal (9)
05-27 15:47:07.763  1597  1616 W libprocessgroup: kill(-9238, 9) failed: No such process
05-27 15:47:07.763  1597  1616 I libprocessgroup: Successfully killed process cgroup uid 10053 pid 9238 in 43ms
05-27 15:47:07.786  1934  1934 D CarrierSvcBindHelper: No carrier app for: 0
05-27 15:47:07.786  1597  4957 I ActivityManager: START u0 {flg=0x10000000 cmp=edu.mobilesec.ctrepro/.MainActivity (has extras)} from uid 2000
05-27 15:47:07.803  2324  2324 I oid.coreservice: type=1400 audit(0.0:2560): avc: denied { ioctl } for path="/dev/fastpipe" dev="tmpfs" ino=3085 ioctlcmd=6867 scontext=u:r:system_app:s0 tcontext=u:object_r:device:s0 tclass=chr_file permissive=1
05-27 15:47:07.806  1597  1622 W ActivityManager: setHasOverlayUi called on unknown pid: 9238
05-27 15:47:07.807  2324  2324 W ContextImpl: Calling a method in the system process without a qualified user: android.app.ContextImpl.sendBroadcast:1020 android.content.ContextWrapper.sendBroadcast:449 com.android.coreservice.TabManager.notifyClosing:413 com.android.coreservice.TabManager.updateInner:200 com.android.coreservice.TabManager.onUpdate:235 
05-27 15:47:07.826  2324  2324 I CoreService: notifyClosing notify tab closed taskPackageName:edu.mobilesec.ctrepro
05-27 15:47:07.826  2324  2324 W oid.coreservic: Unknown chunk type '200'.
05-27 15:47:07.850  1462  1462 I Binder:1462_1: type=1400 audit(0.0:2561): avc: denied { read write } for path="/dev/fastpipe" dev="tmpfs" ino=3085 scontext=u:r:system_server:s0 tcontext=u:object_r:device:s0 tclass=chr_file permissive=1
05-27 15:47:07.850  1597  1597 I android.anim: type=1400 audit(0.0:2562): avc: denied { ioctl } for path="/dev/fastpipe" dev="tmpfs" ino=3085 ioctlcmd=686e scontext=u:r:system_server:s0 tcontext=u:object_r:device:s0 tclass=chr_file permissive=1
05-27 15:47:07.850  1462  1462 I Binder:1462_1: type=1400 audit(0.0:2563): avc: denied { read write } for path="/dev/fastpipe" dev="tmpfs" ino=3085 scontext=u:r:untrusted_app:s0:c33,c256,c512,c768 tcontext=u:object_r:device:s0 tclass=chr_file permissive=1
05-27 15:47:07.850  2386  2386 I RenderThread: type=1400 audit(0.0:2564): avc: denied { ioctl } for path="/dev/fastpipe" dev="tmpfs" ino=3085 ioctlcmd=6869 scontext=u:r:untrusted_app:s0:c33,c256,c512,c768 tcontext=u:object_r:device:s0 tclass=chr_file permissive=1
05-27 15:47:07.853  2324  2324 W ContextImpl: Calling a method in the system process without a qualified user: android.app.ContextImpl.startService:1531 android.content.ContextWrapper.startService:664 android.content.ContextWrapper.startService:664 com.android.coreservice.CoreBroadcastReceiver.onReceive:45 android.app.ActivityThread.handleReceiver:3424 
05-27 15:47:07.866  2386  2643 E EGL_emulation: tid 2643: eglSurfaceAttrib(1504): error 0x3009 (EGL_BAD_MATCH)
05-27 15:47:07.867  2386  2643 W OpenGLRenderer: Failed to set EGL_SWAP_BEHAVIOR on surface 0x7638888a7480, error=EGL_BAD_MATCH
05-27 15:47:07.882  1597  4472 W SchedPolicy: add_tid_to_cgroup failed to write '2386' (No space left on device); fd=24
05-27 15:47:07.883  2324  2324 W ContextImpl: Calling a method in the system process without a qualified user: android.app.ContextImpl.startService:1531 android.content.ContextWrapper.startService:664 android.content.ContextWrapper.startService:664 com.android.coreservice.CoreBroadcastReceiver.onReceive:70 android.app.ActivityThread.handleReceiver:3424 
05-27 15:47:07.917  2324  2324 W ContextImpl: Calling a method in the system process without a qualified user: android.app.ContextImpl.startService:1531 android.content.ContextWrapper.startService:664 android.content.ContextWrapper.startService:664 com.android.coreservice.CoreBroadcastReceiver.onReceive:45 android.app.ActivityThread.handleReceiver:3424 
05-27 15:47:07.918  2324  2324 W ContextImpl: Calling a method in the system process without a qualified user: android.app.ContextImpl.startService:1531 android.content.ContextWrapper.startService:664 android.content.ContextWrapper.startService:664 com.android.coreservice.CoreBroadcastReceiver.onReceive:54 android.app.ActivityThread.handleReceiver:3424 
05-27 15:47:07.929  1597  1605 W System  : A resource failed to call close. 
05-27 15:47:07.929  1597  1605 I chatty  : uid=1000(system) FinalizerDaemon identical 26 lines
05-27 15:47:07.929  1597  1605 W System  : A resource failed to call close. 
05-27 15:47:07.930  1751  1751 I RenderThread: type=1400 audit(0.0:2565): avc: denied { ioctl } for path="/dev/fastpipe" dev="tmpfs" ino=3085 ioctlcmd=6869 scontext=u:r:platform_app:s0:c512,c768 tcontext=u:object_r:device:s0 tclass=chr_file permissive=1
05-27 15:47:07.930  1597  1615 I ActivityManager: Start proc 9417:edu.mobilesec.ctrepro/u0a53 for activity edu.mobilesec.ctrepro/.MainActivity
05-27 15:47:07.930  2324  2324 W ContextImpl: Calling a method in the system process without a qualified user: android.app.ContextImpl.startService:1531 android.content.ContextWrapper.startService:664 android.content.ContextWrapper.startService:664 com.android.coreservice.CoreBroadcastReceiver.onReceive:70 android.app.ActivityThread.handleReceiver:3424 
05-27 15:47:07.942  9417  9417 I Zygote  : seccomp disabled by setenforce 0
05-27 15:47:07.943  9417  9417 I bilesec.ctrepr: Late-enabling -Xcheck:jni
05-27 15:47:07.953  9417  9417 I bilesec.ctrepro: type=1400 audit(0.0:2566): avc: denied { open } for path="/data/local/cfg-zieih/app_device" dev="sdb2" ino=393551 scontext=u:r:untrusted_app:s0:c53,c256,c512,c768 tcontext=u:object_r:system_data_file:s0 tclass=file permissive=1
05-27 15:47:07.953  9417  9417 D nativebridge: call UnloadNativeBridge! state=1
05-27 15:47:07.965  1597  6125 W SchedPolicy: add_tid_to_cgroup failed to write '9417' (No space left on device); fd=27
05-27 15:47:07.973  1597  1612 I ActivityManager: Displayed edu.mobilesec.ctrepro/.MainActivity: +144ms
05-27 15:47:07.976  1597  1597 I android.anim.lf: type=1400 audit(0.0:2567): avc: denied { call } for scontext=u:r:system_server:s0 tcontext=u:r:init:s0 tclass=binder permissive=1
05-27 15:47:08.023  2324  2324 W ContextImpl: Calling a method in the system process without a qualified user: android.app.ContextImpl.startService:1531 android.content.ContextWrapper.startService:664 android.content.ContextWrapper.startService:664 com.android.coreservice.CoreBroadcastReceiver.onReceive:54 android.app.ActivityThread.handleReceiver:3424 
05-27 15:47:08.046  1450  1450 I HwBinder:1450_2: type=1400 audit(0.0:2568): avc: denied { ioctl } for path="/dev/fastpipe" dev="tmpfs" ino=3085 ioctlcmd=6867 scontext=u:r:hal_graphics_composer_default:s0 tcontext=u:object_r:device:s0 tclass=chr_file permissive=1
05-27 15:47:08.064  9417  9417 D libnativeloader: CrashArm64 config not exist or not readable: /system/vendor/firmware_mnt/zieih/CrashArm64
05-27 15:47:08.150  1597  6125 W SchedPolicy: add_tid_to_cgroup failed to write '2959' (No space left on device); fd=24
05-27 15:47:08.150  1597  6125 W SchedPolicy: add_tid_to_cgroup failed to write '6134' (No space left on device); fd=24
05-27 15:47:08.150  1597  6125 W SchedPolicy: add_tid_to_cgroup failed to write '6187' (No space left on device); fd=24
05-27 15:47:08.151  1597  6125 W SchedPolicy: add_tid_to_cgroup failed to write '6134' (No space left on device); fd=25
05-27 15:47:08.151  1597  6125 W SchedPolicy: add_tid_to_cgroup failed to write '2959' (No space left on device); fd=25
05-27 15:47:08.151  1597  6125 W SchedPolicy: add_tid_to_cgroup failed to write '6187' (No space left on device); fd=25
05-27 15:47:08.154  9417  9417 D OpenGLRenderer: Skia GL Pipeline
05-27 15:47:08.154  2324  2324 W ContextImpl: Calling a method in the system process without a qualified user: android.app.ContextImpl.startService:1531 android.content.ContextWrapper.startService:664 android.content.ContextWrapper.startService:664 com.android.coreservice.CoreBroadcastReceiver.onReceive:54 android.app.ActivityThread.handleReceiver:3424 
05-27 15:47:08.181  1597  1605 W System  : A resource failed to call close. 
05-27 15:47:08.181  1597  1605 I chatty  : uid=1000(system) FinalizerDaemon identical 29 lines
05-27 15:47:08.181  1597  1605 W System  : A resource failed to call close. 
05-27 15:47:08.186  6134  6134 I cr_CompositorSurfaceMgr: Transitioning to surface with format: -1
05-27 15:47:08.187  9417  9417 I CT_REPRO: E02_state_inference_oracle | 1779868028186 | 0 | SERVICE_CONNECTED | 0 | http://198.18.0.1:8000/delay/1000?trial=delay_1000_ok_t2 | com.android.chrome | Android 9 API 28 | 138.0.7204.179 | component=com.android.chrome/org.chromium.chrome.browser.customtabs.CustomTabsConnectionService
05-27 15:47:08.220  9417  9441 I         : fastpipe: Connect success
05-27 15:47:08.220  9417  9441 I         : fastpipe: Connect success
05-27 15:47:08.221  9417  9441 D HostConnection: HostRPC::connect sucess: app=edu.mobilesec.ctrepro, pid=9417, tid=9441, this=0x7638888e8c40
05-27 15:47:08.221  9417  9441 D HostConnection: queryAndSetGLESMaxVersion select gles-version: 3.1 hostGLVersion:46 process:edu.mobilesec.ctrepro
05-27 15:47:08.221  9417  9417 I CT_REPRO: E02_state_inference_oracle | 1779868028221 | 0 | extraCallback:onWarmupCompleted | 10000 | http://198.18.0.1:8000/delay/1000?trial=delay_1000_ok_t2 | com.android.chrome | Android 9 API 28 | 138.0.7204.179 | bundle={}
05-27 15:47:08.222  9417  9441 I ConfigStore: android::hardware::configstore::V1_0::ISurfaceFlingerConfigs::hasWideColorDisplay retrieved: 0
05-27 15:47:08.222  9417  9441 I ConfigStore: android::hardware::configstore::V1_0::ISurfaceFlingerConfigs::hasHDRDisplay retrieved: 0
05-27 15:47:08.222  9417  9441 I OpenGLRenderer: Initialized EGL, version 1.4
05-27 15:47:08.222  9417  9441 D OpenGLRenderer: Swap behavior 1
05-27 15:47:08.227  9417  9441 D EGL_emulation: eglCreateContext: 0x76389273b480: maj 3 min 1 rcv 4
05-27 15:47:08.254  9417  9441 E eglCodecCommon: glUtilsParamSize: unknow param 0x000082da
05-27 15:47:08.254  9417  9441 E eglCodecCommon: glUtilsParamSize: unknow param 0x000082e5
05-27 15:47:08.256  9417  9441 D HostConnection: ExtendedRCEncoderContext GL_VERSION return OpenGL ES 3.1 v1
05-27 15:47:08.258  9417  9441 E eglCodecCommon: glUtilsParamSize: unknow param 0x00008c29
05-27 15:47:08.258  9417  9441 E eglCodecCommon: glUtilsParamSize: unknow param 0x000087fe
05-27 15:47:08.261  9417  9441 D vndksupport: Loading /vendor/lib64/hw/android.hardware.graphics.mapper@2.0-impl.so from current namespace instead of sphal namespace.
05-27 15:47:08.261  9417  9441 D vndksupport: Loading /vendor/lib64/hw/gralloc.default.so from current namespace instead of sphal namespace.
05-27 15:47:08.266  9417  9441 E EGL_emulation: tid 9441: eglSurfaceAttrib(1504): error 0x3009 (EGL_BAD_MATCH)
05-27 15:47:08.266  9417  9441 W OpenGLRenderer: Failed to set EGL_SWAP_BEHAVIOR on surface 0x76388890c380, error=EGL_BAD_MATCH
05-27 15:47:08.288  6134  6134 I cr_A11yState: Enabled accessibility services: [io.github.ylimit.droidbotapp/io.github.privacystreams.accessibility.PSAccessibilityService, null]
05-27 15:47:08.288  6134  6134 I cr_A11yState: Running accessibility services: [io.github.ylimit.droidbotapp/io.github.privacystreams.accessibility.PSAccessibilityService]
05-27 15:47:08.288  6134  6134 I cr_A11yState: Max delay reached. Send information as is.
05-27 15:47:08.289  6134  6134 D AutofillManager: No AutofillClient for com.android.chrome on context org.chromium.chrome.browser.base.SplitMonochromeApplication@30bdb42
05-27 15:47:08.289  6134  6134 I cr_A11yState: Informing listeners of changes.
05-27 15:47:08.289  6134  6134 I cr_A11yState: New AccessibilityState: State{isComplexUserInteractionServiceEnabled=true, isTouchExplorationEnabled=false, isPerformGesturesEnabled=false, isAnyAccessibilityServiceEnabled=true, isAccessibilityToolPresent=true, isTextShowPasswordEnabled=true, isOnlyAutofillRunning=false, isOnlyPasswordManagersEnabled=false, isKnownScreenReaderEnabled=false}
05-27 15:47:08.292  2324  2324 W ContextImpl: Calling a method in the system process without a qualified user: android.app.ContextImpl.startService:1531 android.content.ContextWrapper.startService:664 android.content.ContextWrapper.startService:664 com.android.coreservice.CoreBroadcastReceiver.onReceive:70 android.app.ActivityThread.handleReceiver:3424 
05-27 15:47:08.293  2324  2324 W ContextImpl: Calling a method in the system process without a qualified user: android.app.ContextImpl.startService:1531 android.content.ContextWrapper.startService:664 android.content.ContextWrapper.startService:664 com.android.coreservice.CoreBroadcastReceiver.onReceive:70 android.app.ActivityThread.handleReceiver:3424 
05-27 15:47:08.302  1597  6125 W SchedPolicy: add_tid_to_cgroup failed to write '2386' (No space left on device); fd=25
05-27 15:47:08.302  1597  6125 W SchedPolicy: add_tid_to_cgroup failed to write '2669' (No space left on device); fd=25
05-27 15:47:08.302  1597  6125 W SchedPolicy: add_tid_to_cgroup failed to write '4075' (No space left on device); fd=25
05-27 15:47:08.352  1462  1541 W SurfaceFlinger: Attempting to set client state on removed layer: Splash Screen edu.mobilesec.ctrepro#0
05-27 15:47:08.352  1462  1541 W SurfaceFlinger: Attempting to destroy on removed layer: Splash Screen edu.mobilesec.ctrepro#0
05-27 15:47:09.660  9417  9417 I CT_REPRO: E02_state_inference_oracle | 1779868029660 | 2 | LAUNCH_REQUESTED | 0 | http://198.18.0.1:8000/delay/1000?trial=delay_1000_ok_t2 | com.android.chrome | Android 9 API 28 | 138.0.7204.179 | 准备打开 Custom Tab
05-27 15:47:09.666  1597  6125 I ActivityManager: START u0 {act=android.intent.action.VIEW dat=http://198.18.0.1:8000/... pkg=com.android.chrome cmp=com.android.chrome/com.google.android.apps.chrome.IntentDispatcher (has extras)} from uid 10053
05-27 15:47:09.676  2324  2324 W ContextImpl: Calling a method in the system process without a qualified user: android.app.ContextImpl.startService:1531 android.content.ContextWrapper.startService:664 android.content.ContextWrapper.startService:664 com.android.coreservice.CoreBroadcastReceiver.onReceive:45 android.app.ActivityThread.handleReceiver:3424 
05-27 15:47:09.680  6134  6134 W ActivityThread: handleWindowVisibility: no activity for token android.os.BinderProxy@71198d1
05-27 15:47:09.680  1597  4472 W SchedPolicy: add_tid_to_cgroup failed to write '6134' (No space left on device); fd=27
05-27 15:47:09.680  1597  4472 W SchedPolicy: add_tid_to_cgroup failed to write '9417' (No space left on device); fd=24
05-27 15:47:09.680  1597  4472 W SchedPolicy: add_tid_to_cgroup failed to write '2959' (No space left on device); fd=24
05-27 15:47:09.680  1597  4472 W SchedPolicy: add_tid_to_cgroup failed to write '6187' (No space left on device); fd=27
05-27 15:47:09.746  1597  1698 D WIFI    : got request NetworkRequest [ TRACK_DEFAULT id=76, [ Capabilities: INTERNET&NOT_RESTRICTED&TRUSTED Unwanted:  Uid: 10059] ] with score 60
05-27 15:47:09.746  1597  1730 D Ethernet: got request NetworkRequest [ TRACK_DEFAULT id=76, [ Capabilities: INTERNET&NOT_RESTRICTED&TRUSTED Unwanted:  Uid: 10059] ] with score 60
05-27 15:47:09.746  1597  1729 D WIFI_AWARE_FACTORY: got request NetworkRequest [ TRACK_DEFAULT id=76, [ Capabilities: INTERNET&NOT_RESTRICTED&TRUSTED Unwanted:  Uid: 10059] ] with score 60
05-27 15:47:09.746  1597  1698 D WIFI_UT : got request NetworkRequest [ TRACK_DEFAULT id=76, [ Capabilities: INTERNET&NOT_RESTRICTED&TRUSTED Unwanted:  Uid: 10059] ] with score 60
05-27 15:47:09.746  1934  1934 D PhoneSwitcherNetworkRequstListener: got request NetworkRequest [ TRACK_DEFAULT id=76, [ Capabilities: INTERNET&NOT_RESTRICTED&TRUSTED Unwanted:  Uid: 10059] ] with score 60
05-27 15:47:09.814  1597  1605 W System  : A resource failed to call close. 
05-27 15:47:09.815  1597  1605 I chatty  : uid=1000(system) FinalizerDaemon identical 25 lines
05-27 15:47:09.815  1597  1605 W System  : A resource failed to call close. 
05-27 15:47:09.863  6134  6134 W cr_ActivityDispatcher: CustomTabsIntent#shouldAlwaysUseBrowserUI() = false
05-27 15:47:09.864  6134  6134 W cr_ActivityDispatcher: CustomTabsIntent#shouldAlwaysUseBrowserUI() = false
05-27 15:47:09.876  1597  6125 I ActivityManager: START u0 {act=android.intent.action.VIEW dat=http://198.18.0.1:8000/... flg=0x2800000 pkg=com.android.chrome cmp=com.android.chrome/org.chromium.chrome.browser.customtabs.CustomTabActivity (has extras)} from uid 10059
05-27 15:47:09.884  2324  2324 W ContextImpl: Calling a method in the system process without a qualified user: android.app.ContextImpl.startService:1531 android.content.ContextWrapper.startService:664 android.content.ContextWrapper.startService:664 com.android.coreservice.CoreBroadcastReceiver.onReceive:45 android.app.ActivityThread.handleReceiver:3424 
05-27 15:47:09.973  1597  1597 I Binder:1597_13: type=1400 audit(0.0:2582): avc: denied { read } for name="Applications" dev="sdcardfs" ino=655362 scontext=u:r:system_server:s0 tcontext=u:object_r:sdcardfs:s0 tclass=lnk_file permissive=1
05-27 15:47:09.973  6134  6134 W ActivityThread: handleWindowVisibility: no activity for token android.os.BinderProxy@1b9ae1a
05-27 15:47:09.977  6134  6134 W cr_ActivityDispatcher: CustomTabsIntent#shouldAlwaysUseBrowserUI() = false
05-27 15:47:09.987  6134  6134 W cr_ContextualSearch: No manager!
05-27 15:47:09.988  6134  6134 W cr_ActivityDispatcher: CustomTabsIntent#shouldAlwaysUseBrowserUI() = false
05-27 15:47:09.994  1597  6125 W SchedPolicy: add_tid_to_cgroup failed to write '9370' (No space left on device); fd=24
05-27 15:47:09.995  1597  6125 W SchedPolicy: add_tid_to_cgroup failed to write '9370' (No space left on device); fd=27
05-27 15:47:09.997  1597  1605 W System  : A resource failed to call close. 
05-27 15:47:09.998  1597  1605 I chatty  : uid=1000(system) FinalizerDaemon identical 27 lines
05-27 15:47:09.998  1597  1605 W System  : A resource failed to call close. 
05-27 15:47:10.005  9417  9417 I CT_REPRO: E02_state_inference_oracle | 1779868030005 | 347 | TAB_SHOWN | 5 | http://198.18.0.1:8000/delay/1000?trial=delay_1000_ok_t2 | com.android.chrome | Android 9 API 28 | 138.0.7204.179 | extras={timestampUptimeMillis=1621994}
05-27 15:47:10.021  6134  6134 W cr_ActivityDispatcher: CustomTabsIntent#shouldAlwaysUseBrowserUI() = false
05-27 15:47:10.030  6134  6134 W cr_ActivityDispatcher: CustomTabsIntent#shouldAlwaysUseBrowserUI() = false
05-27 15:47:10.031  6134  6134 I cr_A11yState: Enabled accessibility services: [io.github.ylimit.droidbotapp/io.github.privacystreams.accessibility.PSAccessibilityService, null]
05-27 15:47:10.031  6134  6134 I cr_A11yState: Running accessibility services: [io.github.ylimit.droidbotapp/io.github.privacystreams.accessibility.PSAccessibilityService]
05-27 15:47:10.031  6134  6134 I cr_A11yState: Will check again after 250 milliseconds.
05-27 15:47:10.037  2324  2324 W ContextImpl: Calling a method in the system process without a qualified user: android.app.ContextImpl.startService:1531 android.content.ContextWrapper.startService:664 android.content.ContextWrapper.startService:664 com.android.coreservice.CoreBroadcastReceiver.onReceive:54 android.app.ActivityThread.handleReceiver:3424 
05-27 15:47:10.043  6187  6187 I CrGpuMain: type=1400 audit(0.0:2583): avc: denied { ioctl } for path="/dev/fastpipe" dev="tmpfs" ino=3085 ioctlcmd=6869 scontext=u:r:untrusted_app:s0:c59,c256,c512,c768 tcontext=u:object_r:device:s0 tclass=chr_file permissive=1
05-27 15:47:10.055  9417  9417 I CT_REPRO: E02_state_inference_oracle | 1779868030055 | 397 | NAVIGATION_STARTED | 1 | http://198.18.0.1:8000/delay/1000?trial=delay_1000_ok_t2 | com.android.chrome | Android 9 API 28 | 138.0.7204.179 | extras={timestampUptimeMillis=1622044}
05-27 15:47:10.066  1462  1462 I Binder:1462_1: type=1400 audit(0.0:2584): avc: denied { read write } for path="/dev/fastpipe" dev="tmpfs" ino=3085 scontext=u:r:untrusted_app:s0:c59,c256,c512,c768 tcontext=u:object_r:device:s0 tclass=chr_file permissive=1
05-27 15:47:10.070  6134  6134 I cr_BrowserUiUtils: Recorded Startup.Android.FirstDrawCompletedTime = 89 ms
05-27 15:47:10.076  6134  7758 E EGL_emulation: tid 7758: eglSurfaceAttrib(1504): error 0x3009 (EGL_BAD_MATCH)
05-27 15:47:10.076  6134  7758 W OpenGLRenderer: Failed to set EGL_SWAP_BEHAVIOR on surface 0xc00e1820, error=EGL_BAD_MATCH
05-27 15:47:10.099  6134  6134 I cr_CompositorSurfaceMgr: Transitioning to surface with format: -1
05-27 15:47:10.100  6134  6134 I cr_CompositorSurfaceMgr: surfaceCreated format: 0
05-27 15:47:10.104  1597  1612 I ActivityManager: Displayed com.android.chrome/org.chromium.chrome.browser.customtabs.CustomTabActivity: +435ms
05-27 15:47:10.176  6134  6134 D skia    : --- Failed to create image decoder with message 'unimplemented'
05-27 15:47:10.176  6187  6235 W chromium: [WARNING:components/viz/service/frame_sinks/root_compositor_frame_sink_impl.cc:985] Requested unsupported preferred frame interval 0.016666 s (=60.0024Hz)
05-27 15:47:10.182  2324  2324 W ContextImpl: Calling a method in the system process without a qualified user: android.app.ContextImpl.startService:1531 android.content.ContextWrapper.startService:664 android.content.ContextWrapper.startService:664 com.android.coreservice.CoreBroadcastReceiver.onReceive:70 android.app.ActivityThread.handleReceiver:3424 
05-27 15:47:10.183  2324  2324 W ContextImpl: Calling a method in the system process without a qualified user: android.app.ContextImpl.startService:1531 android.content.ContextWrapper.startService:664 android.content.ContextWrapper.startService:664 com.android.coreservice.CoreBroadcastReceiver.onReceive:70 android.app.ActivityThread.handleReceiver:3424 
05-27 15:47:10.212  6187  6211 E eglCodecCommon: glUtilsParamSize: unknow param 0x000088ef
05-27 15:47:10.213  6187  6211 E eglCodecCommon: glUtilsParamSize: unknow param 0x00000cf2
05-27 15:47:10.213  6187  6211 E eglCodecCommon: glUtilsParamSize: unknow param 0x00000cf3
05-27 15:47:10.213  6187  6211 E eglCodecCommon: glUtilsParamSize: unknow param 0x00000cf4
05-27 15:47:10.213  6187  6211 E eglCodecCommon: glUtilsParamSize: unknow param 0x0000806d
05-27 15:47:10.213  6187  6211 E eglCodecCommon: glUtilsParamSize: unknow param 0x0000806e
05-27 15:47:10.213  6187  6211 E eglCodecCommon: glUtilsParamSize: unknow param 0x000088ef
05-27 15:47:10.214  6187  6211 E eglCodecCommon: glUtilsParamSize: unknow param 0x00000cf2
05-27 15:47:10.214  6187  6211 E eglCodecCommon: glUtilsParamSize: unknow param 0x00000cf3
05-27 15:47:10.214  6187  6211 E eglCodecCommon: glUtilsParamSize: unknow param 0x00000cf4
05-27 15:47:10.214  6187  6211 E eglCodecCommon: glUtilsParamSize: unknow param 0x0000806d
05-27 15:47:10.214  6187  6211 E eglCodecCommon: glUtilsParamSize: unknow param 0x0000806e
05-27 15:47:10.215  6187  6211 E eglCodecCommon: glUtilsParamSize: unknow param 0x000088ef
05-27 15:47:10.216  6187  6211 E eglCodecCommon: glUtilsParamSize: unknow param 0x00000cf2
05-27 15:47:10.216  6187  6211 E eglCodecCommon: glUtilsParamSize: unknow param 0x00000cf3
05-27 15:47:10.216  6187  6211 E eglCodecCommon: glUtilsParamSize: unknow param 0x00000cf4
05-27 15:47:10.216  6187  6211 E eglCodecCommon: glUtilsParamSize: unknow param 0x0000806d
05-27 15:47:10.216  6187  6211 E eglCodecCommon: glUtilsParamSize: unknow param 0x0000806e
05-27 15:47:10.217  1597  6125 W SchedPolicy: add_tid_to_cgroup failed to write '9417' (No space left on device); fd=25
05-27 15:47:10.218  6187  6211 E eglCodecCommon: glUtilsParamSize: unknow param 0x000088ef
05-27 15:47:10.218  6187  6211 E eglCodecCommon: glUtilsParamSize: unknow param 0x00000cf2
05-27 15:47:10.218  6187  6211 E eglCodecCommon: glUtilsParamSize: unknow param 0x00000cf3
05-27 15:47:10.218  6187  6211 E eglCodecCommon: glUtilsParamSize: unknow param 0x00000cf4
05-27 15:47:10.218  6187  6211 E eglCodecCommon: glUtilsParamSize: unknow param 0x0000806d
05-27 15:47:10.219  6187  6211 E eglCodecCommon: glUtilsParamSize: unknow param 0x0000806e
05-27 15:47:10.219  6187  6211 E eglCodecCommon: glUtilsParamSize: unknow param 0x000088ef
05-27 15:47:10.219  6187  6211 E eglCodecCommon: glUtilsParamSize: unknow param 0x00000cf2
05-27 15:47:10.219  6187  6211 E eglCodecCommon: glUtilsParamSize: unknow param 0x00000cf3
05-27 15:47:10.219  6187  6211 E eglCodecCommon: glUtilsParamSize: unknow param 0x00000cf4
05-27 15:47:10.219  6187  6211 E eglCodecCommon: glUtilsParamSize: unknow param 0x0000806d
05-27 15:47:10.219  6187  6211 E eglCodecCommon: glUtilsParamSize: unknow param 0x0000806e
05-27 15:47:10.219  6187  6211 E eglCodecCommon: glUtilsParamSize: unknow param 0x000088ef
05-27 15:47:10.221  6187  6211 E eglCodecCommon: glUtilsParamSize: unknow param 0x00000cf2
05-27 15:47:10.221  6187  6211 E eglCodecCommon: glUtilsParamSize: unknow param 0x00000cf3
05-27 15:47:10.221  6187  6211 E eglCodecCommon: glUtilsParamSize: unknow param 0x00000cf4
05-27 15:47:10.221  6187  6211 E eglCodecCommon: glUtilsParamSize: unknow param 0x0000806d
05-27 15:47:10.221  6187  6211 E eglCodecCommon: glUtilsParamSize: unknow param 0x0000806e
05-27 15:47:10.222  6187  6211 E eglCodecCommon: glUtilsParamSize: unknow param 0x000088ef
05-27 15:47:10.222  6187  6211 E eglCodecCommon: glUtilsParamSize: unknow param 0x00000cf2
05-27 15:47:10.222  6187  6211 E eglCodecCommon: glUtilsParamSize: unknow param 0x00000cf3
05-27 15:47:10.222  6187  6211 E eglCodecCommon: glUtilsParamSize: unknow param 0x00000cf4
05-27 15:47:10.222  6187  6211 E eglCodecCommon: glUtilsParamSize: unknow param 0x0000806d
05-27 15:47:10.222  6187  6211 E eglCodecCommon: glUtilsParamSize: unknow param 0x0000806e
05-27 15:47:10.223  6187  6211 E eglCodecCommon: glUtilsParamSize: unknow param 0x000088ef
05-27 15:47:10.223  6187  6211 E eglCodecCommon: glUtilsParamSize: unknow param 0x00000cf2
05-27 15:47:10.223  6187  6211 E eglCodecCommon: glUtilsParamSize: unknow param 0x00000cf3
05-27 15:47:10.223  6187  6211 E eglCodecCommon: glUtilsParamSize: unknow param 0x00000cf4
05-27 15:47:10.223  6187  6211 E eglCodecCommon: glUtilsParamSize: unknow param 0x0000806d
05-27 15:47:10.223  6187  6211 E eglCodecCommon: glUtilsParamSize: unknow param 0x0000806e
05-27 15:47:10.227  1597  1605 W System  : A resource failed to call close. 
05-27 15:47:10.228  1597  1605 I chatty  : uid=1000(system) FinalizerDaemon identical 27 lines
05-27 15:47:10.228  1597  1605 W System  : A resource failed to call close. 
05-27 15:47:10.250  2324  2324 W ContextImpl: Calling a method in the system process without a qualified user: android.app.ContextImpl.startService:1531 android.content.ContextWrapper.startService:664 android.content.ContextWrapper.startService:664 com.android.coreservice.CoreBroadcastReceiver.onReceive:54 android.app.ActivityThread.handleReceiver:3424 
05-27 15:47:10.283  6134  6134 I cr_A11yState: Enabled accessibility services: [io.github.ylimit.droidbotapp/io.github.privacystreams.accessibility.PSAccessibilityService, null]
05-27 15:47:10.283  6134  6134 I cr_A11yState: Running accessibility services: [io.github.ylimit.droidbotapp/io.github.privacystreams.accessibility.PSAccessibilityService]
05-27 15:47:10.283  6134  6134 I cr_A11yState: Will check again after 500 milliseconds.
05-27 15:47:10.353  1488  1488 I storaged: type=1400 audit(0.0:2585): avc: denied { call } for scontext=u:r:storaged:s0 tcontext=u:r:init:s0 tclass=binder permissive=1
05-27 15:47:10.359  1488  1499 E storaged: getDiskStats failed with result NOT_SUPPORTED and size 0
05-27 15:47:10.784  6134  6134 I cr_A11yState: Enabled accessibility services: [io.github.ylimit.droidbotapp/io.github.privacystreams.accessibility.PSAccessibilityService, null]
05-27 15:47:10.784  6134  6134 I cr_A11yState: Running accessibility services: [io.github.ylimit.droidbotapp/io.github.privacystreams.accessibility.PSAccessibilityService]
05-27 15:47:10.784  6134  6134 I cr_A11yState: Will check again after 1000 milliseconds.
05-27 15:47:10.998  6134  6134 I cr_A11yState: Enabled accessibility services: [io.github.ylimit.droidbotapp/io.github.privacystreams.accessibility.PSAccessibilityService, null]
05-27 15:47:10.998  6134  6134 I cr_A11yState: Running accessibility services: [io.github.ylimit.droidbotapp/io.github.privacystreams.accessibility.PSAccessibilityService]
05-27 15:47:10.998  6134  6134 I cr_A11yState: Will check again after 2000 milliseconds.
05-27 15:47:11.063  6134  6134 I cr_E2E_DCController: setSafeAreaConstraint: false
05-27 15:47:11.067  9417  9417 I CT_REPRO: E02_state_inference_oracle | 1779868031067 | 1409 | NAVIGATION_FINISHED | 2 | http://198.18.0.1:8000/delay/1000?trial=delay_1000_ok_t2 | com.android.chrome | Android 9 API 28 | 138.0.7204.179 | extras={timestampUptimeMillis=1623067}
05-27 15:47:11.084  6134  6134 I cr_CustomTab: To create AuxiliarySearchController on deferred startup.
05-27 15:47:11.784  6134  6134 I cr_A11yState: Enabled accessibility services: [io.github.ylimit.droidbotapp/io.github.privacystreams.accessibility.PSAccessibilityService, null]
05-27 15:47:11.784  6134  6134 I cr_A11yState: Running accessibility services: [io.github.ylimit.droidbotapp/io.github.privacystreams.accessibility.PSAccessibilityService]
05-27 15:47:11.784  6134  6134 I cr_A11yState: Will check again after 4000 milliseconds.
05-27 15:47:12.999  6134  6134 I cr_A11yState: Enabled accessibility services: [io.github.ylimit.droidbotapp/io.github.privacystreams.accessibility.PSAccessibilityService, null]
