05-27 15:47:26.374  9620  9620 V libnb   : enter native_bridge2_isCompatibleWith 3
05-27 15:47:26.380  9620  9620 I libnb   : Found /system/lib64/libhoudini.so version 3
05-27 15:47:26.393  9620  9620 I main    : type=1400 audit(0.0:2622): avc: denied { open } for path="/data/local/cfg-zieih/app_xpt" dev="sdb2" ino=393559 scontext=u:r:shell:s0 tcontext=u:object_r:system_data_file:s0 tclass=file permissive=1
05-27 15:47:26.393  9620  9620 I main    : type=1400 audit(0.0:2623): avc: denied { mounton } for path="/proc/cpuinfo" dev="proc" ino=4026531992 scontext=u:r:shell:s0 tcontext=u:object_r:proc_cpuinfo:s0 tclass=file permissive=1
05-27 15:47:26.394  9620  9620 I app_process: The ClassLoaderContext is a special shared library.
05-27 15:47:26.394  9620  9620 W app_process: Could not create mount namespace.
05-27 15:47:26.394  9620  9620 D nativebridge: PreInitializeNativeBridge name=unknown instruction_set=x86_64
05-27 15:47:26.395  9620  9620 W nativebridge: Failed to bind-mount /data/local/cfg-zieih/ as /proc/cpuinfo: No such file or directory
05-27 15:47:26.395  9620  9620 W nativebridge: Failed to bind-mount /system/lib64/x86_64/cpuinfo as /proc/cpuinfo: Operation not permitted
05-27 15:47:26.395  9620  9620 D nativebridge: call UnloadNativeBridge! state=2
05-27 15:47:26.409  9620  9620 D AndroidRuntime: Calling main entry com.android.commands.input.Input
05-27 15:47:26.410  9620  9620 I Input   : injectKeyEvent: KeyEvent { action=ACTION_DOWN, keyCode=KEYCODE_BACK, scanCode=0, metaState=0, flags=0x0, repeatCount=0, eventTime=1638409, downTime=1638409, deviceId=-1, source=0x101 }
05-27 15:47:26.425  9620  9620 I Input   : injectKeyEvent: KeyEvent { action=ACTION_UP, keyCode=KEYCODE_BACK, scanCode=0, metaState=0, flags=0x0, repeatCount=0, eventTime=1638409, downTime=1638409, deviceId=-1, source=0x101 }
05-27 15:47:26.431  1597  1614 D AutofillManagerService: onBackKeyPressed()
05-27 15:47:26.439  9620  9620 D AndroidRuntime: Shutting down VM
05-27 15:47:26.477  1597  6125 W SchedPolicy: add_tid_to_cgroup failed to write '6134' (No space left on device); fd=24
05-27 15:47:26.477  1597  6125 W SchedPolicy: add_tid_to_cgroup failed to write '9551' (No space left on device); fd=27
05-27 15:47:26.477  1597  6125 W SchedPolicy: add_tid_to_cgroup failed to write '9505' (No space left on device); fd=24
05-27 15:47:26.477  1597  6125 W SchedPolicy: add_tid_to_cgroup failed to write '6187' (No space left on device); fd=24
05-27 15:47:26.479  2324  2324 W ContextImpl: Calling a method in the system process without a qualified user: android.app.ContextImpl.startService:1531 android.content.ContextWrapper.startService:664 android.content.ContextWrapper.startService:664 com.android.coreservice.CoreBroadcastReceiver.onReceive:45 android.app.ActivityThread.handleReceiver:3424 
05-27 15:47:26.501  6134  6134 I cr_A11yState: Enabled accessibility services: [io.github.ylimit.droidbotapp/io.github.privacystreams.accessibility.PSAccessibilityService, null]
05-27 15:47:26.501  6134  6134 I cr_A11yState: Running accessibility services: [io.github.ylimit.droidbotapp/io.github.privacystreams.accessibility.PSAccessibilityService]
05-27 15:47:26.501  6134  6134 I cr_A11yState: Will check again after 500 milliseconds.
05-27 15:47:26.509  2324  2324 W ContextImpl: Calling a method in the system process without a qualified user: android.app.ContextImpl.startService:1531 android.content.ContextWrapper.startService:664 android.content.ContextWrapper.startService:664 com.android.coreservice.CoreBroadcastReceiver.onReceive:54 android.app.ActivityThread.handleReceiver:3424 
05-27 15:47:26.535  2324  2324 W ContextImpl: Calling a method in the system process without a qualified user: android.app.ContextImpl.startService:1531 android.content.ContextWrapper.startService:664 android.content.ContextWrapper.startService:664 com.android.coreservice.CoreBroadcastReceiver.onReceive:70 android.app.ActivityThread.handleReceiver:3424 
05-27 15:47:26.536  2324  2324 W ContextImpl: Calling a method in the system process without a qualified user: android.app.ContextImpl.startService:1531 android.content.ContextWrapper.startService:664 android.content.ContextWrapper.startService:664 com.android.coreservice.CoreBroadcastReceiver.onReceive:70 android.app.ActivityThread.handleReceiver:3424 
05-27 15:47:26.540  9551  9574 E EGL_emulation: tid 9574: eglSurfaceAttrib(1504): error 0x3009 (EGL_BAD_MATCH)
05-27 15:47:26.540  9551  9574 W OpenGLRenderer: Failed to set EGL_SWAP_BEHAVIOR on surface 0x76388bd86100, error=EGL_BAD_MATCH
05-27 15:47:26.652  1597  1605 W System  : A resource failed to call close. 
05-27 15:47:26.653  1597  1605 I chatty  : uid=1000(system) FinalizerDaemon identical 28 lines
05-27 15:47:26.653  1597  1605 W System  : A resource failed to call close. 
05-27 15:47:26.669  1597  1613 W SchedPolicy: add_tid_to_cgroup failed to write '6134' (No space left on device); fd=25
05-27 15:47:26.669  1597  1613 W SchedPolicy: add_tid_to_cgroup failed to write '9505' (No space left on device); fd=25
05-27 15:47:26.669  1597  1613 W SchedPolicy: add_tid_to_cgroup failed to write '2959' (No space left on device); fd=25
05-27 15:47:26.669  1597  1613 W SchedPolicy: add_tid_to_cgroup failed to write '6187' (No space left on device); fd=25
05-27 15:47:26.684  6134  6134 E cr_CompositorSurfaceMgr: surfaceDestroyed format : 4
05-27 15:47:26.708  6134  6184 I cr_BindingManager: onTrimMemory: level=20, size=1
05-27 15:47:26.712  6134  6134 I cr_A11yState: Enabled accessibility services: [io.github.ylimit.droidbotapp/io.github.privacystreams.accessibility.PSAccessibilityService, null]
05-27 15:47:26.712  6134  6134 I cr_A11yState: Running accessibility services: [io.github.ylimit.droidbotapp/io.github.privacystreams.accessibility.PSAccessibilityService]
05-27 15:47:26.712  6134  6134 I cr_A11yState: Will check again after 1000 milliseconds.
05-27 15:47:26.713  9551  9551 I CT_REPRO: E02_state_inference_oracle | 1779868046713 | 6592 | TAB_HIDDEN | 6 | http://198.18.0.1:8000/delay/1000?trial=delay_1000_ok_t3 | com.android.chrome | Android 9 API 28 | 138.0.7204.179 | extras={timestampUptimeMillis=1638712}
05-27 15:47:26.714  1461  1461 E lowmemorykiller: Error writing /proc/9505/oom_score_adj; errno=22
05-27 15:47:26.715  1597  4472 I ActivityManager: Killing 9505:com.android.chrome:sandboxed_process14/u0a59i38 (adj 0): isolated not needed
05-27 15:47:26.715  1597  1616 W libprocessgroup: kill(-9505, 9) failed: No such process
05-27 15:47:26.721  6134  6134 I cr_CompositorSurfaceMgr: SurfaceState : detach from parent : 0
05-27 15:47:26.723  6134  6134 W cr_ContextualSearch: Warning, the 0 state was aborted.
05-27 15:47:26.724  2324  2324 W ContextImpl: Calling a method in the system process without a qualified user: android.app.ContextImpl.startService:1531 android.content.ContextWrapper.startService:664 android.content.ContextWrapper.startService:664 com.android.coreservice.CoreBroadcastReceiver.onReceive:54 android.app.ActivityThread.handleReceiver:3424 
05-27 15:47:26.732  1462  1462 W SurfaceFlinger: couldn't log to binary event log: overflow.
05-27 15:47:26.734  6134  6134 D AutofillManager: No AutofillClient for com.android.chrome on context org.chromium.chrome.browser.base.SplitMonochromeApplication@30bdb42
05-27 15:47:26.741  1434  1434 I Zygote  : Process 9505 exited cleanly (0)
05-27 15:47:26.741  1434  1434 D libnativeloader: CrashArm64 config not exist or not readable: /system/vendor/firmware_mnt/zieih/CrashArm64
05-27 15:47:26.742  1434  1434 I Zygote  : IsCopy  libcrashcatcher: 0
05-27 15:47:26.742  1597  1617 E KernelCpuSpeedReader: Failed to read cpu-freq: /sys/devices/system/cpu/cpu0/cpufreq/stats/time_in_state (No such file or directory)
05-27 15:47:26.743  1597  1617 E KernelWakelockReader: neither /proc/wakelocks nor /d/wakeup_sources exists
05-27 15:47:26.743  1597  1617 W BatteryStatsImpl: Couldn't get kernel wake lock stats
05-27 15:47:26.751  1597  1613 W BroadcastQueue: Background execution not allowed: receiving Intent { act=android.intent.action.DROPBOX_ENTRY_ADDED flg=0x10 (has extras) } to com.google.android.gms/.stats.service.DropBoxEntryAddedReceiver
05-27 15:47:26.751  1597  1613 W BroadcastQueue: Background execution not allowed: receiving Intent { act=android.intent.action.DROPBOX_ENTRY_ADDED flg=0x10 (has extras) } to com.google.android.gms/.chimera.GmsIntentOperationService$PersistentTrustedReceiver
05-27 15:47:26.752  1597  1615 I ActivityManager: Start proc 9638:com.android.chrome:sandboxed_process15/u0i39 for service com.android.chrome/org.chromium.content.app.SandboxedProcessService15
05-27 15:47:26.760  1597  1616 W libprocessgroup: kill(-9505, 9) failed: No such process
05-27 15:47:26.760  9638  9638 W nativebridge: Failed to bind-mount /data/local/cfg-zieih/ as /proc/cpuinfo: Not a directory
05-27 15:47:26.760  1597  1616 I libprocessgroup: Successfully killed process cgroup uid 99038 pid 9505 in 45ms
05-27 15:47:26.761  9638  9638 I Zygote  : seccomp disabled by setenforce 0
05-27 15:47:26.762  9638  9638 D nativebridge: call UnloadNativeBridge! state=1
05-27 15:47:26.763  9638  9638 I boxed_process15: type=1400 audit(0.0:2624): avc: denied { open } for path="/data/local/cfg-zieih/app_device" dev="sdb2" ino=393551 scontext=u:r:isolated_app:s0:c39,c256,c512,c768 tcontext=u:object_r:system_data_file:s0 tclass=file permissive=1
05-27 15:47:26.769  1597  4472 W SchedPolicy: add_tid_to_cgroup failed to write '9638' (No space left on device); fd=25
05-27 15:47:26.769  1597  3563 W SchedPolicy: add_tid_to_cgroup failed to write '2423' (No space left on device); fd=24
05-27 15:47:26.777  1597  2082 W SchedPolicy: add_tid_to_cgroup failed to write '2423' (No space left on device); fd=25
05-27 15:47:26.806  9638  9638 I boxed_process15: type=1400 audit(0.0:2625): avc: denied { getattr } for path="/data/data/com.android.chrome" dev="sdb2" ino=1048947 scontext=u:r:isolated_app:s0:c39,c256,c512,c768 tcontext=u:object_r:app_data_file:s0:c59,c256,c512,c768 tclass=dir permissive=1
05-27 15:47:26.812  9638  9638 D libnativeloader: CrashArm64 config not exist or not readable: /system/vendor/firmware_mnt/zieih/CrashArm64
05-27 15:47:26.813  9638  9638 W boxed_process1: Unknown chunk type '200'.
05-27 15:47:26.815  9638  9638 I cr_SplitCompatApp: version=138.0.7204.179 (720417927) minSdkVersion=26 isBundle=true processName=com.android.chrome:sandboxed_process15 isIsolatedProcess=true
05-27 15:47:26.816  9638  9638 W SystemServiceRegistry: No service published for: uimode
05-27 15:47:26.818  9638  9638 I cr_ChildProcessService: Creating new ChildProcessService pid=9638
05-27 15:47:26.835  9638  9661 I cr_LibraryLoader: Successfully loaded native library
05-27 15:47:26.835  9638  9661 I cr_CachingUmaRecorder: Flushed 2 samples from 2 histograms, 0 samples were dropped.
05-27 15:47:27.008  6134  6134 I cr_A11yState: Enabled accessibility services: [io.github.ylimit.droidbotapp/io.github.privacystreams.accessibility.PSAccessibilityService, null]
05-27 15:47:27.008  6134  6134 I cr_A11yState: Running accessibility services: [io.github.ylimit.droidbotapp/io.github.privacystreams.accessibility.PSAccessibilityService]
05-27 15:47:27.008  6134  6134 I cr_A11yState: Will check again after 2000 milliseconds.
05-27 15:47:27.553  6187  6187 I CompositorGpuTh: type=1400 audit(0.0:2626): avc: denied { ioctl } for path="/dev/fastpipe" dev="tmpfs" ino=3085 ioctlcmd=6867 scontext=u:r:untrusted_app:s0:c59,c256,c512,c768 tcontext=u:object_r:device:s0 tclass=chr_file permissive=1
05-27 15:47:27.718  6134  6134 I cr_A11yState: Enabled accessibility services: [io.github.ylimit.droidbotapp/io.github.privacystreams.accessibility.PSAccessibilityService, null]
05-27 15:47:27.718  6134  6134 I cr_A11yState: Running accessibility services: [io.github.ylimit.droidbotapp/io.github.privacystreams.accessibility.PSAccessibilityService]
05-27 15:47:27.718  6134  6134 I cr_A11yState: Will check again after 4000 milliseconds.
05-27 15:47:28.130  9551  9551 I RenderThread: type=1400 audit(0.0:2627): avc: denied { ioctl } for path="/dev/fastpipe" dev="tmpfs" ino=3085 ioctlcmd=6867 scontext=u:r:untrusted_app:s0:c53,c256,c512,c768 tcontext=u:object_r:device:s0 tclass=chr_file permissive=1
05-27 15:47:28.625  1597  4472 D ActivityManager: Task: com.android.launcher3.Launcher, ID: 2, Base: com.android.launcher3.Launcher, packageName: com.android.launcher3
05-27 15:47:28.625  1597  4472 I ActivityManager: Force stopping edu.mobilesec.ctrepro appid=10053 user=0: from pid 9673
05-27 15:47:28.625  1597  4472 I ActivityManager: Killing 9551:edu.mobilesec.ctrepro/u0a53 (adj 0): stop edu.mobilesec.ctrepro
05-27 15:47:28.625  1597  1616 W libprocessgroup: kill(-9551, 9) failed: No such process
05-27 15:47:28.626  1597  4472 W ActivityManager: Force removing ActivityRecord{75e9a65 u0 edu.mobilesec.ctrepro/.MainActivity t45}: app died, no saved state
05-27 15:47:28.628  1462  1919 W SurfaceFlinger: Attempting to destroy on removed layer: AppWindowToken{742beb token=Token{570b33a ActivityRecord{75e9a65 u0 edu.mobilesec.ctrepro/.MainActivity t45}}}#0
05-27 15:47:28.629  1597  4472 W SchedPolicy: add_tid_to_cgroup failed to write '2386' (No space left on device); fd=27
05-27 15:47:28.629  1597  4472 W SchedPolicy: add_tid_to_cgroup failed to write '2669' (No space left on device); fd=24
05-27 15:47:28.629  1597  4472 W SchedPolicy: add_tid_to_cgroup failed to write '4075' (No space left on device); fd=24
05-27 15:47:28.630  1462  1462 I surfaceflinger: type=1400 audit(0.0:2628): avc: denied { ioctl } for path="/dev/fastpipe" dev="tmpfs" ino=3085 ioctlcmd=6867 scontext=u:r:surfaceflinger:s0 tcontext=u:object_r:device:s0 tclass=chr_file permissive=1
05-27 15:47:28.632  2324  2324 W ContextImpl: Calling a method in the system process without a qualified user: android.app.ContextImpl.startService:1531 android.content.ContextWrapper.startService:664 android.content.ContextWrapper.startService:664 com.android.coreservice.CoreBroadcastReceiver.onReceive:54 android.app.ActivityThread.handleReceiver:3424 
05-27 15:47:28.633  2386  2643 W OpenGLRenderer: Incorrectly called buildLayer on View: ShortcutAndWidgetContainer, destroying layer...
05-27 15:47:28.642  1433  1433 I Zygote  : Process 9551 exited due to signal (9)
05-27 15:47:28.669  1597  1616 W libprocessgroup: kill(-9551, 9) failed: No such process
05-27 15:47:28.670  1597  1616 I libprocessgroup: Successfully killed process cgroup uid 10053 pid 9551 in 44ms
05-27 15:47:28.677  1597  1622 W ActivityManager: setHasOverlayUi called on unknown pid: 9551
05-27 15:47:28.697  1934  1934 D CarrierSvcBindHelper: No carrier app for: 0
05-27 15:47:28.697  1597  2637 I ActivityManager: START u0 {flg=0x10000000 cmp=edu.mobilesec.ctrepro/.MainActivity (has extras)} from uid 2000
05-27 15:47:28.703  1597  1597 I Binder:1597_F: type=1400 audit(0.0:2629): avc: denied { call } for scontext=u:r:system_server:s0 tcontext=u:r:init:s0 tclass=binder permissive=1
05-27 15:47:28.708  2324  2324 W ContextImpl: Calling a method in the system process without a qualified user: android.app.ContextImpl.sendBroadcast:1020 android.content.ContextWrapper.sendBroadcast:449 com.android.coreservice.TabManager.notifyClosing:413 com.android.coreservice.TabManager.updateInner:200 com.android.coreservice.TabManager.onUpdate:235 
05-27 15:47:28.730  1449  1449 I allocator@2.0-s: type=1400 audit(0.0:2630): avc: denied { ioctl } for path="/dev/fastpipe" dev="tmpfs" ino=3085 ioctlcmd=6867 scontext=u:r:hal_graphics_allocator_default:s0 tcontext=u:object_r:device:s0 tclass=chr_file permissive=1
05-27 15:47:28.738  1597  1605 W System  : A resource failed to call close. 
05-27 15:47:28.738  1597  1605 I chatty  : uid=1000(system) FinalizerDaemon identical 29 lines
05-27 15:47:28.738  1597  1605 W System  : A resource failed to call close. 
05-27 15:47:28.743  2324  2324 I CoreService: notifyClosing notify tab closed taskPackageName:edu.mobilesec.ctrepro
05-27 15:47:28.744  2324  2324 W oid.coreservic: Unknown chunk type '200'.
05-27 15:47:28.753  1449  1449 I allocator@2.0-s: type=1400 audit(0.0:2631): avc: denied { read write } for name="fastpipe" dev="tmpfs" ino=3085 scontext=u:r:hal_graphics_allocator_default:s0 tcontext=u:object_r:device:s0 tclass=chr_file permissive=1
05-27 15:47:28.753  1449  1449 I allocator@2.0-s: type=1400 audit(0.0:2632): avc: denied { open } for path="/dev/fastpipe" dev="tmpfs" ino=3085 scontext=u:r:hal_graphics_allocator_default:s0 tcontext=u:object_r:device:s0 tclass=chr_file permissive=1
05-27 15:47:28.753  1449  1449 I HwBinder:1449_2: type=1400 audit(0.0:2633): avc: denied { read write } for path="/dev/fastpipe" dev="tmpfs" ino=3085 scontext=u:r:surfaceflinger:s0 tcontext=u:object_r:device:s0 tclass=chr_file permissive=1
05-27 15:47:28.759  2324  2324 W ContextImpl: Calling a method in the system process without a qualified user: android.app.ContextImpl.startService:1531 android.content.ContextWrapper.startService:664 android.content.ContextWrapper.startService:664 com.android.coreservice.CoreBroadcastReceiver.onReceive:45 android.app.ActivityThread.handleReceiver:3424 
05-27 15:47:28.764  2386  2643 E EGL_emulation: tid 2643: eglSurfaceAttrib(1504): error 0x3009 (EGL_BAD_MATCH)
05-27 15:47:28.764  2386  2643 W OpenGLRenderer: Failed to set EGL_SWAP_BEHAVIOR on surface 0x7638888a7480, error=EGL_BAD_MATCH
05-27 15:47:28.780  1597  1613 W SchedPolicy: add_tid_to_cgroup failed to write '2386' (No space left on device); fd=24
05-27 15:47:28.780  2324  2324 W ContextImpl: Calling a method in the system process without a qualified user: android.app.ContextImpl.startService:1531 android.content.ContextWrapper.startService:664 android.content.ContextWrapper.startService:664 com.android.coreservice.CoreBroadcastReceiver.onReceive:70 android.app.ActivityThread.handleReceiver:3424 
05-27 15:47:28.781  2324  2324 W ContextImpl: Calling a method in the system process without a qualified user: android.app.ContextImpl.startService:1531 android.content.ContextWrapper.startService:664 android.content.ContextWrapper.startService:664 com.android.coreservice.CoreBroadcastReceiver.onReceive:54 android.app.ActivityThread.handleReceiver:3424 
05-27 15:47:28.782  2324  2324 W ContextImpl: Calling a method in the system process without a qualified user: android.app.ContextImpl.startService:1531 android.content.ContextWrapper.startService:664 android.content.ContextWrapper.startService:664 com.android.coreservice.CoreBroadcastReceiver.onReceive:45 android.app.ActivityThread.handleReceiver:3424 
05-27 15:47:28.784  2324  2324 W ContextImpl: Calling a method in the system process without a qualified user: android.app.ContextImpl.startService:1531 android.content.ContextWrapper.startService:664 android.content.ContextWrapper.startService:664 com.android.coreservice.CoreBroadcastReceiver.onReceive:70 android.app.ActivityThread.handleReceiver:3424 
05-27 15:47:28.806  1597  1615 I ActivityManager: Start proc 9684:edu.mobilesec.ctrepro/u0a53 for activity edu.mobilesec.ctrepro/.MainActivity
05-27 15:47:28.806  9684  9684 I Zygote  : seccomp disabled by setenforce 0
05-27 15:47:28.807  9684  9684 I bilesec.ctrepr: Late-enabling -Xcheck:jni
05-27 15:47:28.815  9684  9684 D nativebridge: call UnloadNativeBridge! state=1
05-27 15:47:28.828  1597  4472 W SchedPolicy: add_tid_to_cgroup failed to write '9684' (No space left on device); fd=27
05-27 15:47:28.838  1597  1612 I ActivityManager: Displayed edu.mobilesec.ctrepro/.MainActivity: +94ms
05-27 15:47:28.923  2324  2324 W ContextImpl: Calling a method in the system process without a qualified user: android.app.ContextImpl.startService:1531 android.content.ContextWrapper.startService:664 android.content.ContextWrapper.startService:664 com.android.coreservice.CoreBroadcastReceiver.onReceive:54 android.app.ActivityThread.handleReceiver:3424 
05-27 15:47:28.954  9684  9684 D libnativeloader: CrashArm64 config not exist or not readable: /system/vendor/firmware_mnt/zieih/CrashArm64
05-27 15:47:28.976  1597  1605 W System  : A resource failed to call close. 
05-27 15:47:28.976  1597  1605 I chatty  : uid=1000(system) FinalizerDaemon identical 29 lines
05-27 15:47:28.976  1597  1605 W System  : A resource failed to call close. 
05-27 15:47:29.008  6134  6134 I cr_A11yState: Enabled accessibility services: [io.github.ylimit.droidbotapp/io.github.privacystreams.accessibility.PSAccessibilityService, null]
05-27 15:47:29.008  6134  6134 I cr_A11yState: Running accessibility services: [io.github.ylimit.droidbotapp/io.github.privacystreams.accessibility.PSAccessibilityService]
05-27 15:47:29.008  6134  6134 I cr_A11yState: Max delay reached. Send information as is.
05-27 15:47:29.008  6134  6134 D AutofillManager: No AutofillClient for com.android.chrome on context org.chromium.chrome.browser.base.SplitMonochromeApplication@30bdb42
05-27 15:47:29.008  6134  6134 I cr_A11yState: Informing listeners of changes.
05-27 15:47:29.009  6134  6134 I cr_A11yState: New AccessibilityState: State{isComplexUserInteractionServiceEnabled=true, isTouchExplorationEnabled=false, isPerformGesturesEnabled=false, isAnyAccessibilityServiceEnabled=true, isAccessibilityToolPresent=true, isTextShowPasswordEnabled=true, isOnlyAutofillRunning=false, isOnlyPasswordManagersEnabled=false, isKnownScreenReaderEnabled=false}
05-27 15:47:29.067  1597  2637 W SchedPolicy: add_tid_to_cgroup failed to write '2959' (No space left on device); fd=24
05-27 15:47:29.067  1597  2637 W SchedPolicy: add_tid_to_cgroup failed to write '6134' (No space left on device); fd=24
05-27 15:47:29.067  1597  2637 W SchedPolicy: add_tid_to_cgroup failed to write '6187' (No space left on device); fd=24
05-27 15:47:29.068  1597  2637 W SchedPolicy: add_tid_to_cgroup failed to write '6134' (No space left on device); fd=25
05-27 15:47:29.068  1597  2637 W SchedPolicy: add_tid_to_cgroup failed to write '2959' (No space left on device); fd=25
05-27 15:47:29.068  1597  2637 W SchedPolicy: add_tid_to_cgroup failed to write '6187' (No space left on device); fd=25
05-27 15:47:29.072  9684  9684 D OpenGLRenderer: Skia GL Pipeline
05-27 15:47:29.072  2324  2324 W ContextImpl: Calling a method in the system process without a qualified user: android.app.ContextImpl.startService:1531 android.content.ContextWrapper.startService:664 android.content.ContextWrapper.startService:664 com.android.coreservice.CoreBroadcastReceiver.onReceive:54 android.app.ActivityThread.handleReceiver:3424 
05-27 15:47:29.111  6134  6134 I cr_CompositorSurfaceMgr: Transitioning to surface with format: -1
05-27 15:47:29.111  9684  9684 I CT_REPRO: E02_state_inference_oracle | 1779868049111 | 0 | SERVICE_CONNECTED | 0 | http://198.18.0.1:8000/delay/3000?trial=delay_3000_ok_t1 | com.android.chrome | Android 9 API 28 | 138.0.7204.179 | component=com.android.chrome/org.chromium.chrome.browser.customtabs.CustomTabsConnectionService
05-27 15:47:29.152  9684  9707 I         : fastpipe: Connect success
05-27 15:47:29.153  9684  9684 I CT_REPRO: E02_state_inference_oracle | 1779868049152 | 0 | extraCallback:onWarmupCompleted | 10000 | http://198.18.0.1:8000/delay/3000?trial=delay_3000_ok_t1 | com.android.chrome | Android 9 API 28 | 138.0.7204.179 | bundle={}
05-27 15:47:29.153  9684  9707 I         : fastpipe: Connect success
05-27 15:47:29.154  9684  9707 D HostConnection: HostRPC::connect sucess: app=edu.mobilesec.ctrepro, pid=9684, tid=9707, this=0x76388bcdf400
05-27 15:47:29.154  9684  9707 D HostConnection: queryAndSetGLESMaxVersion select gles-version: 3.1 hostGLVersion:46 process:edu.mobilesec.ctrepro
05-27 15:47:29.156  9684  9707 I ConfigStore: android::hardware::configstore::V1_0::ISurfaceFlingerConfigs::hasWideColorDisplay retrieved: 0
05-27 15:47:29.156  9684  9707 I ConfigStore: android::hardware::configstore::V1_0::ISurfaceFlingerConfigs::hasHDRDisplay retrieved: 0
05-27 15:47:29.156  9684  9707 I OpenGLRenderer: Initialized EGL, version 1.4
05-27 15:47:29.156  9684  9707 D OpenGLRenderer: Swap behavior 1
05-27 15:47:29.161  9684  9707 D EGL_emulation: eglCreateContext: 0x76388bc5f9c0: maj 3 min 1 rcv 4
05-27 15:47:29.189  9684  9707 E eglCodecCommon: glUtilsParamSize: unknow param 0x000082da
05-27 15:47:29.189  9684  9707 E eglCodecCommon: glUtilsParamSize: unknow param 0x000082e5
05-27 15:47:29.192  9684  9707 D HostConnection: ExtendedRCEncoderContext GL_VERSION return OpenGL ES 3.1 v1
05-27 15:47:29.194  9684  9707 E eglCodecCommon: glUtilsParamSize: unknow param 0x00008c29
05-27 15:47:29.194  9684  9707 E eglCodecCommon: glUtilsParamSize: unknow param 0x000087fe
05-27 15:47:29.197  9684  9707 D vndksupport: Loading /vendor/lib64/hw/android.hardware.graphics.mapper@2.0-impl.so from current namespace instead of sphal namespace.
05-27 15:47:29.197  9684  9707 D vndksupport: Loading /vendor/lib64/hw/gralloc.default.so from current namespace instead of sphal namespace.
05-27 15:47:29.202  9684  9707 E EGL_emulation: tid 9707: eglSurfaceAttrib(1504): error 0x3009 (EGL_BAD_MATCH)
05-27 15:47:29.202  9684  9707 W OpenGLRenderer: Failed to set EGL_SWAP_BEHAVIOR on surface 0x76388bd86100, error=EGL_BAD_MATCH
05-27 15:47:29.242  2324  2324 W ContextImpl: Calling a method in the system process without a qualified user: android.app.ContextImpl.startService:1531 android.content.ContextWrapper.startService:664 android.content.ContextWrapper.startService:664 com.android.coreservice.CoreBroadcastReceiver.onReceive:70 android.app.ActivityThread.handleReceiver:3424 
05-27 15:47:29.243  2324  2324 W ContextImpl: Calling a method in the system process without a qualified user: android.app.ContextImpl.startService:1531 android.content.ContextWrapper.startService:664 android.content.ContextWrapper.startService:664 com.android.coreservice.CoreBroadcastReceiver.onReceive:70 android.app.ActivityThread.handleReceiver:3424 
05-27 15:47:29.256  1597  2637 W SchedPolicy: add_tid_to_cgroup failed to write '2386' (No space left on device); fd=25
05-27 15:47:29.256  1597  2637 W SchedPolicy: add_tid_to_cgroup failed to write '2669' (No space left on device); fd=25
05-27 15:47:29.256  1597  2637 W SchedPolicy: add_tid_to_cgroup failed to write '4075' (No space left on device); fd=25
05-27 15:47:29.315  1462  1919 W SurfaceFlinger: Attempting to set client state on removed layer: Splash Screen edu.mobilesec.ctrepro#0
05-27 15:47:29.315  1462  1919 W SurfaceFlinger: Attempting to destroy on removed layer: Splash Screen edu.mobilesec.ctrepro#0
05-27 15:47:30.569  9684  9684 I CT_REPRO: E02_state_inference_oracle | 1779868050568 | 1 | LAUNCH_REQUESTED | 0 | http://198.18.0.1:8000/delay/3000?trial=delay_3000_ok_t1 | com.android.chrome | Android 9 API 28 | 138.0.7204.179 | 准备打开 Custom Tab
05-27 15:47:30.574  1597  2082 I ActivityManager: START u0 {act=android.intent.action.VIEW dat=http://198.18.0.1:8000/... pkg=com.android.chrome cmp=com.android.chrome/com.google.android.apps.chrome.IntentDispatcher (has extras)} from uid 10053
05-27 15:47:30.585  2324  2324 W ContextImpl: Calling a method in the system process without a qualified user: android.app.ContextImpl.startService:1531 android.content.ContextWrapper.startService:664 android.content.ContextWrapper.startService:664 com.android.coreservice.CoreBroadcastReceiver.onReceive:45 android.app.ActivityThread.handleReceiver:3424 
05-27 15:47:30.589  6134  6134 W ActivityThread: handleWindowVisibility: no activity for token android.os.BinderProxy@e465c37
05-27 15:47:30.589  1597  2637 W SchedPolicy: add_tid_to_cgroup failed to write '6134' (No space left on device); fd=27
05-27 15:47:30.589  1597  2637 W SchedPolicy: add_tid_to_cgroup failed to write '9684' (No space left on device); fd=24
05-27 15:47:30.589  1597  2637 W SchedPolicy: add_tid_to_cgroup failed to write '2959' (No space left on device); fd=24
05-27 15:47:30.589  1597  2637 W SchedPolicy: add_tid_to_cgroup failed to write '6187' (No space left on device); fd=27
05-27 15:47:30.656  1597  1730 D Ethernet: got request NetworkRequest [ TRACK_DEFAULT id=80, [ Capabilities: INTERNET&NOT_RESTRICTED&TRUSTED Unwanted:  Uid: 10059] ] with score 60
05-27 15:47:30.656  1597  1698 D WIFI    : got request NetworkRequest [ TRACK_DEFAULT id=80, [ Capabilities: INTERNET&NOT_RESTRICTED&TRUSTED Unwanted:  Uid: 10059] ] with score 60
05-27 15:47:30.656  1597  1698 D WIFI_UT : got request NetworkRequest [ TRACK_DEFAULT id=80, [ Capabilities: INTERNET&NOT_RESTRICTED&TRUSTED Unwanted:  Uid: 10059] ] with score 60
05-27 15:47:30.656  1597  1729 D WIFI_AWARE_FACTORY: got request NetworkRequest [ TRACK_DEFAULT id=80, [ Capabilities: INTERNET&NOT_RESTRICTED&TRUSTED Unwanted:  Uid: 10059] ] with score 60
05-27 15:47:30.657  1934  1934 D PhoneSwitcherNetworkRequstListener: got request NetworkRequest [ TRACK_DEFAULT id=80, [ Capabilities: INTERNET&NOT_RESTRICTED&TRUSTED Unwanted:  Uid: 10059] ] with score 60
05-27 15:47:30.684  1597  1605 W System  : A resource failed to call close. 
05-27 15:47:30.684  1597  1605 I chatty  : uid=1000(system) FinalizerDaemon identical 29 lines
05-27 15:47:30.684  1597  1605 W System  : A resource failed to call close. 
05-27 15:47:30.762  6134  6134 W cr_ActivityDispatcher: CustomTabsIntent#shouldAlwaysUseBrowserUI() = false
05-27 15:47:30.762  6134  6134 W cr_ActivityDispatcher: CustomTabsIntent#shouldAlwaysUseBrowserUI() = false
05-27 15:47:30.779  1597  4472 I ActivityManager: START u0 {act=android.intent.action.VIEW dat=http://198.18.0.1:8000/... flg=0x2800000 pkg=com.android.chrome cmp=com.android.chrome/org.chromium.chrome.browser.customtabs.CustomTabActivity (has extras)} from uid 10059
05-27 15:47:30.788  2324  2324 W ContextImpl: Calling a method in the system process without a qualified user: android.app.ContextImpl.startService:1531 android.content.ContextWrapper.startService:664 android.content.ContextWrapper.startService:664 com.android.coreservice.CoreBroadcastReceiver.onReceive:45 android.app.ActivityThread.handleReceiver:3424 
05-27 15:47:30.886  6134  6134 I .android.chrome: type=1400 audit(0.0:2646): avc: denied { read } for name="Applications" dev="sdcardfs" ino=655362 scontext=u:r:untrusted_app:s0:c59,c256,c512,c768 tcontext=u:object_r:sdcardfs:s0 tclass=lnk_file permissive=1
05-27 15:47:30.886  6134  6134 I .android.chrome: type=1400 audit(0.0:2647): avc: denied { search } for name="/" dev="vboxsf" ino=1 scontext=u:r:untrusted_app:s0:c59,c256,c512,c768 tcontext=u:object_r:unlabeled:s0 tclass=dir permissive=1
05-27 15:47:30.887  1597  1605 W System  : A resource failed to call close. 
05-27 15:47:30.888  1597  1605 I chatty  : uid=1000(system) FinalizerDaemon identical 33 lines
05-27 15:47:30.888  1597  1605 W System  : A resource failed to call close. 
05-27 15:47:30.889  6134  6134 W ActivityThread: handleWindowVisibility: no activity for token android.os.BinderProxy@d89c928
05-27 15:47:30.892  6134  6134 W cr_ActivityDispatcher: CustomTabsIntent#shouldAlwaysUseBrowserUI() = false
05-27 15:47:30.896  1597  1597 I Binder:1597_15: type=1400 audit(0.0:2648): avc: denied { read } for name="Applications" dev="sdcardfs" ino=655362 scontext=u:r:system_server:s0 tcontext=u:object_r:sdcardfs:s0 tclass=lnk_file permissive=1
05-27 15:47:30.953  6134  6134 W cr_ContextualSearch: No manager!
05-27 15:47:30.954  6134  6134 W cr_ActivityDispatcher: CustomTabsIntent#shouldAlwaysUseBrowserUI() = false
05-27 15:47:30.971  1597  4472 W SchedPolicy: add_tid_to_cgroup failed to write '9638' (No space left on device); fd=24
05-27 15:47:30.972  1597  2637 W SchedPolicy: add_tid_to_cgroup failed to write '9638' (No space left on device); fd=27
05-27 15:47:30.984  9684  9684 I CT_REPRO: E02_state_inference_oracle | 1779868050984 | 417 | TAB_SHOWN | 5 | http://198.18.0.1:8000/delay/3000?trial=delay_3000_ok_t1 | com.android.chrome | Android 9 API 28 | 138.0.7204.179 | extras={timestampUptimeMillis=1642972}
05-27 15:47:31.007  6134  6134 W cr_ActivityDispatcher: CustomTabsIntent#shouldAlwaysUseBrowserUI() = false
05-27 15:47:31.018  6134  6134 W cr_ActivityDispatcher: CustomTabsIntent#shouldAlwaysUseBrowserUI() = false
05-27 15:47:31.018  6134  6134 I cr_A11yState: Enabled accessibility services: [io.github.ylimit.droidbotapp/io.github.privacystreams.accessibility.PSAccessibilityService, null]
05-27 15:47:31.018  6134  6134 I cr_A11yState: Running accessibility services: [io.github.ylimit.droidbotapp/io.github.privacystreams.accessibility.PSAccessibilityService]
05-27 15:47:31.018  6134  6134 I cr_A11yState: Will check again after 250 milliseconds.
05-27 15:47:31.050  2324  2324 W ContextImpl: Calling a method in the system process without a qualified user: android.app.ContextImpl.startService:1531 android.content.ContextWrapper.startService:664 android.content.ContextWrapper.startService:664 com.android.coreservice.CoreBroadcastReceiver.onReceive:54 android.app.ActivityThread.handleReceiver:3424 
05-27 15:47:31.057  9684  9684 I CT_REPRO: E02_state_inference_oracle | 1779868051057 | 490 | NAVIGATION_STARTED | 1 | http://198.18.0.1:8000/delay/3000?trial=delay_3000_ok_t1 | com.android.chrome | Android 9 API 28 | 138.0.7204.179 | extras={timestampUptimeMillis=1643057}
05-27 15:47:31.076  1462  1462 I Binder:1462_4: type=1400 audit(0.0:2649): avc: denied { read write } for path="/dev/fastpipe" dev="tmpfs" ino=3085 scontext=u:r:untrusted_app:s0:c59,c256,c512,c768 tcontext=u:object_r:device:s0 tclass=chr_file permissive=1
05-27 15:47:31.080  6134  6134 I cr_BrowserUiUtils: Recorded Startup.Android.FirstDrawCompletedTime = 171 ms
05-27 15:47:31.086  1597  1605 W System  : A resource failed to call close. 
05-27 15:47:31.086  1597  1605 I chatty  : uid=1000(system) FinalizerDaemon identical 28 lines
05-27 15:47:31.086  1597  1605 W System  : A resource failed to call close. 
05-27 15:47:31.086  6134  7758 E EGL_emulation: tid 7758: eglSurfaceAttrib(1504): error 0x3009 (EGL_BAD_MATCH)
05-27 15:47:31.087  6134  7758 W OpenGLRenderer: Failed to set EGL_SWAP_BEHAVIOR on surface 0xbec3ba40, error=EGL_BAD_MATCH
05-27 15:47:31.108  6134  6134 I cr_CompositorSurfaceMgr: Transitioning to surface with format: -1
05-27 15:47:31.109  6134  6134 I cr_CompositorSurfaceMgr: surfaceCreated format: 0
05-27 15:47:31.112  1597  1612 I ActivityManager: Displayed com.android.chrome/org.chromium.chrome.browser.customtabs.CustomTabActivity: +536ms
05-27 15:47:31.143  2324  2324 W ContextImpl: Calling a method in the system process without a qualified user: android.app.ContextImpl.startService:1531 android.content.ContextWrapper.startService:664 android.content.ContextWrapper.startService:664 com.android.coreservice.CoreBroadcastReceiver.onReceive:70 android.app.ActivityThread.handleReceiver:3424 
05-27 15:47:31.144  2324  2324 W ContextImpl: Calling a method in the system process without a qualified user: android.app.ContextImpl.startService:1531 android.content.ContextWrapper.startService:664 android.content.ContextWrapper.startService:664 com.android.coreservice.CoreBroadcastReceiver.onReceive:70 android.app.ActivityThread.handleReceiver:3424 
05-27 15:47:31.163  6134  6134 D skia    : --- Failed to create image decoder with message 'unimplemented'
05-27 15:47:31.164  6187  6235 W chromium: [WARNING:components/viz/service/frame_sinks/root_compositor_frame_sink_impl.cc:985] Requested unsupported preferred frame interval 0.016666 s (=60.0024Hz)
05-27 15:47:31.183  6187  6211 E eglCodecCommon: glUtilsParamSize: unknow param 0x000088ef
05-27 15:47:31.184  6187  6211 E eglCodecCommon: glUtilsParamSize: unknow param 0x00000cf2
05-27 15:47:31.184  6187  6211 E eglCodecCommon: glUtilsParamSize: unknow param 0x00000cf3
05-27 15:47:31.184  6187  6211 E eglCodecCommon: glUtilsParamSize: unknow param 0x00000cf4
05-27 15:47:31.184  6187  6211 E eglCodecCommon: glUtilsParamSize: unknow param 0x0000806d
05-27 15:47:31.184  6187  6211 E eglCodecCommon: glUtilsParamSize: unknow param 0x0000806e
05-27 15:47:31.185  6187  6211 E eglCodecCommon: glUtilsParamSize: unknow param 0x000088ef
05-27 15:47:31.185  6187  6211 E eglCodecCommon: glUtilsParamSize: unknow param 0x00000cf2
05-27 15:47:31.185  6187  6211 E eglCodecCommon: glUtilsParamSize: unknow param 0x00000cf3
05-27 15:47:31.185  6187  6211 E eglCodecCommon: glUtilsParamSize: unknow param 0x00000cf4
05-27 15:47:31.185  6187  6211 E eglCodecCommon: glUtilsParamSize: unknow param 0x0000806d
05-27 15:47:31.185  6187  6211 E eglCodecCommon: glUtilsParamSize: unknow param 0x0000806e
05-27 15:47:31.189  6187  6211 E eglCodecCommon: glUtilsParamSize: unknow param 0x000088ef
05-27 15:47:31.189  6187  6211 E eglCodecCommon: glUtilsParamSize: unknow param 0x00000cf2
05-27 15:47:31.189  6187  6211 E eglCodecCommon: glUtilsParamSize: unknow param 0x00000cf3
05-27 15:47:31.189  6187  6211 E eglCodecCommon: glUtilsParamSize: unknow param 0x00000cf4
05-27 15:47:31.190  6187  6211 E eglCodecCommon: glUtilsParamSize: unknow param 0x0000806d
05-27 15:47:31.190  6187  6211 E eglCodecCommon: glUtilsParamSize: unknow param 0x0000806e
05-27 15:47:31.190  6187  6211 E eglCodecCommon: glUtilsParamSize: unknow param 0x000088ef
05-27 15:47:31.190  6187  6211 E eglCodecCommon: glUtilsParamSize: unknow param 0x00000cf2
05-27 15:47:31.190  6187  6211 E eglCodecCommon: glUtilsParamSize: unknow param 0x00000cf3
05-27 15:47:31.191  6187  6211 E eglCodecCommon: glUtilsParamSize: unknow param 0x00000cf4
05-27 15:47:31.191  6187  6211 E eglCodecCommon: glUtilsParamSize: unknow param 0x0000806d
05-27 15:47:31.191  6187  6211 E eglCodecCommon: glUtilsParamSize: unknow param 0x0000806e
05-27 15:47:31.191  6187  6211 E eglCodecCommon: glUtilsParamSize: unknow param 0x000088ef
05-27 15:47:31.192  6187  6211 E eglCodecCommon: glUtilsParamSize: unknow param 0x00000cf2
05-27 15:47:31.192  6187  6211 E eglCodecCommon: glUtilsParamSize: unknow param 0x00000cf3
05-27 15:47:31.192  6187  6211 E eglCodecCommon: glUtilsParamSize: unknow param 0x00000cf4
05-27 15:47:31.192  6187  6211 E eglCodecCommon: glUtilsParamSize: unknow param 0x0000806d
05-27 15:47:31.192  6187  6211 E eglCodecCommon: glUtilsParamSize: unknow param 0x0000806e
05-27 15:47:31.193  6187  6211 E eglCodecCommon: glUtilsParamSize: unknow param 0x000088ef
05-27 15:47:31.193  6187  6211 E eglCodecCommon: glUtilsParamSize: unknow param 0x00000cf2
05-27 15:47:31.193  6187  6211 E eglCodecCommon: glUtilsParamSize: unknow param 0x00000cf3
05-27 15:47:31.193  6187  6211 E eglCodecCommon: glUtilsParamSize: unknow param 0x00000cf4
05-27 15:47:31.193  6187  6211 E eglCodecCommon: glUtilsParamSize: unknow param 0x0000806d
05-27 15:47:31.193  6187  6211 E eglCodecCommon: glUtilsParamSize: unknow param 0x0000806e
05-27 15:47:31.193  6187  6211 E eglCodecCommon: glUtilsParamSize: unknow param 0x000088ef
05-27 15:47:31.193  6187  6211 E eglCodecCommon: glUtilsParamSize: unknow param 0x00000cf2
05-27 15:47:31.193  6187  6211 E eglCodecCommon: glUtilsParamSize: unknow param 0x00000cf3
05-27 15:47:31.194  6187  6211 E eglCodecCommon: glUtilsParamSize: unknow param 0x00000cf4
05-27 15:47:31.194  6187  6211 E eglCodecCommon: glUtilsParamSize: unknow param 0x0000806d
05-27 15:47:31.194  6187  6211 E eglCodecCommon: glUtilsParamSize: unknow param 0x0000806e
05-27 15:47:31.194  6187  6211 E eglCodecCommon: glUtilsParamSize: unknow param 0x000088ef
05-27 15:47:31.194  6187  6211 E eglCodecCommon: glUtilsParamSize: unknow param 0x00000cf2
05-27 15:47:31.194  6187  6211 E eglCodecCommon: glUtilsParamSize: unknow param 0x00000cf3
05-27 15:47:31.194  6187  6211 E eglCodecCommon: glUtilsParamSize: unknow param 0x00000cf4
05-27 15:47:31.194  6187  6211 E eglCodecCommon: glUtilsParamSize: unknow param 0x0000806d
05-27 15:47:31.195  6187  6211 E eglCodecCommon: glUtilsParamSize: unknow param 0x0000806e
05-27 15:47:31.219  1597  1613 W SchedPolicy: add_tid_to_cgroup failed to write '9684' (No space left on device); fd=25
05-27 15:47:31.237  2324  2324 W ContextImpl: Calling a method in the system process without a qualified user: android.app.ContextImpl.startService:1531 android.content.ContextWrapper.startService:664 android.content.ContextWrapper.startService:664 com.android.coreservice.CoreBroadcastReceiver.onReceive:54 android.app.ActivityThread.handleReceiver:3424 
05-27 15:47:31.269  6134  6134 I cr_A11yState: Enabled accessibility services: [io.github.ylimit.droidbotapp/io.github.privacystreams.accessibility.PSAccessibilityService, null]
05-27 15:47:31.269  6134  6134 I cr_A11yState: Running accessibility services: [io.github.ylimit.droidbotapp/io.github.privacystreams.accessibility.PSAccessibilityService]
05-27 15:47:31.269  6134  6134 I cr_A11yState: Will check again after 500 milliseconds.
05-27 15:47:31.720  6134  6134 I cr_A11yState: Enabled accessibility services: [io.github.ylimit.droidbotapp/io.github.privacystreams.accessibility.PSAccessibilityService, null]
05-27 15:47:31.720  6134  6134 I cr_A11yState: Running accessibility services: [io.github.ylimit.droidbotapp/io.github.privacystreams.accessibility.PSAccessibilityService]
05-27 15:47:31.720  6134  6134 I cr_A11yState: Will check again after 1000 milliseconds.
05-27 15:47:31.771  6134  6134 I cr_A11yState: Enabled accessibility services: [io.github.ylimit.droidbotapp/io.github.privacystreams.accessibility.PSAccessibilityService, null]
05-27 15:47:31.771  6134  6134 I cr_A11yState: Running accessibility services: [io.github.ylimit.droidbotapp/io.github.privacystreams.accessibility.PSAccessibilityService]
05-27 15:47:31.771  6134  6134 I cr_A11yState: Will check again after 2000 milliseconds.
05-27 15:47:32.722  6134  6134 I cr_A11yState: Enabled accessibility services: [io.github.ylimit.droidbotapp/io.github.privacystreams.accessibility.PSAccessibilityService, null]
05-27 15:47:32.722  6134  6134 I cr_A11yState: Running accessibility services: [io.github.ylimit.droidbotapp/io.github.privacystreams.accessibility.PSAccessibilityService]
05-27 15:47:32.722  6134  6134 I cr_A11yState: Will check again after 4000 milliseconds.
05-27 15:47:33.773  6134  6134 I cr_A11yState: Enabled accessibility services: [io.github.ylimit.droidbotapp/io.github.privacystreams.accessibility.PSAccessibilityService, null]
05-27 15:47:33.773  6134  6134 I cr_A11yState: Running accessibility services: [io.github.ylimit.droidbotapp/io.github.privacystreams.accessibility.PSAccessibilityService]
05-27 15:47:33.773  6134  6134 I cr_A11yState: Max delay reached. Send information as is.
05-27 15:47:33.773  6134  6134 I cr_A11yState: Informing listeners of changes.
05-27 15:47:33.773  6134  6134 I cr_A11yState: New AccessibilityState: State{isComplexUserInteractionServiceEnabled=true, isTouchExplorationEnabled=false, isPerformGesturesEnabled=false, isAnyAccessibilityServiceEnabled=true, isAccessibilityToolPresent=true, isTextShowPasswordEnabled=true, isOnlyAutofillRunning=false, isOnlyPasswordManagersEnabled=false, isKnownScreenReaderEnabled=false}
05-27 15:47:34.075  6134  6134 I cr_E2E_DCController: setSafeAreaConstraint: false
05-27 15:47:34.077  9684  9684 I CT_REPRO: E02_state_inference_oracle | 1779868054077 | 3510 | NAVIGATION_FINISHED | 2 | http://198.18.0.1:8000/delay/3000?trial=delay_3000_ok_t1 | com.android.chrome | Android 9 API 28 | 138.0.7204.179 | extras={timestampUptimeMillis=1646076}
05-27 15:47:34.102  6134  6134 I cr_CustomTab: To create AuxiliarySearchController on deferred startup.
05-27 15:47:35.520  1459  1459 I ldinit  : type=1400 audit(0.0:2650): avc: denied { read } for name="partitions" dev="proc" ino=4026532046 scontext=u:r:ldinit:s0 tcontext=u:object_r:proc:s0 tclass=file permissive=1
05-27 15:47:35.520  1459  1459 I ldinit  : type=1400 audit(0.0:2651): avc: denied { open } for path="/proc/partitions" dev="proc" ino=4026532046 scontext=u:r:ldinit:s0 tcontext=u:object_r:proc:s0 tclass=file permissive=1
05-27 15:47:35.520  1459  1459 I ldinit  : type=1400 audit(0.0:2652): avc: denied { getattr } for path="/proc/partitions" dev="proc" ino=4026532046 scontext=u:r:ldinit:s0 tcontext=u:object_r:proc:s0 tclass=file permissive=1
05-27 15:47:36.723  6134  6134 I cr_A11yState: Enabled accessibility services: [io.github.ylimit.droidbotapp/io.github.privacystreams.accessibility.PSAccessibilityService, null]
05-27 15:47:36.723  6134  6134 I cr_A11yState: Running accessibility services: [io.github.ylimit.droidbotapp/io.github.privacystreams.accessibility.PSAccessibilityService]
05-27 15:47:36.723  6134  6134 I cr_A11yState: Will check again after 250 milliseconds.
05-27 15:47:36.985  6134  6134 I cr_A11yState: Enabled accessibility services: [io.github.ylimit.droidbotapp/io.github.privacystreams.accessibility.PSAccessibilityService, null]
05-27 15:47:36.985  6134  6134 I cr_A11yState: Running accessibility services: [io.github.ylimit.droidbotapp/io.github.privacystreams.accessibility.PSAccessibilityService]
05-27 15:47:36.985  6134  6134 I cr_A11yState: Will check again after 500 milliseconds.
05-27 15:47:37.488  6134  6134 I cr_A11yState: Enabled accessibility services: [io.github.ylimit.droidbotapp/io.github.privacystreams.accessibility.PSAccessibilityService, null]
05-27 15:47:37.488  6134  6134 I cr_A11yState: Running accessibility services: [io.github.ylimit.droidbotapp/io.github.privacystreams.accessibility.PSAccessibilityService]
05-27 15:47:37.488  6134  6134 I cr_A11yState: Will check again after 1000 milliseconds.
05-27 15:47:38.087  6187  6211 E eglCodecCommon: glUtilsParamSize: unknow param 0x000088ef
05-27 15:47:38.088  6187  6211 E eglCodecCommon: glUtilsParamSize: unknow param 0x00000cf2
05-27 15:47:38.088  6187  6211 E eglCodecCommon: glUtilsParamSize: unknow param 0x00000cf3
05-27 15:47:38.088  6187  6211 E eglCodecCommon: glUtilsParamSize: unknow param 0x00000cf4
05-27 15:47:38.088  6187  6211 E eglCodecCommon: glUtilsParamSize: unknow param 0x0000806d
05-27 15:47:38.088  6187  6211 E eglCodecCommon: glUtilsParamSize: unknow param 0x0000806e
05-27 15:47:38.089  6187  6211 E eglCodecCommon: glUtilsParamSize: unknow param 0x000088ef
05-27 15:47:38.089  6187  6211 E eglCodecCommon: glUtilsParamSize: unknow param 0x00000cf2
05-27 15:47:38.089  6187  6211 E eglCodecCommon: glUtilsParamSize: unknow param 0x00000cf3
05-27 15:47:38.089  6187  6211 E eglCodecCommon: glUtilsParamSize: unknow param 0x00000cf4
05-27 15:47:38.089  6187  6211 E eglCodecCommon: glUtilsParamSize: unknow param 0x0000806d
05-27 15:47:38.089  6187  6211 E eglCodecCommon: glUtilsParamSize: unknow param 0x0000806e
05-27 15:47:38.090  6187  6211 E eglCodecCommon: glUtilsParamSize: unknow param 0x000088ef
05-27 15:47:38.090  6187  6211 E eglCodecCommon: glUtilsParamSize: unknow param 0x00000cf2
05-27 15:47:38.090  6187  6211 E eglCodecCommon: glUtilsParamSize: unknow param 0x00000cf3
05-27 15:47:38.090  6187  6211 E eglCodecCommon: glUtilsParamSize: unknow param 0x00000cf4
05-27 15:47:38.090  6187  6211 E eglCodecCommon: glUtilsParamSize: unknow param 0x0000806d
05-27 15:47:38.090  6187  6211 E eglCodecCommon: glUtilsParamSize: unknow param 0x0000806e
05-27 15:47:38.401  1597  1605 W System  : A resource failed to call close. 
05-27 15:47:38.402  1597  1605 I chatty  : uid=1000(system) FinalizerDaemon identical 29 lines
05-27 15:47:38.402  1597  1605 W System  : A resource failed to call close. 
05-27 15:47:38.491  6134  6134 I cr_A11yState: Enabled accessibility services: [io.github.ylimit.droidbotapp/io.github.privacystreams.accessibility.PSAccessibilityService, null]
05-27 15:47:38.491  6134  6134 I cr_A11yState: Running accessibility services: [io.github.ylimit.droidbotapp/io.github.privacystreams.accessibility.PSAccessibilityService]
05-27 15:47:38.491  6134  6134 I cr_A11yState: Will check again after 2000 milliseconds.
05-27 15:47:39.763  1462  1462 I Binder:1462_5: type=1400 audit(0.0:2653): avc: denied { read write } for path="/dev/fastpipe" dev="tmpfs" ino=3085 scontext=u:r:shell:s0 tcontext=u:object_r:device:s0 tclass=chr_file permissive=1
05-27 15:47:39.766  9751  9751 I screencap: type=1400 audit(0.0:2654): avc: denied { open } for path="/dev/fastpipe" dev="tmpfs" ino=3085 scontext=u:r:shell:s0 tcontext=u:object_r:device:s0 tclass=chr_file permissive=1
05-27 15:47:39.766  9751  9751 I screencap: type=1400 audit(0.0:2655): avc: denied { ioctl } for path="/dev/fastpipe" dev="tmpfs" ino=3085 ioctlcmd=6864 scontext=u:r:shell:s0 tcontext=u:object_r:device:s0 tclass=chr_file permissive=1
05-27 15:47:39.769  9751  9751 E cutils-trace: Error opening trace file: No such file or directory (2)
05-27 15:47:39.769  9751  9751 D vndksupport: Loading /vendor/lib64/hw/android.hardware.graphics.mapper@2.0-impl.so from current namespace instead of sphal namespace.
05-27 15:47:39.770  9751  9751 I screencap: type=1400 audit(0.0:2656): avc: denied { open } for path="/data/local/cfg-zieih/gl_force" dev="sdb2" ino=393567 scontext=u:r:shell:s0 tcontext=u:object_r:system_data_file:s0 tclass=file permissive=1
05-27 15:47:39.770  9751  9751 D vndksupport: Loading /vendor/lib64/hw/gralloc.default.so from current namespace instead of sphal namespace.
05-27 15:47:39.774  9751  9751 I         : fastpipe: Connect success
05-27 15:47:39.774  9751  9751 I         : fastpipe: Connect success
05-27 15:47:39.775  9751  9751 D HostConnection: HostRPC::connect sucess: app=screencap, pid=9751, tid=9751, this=0x763893ee4540
05-27 15:47:39.775  9751  9751 D HostConnection: queryAndSetGLESMaxVersion select gles-version: 3.1 hostGLVersion:46 process:screencap
05-27 15:47:39.883  2577  2577 D MediaScannerReceiver: action: android.intent.action.MEDIA_SCANNER_SCAN_FILE path: /storage/emulated/0/e02_delay_3000_ok_t1.png
05-27 15:47:40.223  9760  9760 I appproc : app_process main with argv: /system/bin com.android.commands.input.Input keyevent 4 
05-27 15:47:40.223  9760  9760 D AndroidRuntime: >>>>>> START com.android.internal.os.RuntimeInit uid 2000 <<<<<<
05-27 15:47:40.224  9760  9760 E cutils-trace: Error opening trace file: No such file or directory (2)
05-27 15:47:40.232  9760  9760 V libnb   : enter native_bridge2_isCompatibleWith 3
