05-27 18:15:16.017 13384 13384 I cr_A11yState: Running accessibility services: [io.github.ylimit.droidbotapp/io.github.privacystreams.accessibility.PSAccessibilityService]
05-27 18:15:16.017 13384 13384 I cr_A11yState: Will check again after 1000 milliseconds.
05-27 18:15:16.021 13462 13485 E eglCodecCommon: glUtilsParamSize: unknow param 0x000088ef
05-27 18:15:16.021 13462 13485 E eglCodecCommon: glUtilsParamSize: unknow param 0x00000cf2
05-27 18:15:16.022 13462 13485 E eglCodecCommon: glUtilsParamSize: unknow param 0x00000cf3
05-27 18:15:16.022 13462 13485 E eglCodecCommon: glUtilsParamSize: unknow param 0x00000cf4
05-27 18:15:16.022 13462 13485 E eglCodecCommon: glUtilsParamSize: unknow param 0x0000806d
05-27 18:15:16.022 13462 13485 E eglCodecCommon: glUtilsParamSize: unknow param 0x0000806e
05-27 18:15:16.022 13462 13485 E eglCodecCommon: glUtilsParamSize: unknow param 0x000088ef
05-27 18:15:16.023 13462 13485 E eglCodecCommon: glUtilsParamSize: unknow param 0x00000cf2
05-27 18:15:16.023 13462 13485 E eglCodecCommon: glUtilsParamSize: unknow param 0x00000cf3
05-27 18:15:16.023 13462 13485 E eglCodecCommon: glUtilsParamSize: unknow param 0x00000cf4
05-27 18:15:16.023 13462 13485 E eglCodecCommon: glUtilsParamSize: unknow param 0x0000806d
05-27 18:15:16.023 13462 13485 E eglCodecCommon: glUtilsParamSize: unknow param 0x0000806e
05-27 18:15:16.023 13462 13485 E eglCodecCommon: glUtilsParamSize: unknow param 0x000088ef
05-27 18:15:16.024 13462 13485 E eglCodecCommon: glUtilsParamSize: unknow param 0x00000cf2
05-27 18:15:16.024 13462 13485 E eglCodecCommon: glUtilsParamSize: unknow param 0x00000cf3
05-27 18:15:16.024 13462 13485 E eglCodecCommon: glUtilsParamSize: unknow param 0x00000cf4
05-27 18:15:16.024 13462 13485 E eglCodecCommon: glUtilsParamSize: unknow param 0x0000806d
05-27 18:15:16.024 13462 13485 E eglCodecCommon: glUtilsParamSize: unknow param 0x0000806e
05-27 18:15:16.025 13462 13485 E eglCodecCommon: glUtilsParamSize: unknow param 0x000088ef
05-27 18:15:16.025 13462 13485 E eglCodecCommon: glUtilsParamSize: unknow param 0x00000cf2
05-27 18:15:16.025 13462 13485 E eglCodecCommon: glUtilsParamSize: unknow param 0x00000cf3
05-27 18:15:16.025 13462 13485 E eglCodecCommon: glUtilsParamSize: unknow param 0x00000cf4
05-27 18:15:16.026 13462 13485 E eglCodecCommon: glUtilsParamSize: unknow param 0x0000806d
05-27 18:15:16.026 13462 13485 E eglCodecCommon: glUtilsParamSize: unknow param 0x0000806e
05-27 18:15:16.030  1597  1605 W System  : A resource failed to call close. 
05-27 18:15:16.030  1597  1605 I chatty  : uid=1000(system) FinalizerDaemon identical 29 lines
05-27 18:15:16.030  1597  1605 W System  : A resource failed to call close. 
05-27 18:15:16.035 13462 13485 E eglCodecCommon: glUtilsParamSize: unknow param 0x000088ef
05-27 18:15:16.036 13462 13485 E eglCodecCommon: glUtilsParamSize: unknow param 0x00000cf2
05-27 18:15:16.036 13462 13485 E eglCodecCommon: glUtilsParamSize: unknow param 0x00000cf3
05-27 18:15:16.036 13462 13485 E eglCodecCommon: glUtilsParamSize: unknow param 0x00000cf4
05-27 18:15:16.036 13462 13485 E eglCodecCommon: glUtilsParamSize: unknow param 0x0000806d
05-27 18:15:16.036 13462 13485 E eglCodecCommon: glUtilsParamSize: unknow param 0x0000806e
05-27 18:15:16.037 13462 13485 E eglCodecCommon: glUtilsParamSize: unknow param 0x000088ef
05-27 18:15:16.037 13462 13485 E eglCodecCommon: glUtilsParamSize: unknow param 0x00000cf2
05-27 18:15:16.037 13462 13485 E eglCodecCommon: glUtilsParamSize: unknow param 0x00000cf3
05-27 18:15:16.037 13462 13485 E eglCodecCommon: glUtilsParamSize: unknow param 0x00000cf4
05-27 18:15:16.038 13462 13485 E eglCodecCommon: glUtilsParamSize: unknow param 0x0000806d
05-27 18:15:16.038 13462 13485 E eglCodecCommon: glUtilsParamSize: unknow param 0x0000806e
05-27 18:15:16.039 13462 13485 E eglCodecCommon: glUtilsParamSize: unknow param 0x000088ef
05-27 18:15:16.039 13462 13485 E eglCodecCommon: glUtilsParamSize: unknow param 0x00000cf2
05-27 18:15:16.039 13462 13485 E eglCodecCommon: glUtilsParamSize: unknow param 0x00000cf3
05-27 18:15:16.039 13462 13485 E eglCodecCommon: glUtilsParamSize: unknow param 0x00000cf4
05-27 18:15:16.039 13462 13485 E eglCodecCommon: glUtilsParamSize: unknow param 0x0000806d
05-27 18:15:16.040 13462 13485 E eglCodecCommon: glUtilsParamSize: unknow param 0x0000806e
05-27 18:15:16.040 13462 13485 E eglCodecCommon: glUtilsParamSize: unknow param 0x000088ef
05-27 18:15:16.040 13462 13485 E eglCodecCommon: glUtilsParamSize: unknow param 0x00000cf2
05-27 18:15:16.040 13462 13485 E eglCodecCommon: glUtilsParamSize: unknow param 0x00000cf3
05-27 18:15:16.040 13462 13485 E eglCodecCommon: glUtilsParamSize: unknow param 0x00000cf4
05-27 18:15:16.040 13462 13485 E eglCodecCommon: glUtilsParamSize: unknow param 0x0000806d
05-27 18:15:16.041 13462 13485 E eglCodecCommon: glUtilsParamSize: unknow param 0x0000806e
05-27 18:15:16.514 13384 13384 I cr_A11yState: Enabled accessibility services: [io.github.ylimit.droidbotapp/io.github.privacystreams.accessibility.PSAccessibilityService, null]
05-27 18:15:16.514 13384 13384 I cr_A11yState: Running accessibility services: [io.github.ylimit.droidbotapp/io.github.privacystreams.accessibility.PSAccessibilityService]
05-27 18:15:16.514 13384 13384 I cr_A11yState: Will check again after 2000 milliseconds.
05-27 18:15:17.019 13384 13384 I cr_A11yState: Enabled accessibility services: [io.github.ylimit.droidbotapp/io.github.privacystreams.accessibility.PSAccessibilityService, null]
05-27 18:15:17.019 13384 13384 I cr_A11yState: Running accessibility services: [io.github.ylimit.droidbotapp/io.github.privacystreams.accessibility.PSAccessibilityService]
05-27 18:15:17.019 13384 13384 I cr_A11yState: Will check again after 4000 milliseconds.
05-27 18:15:18.514 13384 13384 I cr_A11yState: Enabled accessibility services: [io.github.ylimit.droidbotapp/io.github.privacystreams.accessibility.PSAccessibilityService, null]
05-27 18:15:18.514 13384 13384 I cr_A11yState: Running accessibility services: [io.github.ylimit.droidbotapp/io.github.privacystreams.accessibility.PSAccessibilityService]
05-27 18:15:18.514 13384 13384 I cr_A11yState: Max delay reached. Send information as is.
05-27 18:15:18.514 13384 13384 I cr_A11yState: Informing listeners of changes.
05-27 18:15:18.514 13384 13384 I cr_A11yState: New AccessibilityState: State{isComplexUserInteractionServiceEnabled=true, isTouchExplorationEnabled=false, isPerformGesturesEnabled=false, isAnyAccessibilityServiceEnabled=true, isAccessibilityToolPresent=true, isTextShowPasswordEnabled=true, isOnlyAutofillRunning=false, isOnlyPasswordManagersEnabled=false, isKnownScreenReaderEnabled=false}
05-27 18:15:19.817 13462 13485 E eglCodecCommon: glUtilsParamSize: unknow param 0x000088ef
05-27 18:15:19.817 13462 13485 E eglCodecCommon: glUtilsParamSize: unknow param 0x00000cf2
05-27 18:15:19.817 13462 13485 E eglCodecCommon: glUtilsParamSize: unknow param 0x00000cf3
05-27 18:15:19.817 13462 13485 E eglCodecCommon: glUtilsParamSize: unknow param 0x00000cf4
05-27 18:15:19.817 13462 13485 E eglCodecCommon: glUtilsParamSize: unknow param 0x0000806d
05-27 18:15:19.817 13462 13485 E eglCodecCommon: glUtilsParamSize: unknow param 0x0000806e
05-27 18:15:19.820 13462 13485 E eglCodecCommon: glUtilsParamSize: unknow param 0x000088ef
05-27 18:15:19.820 13462 13485 E eglCodecCommon: glUtilsParamSize: unknow param 0x00000cf2
05-27 18:15:19.820 13462 13485 E eglCodecCommon: glUtilsParamSize: unknow param 0x00000cf3
05-27 18:15:19.820 13462 13485 E eglCodecCommon: glUtilsParamSize: unknow param 0x00000cf4
05-27 18:15:19.820 13462 13485 E eglCodecCommon: glUtilsParamSize: unknow param 0x0000806d
05-27 18:15:19.820 13462 13485 E eglCodecCommon: glUtilsParamSize: unknow param 0x0000806e
05-27 18:15:19.820 13384 13449 W chromium: [WARNING:net/cert/ev_root_ca_metadata.cc:119] Not implemented
05-27 18:15:19.821 13462 13485 E eglCodecCommon: glUtilsParamSize: unknow param 0x000088ef
05-27 18:15:19.821 13462 13485 E eglCodecCommon: glUtilsParamSize: unknow param 0x00000cf2
05-27 18:15:19.821 13462 13485 E eglCodecCommon: glUtilsParamSize: unknow param 0x00000cf3
05-27 18:15:19.821 13462 13485 E eglCodecCommon: glUtilsParamSize: unknow param 0x00000cf4
05-27 18:15:19.821 13462 13485 E eglCodecCommon: glUtilsParamSize: unknow param 0x0000806d
05-27 18:15:19.821 13462 13485 E eglCodecCommon: glUtilsParamSize: unknow param 0x0000806e
05-27 18:15:20.646  1459  1459 I ldinit  : type=1400 audit(0.0:3583): avc: denied { read } for name="partitions" dev="proc" ino=4026532046 scontext=u:r:ldinit:s0 tcontext=u:object_r:proc:s0 tclass=file permissive=1
05-27 18:15:20.646  1459  1459 I ldinit  : type=1400 audit(0.0:3584): avc: denied { open } for path="/proc/partitions" dev="proc" ino=4026532046 scontext=u:r:ldinit:s0 tcontext=u:object_r:proc:s0 tclass=file permissive=1
05-27 18:15:20.646  1459  1459 I ldinit  : type=1400 audit(0.0:3585): avc: denied { getattr } for path="/proc/partitions" dev="proc" ino=4026532046 scontext=u:r:ldinit:s0 tcontext=u:object_r:proc:s0 tclass=file permissive=1
05-27 18:15:21.021 13384 13384 I cr_A11yState: Enabled accessibility services: [io.github.ylimit.droidbotapp/io.github.privacystreams.accessibility.PSAccessibilityService, null]
05-27 18:15:21.021 13384 13384 I cr_A11yState: Running accessibility services: [io.github.ylimit.droidbotapp/io.github.privacystreams.accessibility.PSAccessibilityService]
05-27 18:15:21.021 13384 13384 I cr_A11yState: Will check again after 250 milliseconds.
05-27 18:15:21.272 13384 13384 I cr_A11yState: Enabled accessibility services: [io.github.ylimit.droidbotapp/io.github.privacystreams.accessibility.PSAccessibilityService, null]
05-27 18:15:21.272 13384 13384 I cr_A11yState: Running accessibility services: [io.github.ylimit.droidbotapp/io.github.privacystreams.accessibility.PSAccessibilityService]
05-27 18:15:21.272 13384 13384 I cr_A11yState: Will check again after 500 milliseconds.
05-27 18:15:21.669  1462  1462 I Binder:1462_1: type=1400 audit(0.0:3586): avc: denied { read write } for path="/dev/fastpipe" dev="tmpfs" ino=3085 scontext=u:r:shell:s0 tcontext=u:object_r:device:s0 tclass=chr_file permissive=1
05-27 18:15:21.673 14100 14100 I screencap: type=1400 audit(0.0:3587): avc: denied { open } for path="/dev/fastpipe" dev="tmpfs" ino=3085 scontext=u:r:shell:s0 tcontext=u:object_r:device:s0 tclass=chr_file permissive=1
05-27 18:15:21.673 14100 14100 I screencap: type=1400 audit(0.0:3588): avc: denied { ioctl } for path="/dev/fastpipe" dev="tmpfs" ino=3085 ioctlcmd=6864 scontext=u:r:shell:s0 tcontext=u:object_r:device:s0 tclass=chr_file permissive=1
05-27 18:15:21.673 14100 14100 I screencap: type=1400 audit(0.0:3589): avc: denied { open } for path="/data/local/cfg-zieih/gl_force" dev="sdb2" ino=393567 scontext=u:r:shell:s0 tcontext=u:object_r:system_data_file:s0 tclass=file permissive=1
05-27 18:15:21.673 14100 14100 E cutils-trace: Error opening trace file: No such file or directory (2)
05-27 18:15:21.673 14100 14100 D vndksupport: Loading /vendor/lib64/hw/android.hardware.graphics.mapper@2.0-impl.so from current namespace instead of sphal namespace.
05-27 18:15:21.673 14100 14100 D vndksupport: Loading /vendor/lib64/hw/gralloc.default.so from current namespace instead of sphal namespace.
05-27 18:15:21.677 14100 14100 I         : fastpipe: Connect success
05-27 18:15:21.678 14100 14100 I         : fastpipe: Connect success
05-27 18:15:21.678 14100 14100 D HostConnection: HostRPC::connect sucess: app=screencap, pid=14100, tid=14100, this=0x763893ee4540
05-27 18:15:21.679 14100 14100 D HostConnection: queryAndSetGLESMaxVersion select gles-version: 3.1 hostGLVersion:46 process:screencap
05-27 18:15:21.773 13384 13384 I cr_A11yState: Enabled accessibility services: [io.github.ylimit.droidbotapp/io.github.privacystreams.accessibility.PSAccessibilityService, null]
05-27 18:15:21.773 13384 13384 I cr_A11yState: Running accessibility services: [io.github.ylimit.droidbotapp/io.github.privacystreams.accessibility.PSAccessibilityService]
05-27 18:15:21.773 13384 13384 I cr_A11yState: Will check again after 1000 milliseconds.
05-27 18:15:21.781 11589 11589 D MediaScannerReceiver: action: android.intent.action.MEDIA_SCANNER_SCAN_FILE path: /storage/emulated/0/e03_final_ct_login.png
05-27 18:15:22.044 14109 14109 I appproc : app_process main with argv: /system/bin com.android.commands.input.Input keyevent 4 
05-27 18:15:22.044 14109 14109 D AndroidRuntime: >>>>>> START com.android.internal.os.RuntimeInit uid 2000 <<<<<<
05-27 18:15:22.045 14109 14109 E cutils-trace: Error opening trace file: No such file or directory (2)
05-27 18:15:22.054 14109 14109 V libnb   : enter native_bridge2_isCompatibleWith 3
05-27 18:15:22.063 14109 14109 I libnb   : Found /system/lib64/libhoudini.so version 3
05-27 18:15:22.073 14109 14109 I main    : type=1400 audit(0.0:3590): avc: denied { mounton } for path="/proc/cpuinfo" dev="proc" ino=4026531992 scontext=u:r:shell:s0 tcontext=u:object_r:proc_cpuinfo:s0 tclass=file permissive=1
05-27 18:15:22.077 14109 14109 I app_process: The ClassLoaderContext is a special shared library.
05-27 18:15:22.077 14109 14109 W app_process: Could not create mount namespace.
05-27 18:15:22.077 14109 14109 D nativebridge: PreInitializeNativeBridge name=unknown instruction_set=x86_64
05-27 18:15:22.077 14109 14109 W nativebridge: Failed to bind-mount /data/local/cfg-zieih/ as /proc/cpuinfo: No such file or directory
05-27 18:15:22.077 14109 14109 W nativebridge: Failed to bind-mount /system/lib64/x86_64/cpuinfo as /proc/cpuinfo: Operation not permitted
05-27 18:15:22.077 14109 14109 D nativebridge: call UnloadNativeBridge! state=2
05-27 18:15:22.092 14109 14109 D AndroidRuntime: Calling main entry com.android.commands.input.Input
05-27 18:15:22.093 14109 14109 I Input   : injectKeyEvent: KeyEvent { action=ACTION_DOWN, keyCode=KEYCODE_BACK, scanCode=0, metaState=0, flags=0x0, repeatCount=0, eventTime=10514092, downTime=10514092, deviceId=-1, source=0x101 }
05-27 18:15:22.106 14109 14109 I Input   : injectKeyEvent: KeyEvent { action=ACTION_UP, keyCode=KEYCODE_BACK, scanCode=0, metaState=0, flags=0x0, repeatCount=0, eventTime=10514092, downTime=10514092, deviceId=-1, source=0x101 }
05-27 18:15:22.112  1597  1614 D AutofillManagerService: onBackKeyPressed()
05-27 18:15:22.119 14109 14109 D AndroidRuntime: Shutting down VM
05-27 18:15:22.159  1597  1893 W SchedPolicy: add_tid_to_cgroup failed to write '13384' (No space left on device); fd=24
05-27 18:15:22.159  1597  1893 W SchedPolicy: add_tid_to_cgroup failed to write '14032' (No space left on device); fd=27
05-27 18:15:22.159  1597  1893 W SchedPolicy: add_tid_to_cgroup failed to write '13986' (No space left on device); fd=24
05-27 18:15:22.159  1597  1893 W SchedPolicy: add_tid_to_cgroup failed to write '13462' (No space left on device); fd=24
05-27 18:15:22.161  2324  2324 W ContextImpl: Calling a method in the system process without a qualified user: android.app.ContextImpl.startService:1531 android.content.ContextWrapper.startService:664 android.content.ContextWrapper.startService:664 com.android.coreservice.CoreBroadcastReceiver.onReceive:45 android.app.ActivityThread.handleReceiver:3424 
05-27 18:15:22.190  2324  2324 W ContextImpl: Calling a method in the system process without a qualified user: android.app.ContextImpl.startService:1531 android.content.ContextWrapper.startService:664 android.content.ContextWrapper.startService:664 com.android.coreservice.CoreBroadcastReceiver.onReceive:54 android.app.ActivityThread.handleReceiver:3424 
05-27 18:15:22.228 14032 14058 E EGL_emulation: tid 14058: eglSurfaceAttrib(1504): error 0x3009 (EGL_BAD_MATCH)
05-27 18:15:22.228 14032 14058 W OpenGLRenderer: Failed to set EGL_SWAP_BEHAVIOR on surface 0x76388bd83100, error=EGL_BAD_MATCH
05-27 18:15:22.251  2324  2324 W ContextImpl: Calling a method in the system process without a qualified user: android.app.ContextImpl.startService:1531 android.content.ContextWrapper.startService:664 android.content.ContextWrapper.startService:664 com.android.coreservice.CoreBroadcastReceiver.onReceive:70 android.app.ActivityThread.handleReceiver:3424 
05-27 18:15:22.253  2324  2324 W ContextImpl: Calling a method in the system process without a qualified user: android.app.ContextImpl.startService:1531 android.content.ContextWrapper.startService:664 android.content.ContextWrapper.startService:664 com.android.coreservice.CoreBroadcastReceiver.onReceive:70 android.app.ActivityThread.handleReceiver:3424 
05-27 18:15:22.275  1597  1605 W System  : A resource failed to call close. 
05-27 18:15:22.275  1597  1605 I chatty  : uid=1000(system) FinalizerDaemon identical 29 lines
05-27 18:15:22.275  1597  1605 W System  : A resource failed to call close. 
05-27 18:15:22.351  1597  1613 W SchedPolicy: add_tid_to_cgroup failed to write '13384' (No space left on device); fd=25
05-27 18:15:22.351  1597  1613 W SchedPolicy: add_tid_to_cgroup failed to write '13986' (No space left on device); fd=25
05-27 18:15:22.351  1597  1613 W SchedPolicy: add_tid_to_cgroup failed to write '2959' (No space left on device); fd=25
05-27 18:15:22.351  1597  1613 W SchedPolicy: add_tid_to_cgroup failed to write '13462' (No space left on device); fd=25
05-27 18:15:22.366 13384 13384 E cr_CompositorSurfaceMgr: surfaceDestroyed format : 4
05-27 18:15:22.394 13384 13429 I cr_BindingManager: onTrimMemory: level=20, size=1
05-27 18:15:22.398 13384 13384 I cr_A11yState: Enabled accessibility services: [io.github.ylimit.droidbotapp/io.github.privacystreams.accessibility.PSAccessibilityService, null]
05-27 18:15:22.398 13384 13384 I cr_A11yState: Running accessibility services: [io.github.ylimit.droidbotapp/io.github.privacystreams.accessibility.PSAccessibilityService]
05-27 18:15:22.398 13384 13384 I cr_A11yState: Will check again after 2000 milliseconds.
05-27 18:15:22.399 14032 14032 I CT_REPRO: E03_state_sharing_cookie | 1779876922399 | 7013 | TAB_HIDDEN | 6 | http://198.18.0.1:8000/login?step=final_ct_login | com.android.chrome | Android 9 API 28 | 138.0.7204.179 | extras={timestampUptimeMillis=10514399}
05-27 18:15:22.401  1597  1893 I ActivityManager: Killing 13986:com.android.chrome:sandboxed_process7/u0a59i90 (adj 0): isolated not needed
05-27 18:15:22.401  1597  1616 W libprocessgroup: kill(-13986, 9) failed: No such process
05-27 18:15:22.404 13384 13384 I cr_CompositorSurfaceMgr: SurfaceState : detach from parent : 0
05-27 18:15:22.406 13384 13384 W cr_ContextualSearch: Warning, the 0 state was aborted.
05-27 18:15:22.407  2324  2324 W ContextImpl: Calling a method in the system process without a qualified user: android.app.ContextImpl.startService:1531 android.content.ContextWrapper.startService:664 android.content.ContextWrapper.startService:664 com.android.coreservice.CoreBroadcastReceiver.onReceive:54 android.app.ActivityThread.handleReceiver:3424 
05-27 18:15:22.415  1462  1462 W SurfaceFlinger: couldn't log to binary event log: overflow.
05-27 18:15:22.416  1597  1617 E KernelCpuSpeedReader: Failed to read cpu-freq: /sys/devices/system/cpu/cpu0/cpufreq/stats/time_in_state (No such file or directory)
05-27 18:15:22.416  1597  1617 E KernelWakelockReader: neither /proc/wakelocks nor /d/wakeup_sources exists
05-27 18:15:22.416  1597  1617 W BatteryStatsImpl: Couldn't get kernel wake lock stats
05-27 18:15:22.416  1597  1617 D KernelUidCpuTimeReader: Removing uids 99050-99050
05-27 18:15:22.417  1597  1617 D KernelUidCpuTimeReader: Removing uids 99051-99051
05-27 18:15:22.417  1597  1617 D KernelUidCpuTimeReader: Removing uids 99052-99052
05-27 18:15:22.417  1434  1434 I Zygote  : Process 13986 exited cleanly (0)
05-27 18:15:22.420  1434  1434 D libnativeloader: CrashArm64 config not exist or not readable: /system/vendor/firmware_mnt/zieih/CrashArm64
05-27 18:15:22.421  1434  1434 I Zygote  : IsCopy  libcrashcatcher: 0
05-27 18:15:22.423  1597  1613 W BroadcastQueue: Background execution not allowed: receiving Intent { act=android.intent.action.DROPBOX_ENTRY_ADDED flg=0x10 (has extras) } to com.google.android.gms/.stats.service.DropBoxEntryAddedReceiver
05-27 18:15:22.423  1597  1613 W BroadcastQueue: Background execution not allowed: receiving Intent { act=android.intent.action.DROPBOX_ENTRY_ADDED flg=0x10 (has extras) } to com.google.android.gms/.chimera.GmsIntentOperationService$PersistentTrustedReceiver
05-27 18:15:22.425  1597  1615 I ActivityManager: Start proc 14126:com.android.chrome:sandboxed_process8/u0i91 for service com.android.chrome/org.chromium.content.app.SandboxedProcessService8
05-27 18:15:22.433 13462 13462 I CrGpuMain: type=1400 audit(0.0:3591): avc: denied { ioctl } for path="/dev/fastpipe" dev="tmpfs" ino=3085 ioctlcmd=6867 scontext=u:r:untrusted_app:s0:c59,c256,c512,c768 tcontext=u:object_r:device:s0 tclass=chr_file permissive=1
05-27 18:15:22.435 14126 14126 W nativebridge: Failed to bind-mount /data/local/cfg-zieih/ as /proc/cpuinfo: Not a directory
05-27 18:15:22.436 14126 14126 I dboxed_process8: type=1400 audit(0.0:3592): avc: denied { open } for path="/data/local/cfg-zieih/app_device" dev="sdb2" ino=393551 scontext=u:r:isolated_app:s0:c91,c256,c512,c768 tcontext=u:object_r:system_data_file:s0 tclass=file permissive=1
05-27 18:15:22.437 14126 14126 I Zygote  : seccomp disabled by setenforce 0
05-27 18:15:22.437 14126 14126 D nativebridge: call UnloadNativeBridge! state=1
05-27 18:15:22.439  1597  2083 W SchedPolicy: add_tid_to_cgroup failed to write '2423' (No space left on device); fd=24
05-27 18:15:22.446  1597  1616 W libprocessgroup: kill(-13986, 9) failed: No such process
05-27 18:15:22.446  1597  1616 I libprocessgroup: Successfully killed process cgroup uid 99090 pid 13986 in 45ms
05-27 18:15:22.448  1597  4957 W SchedPolicy: add_tid_to_cgroup failed to write '14126' (No space left on device); fd=25
05-27 18:15:22.448  1597  2517 W SchedPolicy: add_tid_to_cgroup failed to write '2423' (No space left on device); fd=25
05-27 18:15:22.487 14126 14126 D libnativeloader: CrashArm64 config not exist or not readable: /system/vendor/firmware_mnt/zieih/CrashArm64
05-27 18:15:22.488 14126 14126 W dboxed_process: Unknown chunk type '200'.
05-27 18:15:22.489 14126 14126 I cr_SplitCompatApp: version=138.0.7204.179 (720417927) minSdkVersion=26 isBundle=true processName=com.android.chrome:sandboxed_process8 isIsolatedProcess=true
05-27 18:15:22.491 14126 14126 W SystemServiceRegistry: No service published for: uimode
05-27 18:15:22.492 14126 14126 I cr_ChildProcessService: Creating new ChildProcessService pid=14126
05-27 18:15:22.504 14126 14150 I cr_LibraryLoader: Successfully loaded native library
05-27 18:15:22.505 14126 14150 I cr_CachingUmaRecorder: Flushed 2 samples from 2 histograms, 0 samples were dropped.
05-27 18:15:22.681  1597  1605 W System  : A resource failed to call close. 
05-27 18:15:22.681  1597  1605 I chatty  : uid=1000(system) FinalizerDaemon identical 27 lines
05-27 18:15:22.681  1597  1605 W System  : A resource failed to call close. 
05-27 18:15:22.775 13384 13384 I cr_A11yState: Enabled accessibility services: [io.github.ylimit.droidbotapp/io.github.privacystreams.accessibility.PSAccessibilityService, null]
05-27 18:15:22.775 13384 13384 I cr_A11yState: Running accessibility services: [io.github.ylimit.droidbotapp/io.github.privacystreams.accessibility.PSAccessibilityService]
05-27 18:15:22.775 13384 13384 I cr_A11yState: Will check again after 4000 milliseconds.
05-27 18:15:23.839 14032 14032 I RenderThread: type=1400 audit(0.0:3595): avc: denied { ioctl } for path="/dev/fastpipe" dev="tmpfs" ino=3085 ioctlcmd=6867 scontext=u:r:untrusted_app:s0:c53,c256,c512,c768 tcontext=u:object_r:device:s0 tclass=chr_file permissive=1
05-27 18:15:23.856  1462  1462 I surfaceflinger: type=1400 audit(0.0:3596): avc: denied { ioctl } for path="/dev/fastpipe" dev="tmpfs" ino=3085 ioctlcmd=6867 scontext=u:r:surfaceflinger:s0 tcontext=u:object_r:device:s0 tclass=chr_file permissive=1
05-27 18:15:24.287  1597  1889 D ActivityManager: Task: com.android.launcher3.Launcher, ID: 2, Base: com.android.launcher3.Launcher, packageName: com.android.launcher3
05-27 18:15:24.287  1597  1889 I ActivityManager: Force stopping edu.mobilesec.ctrepro appid=10053 user=0: from pid 14163
05-27 18:15:24.289  1597  1889 I ActivityManager: Killing 14032:edu.mobilesec.ctrepro/u0a53 (adj 0): stop edu.mobilesec.ctrepro
05-27 18:15:24.289  1597  1616 W libprocessgroup: kill(-14032, 9) failed: No such process
05-27 18:15:24.289  1597  1889 W ActivityManager: Force removing ActivityRecord{30954ce u0 edu.mobilesec.ctrepro/.MainActivity t61}: app died, no saved state
05-27 18:15:24.291  1462  1541 W SurfaceFlinger: Attempting to destroy on removed layer: AppWindowToken{60fcafc token=Token{8240fef ActivityRecord{30954ce u0 edu.mobilesec.ctrepro/.MainActivity t61}}}#0
05-27 18:15:24.292  1597  1889 W SchedPolicy: add_tid_to_cgroup failed to write '2386' (No space left on device); fd=27
05-27 18:15:24.293  1597  1889 W SchedPolicy: add_tid_to_cgroup failed to write '2669' (No space left on device); fd=24
05-27 18:15:24.293  1597  1889 W SchedPolicy: add_tid_to_cgroup failed to write '4075' (No space left on device); fd=24
05-27 18:15:24.293  2386  2643 W OpenGLRenderer: Incorrectly called buildLayer on View: ShortcutAndWidgetContainer, destroying layer...
05-27 18:15:24.306  2324  2324 W ContextImpl: Calling a method in the system process without a qualified user: android.app.ContextImpl.startService:1531 android.content.ContextWrapper.startService:664 android.content.ContextWrapper.startService:664 com.android.coreservice.CoreBroadcastReceiver.onReceive:54 android.app.ActivityThread.handleReceiver:3424 
05-27 18:15:24.306  1433  1433 I Zygote  : Process 14032 exited due to signal (9)
05-27 18:15:24.322  1934  1934 D CarrierSvcBindHelper: No carrier app for: 0
05-27 18:15:24.322  1597  1622 W ActivityManager: setHasOverlayUi called on unknown pid: 14032
05-27 18:15:24.333  1597  1616 W libprocessgroup: kill(-14032, 9) failed: No such process
05-27 18:15:24.333  1597  1616 I libprocessgroup: Successfully killed process cgroup uid 10053 pid 14032 in 43ms
05-27 18:15:24.346  2324  2324 W ContextImpl: Calling a method in the system process without a qualified user: android.app.ContextImpl.sendBroadcast:1020 android.content.ContextWrapper.sendBroadcast:449 com.android.coreservice.TabManager.notifyClosing:413 com.android.coreservice.TabManager.updateInner:200 com.android.coreservice.TabManager.onUpdate:235 
05-27 18:15:24.353  1449  1449 I HwBinder:1449_2: type=1400 audit(0.0:3597): avc: denied { ioctl } for path="/dev/fastpipe" dev="tmpfs" ino=3085 ioctlcmd=6867 scontext=u:r:hal_graphics_allocator_default:s0 tcontext=u:object_r:device:s0 tclass=chr_file permissive=1
05-27 18:15:24.356  1449  1449 I HwBinder:1449_2: type=1400 audit(0.0:3598): avc: denied { read write } for name="fastpipe" dev="tmpfs" ino=3085 scontext=u:r:hal_graphics_allocator_default:s0 tcontext=u:object_r:device:s0 tclass=chr_file permissive=1
05-27 18:15:24.356  1449  1449 I HwBinder:1449_2: type=1400 audit(0.0:3599): avc: denied { open } for path="/dev/fastpipe" dev="tmpfs" ino=3085 scontext=u:r:hal_graphics_allocator_default:s0 tcontext=u:object_r:device:s0 tclass=chr_file permissive=1
05-27 18:15:24.363  2324  2324 I CoreService: notifyClosing notify tab closed taskPackageName:edu.mobilesec.ctrepro
05-27 18:15:24.368  2386  2643 E EGL_emulation: tid 2643: eglSurfaceAttrib(1504): error 0x3009 (EGL_BAD_MATCH)
05-27 18:15:24.368  2386  2643 W OpenGLRenderer: Failed to set EGL_SWAP_BEHAVIOR on surface 0x763878e7ba80, error=EGL_BAD_MATCH
05-27 18:15:24.387  1597  2083 I ActivityManager: START u0 {flg=0x10000000 cmp=edu.mobilesec.ctrepro/.MainActivity (has extras)} from uid 2000
05-27 18:15:24.394  2324  2324 W ContextImpl: Calling a method in the system process without a qualified user: android.app.ContextImpl.startService:1531 android.content.ContextWrapper.startService:664 android.content.ContextWrapper.startService:664 com.android.coreservice.CoreBroadcastReceiver.onReceive:45 android.app.ActivityThread.handleReceiver:3424 
05-27 18:15:24.398 13384 13384 I cr_A11yState: Enabled accessibility services: [io.github.ylimit.droidbotapp/io.github.privacystreams.accessibility.PSAccessibilityService, null]
05-27 18:15:24.398 13384 13384 I cr_A11yState: Running accessibility services: [io.github.ylimit.droidbotapp/io.github.privacystreams.accessibility.PSAccessibilityService]
05-27 18:15:24.398 13384 13384 I cr_A11yState: Max delay reached. Send information as is.
05-27 18:15:24.398 13384 13384 I cr_A11yState: Informing listeners of changes.
05-27 18:15:24.398 13384 13384 I cr_A11yState: New AccessibilityState: State{isComplexUserInteractionServiceEnabled=true, isTouchExplorationEnabled=false, isPerformGesturesEnabled=false, isAnyAccessibilityServiceEnabled=true, isAccessibilityToolPresent=true, isTextShowPasswordEnabled=true, isOnlyAutofillRunning=false, isOnlyPasswordManagersEnabled=false, isKnownScreenReaderEnabled=false}
05-27 18:15:24.402  1597  2171 W SchedPolicy: add_tid_to_cgroup failed to write '2386' (No space left on device); fd=24
05-27 18:15:24.402  2324  2324 W ContextImpl: Calling a method in the system process without a qualified user: android.app.ContextImpl.startService:1531 android.content.ContextWrapper.startService:664 android.content.ContextWrapper.startService:664 com.android.coreservice.CoreBroadcastReceiver.onReceive:70 android.app.ActivityThread.handleReceiver:3424 
05-27 18:15:24.409  2324  2324 W ContextImpl: Calling a method in the system process without a qualified user: android.app.ContextImpl.startService:1531 android.content.ContextWrapper.startService:664 android.content.ContextWrapper.startService:664 com.android.coreservice.CoreBroadcastReceiver.onReceive:54 android.app.ActivityThread.handleReceiver:3424 
05-27 18:15:24.428  2324  2324 W ContextImpl: Calling a method in the system process without a qualified user: android.app.ContextImpl.startService:1531 android.content.ContextWrapper.startService:664 android.content.ContextWrapper.startService:664 com.android.coreservice.CoreBroadcastReceiver.onReceive:45 android.app.ActivityThread.handleReceiver:3424 
05-27 18:15:24.437  2423 14172 E memtrack: Couldn't load memtrack module
05-27 18:15:24.437  2423 14172 W android.os.Debug: failed to get memory consumption info: -1
05-27 18:15:24.449  2324  2324 W ContextImpl: Calling a method in the system process without a qualified user: android.app.ContextImpl.startService:1531 android.content.ContextWrapper.startService:664 android.content.ContextWrapper.startService:664 com.android.coreservice.CoreBroadcastReceiver.onReceive:70 android.app.ActivityThread.handleReceiver:3424 
05-27 18:15:24.483  1597  1615 I ActivityManager: Start proc 14173:edu.mobilesec.ctrepro/u0a53 for activity edu.mobilesec.ctrepro/.MainActivity
05-27 18:15:24.491 14173 14173 I Zygote  : seccomp disabled by setenforce 0
05-27 18:15:24.492 14173 14173 I bilesec.ctrepr: Late-enabling -Xcheck:jni
05-27 18:15:24.494  1597  1605 W System  : A resource failed to call close. 
05-27 18:15:24.494  1597  1605 I chatty  : uid=1000(system) FinalizerDaemon identical 28 lines
05-27 18:15:24.494  1597  1605 W System  : A resource failed to call close. 
05-27 18:15:24.502 14173 14173 D nativebridge: call UnloadNativeBridge! state=1
05-27 18:15:24.508  1597  8678 W SchedPolicy: add_tid_to_cgroup failed to write '14173' (No space left on device); fd=27
05-27 18:15:24.516  1597  1612 I ActivityManager: Displayed edu.mobilesec.ctrepro/.MainActivity: +108ms
05-27 18:15:24.568  2324  2324 W ContextImpl: Calling a method in the system process without a qualified user: android.app.ContextImpl.startService:1531 android.content.ContextWrapper.startService:664 android.content.ContextWrapper.startService:664 com.android.coreservice.CoreBroadcastReceiver.onReceive:54 android.app.ActivityThread.handleReceiver:3424 
05-27 18:15:24.621 14173 14173 D libnativeloader: CrashArm64 config not exist or not readable: /system/vendor/firmware_mnt/zieih/CrashArm64
05-27 18:15:24.706  1597  1605 W System  : A resource failed to call close. 
05-27 18:15:24.706  1597  1889 W SchedPolicy: add_tid_to_cgroup failed to write '13384' (No space left on device); fd=24
05-27 18:15:24.707  1597  1889 W SchedPolicy: add_tid_to_cgroup failed to write '2959' (No space left on device); fd=24
05-27 18:15:24.707  1597  1889 W SchedPolicy: add_tid_to_cgroup failed to write '13462' (No space left on device); fd=24
05-27 18:15:24.707  1597  1605 I chatty  : uid=1000(system) FinalizerDaemon identical 28 lines
05-27 18:15:24.707  1597  1605 W System  : A resource failed to call close. 
05-27 18:15:24.707  1597  1889 W SchedPolicy: add_tid_to_cgroup failed to write '13384' (No space left on device); fd=25
05-27 18:15:24.707  1597  1889 W SchedPolicy: add_tid_to_cgroup failed to write '2959' (No space left on device); fd=25
05-27 18:15:24.708  1597  1889 W SchedPolicy: add_tid_to_cgroup failed to write '13462' (No space left on device); fd=25
05-27 18:15:24.710 14173 14173 D OpenGLRenderer: Skia GL Pipeline
05-27 18:15:24.710  2324  2324 W ContextImpl: Calling a method in the system process without a qualified user: android.app.ContextImpl.startService:1531 android.content.ContextWrapper.startService:664 android.content.ContextWrapper.startService:664 com.android.coreservice.CoreBroadcastReceiver.onReceive:54 android.app.ActivityThread.handleReceiver:3424 
05-27 18:15:24.737 13384 13384 I cr_CompositorSurfaceMgr: Transitioning to surface with format: -1
05-27 18:15:24.738 14173 14173 I CT_REPRO: E03_state_sharing_cookie | 1779876924737 | 0 | SERVICE_CONNECTED | 0 | http://198.18.0.1:8000/profile?step=final_ct_profile_after | com.android.chrome | Android 9 API 28 | 138.0.7204.179 | component=com.android.chrome/org.chromium.chrome.browser.customtabs.CustomTabsConnectionService
05-27 18:15:24.768 14173 14173 I CT_REPRO: E03_state_sharing_cookie | 1779876924767 | 0 | extraCallback:onWarmupCompleted | 10000 | http://198.18.0.1:8000/profile?step=final_ct_profile_after | com.android.chrome | Android 9 API 28 | 138.0.7204.179 | bundle={}
05-27 18:15:24.770 14173 14200 I         : fastpipe: Connect success
05-27 18:15:24.771 14173 14200 I         : fastpipe: Connect success
05-27 18:15:24.771 14173 14200 D HostConnection: HostRPC::connect sucess: app=edu.mobilesec.ctrepro, pid=14173, tid=14200, this=0x76388bce2400
05-27 18:15:24.772 14173 14200 D HostConnection: queryAndSetGLESMaxVersion select gles-version: 3.1 hostGLVersion:46 process:edu.mobilesec.ctrepro
05-27 18:15:24.773 14173 14200 I ConfigStore: android::hardware::configstore::V1_0::ISurfaceFlingerConfigs::hasWideColorDisplay retrieved: 0
05-27 18:15:24.773 14173 14200 I ConfigStore: android::hardware::configstore::V1_0::ISurfaceFlingerConfigs::hasHDRDisplay retrieved: 0
05-27 18:15:24.773 14173 14200 I OpenGLRenderer: Initialized EGL, version 1.4
05-27 18:15:24.773 14173 14200 D OpenGLRenderer: Swap behavior 1
05-27 18:15:24.780 14173 14200 D EGL_emulation: eglCreateContext: 0x76388bc5f9c0: maj 3 min 1 rcv 4
05-27 18:15:24.807 14173 14200 E eglCodecCommon: glUtilsParamSize: unknow param 0x000082da
05-27 18:15:24.807 14173 14200 E eglCodecCommon: glUtilsParamSize: unknow param 0x000082e5
05-27 18:15:24.809 14173 14200 D HostConnection: ExtendedRCEncoderContext GL_VERSION return OpenGL ES 3.1 v1
05-27 18:15:24.810 14173 14200 E eglCodecCommon: glUtilsParamSize: unknow param 0x00008c29
05-27 18:15:24.810 14173 14200 E eglCodecCommon: glUtilsParamSize: unknow param 0x000087fe
05-27 18:15:24.813 14173 14200 D vndksupport: Loading /vendor/lib64/hw/android.hardware.graphics.mapper@2.0-impl.so from current namespace instead of sphal namespace.
05-27 18:15:24.813 14173 14200 D vndksupport: Loading /vendor/lib64/hw/gralloc.default.so from current namespace instead of sphal namespace.
05-27 18:15:24.818 14173 14200 E EGL_emulation: tid 14200: eglSurfaceAttrib(1504): error 0x3009 (EGL_BAD_MATCH)
05-27 18:15:24.818 14173 14200 W OpenGLRenderer: Failed to set EGL_SWAP_BEHAVIOR on surface 0x76388bd83100, error=EGL_BAD_MATCH
05-27 18:15:24.843  2324  2324 W ContextImpl: Calling a method in the system process without a qualified user: android.app.ContextImpl.startService:1531 android.content.ContextWrapper.startService:664 android.content.ContextWrapper.startService:664 com.android.coreservice.CoreBroadcastReceiver.onReceive:70 android.app.ActivityThread.handleReceiver:3424 
05-27 18:15:24.843  2324  2324 W ContextImpl: Calling a method in the system process without a qualified user: android.app.ContextImpl.startService:1531 android.content.ContextWrapper.startService:664 android.content.ContextWrapper.startService:664 com.android.coreservice.CoreBroadcastReceiver.onReceive:70 android.app.ActivityThread.handleReceiver:3424 
05-27 18:15:24.859  2386  2386 I RenderThread: type=1400 audit(0.0:3614): avc: denied { ioctl } for path="/dev/fastpipe" dev="tmpfs" ino=3085 ioctlcmd=6867 scontext=u:r:untrusted_app:s0:c33,c256,c512,c768 tcontext=u:object_r:device:s0 tclass=chr_file permissive=1
05-27 18:15:24.866  1597  1881 W SchedPolicy: add_tid_to_cgroup failed to write '2386' (No space left on device); fd=25
05-27 18:15:24.866  1597  1881 W SchedPolicy: add_tid_to_cgroup failed to write '2669' (No space left on device); fd=25
05-27 18:15:24.866  1597  1881 W SchedPolicy: add_tid_to_cgroup failed to write '4075' (No space left on device); fd=25
05-27 18:15:24.874  2386  2643 W OpenGLRenderer: Incorrectly called buildLayer on View: ShortcutAndWidgetContainer, destroying layer...
05-27 18:15:24.903  1597  1597 I android.anim: type=1400 audit(0.0:3615): avc: denied { ioctl } for path="/dev/fastpipe" dev="tmpfs" ino=3085 ioctlcmd=6869 scontext=u:r:system_server:s0 tcontext=u:object_r:device:s0 tclass=chr_file permissive=1
05-27 18:15:24.907  1462  1541 W SurfaceFlinger: Attempting to set client state on removed layer: Splash Screen edu.mobilesec.ctrepro#0
05-27 18:15:24.907  1462  1541 W SurfaceFlinger: Attempting to destroy on removed layer: Splash Screen edu.mobilesec.ctrepro#0
05-27 18:15:26.210 14173 14173 I CT_REPRO: E03_state_sharing_cookie | 1779876926210 | 1 | LAUNCH_REQUESTED | 0 | http://198.18.0.1:8000/profile?step=final_ct_profile_after | com.android.chrome | Android 9 API 28 | 138.0.7204.179 | 准备打开 Custom Tab
05-27 18:15:26.215  1597  1881 I ActivityManager: START u0 {act=android.intent.action.VIEW dat=http://198.18.0.1:8000/... pkg=com.android.chrome cmp=com.android.chrome/com.google.android.apps.chrome.IntentDispatcher (has extras)} from uid 10053
05-27 18:15:26.225  2324  2324 W ContextImpl: Calling a method in the system process without a qualified user: android.app.ContextImpl.startService:1531 android.content.ContextWrapper.startService:664 android.content.ContextWrapper.startService:664 com.android.coreservice.CoreBroadcastReceiver.onReceive:45 android.app.ActivityThread.handleReceiver:3424 
05-27 18:15:26.228 13384 13384 W ActivityThread: handleWindowVisibility: no activity for token android.os.BinderProxy@e8f4fb
05-27 18:15:26.228  1597  1881 W SchedPolicy: add_tid_to_cgroup failed to write '13384' (No space left on device); fd=27
05-27 18:15:26.228  1597  1881 W SchedPolicy: add_tid_to_cgroup failed to write '14173' (No space left on device); fd=24
05-27 18:15:26.228  1597  1881 W SchedPolicy: add_tid_to_cgroup failed to write '2959' (No space left on device); fd=24
05-27 18:15:26.228  1597  1881 W SchedPolicy: add_tid_to_cgroup failed to write '13462' (No space left on device); fd=27
05-27 18:15:26.296  1597  1698 D WIFI    : got request NetworkRequest [ TRACK_DEFAULT id=119, [ Capabilities: INTERNET&NOT_RESTRICTED&TRUSTED Unwanted:  Uid: 10059] ] with score 60
05-27 18:15:26.296  1597  1730 D Ethernet: got request NetworkRequest [ TRACK_DEFAULT id=119, [ Capabilities: INTERNET&NOT_RESTRICTED&TRUSTED Unwanted:  Uid: 10059] ] with score 60
05-27 18:15:26.296  1597  1698 D WIFI_UT : got request NetworkRequest [ TRACK_DEFAULT id=119, [ Capabilities: INTERNET&NOT_RESTRICTED&TRUSTED Unwanted:  Uid: 10059] ] with score 60
05-27 18:15:26.297  1934  1934 D PhoneSwitcherNetworkRequstListener: got request NetworkRequest [ TRACK_DEFAULT id=119, [ Capabilities: INTERNET&NOT_RESTRICTED&TRUSTED Unwanted:  Uid: 10059] ] with score 60
05-27 18:15:26.297  1597  1729 D WIFI_AWARE_FACTORY: got request NetworkRequest [ TRACK_DEFAULT id=119, [ Capabilities: INTERNET&NOT_RESTRICTED&TRUSTED Unwanted:  Uid: 10059] ] with score 60
05-27 18:15:26.366  1597  1605 W System  : A resource failed to call close. 
05-27 18:15:26.367  1597  1605 I chatty  : uid=1000(system) FinalizerDaemon identical 29 lines
05-27 18:15:26.367  1597  1605 W System  : A resource failed to call close. 
05-27 18:15:26.421 13384 13384 W cr_ActivityDispatcher: CustomTabsIntent#shouldAlwaysUseBrowserUI() = false
05-27 18:15:26.421 13384 13384 W cr_ActivityDispatcher: CustomTabsIntent#shouldAlwaysUseBrowserUI() = false
05-27 18:15:26.427  1597  1889 I ActivityManager: START u0 {act=android.intent.action.VIEW dat=http://198.18.0.1:8000/... flg=0x2800000 pkg=com.android.chrome cmp=com.android.chrome/org.chromium.chrome.browser.customtabs.CustomTabActivity (has extras)} from uid 10059
05-27 18:15:26.436  2324  2324 W ContextImpl: Calling a method in the system process without a qualified user: android.app.ContextImpl.startService:1531 android.content.ContextWrapper.startService:664 android.content.ContextWrapper.startService:664 com.android.coreservice.CoreBroadcastReceiver.onReceive:45 android.app.ActivityThread.handleReceiver:3424 
05-27 18:15:26.529  1597  1597 I Binder:1597_7: type=1400 audit(0.0:3616): avc: denied { read } for name="Applications" dev="sdcardfs" ino=655362 scontext=u:r:system_server:s0 tcontext=u:object_r:sdcardfs:s0 tclass=lnk_file permissive=1
05-27 18:15:26.531 13384 13384 W ActivityThread: handleWindowVisibility: no activity for token android.os.BinderProxy@660d63a
05-27 18:15:26.533 13384 13384 W cr_ActivityDispatcher: CustomTabsIntent#shouldAlwaysUseBrowserUI() = false
05-27 18:15:26.541 13384 13384 W cr_ContextualSearch: No manager!
05-27 18:15:26.542 13384 13384 W cr_ActivityDispatcher: CustomTabsIntent#shouldAlwaysUseBrowserUI() = false
05-27 18:15:26.548  1597  1881 W SchedPolicy: add_tid_to_cgroup failed to write '14126' (No space left on device); fd=24
05-27 18:15:26.553 14173 14173 I CT_REPRO: E03_state_sharing_cookie | 1779876926553 | 344 | TAB_SHOWN | 5 | http://198.18.0.1:8000/profile?step=final_ct_profile_after | com.android.chrome | Android 9 API 28 | 138.0.7204.179 | extras={timestampUptimeMillis=10518548}
05-27 18:15:26.555  1597  1889 W SchedPolicy: add_tid_to_cgroup failed to write '14126' (No space left on device); fd=27
05-27 18:15:26.571  1597  1605 W System  : A resource failed to call close. 
05-27 18:15:26.571  1597  1605 I chatty  : uid=1000(system) FinalizerDaemon identical 29 lines
05-27 18:15:26.571  1597  1605 W System  : A resource failed to call close. 
05-27 18:15:26.574 13384 13384 W cr_ActivityDispatcher: CustomTabsIntent#shouldAlwaysUseBrowserUI() = false
05-27 18:15:26.579 13384 13384 W cr_ActivityDispatcher: CustomTabsIntent#shouldAlwaysUseBrowserUI() = false
05-27 18:15:26.579 13384 13384 I cr_A11yState: Enabled accessibility services: [io.github.ylimit.droidbotapp/io.github.privacystreams.accessibility.PSAccessibilityService, null]
05-27 18:15:26.579 13384 13384 I cr_A11yState: Running accessibility services: [io.github.ylimit.droidbotapp/io.github.privacystreams.accessibility.PSAccessibilityService]
05-27 18:15:26.579 13384 13384 I cr_A11yState: Will check again after 250 milliseconds.
05-27 18:15:26.586  2324  2324 W ContextImpl: Calling a method in the system process without a qualified user: android.app.ContextImpl.startService:1531 android.content.ContextWrapper.startService:664 android.content.ContextWrapper.startService:664 com.android.coreservice.CoreBroadcastReceiver.onReceive:54 android.app.ActivityThread.handleReceiver:3424 
05-27 18:15:26.604 14173 14173 I CT_REPRO: E03_state_sharing_cookie | 1779876926603 | 394 | NAVIGATION_STARTED | 1 | http://198.18.0.1:8000/profile?step=final_ct_profile_after | com.android.chrome | Android 9 API 28 | 138.0.7204.179 | extras={timestampUptimeMillis=10518595}
05-27 18:15:26.623  1462  1462 I Binder:1462_3: type=1400 audit(0.0:3617): avc: denied { read write } for path="/dev/fastpipe" dev="tmpfs" ino=3085 scontext=u:r:untrusted_app:s0:c59,c256,c512,c768 tcontext=u:object_r:device:s0 tclass=chr_file permissive=1
05-27 18:15:26.624 13384 13384 I cr_E2E_DCController: setSafeAreaConstraint: false
05-27 18:15:26.625 14173 14173 I CT_REPRO: E03_state_sharing_cookie | 1779876926625 | 416 | NAVIGATION_FINISHED | 2 | http://198.18.0.1:8000/profile?step=final_ct_profile_after | com.android.chrome | Android 9 API 28 | 138.0.7204.179 | extras={timestampUptimeMillis=10518625}
05-27 18:15:26.627 13384 13384 I cr_BrowserUiUtils: Recorded Startup.Android.FirstDrawCompletedTime = 91 ms
05-27 18:15:26.634 13384 13428 E EGL_emulation: tid 13428: eglSurfaceAttrib(1504): error 0x3009 (EGL_BAD_MATCH)
05-27 18:15:26.634 13384 13428 W OpenGLRenderer: Failed to set EGL_SWAP_BEHAVIOR on surface 0xc03c0420, error=EGL_BAD_MATCH
05-27 18:15:26.663 13384 13384 I cr_CompositorSurfaceMgr: Transitioning to surface with format: -1
05-27 18:15:26.663 13384 13384 I cr_CompositorSurfaceMgr: surfaceCreated format: 0
05-27 18:15:26.665  1597  1612 I ActivityManager: Displayed com.android.chrome/org.chromium.chrome.browser.customtabs.CustomTabActivity: +450ms
05-27 18:15:26.732 13384 13384 D skia    : --- Failed to create image decoder with message 'unimplemented'
05-27 18:15:26.732 13462 13495 W chromium: [WARNING:components/viz/service/frame_sinks/root_compositor_frame_sink_impl.cc:985] Requested unsupported preferred frame interval 0.016666 s (=60.0024Hz)
05-27 18:15:26.741  2324  2324 W ContextImpl: Calling a method in the system process without a qualified user: android.app.ContextImpl.startService:1531 android.content.ContextWrapper.startService:664 android.content.ContextWrapper.startService:664 com.android.coreservice.CoreBroadcastReceiver.onReceive:70 android.app.ActivityThread.handleReceiver:3424 
05-27 18:15:26.742  2324  2324 W ContextImpl: Calling a method in the system process without a qualified user: android.app.ContextImpl.startService:1531 android.content.ContextWrapper.startService:664 android.content.ContextWrapper.startService:664 com.android.coreservice.CoreBroadcastReceiver.onReceive:70 android.app.ActivityThread.handleReceiver:3424 
05-27 18:15:26.774 13384 13384 I cr_CustomTab: To create AuxiliarySearchController on deferred startup.
05-27 18:15:26.775  1597  1889 W SchedPolicy: add_tid_to_cgroup failed to write '14173' (No space left on device); fd=25
05-27 18:15:26.775 13384 13384 I cr_A11yState: Enabled accessibility services: [io.github.ylimit.droidbotapp/io.github.privacystreams.accessibility.PSAccessibilityService, null]
05-27 18:15:26.775 13384 13384 I cr_A11yState: Running accessibility services: [io.github.ylimit.droidbotapp/io.github.privacystreams.accessibility.PSAccessibilityService]
05-27 18:15:26.775 13384 13384 I cr_A11yState: Will check again after 500 milliseconds.
05-27 18:15:26.813  2324  2324 W ContextImpl: Calling a method in the system process without a qualified user: android.app.ContextImpl.startService:1531 android.content.ContextWrapper.startService:664 android.content.ContextWrapper.startService:664 com.android.coreservice.CoreBroadcastReceiver.onReceive:54 android.app.ActivityThread.handleReceiver:3424 
05-27 18:15:26.814 13462 13485 E eglCodecCommon: glUtilsParamSize: unknow param 0x000088ef
05-27 18:15:26.815 13462 13485 E eglCodecCommon: glUtilsParamSize: unknow param 0x00000cf2
05-27 18:15:26.815 13462 13485 E eglCodecCommon: glUtilsParamSize: unknow param 0x00000cf3
05-27 18:15:26.815 13462 13485 E eglCodecCommon: glUtilsParamSize: unknow param 0x00000cf4
05-27 18:15:26.815 13462 13485 E eglCodecCommon: glUtilsParamSize: unknow param 0x0000806d
05-27 18:15:26.815 13462 13485 E eglCodecCommon: glUtilsParamSize: unknow param 0x0000806e
05-27 18:15:26.816 13462 13485 E eglCodecCommon: glUtilsParamSize: unknow param 0x000088ef
05-27 18:15:26.816 13462 13485 E eglCodecCommon: glUtilsParamSize: unknow param 0x00000cf2
05-27 18:15:26.816 13462 13485 E eglCodecCommon: glUtilsParamSize: unknow param 0x00000cf3
05-27 18:15:26.816 13462 13485 E eglCodecCommon: glUtilsParamSize: unknow param 0x00000cf4
05-27 18:15:26.816 13462 13485 E eglCodecCommon: glUtilsParamSize: unknow param 0x0000806d
05-27 18:15:26.816 13462 13485 E eglCodecCommon: glUtilsParamSize: unknow param 0x0000806e
05-27 18:15:26.817 13462 13485 E eglCodecCommon: glUtilsParamSize: unknow param 0x000088ef
05-27 18:15:26.817 13462 13485 E eglCodecCommon: glUtilsParamSize: unknow param 0x00000cf2
05-27 18:15:26.817 13462 13485 E eglCodecCommon: glUtilsParamSize: unknow param 0x00000cf3
05-27 18:15:26.817 13462 13485 E eglCodecCommon: glUtilsParamSize: unknow param 0x00000cf4
05-27 18:15:26.818 13462 13485 E eglCodecCommon: glUtilsParamSize: unknow param 0x0000806d
05-27 18:15:26.818 13462 13485 E eglCodecCommon: glUtilsParamSize: unknow param 0x0000806e
05-27 18:15:26.818 13462 13485 E eglCodecCommon: glUtilsParamSize: unknow param 0x000088ef
05-27 18:15:26.818 13462 13485 E eglCodecCommon: glUtilsParamSize: unknow param 0x00000cf2
05-27 18:15:26.818 13462 13485 E eglCodecCommon: glUtilsParamSize: unknow param 0x00000cf3
05-27 18:15:26.819 13462 13485 E eglCodecCommon: glUtilsParamSize: unknow param 0x00000cf4
05-27 18:15:26.819 13462 13485 E eglCodecCommon: glUtilsParamSize: unknow param 0x0000806d
05-27 18:15:26.819 13462 13485 E eglCodecCommon: glUtilsParamSize: unknow param 0x0000806e
05-27 18:15:26.819 13462 13485 E eglCodecCommon: glUtilsParamSize: unknow param 0x000088ef
05-27 18:15:26.821 13462 13485 E eglCodecCommon: glUtilsParamSize: unknow param 0x00000cf2
