05-27 18:15:36.386 14320 14320 I .android.chrom:   at void org.chromium.base.task.TaskRunnerImpl.runTask(int) (chromium-Monochrome.aab-stable-720417927:31)
05-27 18:15:36.386 14320 14320 I .android.chrom:   at void android.os.MessageQueue.nativePollOnce(long, int) (MessageQueue.java:-2)
05-27 18:15:36.386 14320 14320 I .android.chrom:   at android.os.Message android.os.MessageQueue.next() (MessageQueue.java:326)
05-27 18:15:36.386 14320 14320 I .android.chrom:   at void android.os.Looper.loop() (Looper.java:160)
05-27 18:15:36.386 14320 14320 I .android.chrom:   at void android.app.ActivityThread.main(java.lang.String[]) (ActivityThread.java:6838)
05-27 18:15:36.386 14320 14320 I .android.chrom:   at java.lang.Object java.lang.reflect.Method.invoke(java.lang.Object, java.lang.Object[]) (Method.java:-2)
05-27 18:15:36.386 14320 14320 I .android.chrom:   at void com.android.internal.os.RuntimeInit$MethodAndArgsCaller.run() (RuntimeInit.java:493)
05-27 18:15:36.386 14320 14320 I .android.chrom:   at void com.android.internal.os.ZygoteInit.main(java.lang.String[]) (ZygoteInit.java:860)
05-27 18:15:36.386 14320 14320 I .android.chrom: 
05-27 18:15:36.386 14320 14320 I .android.chrom: Rejecting re-init on previously-failed class java.lang.Class<f3>: java.lang.NoClassDefFoundError: Failed resolution of: Landroid/app/UiModeManager$ContrastChangeListener;
05-27 18:15:36.386 14320 14320 I .android.chrom:   at void org.chromium.ui.accessibility.AccessibilityState.j() (chromium-Monochrome.aab-stable-720417927:1)
05-27 18:15:36.386 14320 14320 I .android.chrom:   at void NJ4.run() (chromium-Monochrome.aab-stable-720417927:719)
05-27 18:15:36.386 14320 14320 I .android.chrom:   at void Hh0.run() (chromium-Monochrome.aab-stable-720417927:47)
05-27 18:15:36.386 14320 14320 I .android.chrom:   at void org.chromium.base.task.TaskRunnerImpl.runTask(int) (chromium-Monochrome.aab-stable-720417927:31)
05-27 18:15:36.386 14320 14320 I .android.chrom:   at void android.os.MessageQueue.nativePollOnce(long, int) (MessageQueue.java:-2)
05-27 18:15:36.386 14320 14320 I .android.chrom:   at android.os.Message android.os.MessageQueue.next() (MessageQueue.java:326)
05-27 18:15:36.386 14320 14320 I .android.chrom:   at void android.os.Looper.loop() (Looper.java:160)
05-27 18:15:36.386 14320 14320 I .android.chrom:   at void android.app.ActivityThread.main(java.lang.String[]) (ActivityThread.java:6838)
05-27 18:15:36.386 14320 14320 I .android.chrom:   at java.lang.Object java.lang.reflect.Method.invoke(java.lang.Object, java.lang.Object[]) (Method.java:-2)
05-27 18:15:36.386 14320 14320 I .android.chrom:   at void com.android.internal.os.RuntimeInit$MethodAndArgsCaller.run() (RuntimeInit.java:493)
05-27 18:15:36.386 14320 14320 I .android.chrom:   at void com.android.internal.os.ZygoteInit.main(java.lang.String[]) (ZygoteInit.java:860)
05-27 18:15:36.386 14320 14320 I .android.chrom: Caused by: java.lang.ClassNotFoundException: Didn't find class "android.app.UiModeManager$ContrastChangeListener" on path: DexPathList[[zip file "/data/app/com.android.chrome-yGxuaLI28II_-ssLHdXtoQ==/base.apk"],nativeLibraryDirectories=[/data/app/com.android.chrome-yGxuaLI28II_-ssLHdXtoQ==/lib/x86, /data/app/com.android.chrome-yGxuaLI28II_-ssLHdXtoQ==/base.apk!/lib/x86, /system/lib, /system/vendor/lib]]
05-27 18:15:36.386 14320 14320 I .android.chrom:   at java.lang.Class dalvik.system.BaseDexClassLoader.findClass(java.lang.String) (BaseDexClassLoader.java:134)
05-27 18:15:36.386 14320 14320 I .android.chrom:   at java.lang.Class java.lang.ClassLoader.loadClass(java.lang.String, boolean) (ClassLoader.java:379)
05-27 18:15:36.386 14320 14320 I .android.chrom:   at java.lang.Class java.lang.ClassLoader.loadClass(java.lang.String) (ClassLoader.java:312)
05-27 18:15:36.386 14320 14320 I .android.chrom:   at void org.chromium.ui.accessibility.AccessibilityState.j() (chromium-Monochrome.aab-stable-720417927:1)
05-27 18:15:36.386 14320 14320 I .android.chrom:   at void NJ4.run() (chromium-Monochrome.aab-stable-720417927:719)
05-27 18:15:36.386 14320 14320 I .android.chrom:   at void Hh0.run() (chromium-Monochrome.aab-stable-720417927:47)
05-27 18:15:36.386 14320 14320 I .android.chrom:   at void org.chromium.base.task.TaskRunnerImpl.runTask(int) (chromium-Monochrome.aab-stable-720417927:31)
05-27 18:15:36.386 14320 14320 I .android.chrom:   at void android.os.MessageQueue.nativePollOnce(long, int) (MessageQueue.java:-2)
05-27 18:15:36.386 14320 14320 I .android.chrom:   at android.os.Message android.os.MessageQueue.next() (MessageQueue.java:326)
05-27 18:15:36.386 14320 14320 I .android.chrom:   at void android.os.Looper.loop() (Looper.java:160)
05-27 18:15:36.386 14320 14320 I .android.chrom:   at void android.app.ActivityThread.main(java.lang.String[]) (ActivityThread.java:6838)
05-27 18:15:36.386 14320 14320 I .android.chrom:   at java.lang.Object java.lang.reflect.Method.invoke(java.lang.Object, java.lang.Object[]) (Method.java:-2)
05-27 18:15:36.386 14320 14320 I .android.chrom:   at void com.android.internal.os.RuntimeInit$MethodAndArgsCaller.run() (RuntimeInit.java:493)
05-27 18:15:36.386 14320 14320 I .android.chrom:   at void com.android.internal.os.ZygoteInit.main(java.lang.String[]) (ZygoteInit.java:860)
05-27 18:15:36.386 14320 14320 I .android.chrom: 
05-27 18:15:36.386 14320 14320 I .android.chrom: Rejecting re-init on previously-failed class java.lang.Class<f3>: java.lang.NoClassDefFoundError: Failed resolution of: Landroid/app/UiModeManager$ContrastChangeListener;
05-27 18:15:36.387 14320 14320 I .android.chrom:   at void org.chromium.ui.accessibility.AccessibilityState.j() (chromium-Monochrome.aab-stable-720417927:1)
05-27 18:15:36.387 14320 14320 I .android.chrom:   at void NJ4.run() (chromium-Monochrome.aab-stable-720417927:719)
05-27 18:15:36.387 14320 14320 I .android.chrom:   at void Hh0.run() (chromium-Monochrome.aab-stable-720417927:47)
05-27 18:15:36.387 14320 14320 I .android.chrom:   at void org.chromium.base.task.TaskRunnerImpl.runTask(int) (chromium-Monochrome.aab-stable-720417927:31)
05-27 18:15:36.387 14320 14320 I .android.chrom:   at void android.os.MessageQueue.nativePollOnce(long, int) (MessageQueue.java:-2)
05-27 18:15:36.387 14320 14320 I .android.chrom:   at android.os.Message android.os.MessageQueue.next() (MessageQueue.java:326)
05-27 18:15:36.387 14320 14320 I .android.chrom:   at void android.os.Looper.loop() (Looper.java:160)
05-27 18:15:36.387 14320 14320 I .android.chrom:   at void android.app.ActivityThread.main(java.lang.String[]) (ActivityThread.java:6838)
05-27 18:15:36.387 14320 14320 I .android.chrom:   at java.lang.Object java.lang.reflect.Method.invoke(java.lang.Object, java.lang.Object[]) (Method.java:-2)
05-27 18:15:36.387 14320 14320 I .android.chrom:   at void com.android.internal.os.RuntimeInit$MethodAndArgsCaller.run() (RuntimeInit.java:493)
05-27 18:15:36.387 14320 14320 I .android.chrom:   at void com.android.internal.os.ZygoteInit.main(java.lang.String[]) (ZygoteInit.java:860)
05-27 18:15:36.387 14320 14320 I .android.chrom: Caused by: java.lang.ClassNotFoundException: Didn't find class "android.app.UiModeManager$ContrastChangeListener" on path: DexPathList[[zip file "/data/app/com.android.chrome-yGxuaLI28II_-ssLHdXtoQ==/base.apk"],nativeLibraryDirectories=[/data/app/com.android.chrome-yGxuaLI28II_-ssLHdXtoQ==/lib/x86, /data/app/com.android.chrome-yGxuaLI28II_-ssLHdXtoQ==/base.apk!/lib/x86, /system/lib, /system/vendor/lib]]
05-27 18:15:36.387 14320 14320 I .android.chrom:   at java.lang.Class dalvik.system.BaseDexClassLoader.findClass(java.lang.String) (BaseDexClassLoader.java:134)
05-27 18:15:36.387 14320 14320 I .android.chrom:   at java.lang.Class java.lang.ClassLoader.loadClass(java.lang.String, boolean) (ClassLoader.java:379)
05-27 18:15:36.387 14320 14320 I .android.chrom:   at java.lang.Class java.lang.ClassLoader.loadClass(java.lang.String) (ClassLoader.java:312)
05-27 18:15:36.387 14320 14320 I .android.chrom:   at void org.chromium.ui.accessibility.AccessibilityState.j() (chromium-Monochrome.aab-stable-720417927:1)
05-27 18:15:36.387 14320 14320 I .android.chrom:   at void NJ4.run() (chromium-Monochrome.aab-stable-720417927:719)
05-27 18:15:36.387 14320 14320 I .android.chrom:   at void Hh0.run() (chromium-Monochrome.aab-stable-720417927:47)
05-27 18:15:36.387 14320 14320 I .android.chrom:   at void org.chromium.base.task.TaskRunnerImpl.runTask(int) (chromium-Monochrome.aab-stable-720417927:31)
05-27 18:15:36.387 14320 14320 I .android.chrom:   at void android.os.MessageQueue.nativePollOnce(long, int) (MessageQueue.java:-2)
05-27 18:15:36.387 14320 14320 I .android.chrom:   at android.os.Message android.os.MessageQueue.next() (MessageQueue.java:326)
05-27 18:15:36.387 14320 14320 I .android.chrom:   at void android.os.Looper.loop() (Looper.java:160)
05-27 18:15:36.387 14320 14320 I .android.chrom:   at void android.app.ActivityThread.main(java.lang.String[]) (ActivityThread.java:6838)
05-27 18:15:36.387 14320 14320 I .android.chrom:   at java.lang.Object java.lang.reflect.Method.invoke(java.lang.Object, java.lang.Object[]) (Method.java:-2)
05-27 18:15:36.387 14320 14320 I .android.chrom:   at void com.android.internal.os.RuntimeInit$MethodAndArgsCaller.run() (RuntimeInit.java:493)
05-27 18:15:36.387 14320 14320 I .android.chrom:   at void com.android.internal.os.ZygoteInit.main(java.lang.String[]) (ZygoteInit.java:860)
05-27 18:15:36.387 14320 14320 I .android.chrom: 
05-27 18:15:36.401 14320 14320 W cr_KnoxSettingsProvider: Permission to read device policy denied.
05-27 18:15:36.401 14320 14320 I cr_CombinedPProvider: #registerProvider() provider:Td4@1a952d8 isPolicyCacheEnabled:true policyProvidersSize:0
05-27 18:15:36.401 14320 14320 I cr_PolicyProvider: #setManagerAndSource() 0
05-27 18:15:36.401 14320 14320 I cr_CombinedPProvider: #registerProvider() provider:mt@7664631 isPolicyCacheEnabled:false policyProvidersSize:1
05-27 18:15:36.402 14320 14320 I cr_PolicyProvider: #setManagerAndSource() 1
05-27 18:15:36.402 14320 14320 I cr_AppResProvider: #getApplicationRestrictionsFromUserManager() Bundle[EMPTY_PARCEL]
05-27 18:15:36.402 14320 14320 I cr_PolicyProvider: #notifySettingsAvailable() 1
05-27 18:15:36.402 14320 14320 I cr_CombinedPProvider: #onSettingsAvailable() 1
05-27 18:15:36.405 14320 14320 I cr_PolicyProvider: #notifySettingsAvailable() 0
05-27 18:15:36.405 14320 14320 I cr_CombinedPProvider: #onSettingsAvailable() 0
05-27 18:15:36.405 14320 14320 I cr_CombinedPProvider: #flushPolicies()
05-27 18:15:36.405 14320 14320 I cr_PolicyService: #onPolicyServiceInitialized()
05-27 18:15:36.406 14320 14320 I cr_PolicyProvider: #notifySettingsAvailable() 0
05-27 18:15:36.406 14320 14320 I cr_CombinedPProvider: #onSettingsAvailable() 0
05-27 18:15:36.406 14320 14320 I cr_CombinedPProvider: #flushPolicies()
05-27 18:15:36.445  1597  1698 D WIFI    : got request NetworkRequest [ TRACK_DEFAULT id=123, [ Capabilities: INTERNET&NOT_RESTRICTED&TRUSTED Unwanted:  Uid: 10059] ] with score 60
05-27 18:15:36.445  1597  1730 D Ethernet: got request NetworkRequest [ TRACK_DEFAULT id=123, [ Capabilities: INTERNET&NOT_RESTRICTED&TRUSTED Unwanted:  Uid: 10059] ] with score 60
05-27 18:15:36.445  1597  1729 D WIFI_AWARE_FACTORY: got request NetworkRequest [ TRACK_DEFAULT id=123, [ Capabilities: INTERNET&NOT_RESTRICTED&TRUSTED Unwanted:  Uid: 10059] ] with score 60
05-27 18:15:36.445  1597  1698 D WIFI_UT : got request NetworkRequest [ TRACK_DEFAULT id=123, [ Capabilities: INTERNET&NOT_RESTRICTED&TRUSTED Unwanted:  Uid: 10059] ] with score 60
05-27 18:15:36.445  1934  1934 D PhoneSwitcherNetworkRequstListener: got request NetworkRequest [ TRACK_DEFAULT id=123, [ Capabilities: INTERNET&NOT_RESTRICTED&TRUSTED Unwanted:  Uid: 10059] ] with score 60
05-27 18:15:36.516  2959 14416 W ProxyAndroidLoggerBackend: Too many Flogger logs received before configuration. Dropping old logs.
05-27 18:15:36.531 14320 14320 I cr_CompositorSurfaceMgr: Transitioning to surface with format: -1
05-27 18:15:36.532 14320 14320 I cr_CompositorSurfaceMgr: surfaceCreated format: 0
05-27 18:15:36.534 14399 14421 D EGL_emulation: eglCreateContext: 0xec3a5180: maj 3 min 0 rcv 3
05-27 18:15:36.538 14399 14421 D HostConnection: ExtendedRCEncoderContext GL_VERSION return OpenGL ES 3.1 v1
05-27 18:15:36.540 14399 14421 E eglCodecCommon: glUtilsParamSize: unknow param 0x000088ef
05-27 18:15:36.542 14399 14421 E eglCodecCommon: glUtilsParamSize: unknow param 0x000084ff
05-27 18:15:36.542 14399 14421 E eglCodecCommon: glUtilsParamSize: unknow param 0x000087fe
05-27 18:15:36.552  2959 14416 W ProxyAndroidLoggerBackend: Too many Flogger logs received before configuration. Dropping old logs.
05-27 18:15:36.552  2959 14416 W ProxyAndroidLoggerBackend: Too many Flogger logs received before configuration. Dropping old logs.
05-27 18:15:36.553  2959  2987 I Finsky  : [162] pls.h(7): Already at the latest configurations for experiment package com.google.android.finsky.regular.
05-27 18:15:36.554  2959  2987 I Finsky  : [162] shw.b(2): Setup::DSE: Successfully synced Phenotype experiments
05-27 18:15:36.566 14399 14430 I         : fastpipe: Connect success
05-27 18:15:36.566 14399 14430 D HostConnection: HostRPC::connect sucess: app=com.android.chrome:privileged_process0, pid=14399, tid=14430, this=0xd6db0900
05-27 18:15:36.566 14399 14430 D HostConnection: queryAndSetGLESMaxVersion select gles-version: 3.1 hostGLVersion:46 process:com.android.chrome:privileged_process0
05-27 18:15:36.596 14399 14430 D EGL_emulation: eglCreateContext: 0xec0089a0: maj 3 min 0 rcv 3
05-27 18:15:36.600 14399 14430 D HostConnection: ExtendedRCEncoderContext GL_VERSION return OpenGL ES 3.1 v1
05-27 18:15:36.600  3257 14437 E memtrack: Couldn't load memtrack module
05-27 18:15:36.600  3257 14437 W android.os.Debug: failed to get memory consumption info: -1
05-27 18:15:36.602 14320 14320 I cr_ChromeTabbedActivity: #initializeState
05-27 18:15:36.602 14399 14430 E eglCodecCommon: glUtilsParamSize: unknow param 0x000088ef
05-27 18:15:36.603 14399 14430 E eglCodecCommon: glUtilsParamSize: unknow param 0x000084ff
05-27 18:15:36.603 14399 14430 E eglCodecCommon: glUtilsParamSize: unknow param 0x000087fe
05-27 18:15:36.604 14399 14430 D OpenGLRenderer: Skia GL Pipeline
05-27 18:15:36.606 14399 14430 D vndksupport: Loading /vendor/lib/hw/android.hardware.graphics.mapper@2.0-impl.so from current namespace instead of sphal namespace.
05-27 18:15:36.607 14399 14430 D vndksupport: Loading /vendor/lib/hw/gralloc.default.so from current namespace instead of sphal namespace.
05-27 18:15:36.630  2423  2423 D BoundBrokerSvc: onBind: Intent { act=com.google.android.gms.languageprofile.service.START pkg=com.google.android.gms }
05-27 18:15:36.630  2423  2423 D BoundBrokerSvc: Loading bound service for intent: Intent { act=com.google.android.gms.languageprofile.service.START pkg=com.google.android.gms }
05-27 18:15:36.637  1597  2637 W SchedPolicy: add_tid_to_cgroup failed to write '3385' (No space left on device); fd=24
05-27 18:15:36.640 14320 14320 W cr_ActivityDispatcher: CustomTabsIntent#shouldAlwaysUseBrowserUI() = false
05-27 18:15:36.645  1597  1605 W System  : A resource failed to call close. 
05-27 18:15:36.645  1597  1605 I chatty  : uid=1000(system) FinalizerDaemon identical 30 lines
05-27 18:15:36.645  1597  1605 W System  : A resource failed to call close. 
05-27 18:15:36.683  3115  3115 I Binder:3115_5: type=1400 audit(0.0:3673): avc: denied { open } for path="/data/local/cfg-zieih/android7" dev="sdb2" ino=393549 scontext=u:r:untrusted_app:s0:c54,c256,c512,c768 tcontext=u:object_r:system_data_file:s0 tclass=file permissive=1
05-27 18:15:36.695 14320 14359 W ServiceBindIntentUtils: Dynamic lookup for intent failed for action: com.google.android.gms.safebrowsing.SafeBrowsingService.START
05-27 18:15:36.701  1597  2228 W ActivityManager: Unable to start service Intent { act=com.google.android.gms.safebrowsing.SafeBrowsingService.START pkg=com.google.android.gms } U=0: not found
05-27 18:15:36.701  1597  9815 W ActivityManager: Unbind failed: could not find connection for android.os.BinderProxy@949c6d2
05-27 18:15:36.702 14320 14359 W GmsClient: unable to connect to service: com.google.android.gms.safebrowsing.SafeBrowsingService.START on com.google.android.gms
05-27 18:15:36.704 14367 14382 I cr_LibraryLoader: Successfully loaded native library
05-27 18:15:36.704 14367 14382 I cr_CachingUmaRecorder: Flushed 2 samples from 2 histograms, 0 samples were dropped.
05-27 18:15:36.706 14399 14429 W chromium: [WARNING:components/viz/service/frame_sinks/root_compositor_frame_sink_impl.cc:985] Requested unsupported preferred frame interval 0.016666 s (=60.0024Hz)
05-27 18:15:36.710  1597  2228 W SchedPolicy: add_tid_to_cgroup failed to write '14367' (No space left on device); fd=27
05-27 18:15:36.745  3115  3362 I FontLog : (REDACTED) Received query %s, URI %s
05-27 18:15:36.749  3115  3362 I FontLog : (REDACTED) Query [%s] resolved to %s
05-27 18:15:36.750  3115  3362 I FontLog : (REDACTED) Font PFD returned from cache for %s
05-27 18:15:36.751  3115  3362 I FontLog : (REDACTED) Fetch %s end status %s
05-27 18:15:36.760  3115  3362 I FontLog : (REDACTED) Pulling font file for id = %d, cache size = %d
05-27 18:15:36.762  3115  3362 I FontLog : (REDACTED) Received query %s, URI %s
05-27 18:15:36.762  3115  3362 I FontLog : (REDACTED) Query [%s] resolved to %s
05-27 18:15:36.764  3115  3362 I FontLog : (REDACTED) Fetch %s end status %s
05-27 18:15:36.766  3115  3362 I FontLog : (REDACTED) Pulling font file for id = %d, cache size = %d
05-27 18:15:36.767  3115  3362 I FontLog : (REDACTED) Received query %s, URI %s
05-27 18:15:36.767  3115  3362 I FontLog : (REDACTED) Query [%s] resolved to %s
05-27 18:15:36.767  3115  3362 I FontLog : (REDACTED) Fetch %s end status %s
05-27 18:15:36.769  3115  3362 I FontLog : (REDACTED) Received query %s, URI %s
05-27 18:15:36.769  3115  3362 I FontLog : (REDACTED) Query [%s] resolved to %s
05-27 18:15:36.769  3115  3362 I FontLog : (REDACTED) Font PFD returned from cache for %s
05-27 18:15:36.769  3115  3362 I FontLog : (REDACTED) Fetch %s end status %s
05-27 18:15:36.771  3115  3362 I FontLog : (REDACTED) Pulling font file for id = %d, cache size = %d
05-27 18:15:36.780 14399 14446 W VideoCapabilities: Unrecognized profile 4 for video/hevc
05-27 18:15:36.781 14399 14446 W VideoCapabilities: Unrecognized profile 4 for video/hevc
05-27 18:15:36.783 14399 14446 I VideoCapabilities: Unsupported profile 4 for video/mp4v-es
05-27 18:15:36.784  3115  3362 I FontLog : (REDACTED) Received query %s, URI %s
05-27 18:15:36.784  3115  3362 I FontLog : (REDACTED) Query [%s] resolved to %s
05-27 18:15:36.785  3115  3362 I FontLog : (REDACTED) Font PFD returned from cache for %s
05-27 18:15:36.785  3115  3362 I FontLog : (REDACTED) Fetch %s end status %s
05-27 18:15:36.788  3115  3362 I FontLog : (REDACTED) Pulling font file for id = %d, cache size = %d
05-27 18:15:36.793 14320 14320 D skia    : --- Failed to create image decoder with message 'unimplemented'
05-27 18:15:36.797 14320 14320 I chatty  : uid=10059(com.android.chrome) identical 4 lines
05-27 18:15:36.797 14320 14320 D skia    : --- Failed to create image decoder with message 'unimplemented'
05-27 18:15:36.801 14399 14421 E eglCodecCommon: glUtilsParamSize: unknow param 0x000088ef
05-27 18:15:36.801 14399 14421 E eglCodecCommon: glUtilsParamSize: unknow param 0x00000cf2
05-27 18:15:36.801 14399 14421 E eglCodecCommon: glUtilsParamSize: unknow param 0x00000cf3
05-27 18:15:36.801 14399 14421 E eglCodecCommon: glUtilsParamSize: unknow param 0x00000cf4
05-27 18:15:36.801 14399 14421 E eglCodecCommon: glUtilsParamSize: unknow param 0x0000806d
05-27 18:15:36.802 14399 14421 E eglCodecCommon: glUtilsParamSize: unknow param 0x0000806e
05-27 18:15:36.802 14399 14421 E eglCodecCommon: glUtilsParamSize: unknow param 0x000088ef
05-27 18:15:36.803 14399 14421 E eglCodecCommon: glUtilsParamSize: unknow param 0x00000cf2
05-27 18:15:36.803 14399 14421 E eglCodecCommon: glUtilsParamSize: unknow param 0x00000cf3
05-27 18:15:36.803 14399 14421 E eglCodecCommon: glUtilsParamSize: unknow param 0x00000cf4
05-27 18:15:36.803 14399 14421 E eglCodecCommon: glUtilsParamSize: unknow param 0x0000806d
05-27 18:15:36.803 14399 14421 E eglCodecCommon: glUtilsParamSize: unknow param 0x0000806e
05-27 18:15:36.803 14399 14421 E eglCodecCommon: glUtilsParamSize: unknow param 0x000088ef
05-27 18:15:36.803 14399 14421 E eglCodecCommon: glUtilsParamSize: unknow param 0x00000cf2
05-27 18:15:36.804 14399 14421 E eglCodecCommon: glUtilsParamSize: unknow param 0x00000cf3
05-27 18:15:36.804 14399 14421 E eglCodecCommon: glUtilsParamSize: unknow param 0x00000cf4
05-27 18:15:36.804 14399 14421 E eglCodecCommon: glUtilsParamSize: unknow param 0x0000806d
05-27 18:15:36.804 14399 14421 E eglCodecCommon: glUtilsParamSize: unknow param 0x0000806e
05-27 18:15:36.805 14399 14421 E eglCodecCommon: glUtilsParamSize: unknow param 0x000088ef
05-27 18:15:36.805 14399 14421 E eglCodecCommon: glUtilsParamSize: unknow param 0x00000cf2
05-27 18:15:36.805 14399 14421 E eglCodecCommon: glUtilsParamSize: unknow param 0x00000cf3
05-27 18:15:36.805 14399 14421 E eglCodecCommon: glUtilsParamSize: unknow param 0x00000cf4
05-27 18:15:36.805 14399 14421 E eglCodecCommon: glUtilsParamSize: unknow param 0x0000806d
05-27 18:15:36.805 14399 14421 E eglCodecCommon: glUtilsParamSize: unknow param 0x0000806e
05-27 18:15:36.806 14399 14421 E eglCodecCommon: glUtilsParamSize: unknow param 0x000088ef
05-27 18:15:36.806 14399 14421 E eglCodecCommon: glUtilsParamSize: unknow param 0x00000cf2
05-27 18:15:36.806 14399 14421 E eglCodecCommon: glUtilsParamSize: unknow param 0x00000cf3
05-27 18:15:36.806 14399 14421 E eglCodecCommon: glUtilsParamSize: unknow param 0x00000cf4
05-27 18:15:36.806 14399 14421 E eglCodecCommon: glUtilsParamSize: unknow param 0x0000806d
05-27 18:15:36.807 14399 14421 E eglCodecCommon: glUtilsParamSize: unknow param 0x0000806e
05-27 18:15:36.808 14399 14421 E eglCodecCommon: glUtilsParamSize: unknow param 0x000088ef
05-27 18:15:36.809 14399 14421 E eglCodecCommon: glUtilsParamSize: unknow param 0x00000cf2
05-27 18:15:36.809 14399 14421 E eglCodecCommon: glUtilsParamSize: unknow param 0x00000cf3
05-27 18:15:36.809 14399 14421 E eglCodecCommon: glUtilsParamSize: unknow param 0x00000cf4
05-27 18:15:36.809 14399 14421 E eglCodecCommon: glUtilsParamSize: unknow param 0x0000806d
05-27 18:15:36.809 14399 14421 E eglCodecCommon: glUtilsParamSize: unknow param 0x0000806e
05-27 18:15:36.810 14399 14421 E eglCodecCommon: glUtilsParamSize: unknow param 0x000088ef
05-27 18:15:36.811 14399 14421 E eglCodecCommon: glUtilsParamSize: unknow param 0x00000cf2
05-27 18:15:36.811 14399 14421 E eglCodecCommon: glUtilsParamSize: unknow param 0x00000cf3
05-27 18:15:36.811 14399 14421 E eglCodecCommon: glUtilsParamSize: unknow param 0x00000cf4
05-27 18:15:36.811 14399 14421 E eglCodecCommon: glUtilsParamSize: unknow param 0x0000806d
05-27 18:15:36.811 14399 14421 E eglCodecCommon: glUtilsParamSize: unknow param 0x0000806e
05-27 18:15:36.812 14399 14421 E eglCodecCommon: glUtilsParamSize: unknow param 0x000088ef
05-27 18:15:36.812 14399 14421 E eglCodecCommon: glUtilsParamSize: unknow param 0x00000cf2
05-27 18:15:36.812 14399 14421 E eglCodecCommon: glUtilsParamSize: unknow param 0x00000cf3
05-27 18:15:36.812 14399 14421 E eglCodecCommon: glUtilsParamSize: unknow param 0x00000cf4
05-27 18:15:36.813 14399 14421 E eglCodecCommon: glUtilsParamSize: unknow param 0x0000806d
05-27 18:15:36.813 14399 14421 E eglCodecCommon: glUtilsParamSize: unknow param 0x0000806e
05-27 18:15:36.813 14399 14421 E eglCodecCommon: glUtilsParamSize: unknow param 0x000088ef
05-27 18:15:36.813 14399 14421 E eglCodecCommon: glUtilsParamSize: unknow param 0x00000cf2
05-27 18:15:36.814 14399 14421 E eglCodecCommon: glUtilsParamSize: unknow param 0x00000cf3
05-27 18:15:36.814 14399 14421 E eglCodecCommon: glUtilsParamSize: unknow param 0x00000cf4
05-27 18:15:36.814 14399 14421 E eglCodecCommon: glUtilsParamSize: unknow param 0x0000806d
05-27 18:15:36.814 14399 14421 E eglCodecCommon: glUtilsParamSize: unknow param 0x0000806e
05-27 18:15:36.814 14399 14421 E eglCodecCommon: glUtilsParamSize: unknow param 0x000088ef
05-27 18:15:36.814 14399 14421 E eglCodecCommon: glUtilsParamSize: unknow param 0x00000cf2
05-27 18:15:36.814 14399 14421 E eglCodecCommon: glUtilsParamSize: unknow param 0x00000cf3
05-27 18:15:36.814 14399 14421 E eglCodecCommon: glUtilsParamSize: unknow param 0x00000cf4
05-27 18:15:36.814 14399 14421 E eglCodecCommon: glUtilsParamSize: unknow param 0x0000806d
05-27 18:15:36.815 14399 14421 E eglCodecCommon: glUtilsParamSize: unknow param 0x0000806e
05-27 18:15:36.815 14399 14421 E eglCodecCommon: glUtilsParamSize: unknow param 0x000088ef
05-27 18:15:36.815 14399 14421 E eglCodecCommon: glUtilsParamSize: unknow param 0x00000cf2
05-27 18:15:36.815 14399 14421 E eglCodecCommon: glUtilsParamSize: unknow param 0x00000cf3
05-27 18:15:36.815 14399 14421 E eglCodecCommon: glUtilsParamSize: unknow param 0x00000cf4
05-27 18:15:36.815 14399 14421 E eglCodecCommon: glUtilsParamSize: unknow param 0x0000806d
05-27 18:15:36.815 14399 14421 E eglCodecCommon: glUtilsParamSize: unknow param 0x0000806e
05-27 18:15:36.816 14399 14421 E eglCodecCommon: glUtilsParamSize: unknow param 0x000088ef
05-27 18:15:36.816 14399 14421 E eglCodecCommon: glUtilsParamSize: unknow param 0x00000cf2
05-27 18:15:36.816 14399 14421 E eglCodecCommon: glUtilsParamSize: unknow param 0x00000cf3
05-27 18:15:36.816 14399 14421 E eglCodecCommon: glUtilsParamSize: unknow param 0x00000cf4
05-27 18:15:36.816 14399 14421 E eglCodecCommon: glUtilsParamSize: unknow param 0x0000806d
05-27 18:15:36.817 14399 14421 E eglCodecCommon: glUtilsParamSize: unknow param 0x0000806e
05-27 18:15:36.817 14399 14421 E eglCodecCommon: glUtilsParamSize: unknow param 0x000088ef
05-27 18:15:36.818 14399 14421 E eglCodecCommon: glUtilsParamSize: unknow param 0x00000cf2
05-27 18:15:36.818 14399 14421 E eglCodecCommon: glUtilsParamSize: unknow param 0x00000cf3
05-27 18:15:36.818 14399 14421 E eglCodecCommon: glUtilsParamSize: unknow param 0x00000cf4
05-27 18:15:36.818 14399 14421 E eglCodecCommon: glUtilsParamSize: unknow param 0x0000806d
05-27 18:15:36.818 14399 14421 E eglCodecCommon: glUtilsParamSize: unknow param 0x0000806e
05-27 18:15:36.818 14399 14421 E eglCodecCommon: glUtilsParamSize: unknow param 0x000088ef
05-27 18:15:36.818 14399 14421 E eglCodecCommon: glUtilsParamSize: unknow param 0x00000cf2
05-27 18:15:36.818 14399 14421 E eglCodecCommon: glUtilsParamSize: unknow param 0x00000cf3
05-27 18:15:36.819 14399 14421 E eglCodecCommon: glUtilsParamSize: unknow param 0x00000cf4
05-27 18:15:36.819 14399 14421 E eglCodecCommon: glUtilsParamSize: unknow param 0x0000806d
05-27 18:15:36.819 14399 14421 E eglCodecCommon: glUtilsParamSize: unknow param 0x0000806e
05-27 18:15:36.819 14320 14320 I cr_E2E_DCController: setSafeAreaConstraint: false
05-27 18:15:36.819 14399 14421 E eglCodecCommon: glUtilsParamSize: unknow param 0x000088ef
05-27 18:15:36.820 14399 14421 E eglCodecCommon: glUtilsParamSize: unknow param 0x00000cf2
05-27 18:15:36.820 14399 14421 E eglCodecCommon: glUtilsParamSize: unknow param 0x00000cf3
05-27 18:15:36.820 14399 14421 E eglCodecCommon: glUtilsParamSize: unknow param 0x00000cf4
05-27 18:15:36.820 14399 14421 E eglCodecCommon: glUtilsParamSize: unknow param 0x0000806d
05-27 18:15:36.820 14399 14421 E eglCodecCommon: glUtilsParamSize: unknow param 0x0000806e
05-27 18:15:36.821 14399 14421 E eglCodecCommon: glUtilsParamSize: unknow param 0x000088ef
05-27 18:15:36.821 14320 14320 W cr_tabmodel: Failed to restore TabState; creating Tab with last known URL.
05-27 18:15:36.821 14399 14421 E eglCodecCommon: glUtilsParamSize: unknow param 0x00000cf2
05-27 18:15:36.821 14399 14421 E eglCodecCommon: glUtilsParamSize: unknow param 0x00000cf3
05-27 18:15:36.821 14399 14421 E eglCodecCommon: glUtilsParamSize: unknow param 0x00000cf4
05-27 18:15:36.821 14399 14421 E eglCodecCommon: glUtilsParamSize: unknow param 0x0000806d
05-27 18:15:36.821 14399 14421 E eglCodecCommon: glUtilsParamSize: unknow param 0x0000806e
05-27 18:15:36.821 14399 14421 E eglCodecCommon: glUtilsParamSize: unknow param 0x000088ef
05-27 18:15:36.822 14399 14421 E eglCodecCommon: glUtilsParamSize: unknow param 0x00000cf2
05-27 18:15:36.822 14399 14421 E eglCodecCommon: glUtilsParamSize: unknow param 0x00000cf3
05-27 18:15:36.822 14399 14421 E eglCodecCommon: glUtilsParamSize: unknow param 0x00000cf4
05-27 18:15:36.822 14399 14421 E eglCodecCommon: glUtilsParamSize: unknow param 0x0000806d
05-27 18:15:36.822 14399 14421 E eglCodecCommon: glUtilsParamSize: unknow param 0x0000806e
05-27 18:15:36.823 14399 14421 E eglCodecCommon: glUtilsParamSize: unknow param 0x000088ef
05-27 18:15:36.823 14399 14421 E eglCodecCommon: glUtilsParamSize: unknow param 0x00000cf2
05-27 18:15:36.823 14399 14421 E eglCodecCommon: glUtilsParamSize: unknow param 0x00000cf3
05-27 18:15:36.823 14399 14421 E eglCodecCommon: glUtilsParamSize: unknow param 0x00000cf4
05-27 18:15:36.823 14399 14421 E eglCodecCommon: glUtilsParamSize: unknow param 0x0000806d
05-27 18:15:36.823 14399 14421 E eglCodecCommon: glUtilsParamSize: unknow param 0x0000806e
05-27 18:15:36.824 14399 14421 E eglCodecCommon: glUtilsParamSize: unknow param 0x000088ef
05-27 18:15:36.824 14399 14421 E eglCodecCommon: glUtilsParamSize: unknow param 0x00000cf2
05-27 18:15:36.824 14399 14421 E eglCodecCommon: glUtilsParamSize: unknow param 0x00000cf3
05-27 18:15:36.824 14399 14421 E eglCodecCommon: glUtilsParamSize: unknow param 0x00000cf4
05-27 18:15:36.824 14399 14421 E eglCodecCommon: glUtilsParamSize: unknow param 0x0000806d
05-27 18:15:36.824 14399 14421 E eglCodecCommon: glUtilsParamSize: unknow param 0x0000806e
05-27 18:15:36.825 14399 14421 E eglCodecCommon: glUtilsParamSize: unknow param 0x000088ef
05-27 18:15:36.825 14399 14421 E eglCodecCommon: glUtilsParamSize: unknow param 0x00000cf2
05-27 18:15:36.825 14399 14421 E eglCodecCommon: glUtilsParamSize: unknow param 0x00000cf3
05-27 18:15:36.825 14399 14421 E eglCodecCommon: glUtilsParamSize: unknow param 0x00000cf4
05-27 18:15:36.825 14399 14421 E eglCodecCommon: glUtilsParamSize: unknow param 0x0000806d
05-27 18:15:36.825 14399 14421 E eglCodecCommon: glUtilsParamSize: unknow param 0x0000806e
05-27 18:15:36.826 14399 14421 E eglCodecCommon: glUtilsParamSize: unknow param 0x000088ef
05-27 18:15:36.826 14399 14421 E eglCodecCommon: glUtilsParamSize: unknow param 0x00000cf2
05-27 18:15:36.826 14399 14421 E eglCodecCommon: glUtilsParamSize: unknow param 0x00000cf3
05-27 18:15:36.826 14399 14421 E eglCodecCommon: glUtilsParamSize: unknow param 0x00000cf4
05-27 18:15:36.826 14399 14421 E eglCodecCommon: glUtilsParamSize: unknow param 0x0000806d
05-27 18:15:36.827 14399 14421 E eglCodecCommon: glUtilsParamSize: unknow param 0x0000806e
05-27 18:15:36.827 14399 14421 E eglCodecCommon: glUtilsParamSize: unknow param 0x000088ef
05-27 18:15:36.827 14399 14421 E eglCodecCommon: glUtilsParamSize: unknow param 0x00000cf2
05-27 18:15:36.827 14399 14421 E eglCodecCommon: glUtilsParamSize: unknow param 0x00000cf3
05-27 18:15:36.827 14399 14421 E eglCodecCommon: glUtilsParamSize: unknow param 0x00000cf4
05-27 18:15:36.827 14399 14421 E eglCodecCommon: glUtilsParamSize: unknow param 0x0000806d
05-27 18:15:36.827 14399 14421 E eglCodecCommon: glUtilsParamSize: unknow param 0x0000806e
05-27 18:15:36.828 14320 14320 I cr_NewTabPage: NewTabPageLayout inflate
05-27 18:15:36.828 14399 14421 E eglCodecCommon: glUtilsParamSize: unknow param 0x000088ef
05-27 18:15:36.828 14399 14421 E eglCodecCommon: glUtilsParamSize: unknow param 0x00000cf2
05-27 18:15:36.829 14399 14421 E eglCodecCommon: glUtilsParamSize: unknow param 0x00000cf3
05-27 18:15:36.829 14399 14421 E eglCodecCommon: glUtilsParamSize: unknow param 0x00000cf4
05-27 18:15:36.829 14399 14421 E eglCodecCommon: glUtilsParamSize: unknow param 0x0000806d
05-27 18:15:36.829 14399 14421 E eglCodecCommon: glUtilsParamSize: unknow param 0x0000806e
05-27 18:15:36.829 14399 14421 E eglCodecCommon: glUtilsParamSize: unknow param 0x000088ef
05-27 18:15:36.829 14399 14421 E eglCodecCommon: glUtilsParamSize: unknow param 0x00000cf2
05-27 18:15:36.829 14399 14421 E eglCodecCommon: glUtilsParamSize: unknow param 0x00000cf3
05-27 18:15:36.829 14399 14421 E eglCodecCommon: glUtilsParamSize: unknow param 0x00000cf4
05-27 18:15:36.830 14399 14421 E eglCodecCommon: glUtilsParamSize: unknow param 0x0000806d
05-27 18:15:36.830 14399 14421 E eglCodecCommon: glUtilsParamSize: unknow param 0x0000806e
05-27 18:15:36.830 14399 14421 E eglCodecCommon: glUtilsParamSize: unknow param 0x000088ef
05-27 18:15:36.830 14399 14421 E eglCodecCommon: glUtilsParamSize: unknow param 0x00000cf2
05-27 18:15:36.830 14399 14421 E eglCodecCommon: glUtilsParamSize: unknow param 0x00000cf3
05-27 18:15:36.830 14399 14421 E eglCodecCommon: glUtilsParamSize: unknow param 0x00000cf4
05-27 18:15:36.831 14399 14421 E eglCodecCommon: glUtilsParamSize: unknow param 0x0000806d
05-27 18:15:36.831 14399 14421 E eglCodecCommon: glUtilsParamSize: unknow param 0x0000806e
05-27 18:15:36.831 14399 14421 E eglCodecCommon: glUtilsParamSize: unknow param 0x000088ef
05-27 18:15:36.831 14399 14421 E eglCodecCommon: glUtilsParamSize: unknow param 0x00000cf2
05-27 18:15:36.831 14399 14421 E eglCodecCommon: glUtilsParamSize: unknow param 0x00000cf3
05-27 18:15:36.831 14399 14421 E eglCodecCommon: glUtilsParamSize: unknow param 0x00000cf4
05-27 18:15:36.832 14399 14421 E eglCodecCommon: glUtilsParamSize: unknow param 0x0000806d
05-27 18:15:36.832 14399 14421 E eglCodecCommon: glUtilsParamSize: unknow param 0x0000806e
05-27 18:15:36.832 14399 14421 E eglCodecCommon: glUtilsParamSize: unknow param 0x000088ef
05-27 18:15:36.833 14399 14421 E eglCodecCommon: glUtilsParamSize: unknow param 0x00000cf2
05-27 18:15:36.833 14399 14421 E eglCodecCommon: glUtilsParamSize: unknow param 0x00000cf3
05-27 18:15:36.833 14399 14421 E eglCodecCommon: glUtilsParamSize: unknow param 0x00000cf4
05-27 18:15:36.833 14399 14421 E eglCodecCommon: glUtilsParamSize: unknow param 0x0000806d
05-27 18:15:36.833 14399 14421 E eglCodecCommon: glUtilsParamSize: unknow param 0x0000806e
05-27 18:15:36.834 14399 14421 E eglCodecCommon: glUtilsParamSize: unknow param 0x000088ef
05-27 18:15:36.834 14399 14421 E eglCodecCommon: glUtilsParamSize: unknow param 0x00000cf2
05-27 18:15:36.834 14399 14421 E eglCodecCommon: glUtilsParamSize: unknow param 0x00000cf3
05-27 18:15:36.834 14399 14421 E eglCodecCommon: glUtilsParamSize: unknow param 0x00000cf4
05-27 18:15:36.835 14399 14421 E eglCodecCommon: glUtilsParamSize: unknow param 0x0000806d
05-27 18:15:36.835 14399 14421 E eglCodecCommon: glUtilsParamSize: unknow param 0x0000806e
05-27 18:15:36.836 14399 14421 E eglCodecCommon: glUtilsParamSize: unknow param 0x000088ef
05-27 18:15:36.836 14399 14421 E eglCodecCommon: glUtilsParamSize: unknow param 0x00000cf2
05-27 18:15:36.837 14399 14421 E eglCodecCommon: glUtilsParamSize: unknow param 0x00000cf3
05-27 18:15:36.837 14399 14421 E eglCodecCommon: glUtilsParamSize: unknow param 0x00000cf4
05-27 18:15:36.837 14399 14421 E eglCodecCommon: glUtilsParamSize: unknow param 0x0000806d
05-27 18:15:36.837 14399 14421 E eglCodecCommon: glUtilsParamSize: unknow param 0x0000806e
05-27 18:15:36.841 14320 14320 I cr_SearchBoxContainer: SearchBoxContainerView.onFinishInflate before set typeface
05-27 18:15:36.841 14320 14320 I cr_SearchBoxContainer: SearchBoxContainerView.onFinishInflate after set typeface
05-27 18:15:36.842 14320 14320 I cr_NewTabPageLayout: NewTabPageLayout.onFinishInflate before insertSiteSectionView
05-27 18:15:36.843 14320 14320 I cr_NewTabPageLayout: NewTabPageLayout.onFinishInflate after insertSiteSectionView
05-27 18:15:36.844  2324  2324 W ContextImpl: Calling a method in the system process without a qualified user: android.app.ContextImpl.startService:1531 android.content.ContextWrapper.startService:664 android.content.ContextWrapper.startService:664 com.android.coreservice.CoreBroadcastReceiver.onReceive:70 android.app.ActivityThread.handleReceiver:3424 
05-27 18:15:36.887  3115 14447 I NetworkScheduler.Stats: (REDACTED) Task %s/%s started execution. cause:%s exec_start_elapsed_seconds: %s
05-27 18:15:36.913 14320 14320 I cr_TopSites: Start a new task.
05-27 18:15:36.914 14320 14386 I cr_TopSites: Serializing top sites lists finished; count: 9
05-27 18:15:36.914 14320 14386 I cr_TopSites: Finished saving top sites list to file:/data/user/0/com.android.chrome/app_top_sites/top_sites
05-27 18:15:36.934  3115 14448 I NetworkScheduler.Stats: (REDACTED) Task %s/%s finished executing. cause:%s result: %s elapsed_millis: %s uptime_millis: %s exec_start_elapsed_seconds: %s
05-27 18:15:36.934  1597  1605 W System  : A resource failed to call close. 
05-27 18:15:36.934  1597  1605 I chatty  : uid=1000(system) FinalizerDaemon identical 29 lines
05-27 18:15:36.934  1597  1605 W System  : A resource failed to call close. 
05-27 18:15:37.014  1434  1434 D libnativeloader: CrashArm64 config not exist or not readable: /system/vendor/firmware_mnt/zieih/CrashArm64
05-27 18:15:37.015  1434  1434 I Zygote  : IsCopy  libcrashcatcher: 0
05-27 18:15:37.020  1597  1615 I ActivityManager: Start proc 14451:com.android.chrome:sandboxed_process1/u0i94 for service com.android.chrome/org.chromium.content.app.SandboxedProcessService1
05-27 18:15:37.024 14399 14421 E eglCodecCommon: glUtilsParamSize: unknow param 0x000088ef
05-27 18:15:37.024 14399 14421 E eglCodecCommon: glUtilsParamSize: unknow param 0x00000cf2
05-27 18:15:37.024 14399 14421 E eglCodecCommon: glUtilsParamSize: unknow param 0x00000cf3
05-27 18:15:37.024 14399 14421 E eglCodecCommon: glUtilsParamSize: unknow param 0x00000cf4
05-27 18:15:37.024 14399 14421 E eglCodecCommon: glUtilsParamSize: unknow param 0x0000806d
05-27 18:15:37.024 14399 14421 E eglCodecCommon: glUtilsParamSize: unknow param 0x0000806e
05-27 18:15:37.025 14399 14421 E eglCodecCommon: glUtilsParamSize: unknow param 0x000088ef
05-27 18:15:37.025 14399 14421 E eglCodecCommon: glUtilsParamSize: unknow param 0x00000cf2
05-27 18:15:37.025 14399 14421 E eglCodecCommon: glUtilsParamSize: unknow param 0x00000cf3
05-27 18:15:37.025 14399 14421 E eglCodecCommon: glUtilsParamSize: unknow param 0x00000cf4
05-27 18:15:37.025 14399 14421 E eglCodecCommon: glUtilsParamSize: unknow param 0x0000806d
05-27 18:15:37.025 14399 14421 E eglCodecCommon: glUtilsParamSize: unknow param 0x0000806e
05-27 18:15:37.026 14399 14421 E eglCodecCommon: glUtilsParamSize: unknow param 0x000088ef
05-27 18:15:37.026 14399 14421 E eglCodecCommon: glUtilsParamSize: unknow param 0x00000cf2
05-27 18:15:37.026 14399 14421 E eglCodecCommon: glUtilsParamSize: unknow param 0x00000cf3
05-27 18:15:37.026 14399 14421 E eglCodecCommon: glUtilsParamSize: unknow param 0x00000cf4
05-27 18:15:37.026 14399 14421 E eglCodecCommon: glUtilsParamSize: unknow param 0x0000806d
05-27 18:15:37.026 14399 14421 E eglCodecCommon: glUtilsParamSize: unknow param 0x0000806e
05-27 18:15:37.027 14399 14421 E eglCodecCommon: glUtilsParamSize: unknow param 0x000088ef
05-27 18:15:37.027 14399 14421 E eglCodecCommon: glUtilsParamSize: unknow param 0x00000cf2
05-27 18:15:37.027 14399 14421 E eglCodecCommon: glUtilsParamSize: unknow param 0x00000cf3
05-27 18:15:37.027 14399 14421 E eglCodecCommon: glUtilsParamSize: unknow param 0x00000cf4
05-27 18:15:37.027 14399 14421 E eglCodecCommon: glUtilsParamSize: unknow param 0x0000806d
05-27 18:15:37.027 14399 14421 E eglCodecCommon: glUtilsParamSize: unknow param 0x0000806e
05-27 18:15:37.035 14451 14451 W nativebridge: Failed to bind-mount /data/local/cfg-zieih/ as /proc/cpuinfo: Not a directory
05-27 18:15:37.036 14451 14451 I dboxed_process1: type=1400 audit(0.0:3674): avc: denied { open } for path="/data/local/cfg-zieih/app_device" dev="sdb2" ino=393551 scontext=u:r:isolated_app:s0:c94,c256,c512,c768 tcontext=u:object_r:system_data_file:s0 tclass=file permissive=1
05-27 18:15:37.037 14451 14451 I Zygote  : seccomp disabled by setenforce 0
05-27 18:15:37.037 14451 14451 D nativebridge: call UnloadNativeBridge! state=1
05-27 18:15:37.039 14451 14451 I re-initialized>: type=1400 audit(0.0:3675): avc: denied { open } for path="/data/local/cfg-zieih/app_device" dev="sdb2" ino=393551 scontext=u:r:isolated_app:s0:c94,c256,c512,c768 tcontext=u:object_r:system_data_file:s0 tclass=file permissive=1
05-27 18:15:37.046 14399 14399 I CrGpuMain: type=1400 audit(0.0:3676): avc: denied { ioctl } for path="/dev/fastpipe" dev="tmpfs" ino=3085 ioctlcmd=6867 scontext=u:r:untrusted_app:s0:c59,c256,c512,c768 tcontext=u:object_r:device:s0 tclass=chr_file permissive=1
05-27 18:15:37.089 14451 14451 I dboxed_process1: type=1400 audit(0.0:3677): avc: denied { getattr } for path="/data/data/com.android.chrome" dev="sdb2" ino=1048947 scontext=u:r:isolated_app:s0:c94,c256,c512,c768 tcontext=u:object_r:app_data_file:s0:c59,c256,c512,c768 tclass=dir permissive=1
05-27 18:15:37.096 14320 14320 I cr_InactivityTracker: Last background time read from the SharedPreference is:1779876892284.
05-27 18:15:37.098 14320 14320 I cr_InactivityTracker: Last visible time read from the SharedPreference is:1779876892242.
05-27 18:15:37.098 14451 14451 D libnativeloader: CrashArm64 config not exist or not readable: /system/vendor/firmware_mnt/zieih/CrashArm64
05-27 18:15:37.101 14451 14451 W dboxed_process: Unknown chunk type '200'.
05-27 18:15:37.108 14451 14451 I cr_SplitCompatApp: version=138.0.7204.179 (720417927) minSdkVersion=26 isBundle=true processName=com.android.chrome:sandboxed_process1 isIsolatedProcess=true
05-27 18:15:37.119 14451 14451 W SystemServiceRegistry: No service published for: uimode
05-27 18:15:37.135  1597  1698 D WIFI    : got request NetworkRequest [ TRACK_DEFAULT id=125, [ Capabilities: INTERNET&NOT_RESTRICTED&TRUSTED Unwanted:  Uid: 10059] ] with score 60
05-27 18:15:37.135  1597  1730 D Ethernet: got request NetworkRequest [ TRACK_DEFAULT id=125, [ Capabilities: INTERNET&NOT_RESTRICTED&TRUSTED Unwanted:  Uid: 10059] ] with score 60
05-27 18:15:37.135  1597  1729 D WIFI_AWARE_FACTORY: got request NetworkRequest [ TRACK_DEFAULT id=125, [ Capabilities: INTERNET&NOT_RESTRICTED&TRUSTED Unwanted:  Uid: 10059] ] with score 60
05-27 18:15:37.135  1597  1698 D WIFI_UT : got request NetworkRequest [ TRACK_DEFAULT id=125, [ Capabilities: INTERNET&NOT_RESTRICTED&TRUSTED Unwanted:  Uid: 10059] ] with score 60
05-27 18:15:37.135  1934  1934 D PhoneSwitcherNetworkRequstListener: got request NetworkRequest [ TRACK_DEFAULT id=125, [ Capabilities: INTERNET&NOT_RESTRICTED&TRUSTED Unwanted:  Uid: 10059] ] with score 60
05-27 18:15:37.136 14451 14451 I cr_ChildProcessService: Creating new ChildProcessService pid=14451
05-27 18:15:37.142 14320 14320 I cr_InactivityTracker: Last visible time read from the SharedPreference is:1779876937098.
05-27 18:15:37.149 14451 14469 I cr_LibraryLoader: Successfully loaded native library
05-27 18:15:37.150 14451 14469 I cr_CachingUmaRecorder: Flushed 2 samples from 2 histograms, 0 samples were dropped.
05-27 18:15:37.157 14320 14475 E FilePhenotypeFlags: Config package com.google.android.libraries.search.rendering.xuikit.device#com.android.chrome cannot use FILE backing without declarative registration. See go/phenotype-android-integration#phenotype for more information. This will lead to stale flags.
05-27 18:15:37.160 14320 14475 I chatty  : uid=10059(com.android.chrome) ProcessStablePh identical 1 line
05-27 18:15:37.160 14320 14475 E FilePhenotypeFlags: Config package com.google.android.libraries.search.rendering.xuikit.device#com.android.chrome cannot use FILE backing without declarative registration. See go/phenotype-android-integration#phenotype for more information. This will lead to stale flags.
05-27 18:15:37.161 14320 14478 W ProxyAndroidLoggerBackend: Too many Flogger logs received before configuration. Dropping old logs.
05-27 18:15:37.162 14320 14478 I chatty  : uid=10059(com.android.chrome) identical 2 lines
05-27 18:15:37.162 14320 14478 W ProxyAndroidLoggerBackend: Too many Flogger logs received before configuration. Dropping old logs.
05-27 18:15:37.162 14320 14320 W ProxyAndroidLoggerBackend: Too many Flogger logs received before configuration. Dropping old logs.
05-27 18:15:37.162 14320 14320 I chatty  : uid=10059(com.android.chrome) identical 1 line
05-27 18:15:37.162 14320 14320 W ProxyAndroidLoggerBackend: Too many Flogger logs received before configuration. Dropping old logs.
05-27 18:15:37.162 14320 14478 W ProxyAndroidLoggerBackend: Too many Flogger logs received before configuration. Dropping old logs.
05-27 18:15:37.162 14320 14475 E FilePhenotypeFlags: Config package com.google.android.libraries.search.rendering.xuikit.device#com.android.chrome cannot use FILE backing without declarative registration. See go/phenotype-android-integration#phenotype for more information. This will lead to stale flags.
05-27 18:15:37.162 14320 14475 E FilePhenotypeFlags: Config package com.google.android.libraries.search.rendering.xuikit.device#com.android.chrome cannot use FILE backing without declarative registration. See go/phenotype-android-integration#phenotype for more information. This will lead to stale flags.
05-27 18:15:37.162 14320 14478 W ProxyAndroidLoggerBackend: Too many Flogger logs received before configuration. Dropping old logs.
05-27 18:15:37.162 14320 14475 E FilePhenotypeFlags: Config package com.google.android.libraries.search.rendering.xuikit.device#com.android.chrome cannot use FILE backing without declarative registration. See go/phenotype-android-integration#phenotype for more information. This will lead to stale flags.
05-27 18:15:37.162 14320 14478 W ProxyAndroidLoggerBackend: Too many Flogger logs received before configuration. Dropping old logs.
05-27 18:15:37.173 14320 14478 I chatty  : uid=10059(com.android.chrome) identical 38 lines
05-27 18:15:37.173 14320 14478 W ProxyAndroidLoggerBackend: Too many Flogger logs received before configuration. Dropping old logs.
05-27 18:15:37.180 14320 14475 E FilePhenotypeFlags: Config package com.google.android.libraries.search.rendering.xuikit.device#com.android.chrome cannot use FILE backing without declarative registration. See go/phenotype-android-integration#phenotype for more information. This will lead to stale flags.
05-27 18:15:37.180 14320 14475 I chatty  : uid=10059(com.android.chrome) ProcessStablePh identical 4 lines
05-27 18:15:37.180 14320 14475 E FilePhenotypeFlags: Config package com.google.android.libraries.search.rendering.xuikit.device#com.android.chrome cannot use FILE backing without declarative registration. See go/phenotype-android-integration#phenotype for more information. This will lead to stale flags.
05-27 18:15:37.183 14320 14320 W ProxyAndroidLoggerBackend: Too many Flogger logs received before configuration. Dropping old logs.
05-27 18:15:37.187 14320 14320 I chatty  : uid=10059(com.android.chrome) identical 25 lines
05-27 18:15:37.187 14320 14320 W ProxyAndroidLoggerBackend: Too many Flogger logs received before configuration. Dropping old logs.
05-27 18:15:37.195 14320 14320 I cr_E2E_DCController: setSafeAreaConstraint: false
05-27 18:15:37.204  1597  1605 W System  : A resource failed to call close. 
05-27 18:15:37.205  1597  1605 I chatty  : uid=1000(system) FinalizerDaemon identical 28 lines
05-27 18:15:37.205  1597  1605 W System  : A resource failed to call close. 
05-27 18:15:37.233 14399 14421 E eglCodecCommon: glUtilsParamSize: unknow param 0x000088ef
05-27 18:15:37.233 14399 14421 E eglCodecCommon: glUtilsParamSize: unknow param 0x00000cf2
05-27 18:15:37.233 14399 14421 E eglCodecCommon: glUtilsParamSize: unknow param 0x00000cf3
05-27 18:15:37.233 14399 14421 E eglCodecCommon: glUtilsParamSize: unknow param 0x00000cf4
05-27 18:15:37.233 14399 14421 E eglCodecCommon: glUtilsParamSize: unknow param 0x0000806d
05-27 18:15:37.233 14399 14421 E eglCodecCommon: glUtilsParamSize: unknow param 0x0000806e
05-27 18:15:37.234 14399 14421 E eglCodecCommon: glUtilsParamSize: unknow param 0x000088ef
05-27 18:15:37.234 14399 14421 E eglCodecCommon: glUtilsParamSize: unknow param 0x00000cf2
05-27 18:15:37.234 14399 14421 E eglCodecCommon: glUtilsParamSize: unknow param 0x00000cf3
05-27 18:15:37.234 14399 14421 E eglCodecCommon: glUtilsParamSize: unknow param 0x00000cf4
05-27 18:15:37.234 14399 14421 E eglCodecCommon: glUtilsParamSize: unknow param 0x0000806d
05-27 18:15:37.234 14399 14421 E eglCodecCommon: glUtilsParamSize: unknow param 0x0000806e
05-27 18:15:37.246 14320 14320 I Choreographer: Skipped 80 frames!  The application may be doing too much work on its main thread.
05-27 18:15:37.249 14320 14386 I cr_ADCP : No customization source found
05-27 18:15:37.280 14320 14386 W chromium: [WARNING:net/cert/ev_root_ca_metadata.cc:119] Not implemented
05-27 18:15:37.280 14320 14320 W InputMethodManager: Ignoring onBind: cur seq=189, given seq=188
05-27 18:15:37.285 14320 14387 E ActivityThread: Failed to find provider info for com.android.partnerbookmarks
05-27 18:15:37.289 14320 14365 I OpenGLRenderer: Davey! duration=1381ms; Flags=1, IntendedVsync=10527907817246, Vsync=10529241150526, OldestInputEvent=9223372036854775807, NewestInputEvent=0, HandleInputStart=10529246665674, AnimationStart=10529246683570, PerformTraversalsStart=10529247027420, DrawStart=10529277275428, SyncQueued=10529278936515, SyncStart=10529279032848, IssueDrawCommandsStart=10529279874931, SwapBuffers=10529286499428, FrameCompleted=10529289036358, DequeueBufferDuration=1387000, QueueBufferDuration=94000, 
05-27 18:15:37.291 14320 14320 I cr_A11yState: Enabled accessibility services: [io.github.ylimit.droidbotapp/io.github.privacystreams.accessibility.PSAccessibilityService, null]
05-27 18:15:37.291 14320 14320 I cr_A11yState: Running accessibility services: [io.github.ylimit.droidbotapp/io.github.privacystreams.accessibility.PSAccessibilityService]
