05-27 18:15:05.197 13462 13485 E eglCodecCommon: glUtilsParamSize: unknow param 0x0000806e
05-27 18:15:05.197  2324  2324 W ContextImpl: Calling a method in the system process without a qualified user: android.app.ContextImpl.startService:1531 android.content.ContextWrapper.startService:664 android.content.ContextWrapper.startService:664 com.android.coreservice.CoreBroadcastReceiver.onReceive:70 android.app.ActivityThread.handleReceiver:3424 
05-27 18:15:05.197 13462 13485 E eglCodecCommon: glUtilsParamSize: unknow param 0x000088ef
05-27 18:15:05.197 13462 13485 E eglCodecCommon: glUtilsParamSize: unknow param 0x00000cf2
05-27 18:15:05.197 13462 13485 E eglCodecCommon: glUtilsParamSize: unknow param 0x00000cf3
05-27 18:15:05.197 13462 13485 E eglCodecCommon: glUtilsParamSize: unknow param 0x00000cf4
05-27 18:15:05.197 13462 13485 E eglCodecCommon: glUtilsParamSize: unknow param 0x0000806d
05-27 18:15:05.197 13462 13485 E eglCodecCommon: glUtilsParamSize: unknow param 0x0000806e
05-27 18:15:05.198 13462 13485 E eglCodecCommon: glUtilsParamSize: unknow param 0x000088ef
05-27 18:15:05.198 13462 13485 E eglCodecCommon: glUtilsParamSize: unknow param 0x00000cf2
05-27 18:15:05.198 13462 13485 E eglCodecCommon: glUtilsParamSize: unknow param 0x00000cf3
05-27 18:15:05.198 13462 13485 E eglCodecCommon: glUtilsParamSize: unknow param 0x00000cf4
05-27 18:15:05.198 13462 13485 E eglCodecCommon: glUtilsParamSize: unknow param 0x0000806d
05-27 18:15:05.198 13462 13485 E eglCodecCommon: glUtilsParamSize: unknow param 0x0000806e
05-27 18:15:05.198 13462 13485 E eglCodecCommon: glUtilsParamSize: unknow param 0x000088ef
05-27 18:15:05.198 13462 13485 E eglCodecCommon: glUtilsParamSize: unknow param 0x00000cf2
05-27 18:15:05.199 13462 13485 E eglCodecCommon: glUtilsParamSize: unknow param 0x00000cf3
05-27 18:15:05.199 13462 13485 E eglCodecCommon: glUtilsParamSize: unknow param 0x00000cf4
05-27 18:15:05.199 13462 13485 E eglCodecCommon: glUtilsParamSize: unknow param 0x0000806d
05-27 18:15:05.199 13462 13485 E eglCodecCommon: glUtilsParamSize: unknow param 0x0000806e
05-27 18:15:05.200 13462 13485 E eglCodecCommon: glUtilsParamSize: unknow param 0x000088ef
05-27 18:15:05.200 13462 13485 E eglCodecCommon: glUtilsParamSize: unknow param 0x00000cf2
05-27 18:15:05.200 13462 13485 E eglCodecCommon: glUtilsParamSize: unknow param 0x00000cf3
05-27 18:15:05.200 13462 13485 E eglCodecCommon: glUtilsParamSize: unknow param 0x00000cf4
05-27 18:15:05.200 13462 13485 E eglCodecCommon: glUtilsParamSize: unknow param 0x0000806d
05-27 18:15:05.200 13462 13485 E eglCodecCommon: glUtilsParamSize: unknow param 0x0000806e
05-27 18:15:05.203  1462  1462 I Binder:1462_1: type=1400 audit(0.0:3538): avc: denied { read write } for path="/dev/fastpipe" dev="tmpfs" ino=3085 scontext=u:r:untrusted_app:s0:c59,c256,c512,c768 tcontext=u:object_r:device:s0 tclass=chr_file permissive=1
05-27 18:15:05.230 13384 13384 I cr_A11yState: Enabled accessibility services: [io.github.ylimit.droidbotapp/io.github.privacystreams.accessibility.PSAccessibilityService, null]
05-27 18:15:05.230 13384 13384 I cr_A11yState: Running accessibility services: [io.github.ylimit.droidbotapp/io.github.privacystreams.accessibility.PSAccessibilityService]
05-27 18:15:05.230 13384 13384 I cr_A11yState: Will check again after 1000 milliseconds.
05-27 18:15:05.243  1597  1605 W System  : A resource failed to call close. 
05-27 18:15:05.244  1597  1605 I chatty  : uid=1000(system) FinalizerDaemon identical 31 lines
05-27 18:15:05.244  1597  1605 W System  : A resource failed to call close. 
05-27 18:15:05.247 13384 13384 I cr_CustomTab: To create AuxiliarySearchController on deferred startup.
05-27 18:15:05.247  1597  2517 W SchedPolicy: add_tid_to_cgroup failed to write '13896' (No space left on device); fd=25
05-27 18:15:05.281 13462 13485 E eglCodecCommon: glUtilsParamSize: unknow param 0x000088ef
05-27 18:15:05.281 13462 13485 E eglCodecCommon: glUtilsParamSize: unknow param 0x00000cf2
05-27 18:15:05.281 13462 13485 E eglCodecCommon: glUtilsParamSize: unknow param 0x00000cf3
05-27 18:15:05.281 13462 13485 E eglCodecCommon: glUtilsParamSize: unknow param 0x00000cf4
05-27 18:15:05.281 13462 13485 E eglCodecCommon: glUtilsParamSize: unknow param 0x0000806d
05-27 18:15:05.281 13462 13485 E eglCodecCommon: glUtilsParamSize: unknow param 0x0000806e
05-27 18:15:05.282 13462 13485 E eglCodecCommon: glUtilsParamSize: unknow param 0x000088ef
05-27 18:15:05.283 13462 13485 E eglCodecCommon: glUtilsParamSize: unknow param 0x00000cf2
05-27 18:15:05.283 13462 13485 E eglCodecCommon: glUtilsParamSize: unknow param 0x00000cf3
05-27 18:15:05.283 13462 13485 E eglCodecCommon: glUtilsParamSize: unknow param 0x00000cf4
05-27 18:15:05.283 13462 13485 E eglCodecCommon: glUtilsParamSize: unknow param 0x0000806d
05-27 18:15:05.283 13462 13485 E eglCodecCommon: glUtilsParamSize: unknow param 0x0000806e
05-27 18:15:05.286  2324  2324 W ContextImpl: Calling a method in the system process without a qualified user: android.app.ContextImpl.startService:1531 android.content.ContextWrapper.startService:664 android.content.ContextWrapper.startService:664 com.android.coreservice.CoreBroadcastReceiver.onReceive:54 android.app.ActivityThread.handleReceiver:3424 
05-27 18:15:05.526 13384 13384 I cr_A11yState: Enabled accessibility services: [io.github.ylimit.droidbotapp/io.github.privacystreams.accessibility.PSAccessibilityService, null]
05-27 18:15:05.526 13384 13384 I cr_A11yState: Running accessibility services: [io.github.ylimit.droidbotapp/io.github.privacystreams.accessibility.PSAccessibilityService]
05-27 18:15:05.526 13384 13384 I cr_A11yState: Will check again after 2000 milliseconds.
05-27 18:15:06.231 13384 13384 I cr_A11yState: Enabled accessibility services: [io.github.ylimit.droidbotapp/io.github.privacystreams.accessibility.PSAccessibilityService, null]
05-27 18:15:06.231 13384 13384 I cr_A11yState: Running accessibility services: [io.github.ylimit.droidbotapp/io.github.privacystreams.accessibility.PSAccessibilityService]
05-27 18:15:06.231 13384 13384 I cr_A11yState: Will check again after 4000 milliseconds.
05-27 18:15:07.547 13384 13384 I cr_A11yState: Enabled accessibility services: [io.github.ylimit.droidbotapp/io.github.privacystreams.accessibility.PSAccessibilityService, null]
05-27 18:15:07.547 13384 13384 I cr_A11yState: Running accessibility services: [io.github.ylimit.droidbotapp/io.github.privacystreams.accessibility.PSAccessibilityService]
05-27 18:15:07.547 13384 13384 I cr_A11yState: Max delay reached. Send information as is.
05-27 18:15:07.547 13384 13384 I cr_A11yState: Informing listeners of changes.
05-27 18:15:07.547 13384 13384 I cr_A11yState: New AccessibilityState: State{isComplexUserInteractionServiceEnabled=true, isTouchExplorationEnabled=false, isPerformGesturesEnabled=false, isAnyAccessibilityServiceEnabled=true, isAccessibilityToolPresent=true, isTextShowPasswordEnabled=true, isOnlyAutofillRunning=false, isOnlyPasswordManagersEnabled=false, isKnownScreenReaderEnabled=false}
05-27 18:15:09.134 13462 13485 E eglCodecCommon: glUtilsParamSize: unknow param 0x000088ef
05-27 18:15:09.135 13462 13485 E eglCodecCommon: glUtilsParamSize: unknow param 0x00000cf2
05-27 18:15:09.135 13462 13485 E eglCodecCommon: glUtilsParamSize: unknow param 0x00000cf3
05-27 18:15:09.135 13462 13485 E eglCodecCommon: glUtilsParamSize: unknow param 0x00000cf4
05-27 18:15:09.135 13462 13485 E eglCodecCommon: glUtilsParamSize: unknow param 0x0000806d
05-27 18:15:09.135 13462 13485 E eglCodecCommon: glUtilsParamSize: unknow param 0x0000806e
05-27 18:15:09.135 13462 13485 E eglCodecCommon: glUtilsParamSize: unknow param 0x000088ef
05-27 18:15:09.136 13462 13485 E eglCodecCommon: glUtilsParamSize: unknow param 0x00000cf2
05-27 18:15:09.136 13462 13485 E eglCodecCommon: glUtilsParamSize: unknow param 0x00000cf3
05-27 18:15:09.136 13462 13485 E eglCodecCommon: glUtilsParamSize: unknow param 0x00000cf4
05-27 18:15:09.136 13462 13485 E eglCodecCommon: glUtilsParamSize: unknow param 0x0000806d
05-27 18:15:09.136 13462 13485 E eglCodecCommon: glUtilsParamSize: unknow param 0x0000806e
05-27 18:15:09.136 13462 13485 E eglCodecCommon: glUtilsParamSize: unknow param 0x000088ef
05-27 18:15:09.136 13462 13485 E eglCodecCommon: glUtilsParamSize: unknow param 0x00000cf2
05-27 18:15:09.136 13462 13485 E eglCodecCommon: glUtilsParamSize: unknow param 0x00000cf3
05-27 18:15:09.137 13462 13485 E eglCodecCommon: glUtilsParamSize: unknow param 0x00000cf4
05-27 18:15:09.137 13462 13485 E eglCodecCommon: glUtilsParamSize: unknow param 0x0000806d
05-27 18:15:09.137 13462 13485 E eglCodecCommon: glUtilsParamSize: unknow param 0x0000806e
05-27 18:15:10.242 13384 13384 I cr_A11yState: Enabled accessibility services: [io.github.ylimit.droidbotapp/io.github.privacystreams.accessibility.PSAccessibilityService, null]
05-27 18:15:10.242 13384 13384 I cr_A11yState: Running accessibility services: [io.github.ylimit.droidbotapp/io.github.privacystreams.accessibility.PSAccessibilityService]
05-27 18:15:10.242 13384 13384 I cr_A11yState: Will check again after 250 milliseconds.
05-27 18:15:10.495 13384 13384 I cr_A11yState: Enabled accessibility services: [io.github.ylimit.droidbotapp/io.github.privacystreams.accessibility.PSAccessibilityService, null]
05-27 18:15:10.495 13384 13384 I cr_A11yState: Running accessibility services: [io.github.ylimit.droidbotapp/io.github.privacystreams.accessibility.PSAccessibilityService]
05-27 18:15:10.495 13384 13384 I cr_A11yState: Will check again after 500 milliseconds.
05-27 18:15:10.646  1459  1459 I ldinit  : type=1400 audit(0.0:3539): avc: denied { read } for name="partitions" dev="proc" ino=4026532046 scontext=u:r:ldinit:s0 tcontext=u:object_r:proc:s0 tclass=file permissive=1
05-27 18:15:10.646  1459  1459 I ldinit  : type=1400 audit(0.0:3540): avc: denied { open } for path="/proc/partitions" dev="proc" ino=4026532046 scontext=u:r:ldinit:s0 tcontext=u:object_r:proc:s0 tclass=file permissive=1
05-27 18:15:10.646  1459  1459 I ldinit  : type=1400 audit(0.0:3541): avc: denied { getattr } for path="/proc/partitions" dev="proc" ino=4026532046 scontext=u:r:ldinit:s0 tcontext=u:object_r:proc:s0 tclass=file permissive=1
05-27 18:15:10.869  1462  1462 I Binder:1462_4: type=1400 audit(0.0:3542): avc: denied { read write } for path="/dev/fastpipe" dev="tmpfs" ino=3085 scontext=u:r:shell:s0 tcontext=u:object_r:device:s0 tclass=chr_file permissive=1
05-27 18:15:10.875 13959 13959 E cutils-trace: Error opening trace file: No such file or directory (2)
05-27 18:15:10.875 13959 13959 D vndksupport: Loading /vendor/lib64/hw/android.hardware.graphics.mapper@2.0-impl.so from current namespace instead of sphal namespace.
05-27 18:15:10.875 13959 13959 D vndksupport: Loading /vendor/lib64/hw/gralloc.default.so from current namespace instead of sphal namespace.
05-27 18:15:10.879 13959 13959 I screencap: type=1400 audit(0.0:3543): avc: denied { open } for path="/dev/fastpipe" dev="tmpfs" ino=3085 scontext=u:r:shell:s0 tcontext=u:object_r:device:s0 tclass=chr_file permissive=1
05-27 18:15:10.879 13959 13959 I screencap: type=1400 audit(0.0:3544): avc: denied { ioctl } for path="/dev/fastpipe" dev="tmpfs" ino=3085 ioctlcmd=6864 scontext=u:r:shell:s0 tcontext=u:object_r:device:s0 tclass=chr_file permissive=1
05-27 18:15:10.883 13959 13959 I screencap: type=1400 audit(0.0:3545): avc: denied { open } for path="/data/local/cfg-zieih/gl_force" dev="sdb2" ino=393567 scontext=u:r:shell:s0 tcontext=u:object_r:system_data_file:s0 tclass=file permissive=1
05-27 18:15:10.885 13959 13959 I         : fastpipe: Connect success
05-27 18:15:10.886 13959 13959 I         : fastpipe: Connect success
05-27 18:15:10.886 13959 13959 D HostConnection: HostRPC::connect sucess: app=screencap, pid=13959, tid=13959, this=0x763893ee4540
05-27 18:15:10.887 13959 13959 D HostConnection: queryAndSetGLESMaxVersion select gles-version: 3.1 hostGLVersion:46 process:screencap
05-27 18:15:10.997 13384 13384 I cr_A11yState: Enabled accessibility services: [io.github.ylimit.droidbotapp/io.github.privacystreams.accessibility.PSAccessibilityService, null]
05-27 18:15:10.997 13384 13384 I cr_A11yState: Running accessibility services: [io.github.ylimit.droidbotapp/io.github.privacystreams.accessibility.PSAccessibilityService]
05-27 18:15:10.997 13384 13384 I cr_A11yState: Will check again after 1000 milliseconds.
05-27 18:15:10.999 11589 11589 D MediaScannerReceiver: action: android.intent.action.MEDIA_SCANNER_SCAN_FILE path: /storage/emulated/0/e03_final_ct_profile_before.png
05-27 18:15:11.223 13968 13968 I appproc : app_process main with argv: /system/bin com.android.commands.input.Input keyevent 4 
05-27 18:15:11.223 13968 13968 D AndroidRuntime: >>>>>> START com.android.internal.os.RuntimeInit uid 2000 <<<<<<
05-27 18:15:11.225 13968 13968 E cutils-trace: Error opening trace file: No such file or directory (2)
05-27 18:15:11.239 13968 13968 V libnb   : enter native_bridge2_isCompatibleWith 3
05-27 18:15:11.248 13968 13968 I libnb   : Found /system/lib64/libhoudini.so version 3
05-27 18:15:11.269 13968 13968 I main    : type=1400 audit(0.0:3546): avc: denied { mounton } for path="/proc/cpuinfo" dev="proc" ino=4026531992 scontext=u:r:shell:s0 tcontext=u:object_r:proc_cpuinfo:s0 tclass=file permissive=1
05-27 18:15:11.273 13968 13968 I app_process: The ClassLoaderContext is a special shared library.
05-27 18:15:11.273 13968 13968 W app_process: Could not create mount namespace.
05-27 18:15:11.273 13968 13968 D nativebridge: PreInitializeNativeBridge name=unknown instruction_set=x86_64
05-27 18:15:11.274 13968 13968 W nativebridge: Failed to bind-mount /data/local/cfg-zieih/ as /proc/cpuinfo: No such file or directory
05-27 18:15:11.274 13968 13968 W nativebridge: Failed to bind-mount /system/lib64/x86_64/cpuinfo as /proc/cpuinfo: Operation not permitted
05-27 18:15:11.274 13968 13968 D nativebridge: call UnloadNativeBridge! state=2
05-27 18:15:11.293 13968 13968 D AndroidRuntime: Calling main entry com.android.commands.input.Input
05-27 18:15:11.293 13968 13968 I Input   : injectKeyEvent: KeyEvent { action=ACTION_DOWN, keyCode=KEYCODE_BACK, scanCode=0, metaState=0, flags=0x0, repeatCount=0, eventTime=10503293, downTime=10503293, deviceId=-1, source=0x101 }
05-27 18:15:11.306 13968 13968 I Input   : injectKeyEvent: KeyEvent { action=ACTION_UP, keyCode=KEYCODE_BACK, scanCode=0, metaState=0, flags=0x0, repeatCount=0, eventTime=10503293, downTime=10503293, deviceId=-1, source=0x101 }
05-27 18:15:11.312  1597  1614 D AutofillManagerService: onBackKeyPressed()
05-27 18:15:11.320 13968 13968 D AndroidRuntime: Shutting down VM
05-27 18:15:11.360  1597  2517 W SchedPolicy: add_tid_to_cgroup failed to write '13384' (No space left on device); fd=24
05-27 18:15:11.360  1597  2517 W SchedPolicy: add_tid_to_cgroup failed to write '13896' (No space left on device); fd=27
05-27 18:15:11.360  1597  2517 W SchedPolicy: add_tid_to_cgroup failed to write '13850' (No space left on device); fd=24
05-27 18:15:11.360  1597  2517 W SchedPolicy: add_tid_to_cgroup failed to write '13462' (No space left on device); fd=24
05-27 18:15:11.362  2324  2324 W ContextImpl: Calling a method in the system process without a qualified user: android.app.ContextImpl.startService:1531 android.content.ContextWrapper.startService:664 android.content.ContextWrapper.startService:664 com.android.coreservice.CoreBroadcastReceiver.onReceive:45 android.app.ActivityThread.handleReceiver:3424 
05-27 18:15:11.393  2324  2324 W ContextImpl: Calling a method in the system process without a qualified user: android.app.ContextImpl.startService:1531 android.content.ContextWrapper.startService:664 android.content.ContextWrapper.startService:664 com.android.coreservice.CoreBroadcastReceiver.onReceive:54 android.app.ActivityThread.handleReceiver:3424 
05-27 18:15:11.409  1449  1449 I HwBinder:1449_2: type=1400 audit(0.0:3547): avc: denied { ioctl } for path="/dev/fastpipe" dev="tmpfs" ino=3085 ioctlcmd=6867 scontext=u:r:hal_graphics_allocator_default:s0 tcontext=u:object_r:device:s0 tclass=chr_file permissive=1
05-27 18:15:11.415  2324  2324 W ContextImpl: Calling a method in the system process without a qualified user: android.app.ContextImpl.startService:1531 android.content.ContextWrapper.startService:664 android.content.ContextWrapper.startService:664 com.android.coreservice.CoreBroadcastReceiver.onReceive:70 android.app.ActivityThread.handleReceiver:3424 
05-27 18:15:11.416  2324  2324 W ContextImpl: Calling a method in the system process without a qualified user: android.app.ContextImpl.startService:1531 android.content.ContextWrapper.startService:664 android.content.ContextWrapper.startService:664 com.android.coreservice.CoreBroadcastReceiver.onReceive:70 android.app.ActivityThread.handleReceiver:3424 
05-27 18:15:11.422 13896 13915 E EGL_emulation: tid 13915: eglSurfaceAttrib(1504): error 0x3009 (EGL_BAD_MATCH)
05-27 18:15:11.422 13896 13915 W OpenGLRenderer: Failed to set EGL_SWAP_BEHAVIOR on surface 0x76388bd83100, error=EGL_BAD_MATCH
05-27 18:15:11.504  1597  1605 W System  : A resource failed to call close. 
05-27 18:15:11.504  1597  1605 I chatty  : uid=1000(system) FinalizerDaemon identical 26 lines
05-27 18:15:11.504  1597  1605 W System  : A resource failed to call close. 
05-27 18:15:11.550  1597  1613 W SchedPolicy: add_tid_to_cgroup failed to write '13384' (No space left on device); fd=25
05-27 18:15:11.550  1597  1613 W SchedPolicy: add_tid_to_cgroup failed to write '13850' (No space left on device); fd=25
05-27 18:15:11.550  1597  1613 W SchedPolicy: add_tid_to_cgroup failed to write '2959' (No space left on device); fd=25
05-27 18:15:11.550  1597  1613 W SchedPolicy: add_tid_to_cgroup failed to write '13462' (No space left on device); fd=25
05-27 18:15:11.566 13384 13384 E cr_CompositorSurfaceMgr: surfaceDestroyed format : 4
05-27 18:15:11.594 13384 13429 I cr_BindingManager: onTrimMemory: level=20, size=1
05-27 18:15:11.598 13384 13384 I cr_A11yState: Enabled accessibility services: [io.github.ylimit.droidbotapp/io.github.privacystreams.accessibility.PSAccessibilityService, null]
05-27 18:15:11.598 13384 13384 I cr_A11yState: Running accessibility services: [io.github.ylimit.droidbotapp/io.github.privacystreams.accessibility.PSAccessibilityService]
05-27 18:15:11.598 13384 13384 I cr_A11yState: Will check again after 2000 milliseconds.
05-27 18:15:11.598 13896 13896 I CT_REPRO: E03_state_sharing_cookie | 1779876911598 | 6952 | TAB_HIDDEN | 6 | http://198.18.0.1:8000/profile?step=final_ct_profile_before | com.android.chrome | Android 9 API 28 | 138.0.7204.179 | extras={timestampUptimeMillis=10503598}
05-27 18:15:11.600  1597  2517 I ActivityManager: Killing 13850:com.android.chrome:sandboxed_process6/u0a59i89 (adj 0): isolated not needed
05-27 18:15:11.600  1597  1616 W libprocessgroup: kill(-13850, 9) failed: No such process
05-27 18:15:11.604 13384 13384 I cr_CompositorSurfaceMgr: SurfaceState : detach from parent : 0
05-27 18:15:11.605 13384 13384 W cr_ContextualSearch: Warning, the 0 state was aborted.
05-27 18:15:11.605  2324  2324 W ContextImpl: Calling a method in the system process without a qualified user: android.app.ContextImpl.startService:1531 android.content.ContextWrapper.startService:664 android.content.ContextWrapper.startService:664 com.android.coreservice.CoreBroadcastReceiver.onReceive:54 android.app.ActivityThread.handleReceiver:3424 
05-27 18:15:11.615  1462  1462 W SurfaceFlinger: couldn't log to binary event log: overflow.
05-27 18:15:11.616  1434  1434 I Zygote  : Process 13850 exited cleanly (0)
05-27 18:15:11.618  1597  1617 E KernelCpuSpeedReader: Failed to read cpu-freq: /sys/devices/system/cpu/cpu0/cpufreq/stats/time_in_state (No such file or directory)
05-27 18:15:11.618  1597  1617 E KernelWakelockReader: neither /proc/wakelocks nor /d/wakeup_sources exists
05-27 18:15:11.618  1597  1617 W BatteryStatsImpl: Couldn't get kernel wake lock stats
05-27 18:15:11.618  1597  1617 D KernelUidCpuTimeReader: Removing uids 99048-99048
05-27 18:15:11.618  1597  1617 D KernelUidCpuTimeReader: Removing uids 99049-99049
05-27 18:15:11.621  1434  1434 D libnativeloader: CrashArm64 config not exist or not readable: /system/vendor/firmware_mnt/zieih/CrashArm64
05-27 18:15:11.621  1434  1434 I Zygote  : IsCopy  libcrashcatcher: 0
05-27 18:15:11.625  1597  1613 W BroadcastQueue: Background execution not allowed: receiving Intent { act=android.intent.action.DROPBOX_ENTRY_ADDED flg=0x10 (has extras) } to com.google.android.gms/.stats.service.DropBoxEntryAddedReceiver
05-27 18:15:11.625  1597  1613 W BroadcastQueue: Background execution not allowed: receiving Intent { act=android.intent.action.DROPBOX_ENTRY_ADDED flg=0x10 (has extras) } to com.google.android.gms/.chimera.GmsIntentOperationService$PersistentTrustedReceiver
05-27 18:15:11.628  1597  1615 I ActivityManager: Start proc 13986:com.android.chrome:sandboxed_process7/u0i90 for service com.android.chrome/org.chromium.content.app.SandboxedProcessService7
05-27 18:15:11.640 13986 13986 W nativebridge: Failed to bind-mount /data/local/cfg-zieih/ as /proc/cpuinfo: Not a directory
05-27 18:15:11.641 13986 13986 I Zygote  : seccomp disabled by setenforce 0
05-27 18:15:11.642  1597  2083 W SchedPolicy: add_tid_to_cgroup failed to write '2423' (No space left on device); fd=24
05-27 18:15:11.642 13986 13986 D nativebridge: call UnloadNativeBridge! state=1
05-27 18:15:11.645  1597  1616 W libprocessgroup: kill(-13850, 9) failed: No such process
05-27 18:15:11.645  1597  1616 I libprocessgroup: Successfully killed process cgroup uid 99089 pid 13850 in 45ms
05-27 18:15:11.648  1597  1889 W SchedPolicy: add_tid_to_cgroup failed to write '13986' (No space left on device); fd=25
05-27 18:15:11.649  1597  2517 W SchedPolicy: add_tid_to_cgroup failed to write '2423' (No space left on device); fd=25
05-27 18:15:11.649  3115  3132 W .gms.persisten: Couldn't lock the profile file /data/misc/profiles/cur/0/com.google.android.gms/primary.prof: Failed to lock file '/data/misc/profiles/cur/0/com.google.android.gms/primary.prof': Try again
05-27 18:15:11.649  3115  3132 W .gms.persisten: Could not forcefully load profile /data/misc/profiles/cur/0/com.google.android.gms/primary.prof
05-27 18:15:11.690 13986 13986 D libnativeloader: CrashArm64 config not exist or not readable: /system/vendor/firmware_mnt/zieih/CrashArm64
05-27 18:15:11.690 13986 13986 W dboxed_process: Unknown chunk type '200'.
05-27 18:15:11.692 13986 13986 I cr_SplitCompatApp: version=138.0.7204.179 (720417927) minSdkVersion=26 isBundle=true processName=com.android.chrome:sandboxed_process7 isIsolatedProcess=true
05-27 18:15:11.694 13986 13986 W SystemServiceRegistry: No service published for: uimode
05-27 18:15:11.695 13986 13986 I cr_ChildProcessService: Creating new ChildProcessService pid=13986
05-27 18:15:11.711 13986 14011 I cr_LibraryLoader: Successfully loaded native library
05-27 18:15:11.711 13986 14011 I cr_CachingUmaRecorder: Flushed 2 samples from 2 histograms, 0 samples were dropped.
05-27 18:15:12.016 13384 13384 I cr_A11yState: Enabled accessibility services: [io.github.ylimit.droidbotapp/io.github.privacystreams.accessibility.PSAccessibilityService, null]
05-27 18:15:12.016 13384 13384 I cr_A11yState: Running accessibility services: [io.github.ylimit.droidbotapp/io.github.privacystreams.accessibility.PSAccessibilityService]
05-27 18:15:12.016 13384 13384 I cr_A11yState: Will check again after 4000 milliseconds.
05-27 18:15:12.096  1488  1488 I storaged: type=1400 audit(0.0:3559): avc: denied { call } for scontext=u:r:storaged:s0 tcontext=u:r:init:s0 tclass=binder permissive=1
05-27 18:15:12.101  1488  1499 E storaged: getDiskStats failed with result NOT_SUPPORTED and size 0
05-27 18:15:13.065  1597  1928 D DhcpClient: Unicasting DHCPREQUEST ciaddr=172.16.1.4 request=0.0.0.0 serverid=null to /172.16.1.3:67
05-27 18:15:13.075  1597  1996 D DhcpClient: Received packet: 00:db:58:57:cf:56 ACK: your new IP /172.16.1.4, netmask /255.255.255.0, gateways [/172.16.1.1] DNS servers: /198.18.0.2 /202.114.0.131 /202.114.0.242 , lease time 600
05-27 18:15:13.075  1597  1928 D DhcpClient: Renewed lease: IP address 172.16.1.4/24 Gateway 172.16.1.1  DNS servers: [ 198.18.0.2 202.114.0.131 202.114.0.242 ] Domains  DHCP server /172.16.1.3 Vendor info null lease 600 seconds
05-27 18:15:13.076  1597  1928 D DhcpClient: Scheduling renewal in 299s
05-27 18:15:13.076  1597  1928 D DhcpClient: Scheduling rebind in 524s
05-27 18:15:13.076  1597  1928 D DhcpClient: Scheduling expiry in 599s
05-27 18:15:13.150  1597  1605 W System  : A resource failed to call close. 
05-27 18:15:13.151  1597  1605 I chatty  : uid=1000(system) FinalizerDaemon identical 27 lines
05-27 18:15:13.151  1597  1605 W System  : A resource failed to call close. 
05-27 18:15:13.483  1597  2083 D ActivityManager: Task: com.android.launcher3.Launcher, ID: 2, Base: com.android.launcher3.Launcher, packageName: com.android.launcher3
05-27 18:15:13.484  1597  2083 I ActivityManager: Force stopping edu.mobilesec.ctrepro appid=10053 user=0: from pid 14024
05-27 18:15:13.484  1597  2083 I ActivityManager: Killing 13896:edu.mobilesec.ctrepro/u0a53 (adj 0): stop edu.mobilesec.ctrepro
05-27 18:15:13.484  1597  1616 W libprocessgroup: kill(-13896, 9) failed: No such process
05-27 18:15:13.484  1597  2083 W ActivityManager: Force removing ActivityRecord{c13b995 u0 edu.mobilesec.ctrepro/.MainActivity t60}: app died, no saved state
05-27 18:15:13.487  1597  2083 W SchedPolicy: add_tid_to_cgroup failed to write '2386' (No space left on device); fd=27
05-27 18:15:13.487  1597  2083 W SchedPolicy: add_tid_to_cgroup failed to write '2669' (No space left on device); fd=24
05-27 18:15:13.487  1597  2083 W SchedPolicy: add_tid_to_cgroup failed to write '4075' (No space left on device); fd=24
05-27 18:15:13.489  2324  2324 W ContextImpl: Calling a method in the system process without a qualified user: android.app.ContextImpl.startService:1531 android.content.ContextWrapper.startService:664 android.content.ContextWrapper.startService:664 com.android.coreservice.CoreBroadcastReceiver.onReceive:54 android.app.ActivityThread.handleReceiver:3424 
05-27 18:15:13.501  2386  2643 W OpenGLRenderer: Incorrectly called buildLayer on View: ShortcutAndWidgetContainer, destroying layer...
05-27 18:15:13.508  1433  1433 I Zygote  : Process 13896 exited due to signal (9)
05-27 18:15:13.521  1934  1934 D CarrierSvcBindHelper: No carrier app for: 0
05-27 18:15:13.522  1597  1622 W ActivityManager: setHasOverlayUi called on unknown pid: 13896
05-27 18:15:13.530  1597  1616 W libprocessgroup: kill(-13896, 9) failed: No such process
05-27 18:15:13.530  1597  1616 I libprocessgroup: Successfully killed process cgroup uid 10053 pid 13896 in 45ms
05-27 18:15:13.563  1449  1449 I HwBinder:1449_2: type=1400 audit(0.0:3560): avc: denied { read write } for path="/dev/fastpipe" dev="tmpfs" ino=3085 scontext=u:r:surfaceflinger:s0 tcontext=u:object_r:device:s0 tclass=chr_file permissive=1
05-27 18:15:13.563  1462  1462 I Binder:1462_5: type=1400 audit(0.0:3561): avc: denied { read write } for path="/dev/fastpipe" dev="tmpfs" ino=3085 scontext=u:r:untrusted_app:s0:c33,c256,c512,c768 tcontext=u:object_r:device:s0 tclass=chr_file permissive=1
05-27 18:15:13.571  2386  2643 E EGL_emulation: tid 2643: eglSurfaceAttrib(1504): error 0x3009 (EGL_BAD_MATCH)
05-27 18:15:13.571  2386  2643 W OpenGLRenderer: Failed to set EGL_SWAP_BEHAVIOR on surface 0x763878e7af00, error=EGL_BAD_MATCH
05-27 18:15:13.586  2324  2324 I oid.coreservice: type=1400 audit(0.0:3562): avc: denied { ioctl } for path="/dev/fastpipe" dev="tmpfs" ino=3085 ioctlcmd=6867 scontext=u:r:system_app:s0 tcontext=u:object_r:device:s0 tclass=chr_file permissive=1
05-27 18:15:13.589  2324  2324 W ContextImpl: Calling a method in the system process without a qualified user: android.app.ContextImpl.sendBroadcast:1020 android.content.ContextWrapper.sendBroadcast:449 com.android.coreservice.TabManager.notifyClosing:413 com.android.coreservice.TabManager.updateInner:200 com.android.coreservice.TabManager.onUpdate:235 
05-27 18:15:13.594  1597  2083 I ActivityManager: START u0 {flg=0x10000000 cmp=edu.mobilesec.ctrepro/.MainActivity (has extras)} from uid 2000
05-27 18:15:13.598 13384 13384 I cr_A11yState: Enabled accessibility services: [io.github.ylimit.droidbotapp/io.github.privacystreams.accessibility.PSAccessibilityService, null]
05-27 18:15:13.598 13384 13384 I cr_A11yState: Running accessibility services: [io.github.ylimit.droidbotapp/io.github.privacystreams.accessibility.PSAccessibilityService]
05-27 18:15:13.598 13384 13384 I cr_A11yState: Max delay reached. Send information as is.
05-27 18:15:13.598 13384 13384 I cr_A11yState: Informing listeners of changes.
05-27 18:15:13.598 13384 13384 I cr_A11yState: New AccessibilityState: State{isComplexUserInteractionServiceEnabled=true, isTouchExplorationEnabled=false, isPerformGesturesEnabled=false, isAnyAccessibilityServiceEnabled=true, isAccessibilityToolPresent=true, isTextShowPasswordEnabled=true, isOnlyAutofillRunning=false, isOnlyPasswordManagersEnabled=false, isKnownScreenReaderEnabled=false}
05-27 18:15:13.604  2324  2324 I CoreService: notifyClosing notify tab closed taskPackageName:edu.mobilesec.ctrepro
05-27 18:15:13.604  2324  2324 W oid.coreservic: Unknown chunk type '200'.
05-27 18:15:13.620  2324  2324 W ContextImpl: Calling a method in the system process without a qualified user: android.app.ContextImpl.startService:1531 android.content.ContextWrapper.startService:664 android.content.ContextWrapper.startService:664 com.android.coreservice.CoreBroadcastReceiver.onReceive:45 android.app.ActivityThread.handleReceiver:3424 
05-27 18:15:13.636  1462  1462 I Binder:1462_4: type=1400 audit(0.0:3563): avc: denied { read write } for path="/dev/fastpipe" dev="tmpfs" ino=3085 scontext=u:r:system_server:s0 tcontext=u:object_r:device:s0 tclass=chr_file permissive=1
05-27 18:15:13.636  1597  1597 I android.anim: type=1400 audit(0.0:3564): avc: denied { ioctl } for path="/dev/fastpipe" dev="tmpfs" ino=3085 ioctlcmd=686e scontext=u:r:system_server:s0 tcontext=u:object_r:device:s0 tclass=chr_file permissive=1
05-27 18:15:13.657  1597  1605 W System  : A resource failed to call close. 
05-27 18:15:13.658  1597  1605 I chatty  : uid=1000(system) FinalizerDaemon identical 28 lines
05-27 18:15:13.658  1597  1605 W System  : A resource failed to call close. 
05-27 18:15:13.664  1597  1893 W SchedPolicy: add_tid_to_cgroup failed to write '2386' (No space left on device); fd=24
05-27 18:15:13.664  2324  2324 W ContextImpl: Calling a method in the system process without a qualified user: android.app.ContextImpl.startService:1531 android.content.ContextWrapper.startService:664 android.content.ContextWrapper.startService:664 com.android.coreservice.CoreBroadcastReceiver.onReceive:70 android.app.ActivityThread.handleReceiver:3424 
05-27 18:15:13.671  2324  2324 W ContextImpl: Calling a method in the system process without a qualified user: android.app.ContextImpl.startService:1531 android.content.ContextWrapper.startService:664 android.content.ContextWrapper.startService:664 com.android.coreservice.CoreBroadcastReceiver.onReceive:54 android.app.ActivityThread.handleReceiver:3424 
05-27 18:15:13.677  1597  1615 I ActivityManager: Start proc 14032:edu.mobilesec.ctrepro/u0a53 for activity edu.mobilesec.ctrepro/.MainActivity
05-27 18:15:13.678  2324  2324 W ContextImpl: Calling a method in the system process without a qualified user: android.app.ContextImpl.startService:1531 android.content.ContextWrapper.startService:664 android.content.ContextWrapper.startService:664 com.android.coreservice.CoreBroadcastReceiver.onReceive:45 android.app.ActivityThread.handleReceiver:3424 
05-27 18:15:13.680  2324  2324 W ContextImpl: Calling a method in the system process without a qualified user: android.app.ContextImpl.startService:1531 android.content.ContextWrapper.startService:664 android.content.ContextWrapper.startService:664 com.android.coreservice.CoreBroadcastReceiver.onReceive:70 android.app.ActivityThread.handleReceiver:3424 
05-27 18:15:13.686 14032 14032 I Zygote  : seccomp disabled by setenforce 0
05-27 18:15:13.688 14032 14032 I bilesec.ctrepr: Late-enabling -Xcheck:jni
05-27 18:15:13.699 14032 14032 I bilesec.ctrepro: type=1400 audit(0.0:3565): avc: denied { open } for path="/data/local/cfg-zieih/app_device" dev="sdb2" ino=393551 scontext=u:r:untrusted_app:s0:c53,c256,c512,c768 tcontext=u:object_r:system_data_file:s0 tclass=file permissive=1
05-27 18:15:13.700 14032 14032 D nativebridge: call UnloadNativeBridge! state=1
05-27 18:15:13.712  1597  4957 W SchedPolicy: add_tid_to_cgroup failed to write '14032' (No space left on device); fd=27
05-27 18:15:13.713  2386  2386 I RenderThread: type=1400 audit(0.0:3566): avc: denied { ioctl } for path="/dev/fastpipe" dev="tmpfs" ino=3085 ioctlcmd=6867 scontext=u:r:untrusted_app:s0:c33,c256,c512,c768 tcontext=u:object_r:device:s0 tclass=chr_file permissive=1
05-27 18:15:13.731  1597  1612 I ActivityManager: Displayed edu.mobilesec.ctrepro/.MainActivity: +107ms
05-27 18:15:13.772  2324  2324 W ContextImpl: Calling a method in the system process without a qualified user: android.app.ContextImpl.startService:1531 android.content.ContextWrapper.startService:664 android.content.ContextWrapper.startService:664 com.android.coreservice.CoreBroadcastReceiver.onReceive:54 android.app.ActivityThread.handleReceiver:3424 
05-27 18:15:13.799 14032 14032 I bilesec.ctrepro: type=1400 audit(0.0:3567): avc: denied { read } for name="Applications" dev="sdcardfs" ino=655362 scontext=u:r:untrusted_app:s0:c53,c256,c512,c768 tcontext=u:object_r:sdcardfs:s0 tclass=lnk_file permissive=1
05-27 18:15:13.802 14032 14032 D libnativeloader: CrashArm64 config not exist or not readable: /system/vendor/firmware_mnt/zieih/CrashArm64
05-27 18:15:13.803 14032 14032 I bilesec.ctrepro: type=1400 audit(0.0:3568): avc: denied { search } for name="/" dev="vboxsf" ino=1 scontext=u:r:untrusted_app:s0:c53,c256,c512,c768 tcontext=u:object_r:unlabeled:s0 tclass=dir permissive=1
05-27 18:15:13.875  1597  1605 W System  : A resource failed to call close. 
05-27 18:15:13.876  1597  1605 I chatty  : uid=1000(system) FinalizerDaemon identical 28 lines
05-27 18:15:13.876  1597  1605 W System  : A resource failed to call close. 
05-27 18:15:13.883  1597  1889 W SchedPolicy: add_tid_to_cgroup failed to write '13384' (No space left on device); fd=24
05-27 18:15:13.884  1597  1889 W SchedPolicy: add_tid_to_cgroup failed to write '2959' (No space left on device); fd=24
05-27 18:15:13.884  1597  1889 W SchedPolicy: add_tid_to_cgroup failed to write '13462' (No space left on device); fd=24
05-27 18:15:13.884  1597  1889 W SchedPolicy: add_tid_to_cgroup failed to write '13384' (No space left on device); fd=25
05-27 18:15:13.885  1597  1889 W SchedPolicy: add_tid_to_cgroup failed to write '2959' (No space left on device); fd=25
05-27 18:15:13.885  1597  1889 W SchedPolicy: add_tid_to_cgroup failed to write '13462' (No space left on device); fd=25
05-27 18:15:13.887 14032 14032 D OpenGLRenderer: Skia GL Pipeline
05-27 18:15:13.887  2324  2324 W ContextImpl: Calling a method in the system process without a qualified user: android.app.ContextImpl.startService:1531 android.content.ContextWrapper.startService:664 android.content.ContextWrapper.startService:664 com.android.coreservice.CoreBroadcastReceiver.onReceive:54 android.app.ActivityThread.handleReceiver:3424 
05-27 18:15:13.915 13384 13384 I cr_CompositorSurfaceMgr: Transitioning to surface with format: -1
05-27 18:15:13.915 14032 14032 I CT_REPRO: E03_state_sharing_cookie | 1779876913915 | 0 | SERVICE_CONNECTED | 0 | http://198.18.0.1:8000/login?step=final_ct_login | com.android.chrome | Android 9 API 28 | 138.0.7204.179 | component=com.android.chrome/org.chromium.chrome.browser.customtabs.CustomTabsConnectionService
05-27 18:15:13.947 14032 14032 I CT_REPRO: E03_state_sharing_cookie | 1779876913947 | 0 | extraCallback:onWarmupCompleted | 10000 | http://198.18.0.1:8000/login?step=final_ct_login | com.android.chrome | Android 9 API 28 | 138.0.7204.179 | bundle={}
05-27 18:15:13.949 14032 14058 I         : fastpipe: Connect success
05-27 18:15:13.950 14032 14058 I         : fastpipe: Connect success
05-27 18:15:13.950 14032 14058 D HostConnection: HostRPC::connect sucess: app=edu.mobilesec.ctrepro, pid=14032, tid=14058, this=0x76388bce2400
05-27 18:15:13.951 14032 14058 D HostConnection: queryAndSetGLESMaxVersion select gles-version: 3.1 hostGLVersion:46 process:edu.mobilesec.ctrepro
05-27 18:15:13.952 14032 14058 I ConfigStore: android::hardware::configstore::V1_0::ISurfaceFlingerConfigs::hasWideColorDisplay retrieved: 0
05-27 18:15:13.952 14032 14058 I ConfigStore: android::hardware::configstore::V1_0::ISurfaceFlingerConfigs::hasHDRDisplay retrieved: 0
05-27 18:15:13.952 14032 14058 I OpenGLRenderer: Initialized EGL, version 1.4
05-27 18:15:13.952 14032 14058 D OpenGLRenderer: Swap behavior 1
05-27 18:15:13.957 14032 14058 D EGL_emulation: eglCreateContext: 0x76388bc5f9c0: maj 3 min 1 rcv 4
05-27 18:15:13.985 14032 14058 E eglCodecCommon: glUtilsParamSize: unknow param 0x000082da
05-27 18:15:13.985 14032 14058 E eglCodecCommon: glUtilsParamSize: unknow param 0x000082e5
05-27 18:15:13.987 14032 14058 D HostConnection: ExtendedRCEncoderContext GL_VERSION return OpenGL ES 3.1 v1
05-27 18:15:13.989 14032 14058 E eglCodecCommon: glUtilsParamSize: unknow param 0x00008c29
05-27 18:15:13.989 14032 14058 E eglCodecCommon: glUtilsParamSize: unknow param 0x000087fe
05-27 18:15:13.991 14032 14058 D vndksupport: Loading /vendor/lib64/hw/android.hardware.graphics.mapper@2.0-impl.so from current namespace instead of sphal namespace.
05-27 18:15:13.992 14032 14058 D vndksupport: Loading /vendor/lib64/hw/gralloc.default.so from current namespace instead of sphal namespace.
05-27 18:15:13.997 14032 14058 E EGL_emulation: tid 14058: eglSurfaceAttrib(1504): error 0x3009 (EGL_BAD_MATCH)
05-27 18:15:13.997 14032 14058 W OpenGLRenderer: Failed to set EGL_SWAP_BEHAVIOR on surface 0x76388bd83100, error=EGL_BAD_MATCH
05-27 18:15:14.025  2324  2324 W ContextImpl: Calling a method in the system process without a qualified user: android.app.ContextImpl.startService:1531 android.content.ContextWrapper.startService:664 android.content.ContextWrapper.startService:664 com.android.coreservice.CoreBroadcastReceiver.onReceive:70 android.app.ActivityThread.handleReceiver:3424 
05-27 18:15:14.026  2324  2324 W ContextImpl: Calling a method in the system process without a qualified user: android.app.ContextImpl.startService:1531 android.content.ContextWrapper.startService:664 android.content.ContextWrapper.startService:664 com.android.coreservice.CoreBroadcastReceiver.onReceive:70 android.app.ActivityThread.handleReceiver:3424 
05-27 18:15:14.037  1597  1889 W SchedPolicy: add_tid_to_cgroup failed to write '2386' (No space left on device); fd=25
05-27 18:15:14.037  1597  1889 W SchedPolicy: add_tid_to_cgroup failed to write '2669' (No space left on device); fd=25
05-27 18:15:14.037  1597  1889 W SchedPolicy: add_tid_to_cgroup failed to write '4075' (No space left on device); fd=25
05-27 18:15:14.086  1462  1537 W SurfaceFlinger: Attempting to set client state on removed layer: Splash Screen edu.mobilesec.ctrepro#0
05-27 18:15:14.086  1462  1537 W SurfaceFlinger: Attempting to destroy on removed layer: Splash Screen edu.mobilesec.ctrepro#0
05-27 18:15:15.387 14032 14032 I CT_REPRO: E03_state_sharing_cookie | 1779876915387 | 1 | LAUNCH_REQUESTED | 0 | http://198.18.0.1:8000/login?step=final_ct_login | com.android.chrome | Android 9 API 28 | 138.0.7204.179 | 准备打开 Custom Tab
05-27 18:15:15.392  1597  1889 I ActivityManager: START u0 {act=android.intent.action.VIEW dat=http://198.18.0.1:8000/... pkg=com.android.chrome cmp=com.android.chrome/com.google.android.apps.chrome.IntentDispatcher (has extras)} from uid 10053
05-27 18:15:15.402  2324  2324 W ContextImpl: Calling a method in the system process without a qualified user: android.app.ContextImpl.startService:1531 android.content.ContextWrapper.startService:664 android.content.ContextWrapper.startService:664 com.android.coreservice.CoreBroadcastReceiver.onReceive:45 android.app.ActivityThread.handleReceiver:3424 
05-27 18:15:15.405 13384 13384 W ActivityThread: handleWindowVisibility: no activity for token android.os.BinderProxy@d5c22fc
05-27 18:15:15.405  1597  1893 W SchedPolicy: add_tid_to_cgroup failed to write '13384' (No space left on device); fd=27
05-27 18:15:15.405  1597  1893 W SchedPolicy: add_tid_to_cgroup failed to write '14032' (No space left on device); fd=24
05-27 18:15:15.405  1597  1893 W SchedPolicy: add_tid_to_cgroup failed to write '2959' (No space left on device); fd=24
05-27 18:15:15.405  1597  1893 W SchedPolicy: add_tid_to_cgroup failed to write '13462' (No space left on device); fd=27
05-27 18:15:15.470  1597  1698 D WIFI    : got request NetworkRequest [ TRACK_DEFAULT id=117, [ Capabilities: INTERNET&NOT_RESTRICTED&TRUSTED Unwanted:  Uid: 10059] ] with score 60
05-27 18:15:15.470  1597  1729 D WIFI_AWARE_FACTORY: got request NetworkRequest [ TRACK_DEFAULT id=117, [ Capabilities: INTERNET&NOT_RESTRICTED&TRUSTED Unwanted:  Uid: 10059] ] with score 60
05-27 18:15:15.470  1597  1698 D WIFI_UT : got request NetworkRequest [ TRACK_DEFAULT id=117, [ Capabilities: INTERNET&NOT_RESTRICTED&TRUSTED Unwanted:  Uid: 10059] ] with score 60
05-27 18:15:15.470  1597  1730 D Ethernet: got request NetworkRequest [ TRACK_DEFAULT id=117, [ Capabilities: INTERNET&NOT_RESTRICTED&TRUSTED Unwanted:  Uid: 10059] ] with score 60
05-27 18:15:15.470  1934  1934 D PhoneSwitcherNetworkRequstListener: got request NetworkRequest [ TRACK_DEFAULT id=117, [ Capabilities: INTERNET&NOT_RESTRICTED&TRUSTED Unwanted:  Uid: 10059] ] with score 60
05-27 18:15:15.532  1597  1605 W System  : A resource failed to call close. 
05-27 18:15:15.532  1597  1605 I chatty  : uid=1000(system) FinalizerDaemon identical 28 lines
05-27 18:15:15.532  1597  1605 W System  : A resource failed to call close. 
05-27 18:15:15.581 13384 13384 W cr_ActivityDispatcher: CustomTabsIntent#shouldAlwaysUseBrowserUI() = false
05-27 18:15:15.581 13384 13384 W cr_ActivityDispatcher: CustomTabsIntent#shouldAlwaysUseBrowserUI() = false
05-27 18:15:15.601  1597  1893 I ActivityManager: START u0 {act=android.intent.action.VIEW dat=http://198.18.0.1:8000/... flg=0x2800000 pkg=com.android.chrome cmp=com.android.chrome/org.chromium.chrome.browser.customtabs.CustomTabActivity (has extras)} from uid 10059
05-27 18:15:15.609  2324  2324 W ContextImpl: Calling a method in the system process without a qualified user: android.app.ContextImpl.startService:1531 android.content.ContextWrapper.startService:664 android.content.ContextWrapper.startService:664 com.android.coreservice.CoreBroadcastReceiver.onReceive:45 android.app.ActivityThread.handleReceiver:3424 
05-27 18:15:15.700 13384 13384 W ActivityThread: handleWindowVisibility: no activity for token android.os.BinderProxy@a38adf
05-27 18:15:15.704 13384 13384 W cr_ActivityDispatcher: CustomTabsIntent#shouldAlwaysUseBrowserUI() = false
05-27 18:15:15.716 13384 13384 W cr_ContextualSearch: No manager!
05-27 18:15:15.717 13384 13384 W cr_ActivityDispatcher: CustomTabsIntent#shouldAlwaysUseBrowserUI() = false
05-27 18:15:15.723  1597  1893 W SchedPolicy: add_tid_to_cgroup failed to write '13986' (No space left on device); fd=24
05-27 18:15:15.724  1597  1893 W SchedPolicy: add_tid_to_cgroup failed to write '13986' (No space left on device); fd=27
05-27 18:15:15.730 14032 14032 I CT_REPRO: E03_state_sharing_cookie | 1779876915730 | 344 | TAB_SHOWN | 5 | http://198.18.0.1:8000/login?step=final_ct_login | com.android.chrome | Android 9 API 28 | 138.0.7204.179 | extras={timestampUptimeMillis=10507723}
05-27 18:15:15.742  1597  1605 W System  : A resource failed to call close. 
05-27 18:15:15.742  1597  1605 I chatty  : uid=1000(system) FinalizerDaemon identical 30 lines
05-27 18:15:15.742  1597  1605 W System  : A resource failed to call close. 
05-27 18:15:15.752 13384 13384 W cr_ActivityDispatcher: CustomTabsIntent#shouldAlwaysUseBrowserUI() = false
05-27 18:15:15.758 13384 13384 W cr_ActivityDispatcher: CustomTabsIntent#shouldAlwaysUseBrowserUI() = false
05-27 18:15:15.758 13384 13384 I cr_A11yState: Enabled accessibility services: [io.github.ylimit.droidbotapp/io.github.privacystreams.accessibility.PSAccessibilityService, null]
05-27 18:15:15.758 13384 13384 I cr_A11yState: Running accessibility services: [io.github.ylimit.droidbotapp/io.github.privacystreams.accessibility.PSAccessibilityService]
05-27 18:15:15.758 13384 13384 I cr_A11yState: Will check again after 250 milliseconds.
05-27 18:15:15.765  2324  2324 W ContextImpl: Calling a method in the system process without a qualified user: android.app.ContextImpl.startService:1531 android.content.ContextWrapper.startService:664 android.content.ContextWrapper.startService:664 com.android.coreservice.CoreBroadcastReceiver.onReceive:54 android.app.ActivityThread.handleReceiver:3424 
05-27 18:15:15.769  1450  1450 I HwBinder:1450_2: type=1400 audit(0.0:3572): avc: denied { ioctl } for path="/dev/fastpipe" dev="tmpfs" ino=3085 ioctlcmd=6867 scontext=u:r:hal_graphics_composer_default:s0 tcontext=u:object_r:device:s0 tclass=chr_file permissive=1
05-27 18:15:15.773 13462 13462 I CrGpuMain: type=1400 audit(0.0:3573): avc: denied { ioctl } for path="/dev/fastpipe" dev="tmpfs" ino=3085 ioctlcmd=6869 scontext=u:r:untrusted_app:s0:c59,c256,c512,c768 tcontext=u:object_r:device:s0 tclass=chr_file permissive=1
05-27 18:15:15.789  1449  1449 I HwBinder:1449_2: type=1400 audit(0.0:3574): avc: denied { ioctl } for path="/dev/fastpipe" dev="tmpfs" ino=3085 ioctlcmd=6867 scontext=u:r:hal_graphics_allocator_default:s0 tcontext=u:object_r:device:s0 tclass=chr_file permissive=1
05-27 18:15:15.796  1449  1449 I HwBinder:1449_2: type=1400 audit(0.0:3575): avc: denied { read write } for name="fastpipe" dev="tmpfs" ino=3085 scontext=u:r:hal_graphics_allocator_default:s0 tcontext=u:object_r:device:s0 tclass=chr_file permissive=1
05-27 18:15:15.796  1449  1449 I HwBinder:1449_2: type=1400 audit(0.0:3576): avc: denied { open } for path="/dev/fastpipe" dev="tmpfs" ino=3085 scontext=u:r:hal_graphics_allocator_default:s0 tcontext=u:object_r:device:s0 tclass=chr_file permissive=1
05-27 18:15:15.805 13384 13384 I cr_E2E_DCController: setSafeAreaConstraint: false
05-27 18:15:15.805 13384 13384 I cr_BrowserUiUtils: Recorded Startup.Android.FirstDrawCompletedTime = 96 ms
05-27 18:15:15.808 14032 14032 I CT_REPRO: E03_state_sharing_cookie | 1779876915807 | 421 | NAVIGATION_STARTED | 1 | http://198.18.0.1:8000/login?step=final_ct_login | com.android.chrome | Android 9 API 28 | 138.0.7204.179 | extras={timestampUptimeMillis=10507773}
05-27 18:15:15.808 13384 13428 E EGL_emulation: tid 13428: eglSurfaceAttrib(1504): error 0x3009 (EGL_BAD_MATCH)
05-27 18:15:15.808 13384 13428 W OpenGLRenderer: Failed to set EGL_SWAP_BEHAVIOR on surface 0xd6f14a00, error=EGL_BAD_MATCH
05-27 18:15:15.838 13384 13384 I cr_CompositorSurfaceMgr: Transitioning to surface with format: -1
05-27 18:15:15.839 13384 13384 I cr_CompositorSurfaceMgr: surfaceCreated format: 0
05-27 18:15:15.839  1597  1612 I ActivityManager: Displayed com.android.chrome/org.chromium.chrome.browser.customtabs.CustomTabActivity: +445ms
05-27 18:15:15.845 14032 14032 I CT_REPRO: E03_state_sharing_cookie | 1779876915844 | 458 | NAVIGATION_FINISHED | 2 | http://198.18.0.1:8000/login?step=final_ct_login | com.android.chrome | Android 9 API 28 | 138.0.7204.179 | extras={timestampUptimeMillis=10507836}
05-27 18:15:15.912  2324  2324 W ContextImpl: Calling a method in the system process without a qualified user: android.app.ContextImpl.startService:1531 android.content.ContextWrapper.startService:664 android.content.ContextWrapper.startService:664 com.android.coreservice.CoreBroadcastReceiver.onReceive:70 android.app.ActivityThread.handleReceiver:3424 
05-27 18:15:15.913  2324  2324 W ContextImpl: Calling a method in the system process without a qualified user: android.app.ContextImpl.startService:1531 android.content.ContextWrapper.startService:664 android.content.ContextWrapper.startService:664 com.android.coreservice.CoreBroadcastReceiver.onReceive:70 android.app.ActivityThread.handleReceiver:3424 
05-27 18:15:15.948 13384 13384 D skia    : --- Failed to create image decoder with message 'unimplemented'
05-27 18:15:15.948 13462 13495 W chromium: [WARNING:components/viz/service/frame_sinks/root_compositor_frame_sink_impl.cc:985] Requested unsupported preferred frame interval 0.016666 s (=60.0024Hz)
05-27 18:15:15.958  1597  1613 W SchedPolicy: add_tid_to_cgroup failed to write '14032' (No space left on device); fd=25
05-27 18:15:15.978  2324  2324 W ContextImpl: Calling a method in the system process without a qualified user: android.app.ContextImpl.startService:1531 android.content.ContextWrapper.startService:664 android.content.ContextWrapper.startService:664 com.android.coreservice.CoreBroadcastReceiver.onReceive:54 android.app.ActivityThread.handleReceiver:3424 
05-27 18:15:16.000 13384 13384 I cr_CustomTab: To create AuxiliarySearchController on deferred startup.
05-27 18:15:16.012 13384 13384 I cr_A11yState: Enabled accessibility services: [io.github.ylimit.droidbotapp/io.github.privacystreams.accessibility.PSAccessibilityService, null]
05-27 18:15:16.013 13384 13384 I cr_A11yState: Running accessibility services: [io.github.ylimit.droidbotapp/io.github.privacystreams.accessibility.PSAccessibilityService]
05-27 18:15:16.013 13384 13384 I cr_A11yState: Will check again after 500 milliseconds.
05-27 18:15:16.017 13384 13384 I cr_A11yState: Enabled accessibility services: [io.github.ylimit.droidbotapp/io.github.privacystreams.accessibility.PSAccessibilityService, null]
