05-27 18:15:37.291 14320 14320 I cr_A11yState: Will check again after 250 milliseconds.
05-27 18:15:37.298 14320 14320 I cr_PartnerBMReader: Failed to mark creation complete, mFinishedReading=true, mFinishedResolvingBrowserCustomizations=false
05-27 18:15:37.298 14320 14320 I cr_PartnerBMReader: Browser customizations loading complete.
05-27 18:15:37.299 14320 14320 I cr_PartnerBMReader: Partner bookmarks creation complete.
05-27 18:15:37.300 14320 14320 I PlayCore: UID: [10059]  PID: [14320] AppUpdateService : ServiceConnectionImpl.onServiceConnected(ComponentInfo{com.android.vending/com.google.android.finsky.installservice.DevTriggeredUpdateService})
05-27 18:15:37.301 14320 14398 I PlayCore: UID: [10059]  PID: [14320] AppUpdateService : linkToDeath
05-27 18:15:37.407  2959 14481 W android.vendin: Unknown chunk type '200'.
05-27 18:15:37.421  1597  1605 W System  : A resource failed to call close. 
05-27 18:15:37.421  1597  1605 I chatty  : uid=1000(system) FinalizerDaemon identical 31 lines
05-27 18:15:37.421  1597  1605 W System  : A resource failed to call close. 
05-27 18:15:37.423 14320 14335 I PlayCore: UID: [10059]  PID: [14320] OnRequestInstallCallback : onRequestInfo
05-27 18:15:37.423 14320 14398 I PlayCore: UID: [10059]  PID: [14320] AppUpdateService : Unbind from service.
05-27 18:15:37.542 14320 14475 E FilePhenotypeFlags: Config package com.google.android.gms.clearcut_client#com.android.chrome cannot use FILE backing without declarative registration. See go/phenotype-android-integration#phenotype for more information. This will lead to stale flags.
05-27 18:15:37.542 14320 14475 E FilePhenotypeFlags: Config package com.google.android.gms.clearcut_client#com.android.chrome cannot use FILE backing without declarative registration. See go/phenotype-android-integration#phenotype for more information. This will lead to stale flags.
05-27 18:15:37.563 14320 14387 E cr_IntentUtils: getString failed on bundle null
05-27 18:15:37.564  1597  2517 W SchedPolicy: add_tid_to_cgroup failed to write '3385' (No space left on device); fd=25
05-27 18:15:37.567 14320 14320 I cr_A11yState: Enabled accessibility services: [io.github.ylimit.droidbotapp/io.github.privacystreams.accessibility.PSAccessibilityService, null]
05-27 18:15:37.567 14320 14320 I cr_A11yState: Running accessibility services: [io.github.ylimit.droidbotapp/io.github.privacystreams.accessibility.PSAccessibilityService]
05-27 18:15:37.567 14320 14320 I cr_A11yState: Will check again after 500 milliseconds.
05-27 18:15:37.578  1597  3601 W SchedPolicy: add_tid_to_cgroup failed to write '14173' (No space left on device); fd=25
05-27 18:15:37.620  2324  2324 W ContextImpl: Calling a method in the system process without a qualified user: android.app.ContextImpl.startService:1531 android.content.ContextWrapper.startService:664 android.content.ContextWrapper.startService:664 com.android.coreservice.CoreBroadcastReceiver.onReceive:54 android.app.ActivityThread.handleReceiver:3424 
05-27 18:15:37.621 14320 14387 E cr_IntentUtils: getString failed on bundle null
05-27 18:15:37.624 14320 14389 E cr_IntentUtils: getString failed on bundle null
05-27 18:15:37.645  1597  2228 W SchedPolicy: add_tid_to_cgroup failed to write '14451' (No space left on device); fd=25
05-27 18:15:37.671  1597  1605 W System  : A resource failed to call close. 
05-27 18:15:37.672  1597  1605 I chatty  : uid=1000(system) FinalizerDaemon identical 31 lines
05-27 18:15:37.672  1597  1605 W System  : A resource failed to call close. 
05-27 18:15:37.675 14320 14366 I cr_BindingManager: Visible binding enabled: maxSize=40
05-27 18:15:37.697 14320 14386 W chromium: [WARNING:net/cert/ev_root_ca_metadata.cc:119] Not implemented
05-27 18:15:38.022 14320 14386 W chromium: [WARNING:net/cert/ev_root_ca_metadata.cc:119] Not implemented
05-27 18:15:38.072 14320 14320 I cr_A11yState: Enabled accessibility services: [io.github.ylimit.droidbotapp/io.github.privacystreams.accessibility.PSAccessibilityService, null]
05-27 18:15:38.072 14320 14320 I cr_A11yState: Running accessibility services: [io.github.ylimit.droidbotapp/io.github.privacystreams.accessibility.PSAccessibilityService]
05-27 18:15:38.072 14320 14320 I cr_A11yState: Will check again after 1000 milliseconds.
05-27 18:15:38.473 14320 14387 W chromium: [WARNING:net/cert/ev_root_ca_metadata.cc:119] Not implemented
05-27 18:15:38.896  1450  1450 I HwBinder:1450_2: type=1400 audit(0.0:3683): avc: denied { ioctl } for path="/dev/fastpipe" dev="tmpfs" ino=3085 ioctlcmd=6867 scontext=u:r:hal_graphics_composer_default:s0 tcontext=u:object_r:device:s0 tclass=chr_file permissive=1
05-27 18:15:39.082 14320 14320 I cr_A11yState: Enabled accessibility services: [io.github.ylimit.droidbotapp/io.github.privacystreams.accessibility.PSAccessibilityService, null]
05-27 18:15:39.082 14320 14320 I cr_A11yState: Running accessibility services: [io.github.ylimit.droidbotapp/io.github.privacystreams.accessibility.PSAccessibilityService]
05-27 18:15:39.082 14320 14320 I cr_A11yState: Will check again after 2000 milliseconds.
05-27 18:15:39.816  1751  1751 I RenderThread: type=1400 audit(0.0:3684): avc: denied { ioctl } for path="/dev/fastpipe" dev="tmpfs" ino=3085 ioctlcmd=6867 scontext=u:r:platform_app:s0:c512,c768 tcontext=u:object_r:device:s0 tclass=chr_file permissive=1
05-27 18:15:39.829  1462  1462 I surfaceflinger: type=1400 audit(0.0:3685): avc: denied { ioctl } for path="/dev/fastpipe" dev="tmpfs" ino=3085 ioctlcmd=6867 scontext=u:r:surfaceflinger:s0 tcontext=u:object_r:device:s0 tclass=chr_file permissive=1
05-27 18:15:40.679  1459  1459 I ldinit  : type=1400 audit(0.0:3686): avc: denied { read } for name="partitions" dev="proc" ino=4026532046 scontext=u:r:ldinit:s0 tcontext=u:object_r:proc:s0 tclass=file permissive=1
05-27 18:15:40.679  1459  1459 I ldinit  : type=1400 audit(0.0:3687): avc: denied { open } for path="/proc/partitions" dev="proc" ino=4026532046 scontext=u:r:ldinit:s0 tcontext=u:object_r:proc:s0 tclass=file permissive=1
05-27 18:15:40.679  1459  1459 I ldinit  : type=1400 audit(0.0:3688): avc: denied { getattr } for path="/proc/partitions" dev="proc" ino=4026532046 scontext=u:r:ldinit:s0 tcontext=u:object_r:proc:s0 tclass=file permissive=1
05-27 18:15:40.852 14399 14421 E eglCodecCommon: glUtilsParamSize: unknow param 0x000088ef
05-27 18:15:40.852 14399 14421 E eglCodecCommon: glUtilsParamSize: unknow param 0x00000cf2
05-27 18:15:40.852 14399 14421 E eglCodecCommon: glUtilsParamSize: unknow param 0x00000cf3
05-27 18:15:40.852 14399 14421 E eglCodecCommon: glUtilsParamSize: unknow param 0x00000cf4
05-27 18:15:40.852 14399 14421 E eglCodecCommon: glUtilsParamSize: unknow param 0x0000806d
05-27 18:15:40.852 14399 14421 E eglCodecCommon: glUtilsParamSize: unknow param 0x0000806e
05-27 18:15:40.853 14399 14421 E eglCodecCommon: glUtilsParamSize: unknow param 0x000088ef
05-27 18:15:40.853 14399 14421 E eglCodecCommon: glUtilsParamSize: unknow param 0x00000cf2
05-27 18:15:40.853 14399 14421 E eglCodecCommon: glUtilsParamSize: unknow param 0x00000cf3
05-27 18:15:40.853 14399 14421 E eglCodecCommon: glUtilsParamSize: unknow param 0x00000cf4
05-27 18:15:40.853 14399 14421 E eglCodecCommon: glUtilsParamSize: unknow param 0x0000806d
05-27 18:15:40.853 14399 14421 E eglCodecCommon: glUtilsParamSize: unknow param 0x0000806e
05-27 18:15:40.854 14399 14421 E eglCodecCommon: glUtilsParamSize: unknow param 0x000088ef
05-27 18:15:40.854 14399 14421 E eglCodecCommon: glUtilsParamSize: unknow param 0x00000cf2
05-27 18:15:40.854 14399 14421 E eglCodecCommon: glUtilsParamSize: unknow param 0x00000cf3
05-27 18:15:40.854 14399 14421 E eglCodecCommon: glUtilsParamSize: unknow param 0x00000cf4
05-27 18:15:40.854 14399 14421 E eglCodecCommon: glUtilsParamSize: unknow param 0x0000806d
05-27 18:15:40.854 14399 14421 E eglCodecCommon: glUtilsParamSize: unknow param 0x0000806e
05-27 18:15:40.855 14399 14421 E eglCodecCommon: glUtilsParamSize: unknow param 0x000088ef
05-27 18:15:40.855 14399 14421 E eglCodecCommon: glUtilsParamSize: unknow param 0x00000cf2
05-27 18:15:40.855 14399 14421 E eglCodecCommon: glUtilsParamSize: unknow param 0x00000cf3
05-27 18:15:40.855 14399 14421 E eglCodecCommon: glUtilsParamSize: unknow param 0x00000cf4
05-27 18:15:40.855 14399 14421 E eglCodecCommon: glUtilsParamSize: unknow param 0x0000806d
05-27 18:15:40.855 14399 14421 E eglCodecCommon: glUtilsParamSize: unknow param 0x0000806e
05-27 18:15:40.857 14399 14421 E eglCodecCommon: glUtilsParamSize: unknow param 0x000088ef
05-27 18:15:40.858 14399 14421 E eglCodecCommon: glUtilsParamSize: unknow param 0x00000cf2
05-27 18:15:40.858 14399 14421 E eglCodecCommon: glUtilsParamSize: unknow param 0x00000cf3
05-27 18:15:40.858 14399 14421 E eglCodecCommon: glUtilsParamSize: unknow param 0x00000cf4
05-27 18:15:40.858 14399 14421 E eglCodecCommon: glUtilsParamSize: unknow param 0x0000806d
05-27 18:15:40.858 14399 14421 E eglCodecCommon: glUtilsParamSize: unknow param 0x0000806e
05-27 18:15:40.859 14399 14421 E eglCodecCommon: glUtilsParamSize: unknow param 0x000088ef
05-27 18:15:40.859 14399 14421 E eglCodecCommon: glUtilsParamSize: unknow param 0x00000cf2
05-27 18:15:40.859 14399 14421 E eglCodecCommon: glUtilsParamSize: unknow param 0x00000cf3
05-27 18:15:40.859 14399 14421 E eglCodecCommon: glUtilsParamSize: unknow param 0x00000cf4
05-27 18:15:40.859 14399 14421 E eglCodecCommon: glUtilsParamSize: unknow param 0x0000806d
05-27 18:15:40.859 14399 14421 E eglCodecCommon: glUtilsParamSize: unknow param 0x0000806e
05-27 18:15:41.083 14320 14320 I cr_A11yState: Enabled accessibility services: [io.github.ylimit.droidbotapp/io.github.privacystreams.accessibility.PSAccessibilityService, null]
05-27 18:15:41.083 14320 14320 I cr_A11yState: Running accessibility services: [io.github.ylimit.droidbotapp/io.github.privacystreams.accessibility.PSAccessibilityService]
05-27 18:15:41.083 14320 14320 I cr_A11yState: Will check again after 4000 milliseconds.
05-27 18:15:42.088 14320 14320 I cr_omaha: Scheduled using JobService
05-27 18:15:42.088 14320 14320 E cr_BkgrdTaskJS: Tried finishing non-current BackgroundTask.
05-27 18:15:42.343  2423  2423 D BoundBrokerSvc: onUnbind: Intent { act=com.google.android.gms.auth.key.retrieval.service.START pkg=com.google.android.gms cmp=com.google.android.gms/.chimera.GmsApiService }
05-27 18:15:43.263  1449  1449 I HwBinder:1449_2: type=1400 audit(0.0:3689): avc: denied { ioctl } for path="/dev/fastpipe" dev="tmpfs" ino=3085 ioctlcmd=6867 scontext=u:r:hal_graphics_allocator_default:s0 tcontext=u:object_r:device:s0 tclass=chr_file permissive=1
05-27 18:15:43.266  1449  1449 I HwBinder:1449_2: type=1400 audit(0.0:3690): avc: denied { read write } for name="fastpipe" dev="tmpfs" ino=3085 scontext=u:r:hal_graphics_allocator_default:s0 tcontext=u:object_r:device:s0 tclass=chr_file permissive=1
05-27 18:15:43.266  1449  1449 I HwBinder:1449_2: type=1400 audit(0.0:3691): avc: denied { open } for path="/dev/fastpipe" dev="tmpfs" ino=3085 scontext=u:r:hal_graphics_allocator_default:s0 tcontext=u:object_r:device:s0 tclass=chr_file permissive=1
05-27 18:15:43.269  1449  1449 I HwBinder:1449_2: type=1400 audit(0.0:3692): avc: denied { read write } for path="/dev/fastpipe" dev="tmpfs" ino=3085 scontext=u:r:surfaceflinger:s0 tcontext=u:object_r:device:s0 tclass=chr_file permissive=1
05-27 18:15:43.283  1462  1462 I Binder:1462_4: type=1400 audit(0.0:3693): avc: denied { getattr } for path="/dev/fastpipe" dev="tmpfs" ino=3085 scontext=u:r:surfaceflinger:s0 tcontext=u:object_r:device:s0 tclass=chr_file permissive=1
05-27 18:15:43.283  1462  1462 I Binder:1462_4: type=1400 audit(0.0:3694): avc: denied { read write } for path="/dev/fastpipe" dev="tmpfs" ino=3085 scontext=u:r:shell:s0 tcontext=u:object_r:device:s0 tclass=chr_file permissive=1
05-27 18:15:43.287 14510 14510 E cutils-trace: Error opening trace file: No such file or directory (2)
05-27 18:15:43.288 14510 14510 D vndksupport: Loading /vendor/lib64/hw/android.hardware.graphics.mapper@2.0-impl.so from current namespace instead of sphal namespace.
05-27 18:15:43.288 14510 14510 D vndksupport: Loading /vendor/lib64/hw/gralloc.default.so from current namespace instead of sphal namespace.
05-27 18:15:43.293 14510 14510 I screencap: type=1400 audit(0.0:3695): avc: denied { open } for path="/dev/fastpipe" dev="tmpfs" ino=3085 scontext=u:r:shell:s0 tcontext=u:object_r:device:s0 tclass=chr_file permissive=1
05-27 18:15:43.293 14510 14510 I screencap: type=1400 audit(0.0:3696): avc: denied { ioctl } for path="/dev/fastpipe" dev="tmpfs" ino=3085 ioctlcmd=6864 scontext=u:r:shell:s0 tcontext=u:object_r:device:s0 tclass=chr_file permissive=1
05-27 18:15:43.296 14510 14510 I screencap: type=1400 audit(0.0:3697): avc: denied { open } for path="/data/local/cfg-zieih/gl_force" dev="sdb2" ino=393567 scontext=u:r:shell:s0 tcontext=u:object_r:system_data_file:s0 tclass=file permissive=1
05-27 18:15:43.299 14510 14510 I         : fastpipe: Connect success
05-27 18:15:43.301 14510 14510 I         : fastpipe: Connect success
05-27 18:15:43.301 14510 14510 D HostConnection: HostRPC::connect sucess: app=screencap, pid=14510, tid=14510, this=0x763893ee4540
05-27 18:15:43.302 14510 14510 D HostConnection: queryAndSetGLESMaxVersion select gles-version: 3.1 hostGLVersion:46 process:screencap
05-27 18:15:43.430 11589 11589 D MediaScannerReceiver: action: android.intent.action.MEDIA_SCANNER_SCAN_FILE path: /storage/emulated/0/e03_final_browser_profile_after.png
05-27 18:15:43.658 14519 14519 I appproc : app_process main with argv: /system/bin com.android.commands.input.Input keyevent 4 
05-27 18:15:43.658 14519 14519 D AndroidRuntime: >>>>>> START com.android.internal.os.RuntimeInit uid 2000 <<<<<<
05-27 18:15:43.662 14519 14519 E cutils-trace: Error opening trace file: No such file or directory (2)
05-27 18:15:43.684 14519 14519 V libnb   : enter native_bridge2_isCompatibleWith 3
05-27 18:15:43.700 14519 14519 I libnb   : Found /system/lib64/libhoudini.so version 3
05-27 18:15:43.735 14519 14519 I app_process: The ClassLoaderContext is a special shared library.
05-27 18:15:43.735 14519 14519 W app_process: Could not create mount namespace.
05-27 18:15:43.735 14519 14519 D nativebridge: PreInitializeNativeBridge name=unknown instruction_set=x86_64
05-27 18:15:43.736 14519 14519 W nativebridge: Failed to bind-mount /data/local/cfg-zieih/ as /proc/cpuinfo: No such file or directory
05-27 18:15:43.736 14519 14519 W nativebridge: Failed to bind-mount /system/lib64/x86_64/cpuinfo as /proc/cpuinfo: Operation not permitted
05-27 18:15:43.736 14519 14519 D nativebridge: call UnloadNativeBridge! state=2
05-27 18:15:43.768 14519 14519 D AndroidRuntime: Calling main entry com.android.commands.input.Input
05-27 18:15:43.769 14519 14519 I Input   : injectKeyEvent: KeyEvent { action=ACTION_DOWN, keyCode=KEYCODE_BACK, scanCode=0, metaState=0, flags=0x0, repeatCount=0, eventTime=10535769, downTime=10535769, deviceId=-1, source=0x101 }
05-27 18:15:43.789 14519 14519 I Input   : injectKeyEvent: KeyEvent { action=ACTION_UP, keyCode=KEYCODE_BACK, scanCode=0, metaState=0, flags=0x0, repeatCount=0, eventTime=10535769, downTime=10535769, deviceId=-1, source=0x101 }
05-27 18:15:43.795  1597  1614 D AutofillManagerService: onBackKeyPressed()
05-27 18:15:43.802 14320 14320 I cr_ChromeTabbedActivity: sendToBackground(): org.chromium.chrome.browser.tab.TabImpl@fbe1b8b
05-27 18:15:43.802  1597  2637 I ActivityManager: moveTaskToBack: TaskRecord{85398c1 #64 A=com.android.chrome U=0 StackId=62 sz=1}
05-27 18:15:43.808 14519 14519 D AndroidRuntime: Shutting down VM
05-27 18:15:43.808  1597  1613 W SchedPolicy: add_tid_to_cgroup failed to write '14320' (No space left on device); fd=24
05-27 18:15:43.808  1597  1613 W SchedPolicy: add_tid_to_cgroup failed to write '14173' (No space left on device); fd=27
05-27 18:15:43.808  1597  1613 W SchedPolicy: add_tid_to_cgroup failed to write '14367' (No space left on device); fd=24
05-27 18:15:43.808  1597  1613 W SchedPolicy: add_tid_to_cgroup failed to write '14399' (No space left on device); fd=24
05-27 18:15:43.809  2324  2324 W ContextImpl: Calling a method in the system process without a qualified user: android.app.ContextImpl.startService:1531 android.content.ContextWrapper.startService:664 android.content.ContextWrapper.startService:664 com.android.coreservice.CoreBroadcastReceiver.onReceive:45 android.app.ActivityThread.handleReceiver:3424 
05-27 18:15:43.841 14320 14320 W ProxyAndroidLoggerBackend: Too many Flogger logs received before configuration. Dropping old logs.
05-27 18:15:43.901  2324  2324 W ContextImpl: Calling a method in the system process without a qualified user: android.app.ContextImpl.startService:1531 android.content.ContextWrapper.startService:664 android.content.ContextWrapper.startService:664 com.android.coreservice.CoreBroadcastReceiver.onReceive:54 android.app.ActivityThread.handleReceiver:3424 
05-27 18:15:43.930  1597  1605 W System  : A resource failed to call close. 
05-27 18:15:43.931  1597  1605 I chatty  : uid=1000(system) FinalizerDaemon identical 29 lines
05-27 18:15:43.931  1597  1605 W System  : A resource failed to call close. 
05-27 18:15:43.941 14173 14200 E EGL_emulation: tid 14200: eglSurfaceAttrib(1504): error 0x3009 (EGL_BAD_MATCH)
05-27 18:15:43.941 14173 14200 W OpenGLRenderer: Failed to set EGL_SWAP_BEHAVIOR on surface 0x76388bd83100, error=EGL_BAD_MATCH
05-27 18:15:43.987  2324  2324 W ContextImpl: Calling a method in the system process without a qualified user: android.app.ContextImpl.startService:1531 android.content.ContextWrapper.startService:664 android.content.ContextWrapper.startService:664 com.android.coreservice.CoreBroadcastReceiver.onReceive:70 android.app.ActivityThread.handleReceiver:3424 
05-27 18:15:43.993  2324  2324 W ContextImpl: Calling a method in the system process without a qualified user: android.app.ContextImpl.startService:1531 android.content.ContextWrapper.startService:664 android.content.ContextWrapper.startService:664 com.android.coreservice.CoreBroadcastReceiver.onReceive:70 android.app.ActivityThread.handleReceiver:3424 
05-27 18:15:44.100  1597  1613 W SchedPolicy: add_tid_to_cgroup failed to write '14320' (No space left on device); fd=25
05-27 18:15:44.100  1597  1613 W SchedPolicy: add_tid_to_cgroup failed to write '14367' (No space left on device); fd=25
05-27 18:15:44.100  1597  1613 W SchedPolicy: add_tid_to_cgroup failed to write '2423' (No space left on device); fd=25
05-27 18:15:44.100  1597  1613 W SchedPolicy: add_tid_to_cgroup failed to write '14399' (No space left on device); fd=25
05-27 18:15:44.100  1597  1613 W SchedPolicy: add_tid_to_cgroup failed to write '2959' (No space left on device); fd=25
05-27 18:15:44.103 14320 14320 E cr_CompositorSurfaceMgr: surfaceDestroyed format : 4
05-27 18:15:44.124 14320 14320 I cr_A11yState: Enabled accessibility services: [io.github.ylimit.droidbotapp/io.github.privacystreams.accessibility.PSAccessibilityService, null]
05-27 18:15:44.124 14320 14320 I cr_A11yState: Running accessibility services: [io.github.ylimit.droidbotapp/io.github.privacystreams.accessibility.PSAccessibilityService]
05-27 18:15:44.124 14320 14320 I cr_A11yState: Max delay reached. Send information as is.
05-27 18:15:44.124 14320 14320 I cr_A11yState: Informing listeners of changes.
05-27 18:15:44.124 14320 14320 I cr_A11yState: New AccessibilityState: State{isComplexUserInteractionServiceEnabled=true, isTouchExplorationEnabled=false, isPerformGesturesEnabled=false, isAnyAccessibilityServiceEnabled=true, isAccessibilityToolPresent=true, isTextShowPasswordEnabled=true, isOnlyAutofillRunning=false, isOnlyPasswordManagersEnabled=false, isKnownScreenReaderEnabled=false}
05-27 18:15:44.136  1597  4173 I         : fastpipe: Connect success
05-27 18:15:44.136  1597  4173 D HostConnection: HostRPC::connect sucess: app=system_server, pid=1597, tid=4173, this=0x76386edcb4c0
05-27 18:15:44.137  1597  4173 D HostConnection: queryAndSetGLESMaxVersion select gles-version: 3.1 hostGLVersion:46 process:system_server
05-27 18:15:44.137  1597  4173 I ConfigStore: android::hardware::configstore::V1_0::ISurfaceFlingerConfigs::hasWideColorDisplay retrieved: 0
05-27 18:15:44.137  1597  4173 I ConfigStore: android::hardware::configstore::V1_0::ISurfaceFlingerConfigs::hasHDRDisplay retrieved: 0
05-27 18:15:44.137  1597  4173 I OpenGLRenderer: Initialized EGL, version 1.4
05-27 18:15:44.137  1597  4173 D OpenGLRenderer: Swap behavior 1
05-27 18:15:44.144  1597  4173 D EGL_emulation: eglCreateContext: 0x76386eab4d00: maj 3 min 1 rcv 4
05-27 18:15:44.149 14320 14366 I cr_BindingManager: onTrimMemory: level=20, size=0
05-27 18:15:44.173  1597  4173 D HostConnection: ExtendedRCEncoderContext GL_VERSION return OpenGL ES 3.1 v1
05-27 18:15:44.175  1597  4173 E eglCodecCommon: glUtilsParamSize: unknow param 0x00008c29
05-27 18:15:44.176  1597  4173 E eglCodecCommon: glUtilsParamSize: unknow param 0x000087fe
05-27 18:15:44.262  1597  1605 W System  : A resource failed to call close. 
05-27 18:15:44.262  1597  1605 I chatty  : uid=1000(system) FinalizerDaemon identical 28 lines
05-27 18:15:44.262  1597  1605 W System  : A resource failed to call close. 
05-27 18:15:44.316  1455  1455 I sensors@1.0-ser: type=1400 audit(0.0:3710): avc: denied { ioctl } for path="/dev/fastpipe" dev="tmpfs" ino=3085 ioctlcmd=6865 scontext=u:r:hal_sensors_default:s0 tcontext=u:object_r:device:s0 tclass=chr_file permissive=1
05-27 18:15:44.354  1597  2228 I ActivityManager: Killing 14367:com.android.chrome:sandboxed_process0/u0a59i93 (adj 0): isolated not needed
05-27 18:15:44.355  1597  1616 W libprocessgroup: kill(-14367, 9) failed: No such process
05-27 18:15:44.376 14320 14386 I cr_OPArchivePublisher: ADM threw while trying to remove a download. java.lang.IllegalArgumentException: input param 'ids' can't be null
05-27 18:15:44.381  1434  1434 I Zygote  : Process 14367 exited due to signal (9)
05-27 18:15:44.384  1597  1617 E KernelCpuSpeedReader: Failed to read cpu-freq: /sys/devices/system/cpu/cpu0/cpufreq/stats/time_in_state (No such file or directory)
05-27 18:15:44.384  1597  1617 E KernelWakelockReader: neither /proc/wakelocks nor /d/wakeup_sources exists
05-27 18:15:44.387  1597  1617 W BatteryStatsImpl: Couldn't get kernel wake lock stats
05-27 18:15:44.387  1597  1617 D KernelUidCpuTimeReader: Removing uids 99054-99054
05-27 18:15:44.387  1597  1617 D KernelUidCpuTimeReader: Removing uids 99055-99055
05-27 18:15:44.405  1597  1616 W libprocessgroup: kill(-14367, 9) failed: No such process
05-27 18:15:44.405  1597  1616 I libprocessgroup: Successfully killed process cgroup uid 99093 pid 14367 in 50ms
05-27 18:15:44.405  1597  1613 W BroadcastQueue: Background execution not allowed: receiving Intent { act=android.intent.action.DROPBOX_ENTRY_ADDED flg=0x10 (has extras) } to com.google.android.gms/.stats.service.DropBoxEntryAddedReceiver
05-27 18:15:44.405  1597  1613 W BroadcastQueue: Background execution not allowed: receiving Intent { act=android.intent.action.DROPBOX_ENTRY_ADDED flg=0x10 (has extras) } to com.google.android.gms/.chimera.GmsIntentOperationService$PersistentTrustedReceiver
05-27 18:15:44.428  1597  2228 W SchedPolicy: add_tid_to_cgroup failed to write '2423' (No space left on device); fd=24
05-27 18:15:44.437  1597  3601 W SchedPolicy: add_tid_to_cgroup failed to write '2423' (No space left on device); fd=25
05-27 18:15:45.084 14320 14320 I cr_A11yState: Enabled accessibility services: [io.github.ylimit.droidbotapp/io.github.privacystreams.accessibility.PSAccessibilityService, null]
05-27 18:15:45.084 14320 14320 I cr_A11yState: Running accessibility services: [io.github.ylimit.droidbotapp/io.github.privacystreams.accessibility.PSAccessibilityService]
05-27 18:15:45.084 14320 14320 I cr_A11yState: Will check again after 250 milliseconds.
05-27 18:15:45.336 14320 14320 I cr_A11yState: Enabled accessibility services: [io.github.ylimit.droidbotapp/io.github.privacystreams.accessibility.PSAccessibilityService, null]
05-27 18:15:45.336 14320 14320 I cr_A11yState: Running accessibility services: [io.github.ylimit.droidbotapp/io.github.privacystreams.accessibility.PSAccessibilityService]
05-27 18:15:45.336 14320 14320 I cr_A11yState: Will check again after 500 milliseconds.
05-27 18:15:45.837 14320 14320 I cr_A11yState: Enabled accessibility services: [io.github.ylimit.droidbotapp/io.github.privacystreams.accessibility.PSAccessibilityService, null]
05-27 18:15:45.837 14320 14320 I cr_A11yState: Running accessibility services: [io.github.ylimit.droidbotapp/io.github.privacystreams.accessibility.PSAccessibilityService]
05-27 18:15:45.837 14320 14320 I cr_A11yState: Will check again after 1000 milliseconds.
05-27 18:15:46.670 14320 14386 W chromium: [WARNING:net/cert/ev_root_ca_metadata.cc:119] Not implemented
05-27 18:15:46.840 14320 14320 I cr_A11yState: Enabled accessibility services: [io.github.ylimit.droidbotapp/io.github.privacystreams.accessibility.PSAccessibilityService, null]
05-27 18:15:46.840 14320 14320 I cr_A11yState: Running accessibility services: [io.github.ylimit.droidbotapp/io.github.privacystreams.accessibility.PSAccessibilityService]
05-27 18:15:46.840 14320 14320 I cr_A11yState: Will check again after 2000 milliseconds.
05-27 18:15:47.169 14320 14359 W GoogleApiManager: rv4 could not execute call because it requires feature (get_storage_info_api, 1).
05-27 18:15:48.866 14320 14320 I cr_A11yState: Enabled accessibility services: [io.github.ylimit.droidbotapp/io.github.privacystreams.accessibility.PSAccessibilityService, null]
05-27 18:15:48.866 14320 14320 I cr_A11yState: Running accessibility services: [io.github.ylimit.droidbotapp/io.github.privacystreams.accessibility.PSAccessibilityService]
05-27 18:15:48.866 14320 14320 I cr_A11yState: Will check again after 4000 milliseconds.
05-27 18:15:49.120 14320 14330 W JavaBinder: BinderProxy is being destroyed but the application did not call unlinkToDeath to unlink all of its death recipients beforehand.  Releasing leaked death recipient: gu5
05-27 18:15:51.598 14320 14386 W chromium: [WARNING:net/cert/ev_root_ca_metadata.cc:119] Not implemented
05-27 18:15:52.867 14320 14320 I cr_A11yState: Enabled accessibility services: [io.github.ylimit.droidbotapp/io.github.privacystreams.accessibility.PSAccessibilityService, null]
05-27 18:15:52.867 14320 14320 I cr_A11yState: Running accessibility services: [io.github.ylimit.droidbotapp/io.github.privacystreams.accessibility.PSAccessibilityService]
05-27 18:15:52.867 14320 14320 I cr_A11yState: Max delay reached. Send information as is.
05-27 18:15:52.867 14320 14320 I cr_A11yState: Informing listeners of changes.
05-27 18:15:52.868 14320 14320 I cr_A11yState: New AccessibilityState: State{isComplexUserInteractionServiceEnabled=true, isTouchExplorationEnabled=false, isPerformGesturesEnabled=false, isAnyAccessibilityServiceEnabled=true, isAccessibilityToolPresent=true, isTextShowPasswordEnabled=true, isOnlyAutofillRunning=false, isOnlyPasswordManagersEnabled=false, isKnownScreenReaderEnabled=false}
05-27 18:15:59.175  1597  1612 E memtrack: Couldn't load memtrack module
05-27 18:15:59.175  1597  1612 W android.os.Debug: failed to get memory consumption info: -1
05-27 18:15:59.176  2423  2423 D BoundBrokerSvc: onUnbind: Intent { act=com.google.android.gms.languageprofile.service.START pkg=com.google.android.gms }
05-27 18:15:59.182  1597  1612 E memtrack: Couldn't load memtrack module
05-27 18:15:59.182  1597  1612 W android.os.Debug: failed to get memory consumption info: -1
05-27 18:16:00.059  1751  1751 I RenderThread: type=1400 audit(0.0:3711): avc: denied { ioctl } for path="/dev/fastpipe" dev="tmpfs" ino=3085 ioctlcmd=6867 scontext=u:r:platform_app:s0:c512,c768 tcontext=u:object_r:device:s0 tclass=chr_file permissive=1
05-27 18:16:00.062  1450  1505 D EmuHWC2 : sent 144 syncs in 60s
05-27 18:16:00.063  1597  1612 E memtrack: Couldn't load memtrack module
05-27 18:16:00.063  1597  1612 W android.os.Debug: failed to get memory consumption info: -1
