05-27 18:30:12.347 16195 16195 I Input   : injectKeyEvent: KeyEvent { action=ACTION_DOWN, keyCode=KEYCODE_BACK, scanCode=0, metaState=0, flags=0x0, repeatCount=0, eventTime=11404347, downTime=11404347, deviceId=-1, source=0x101 }
05-27 18:30:12.365 16195 16195 I Input   : injectKeyEvent: KeyEvent { action=ACTION_UP, keyCode=KEYCODE_BACK, scanCode=0, metaState=0, flags=0x0, repeatCount=0, eventTime=11404347, downTime=11404347, deviceId=-1, source=0x101 }
05-27 18:30:12.371  1597  1614 D AutofillManagerService: onBackKeyPressed()
05-27 18:30:12.379  1488  1488 I storaged: type=1400 audit(0.0:4172): avc: denied { call } for scontext=u:r:storaged:s0 tcontext=u:r:init:s0 tclass=binder permissive=1
05-27 18:30:12.379 16001 16001 I cr_ChromeTabbedActivity: sendToBackground(): org.chromium.chrome.browser.tab.TabImpl@95d0081
05-27 18:30:12.379  1597 15993 I ActivityManager: moveTaskToBack: TaskRecord{7bcec86 #76 A=com.android.chrome U=0 StackId=74 sz=1}
05-27 18:30:12.383  1488  1499 E storaged: getDiskStats failed with result NOT_SUPPORTED and size 0
05-27 18:30:12.386  1597  1613 W SchedPolicy: add_tid_to_cgroup failed to write '16001' (No space left on device); fd=24
05-27 18:30:12.387 16195 16195 D AndroidRuntime: Shutting down VM
05-27 18:30:12.387  1597  1613 W SchedPolicy: add_tid_to_cgroup failed to write '15853' (No space left on device); fd=27
05-27 18:30:12.387  1597  1613 W SchedPolicy: add_tid_to_cgroup failed to write '16048' (No space left on device); fd=24
05-27 18:30:12.387  1597  1613 W SchedPolicy: add_tid_to_cgroup failed to write '16081' (No space left on device); fd=24
05-27 18:30:12.387  2324  2324 W ContextImpl: Calling a method in the system process without a qualified user: android.app.ContextImpl.startService:1531 android.content.ContextWrapper.startService:664 android.content.ContextWrapper.startService:664 com.android.coreservice.CoreBroadcastReceiver.onReceive:45 android.app.ActivityThread.handleReceiver:3424 
05-27 18:30:12.416 16001 16001 W ProxyAndroidLoggerBackend: Too many Flogger logs received before configuration. Dropping old logs.
05-27 18:30:12.481  2324  2324 W ContextImpl: Calling a method in the system process without a qualified user: android.app.ContextImpl.startService:1531 android.content.ContextWrapper.startService:664 android.content.ContextWrapper.startService:664 com.android.coreservice.CoreBroadcastReceiver.onReceive:54 android.app.ActivityThread.handleReceiver:3424 
05-27 18:30:12.499  1462  1462 I Binder:1462_1: type=1400 audit(0.0:4173): avc: denied { read write } for path="/dev/fastpipe" dev="tmpfs" ino=3085 scontext=u:r:untrusted_app:s0:c53,c256,c512,c768 tcontext=u:object_r:device:s0 tclass=chr_file permissive=1
05-27 18:30:12.499 15853 15853 I RenderThread: type=1400 audit(0.0:4174): avc: denied { ioctl } for path="/dev/fastpipe" dev="tmpfs" ino=3085 ioctlcmd=6869 scontext=u:r:untrusted_app:s0:c53,c256,c512,c768 tcontext=u:object_r:device:s0 tclass=chr_file permissive=1
05-27 18:30:12.506  2324  2324 W ContextImpl: Calling a method in the system process without a qualified user: android.app.ContextImpl.startService:1531 android.content.ContextWrapper.startService:664 android.content.ContextWrapper.startService:664 com.android.coreservice.CoreBroadcastReceiver.onReceive:70 android.app.ActivityThread.handleReceiver:3424 
05-27 18:30:12.509  2324  2324 W ContextImpl: Calling a method in the system process without a qualified user: android.app.ContextImpl.startService:1531 android.content.ContextWrapper.startService:664 android.content.ContextWrapper.startService:664 com.android.coreservice.CoreBroadcastReceiver.onReceive:70 android.app.ActivityThread.handleReceiver:3424 
05-27 18:30:12.515 15853 15879 E EGL_emulation: tid 15879: eglSurfaceAttrib(1504): error 0x3009 (EGL_BAD_MATCH)
05-27 18:30:12.515 15853 15879 W OpenGLRenderer: Failed to set EGL_SWAP_BEHAVIOR on surface 0x76388bd84100, error=EGL_BAD_MATCH
05-27 18:30:12.566  1462  1462 I Binder:1462_1: type=1400 audit(0.0:4175): avc: denied { read write } for path="/dev/fastpipe" dev="tmpfs" ino=3085 scontext=u:r:system_server:s0 tcontext=u:object_r:device:s0 tclass=chr_file permissive=1
05-27 18:30:12.600  1597  1605 W System  : A resource failed to call close. 
05-27 18:30:12.601  1597  1605 I chatty  : uid=1000(system) FinalizerDaemon identical 27 lines
05-27 18:30:12.601  1597  1605 W System  : A resource failed to call close. 
05-27 18:30:12.684  1597  1613 W SchedPolicy: add_tid_to_cgroup failed to write '16001' (No space left on device); fd=25
05-27 18:30:12.684  1597  1613 W SchedPolicy: add_tid_to_cgroup failed to write '16048' (No space left on device); fd=25
05-27 18:30:12.684  1597  1613 W SchedPolicy: add_tid_to_cgroup failed to write '2423' (No space left on device); fd=25
05-27 18:30:12.684  1597  1613 W SchedPolicy: add_tid_to_cgroup failed to write '16081' (No space left on device); fd=25
05-27 18:30:12.684  1597  1613 W SchedPolicy: add_tid_to_cgroup failed to write '2959' (No space left on device); fd=25
05-27 18:30:12.691 16001 16001 E cr_CompositorSurfaceMgr: surfaceDestroyed format : 4
05-27 18:30:12.707 16001 16001 I cr_A11yState: Enabled accessibility services: [io.github.ylimit.droidbotapp/io.github.privacystreams.accessibility.PSAccessibilityService, null]
05-27 18:30:12.707 16001 16001 I cr_A11yState: Running accessibility services: [io.github.ylimit.droidbotapp/io.github.privacystreams.accessibility.PSAccessibilityService]
05-27 18:30:12.707 16001 16001 I cr_A11yState: Max delay reached. Send information as is.
05-27 18:30:12.707 16001 16001 I cr_A11yState: Informing listeners of changes.
05-27 18:30:12.707 16001 16001 I cr_A11yState: New AccessibilityState: State{isComplexUserInteractionServiceEnabled=true, isTouchExplorationEnabled=false, isPerformGesturesEnabled=false, isAnyAccessibilityServiceEnabled=true, isAccessibilityToolPresent=true, isTextShowPasswordEnabled=true, isOnlyAutofillRunning=false, isOnlyPasswordManagersEnabled=false, isKnownScreenReaderEnabled=false}
05-27 18:30:12.722  1597  4173 I         : fastpipe: Connect success
05-27 18:30:12.722  1597  4173 D HostConnection: HostRPC::connect sucess: app=system_server, pid=1597, tid=4173, this=0x76386edcb4c0
05-27 18:30:12.723  1597  4173 D HostConnection: queryAndSetGLESMaxVersion select gles-version: 3.1 hostGLVersion:46 process:system_server
05-27 18:30:12.723  1597  4173 I ConfigStore: android::hardware::configstore::V1_0::ISurfaceFlingerConfigs::hasWideColorDisplay retrieved: 0
05-27 18:30:12.723  1597  4173 I ConfigStore: android::hardware::configstore::V1_0::ISurfaceFlingerConfigs::hasHDRDisplay retrieved: 0
05-27 18:30:12.723  1597  4173 I OpenGLRenderer: Initialized EGL, version 1.4
05-27 18:30:12.723  1597  4173 D OpenGLRenderer: Swap behavior 1
05-27 18:30:12.729  1597  4173 D EGL_emulation: eglCreateContext: 0x76386eab4d00: maj 3 min 1 rcv 4
05-27 18:30:12.749 16001 16047 I cr_BindingManager: onTrimMemory: level=20, size=0
05-27 18:30:12.762  1597  4173 D HostConnection: ExtendedRCEncoderContext GL_VERSION return OpenGL ES 3.1 v1
05-27 18:30:12.764  1597  4173 E eglCodecCommon: glUtilsParamSize: unknow param 0x00008c29
05-27 18:30:12.764  1597  4173 E eglCodecCommon: glUtilsParamSize: unknow param 0x000087fe
05-27 18:30:12.939  1597  2083 I ActivityManager: Killing 16048:com.android.chrome:sandboxed_process0/u0a59i106 (adj 0): isolated not needed
05-27 18:30:12.940  1597  1616 W libprocessgroup: kill(-16048, 9) failed: No such process
05-27 18:30:12.959  1434  1434 I Zygote  : Process 16048 exited cleanly (0)
05-27 18:30:12.962  1597  1617 E KernelCpuSpeedReader: Failed to read cpu-freq: /sys/devices/system/cpu/cpu0/cpufreq/stats/time_in_state (No such file or directory)
05-27 18:30:12.962  1597  1617 E KernelWakelockReader: neither /proc/wakelocks nor /d/wakeup_sources exists
05-27 18:30:12.968  1597  1617 W BatteryStatsImpl: Couldn't get kernel wake lock stats
05-27 18:30:12.982  1597  1616 W libprocessgroup: kill(-16048, 9) failed: No such process
05-27 18:30:12.982  1597  1616 I libprocessgroup: Successfully killed process cgroup uid 99106 pid 16048 in 42ms
05-27 18:30:12.983 16001 16068 I cr_OPArchivePublisher: ADM threw while trying to remove a download. java.lang.IllegalArgumentException: input param 'ids' can't be null
05-27 18:30:12.985  1597  1605 W System  : A resource failed to call close. 
05-27 18:30:12.985  1597  1605 I chatty  : uid=1000(system) FinalizerDaemon identical 22 lines
05-27 18:30:12.985  1597  1605 W System  : A resource failed to call close. 
05-27 18:30:12.986  1597  1613 W BroadcastQueue: Background execution not allowed: receiving Intent { act=android.intent.action.DROPBOX_ENTRY_ADDED flg=0x10 (has extras) } to com.google.android.gms/.stats.service.DropBoxEntryAddedReceiver
05-27 18:30:12.986  1597  1613 W BroadcastQueue: Background execution not allowed: receiving Intent { act=android.intent.action.DROPBOX_ENTRY_ADDED flg=0x10 (has extras) } to com.google.android.gms/.chimera.GmsIntentOperationService$PersistentTrustedReceiver
05-27 18:30:13.013  1597  2083 W SchedPolicy: add_tid_to_cgroup failed to write '2423' (No space left on device); fd=24
05-27 18:30:13.014  1597  2636 W SchedPolicy: add_tid_to_cgroup failed to write '2423' (No space left on device); fd=25
05-27 18:30:13.133  1597  1928 D DhcpClient: Unicasting DHCPREQUEST ciaddr=172.16.1.4 request=0.0.0.0 serverid=null to /172.16.1.3:67
05-27 18:30:13.142  1597  1996 D DhcpClient: Received packet: 00:db:58:57:cf:56 ACK: your new IP /172.16.1.4, netmask /255.255.255.0, gateways [/172.16.1.1] DNS servers: /198.18.0.2 /202.114.0.131 /202.114.0.242 , lease time 600
05-27 18:30:13.142  1597  1928 D DhcpClient: Renewed lease: IP address 172.16.1.4/24 Gateway 172.16.1.1  DNS servers: [ 198.18.0.2 202.114.0.131 202.114.0.242 ] Domains  DHCP server /172.16.1.3 Vendor info null lease 600 seconds
05-27 18:30:13.143  1597  1928 D DhcpClient: Scheduling renewal in 299s
05-27 18:30:13.143  1597  1928 D DhcpClient: Scheduling rebind in 524s
05-27 18:30:13.143  1597  1928 D DhcpClient: Scheduling expiry in 599s
05-27 18:30:14.793 16001 16001 I cr_A11yState: Enabled accessibility services: [io.github.ylimit.droidbotapp/io.github.privacystreams.accessibility.PSAccessibilityService, null]
05-27 18:30:14.793 16001 16001 I cr_A11yState: Running accessibility services: [io.github.ylimit.droidbotapp/io.github.privacystreams.accessibility.PSAccessibilityService]
05-27 18:30:14.793 16001 16001 I cr_A11yState: Will check again after 250 milliseconds.
05-27 18:30:15.044 16001 16001 I cr_A11yState: Enabled accessibility services: [io.github.ylimit.droidbotapp/io.github.privacystreams.accessibility.PSAccessibilityService, null]
05-27 18:30:15.044 16001 16001 I cr_A11yState: Running accessibility services: [io.github.ylimit.droidbotapp/io.github.privacystreams.accessibility.PSAccessibilityService]
05-27 18:30:15.044 16001 16001 I cr_A11yState: Will check again after 500 milliseconds.
05-27 18:30:15.546 16001 16001 I cr_A11yState: Enabled accessibility services: [io.github.ylimit.droidbotapp/io.github.privacystreams.accessibility.PSAccessibilityService, null]
05-27 18:30:15.546 16001 16001 I cr_A11yState: Running accessibility services: [io.github.ylimit.droidbotapp/io.github.privacystreams.accessibility.PSAccessibilityService]
05-27 18:30:15.546 16001 16001 I cr_A11yState: Will check again after 1000 milliseconds.
05-27 18:30:16.644 16001 16001 I cr_A11yState: Enabled accessibility services: [io.github.ylimit.droidbotapp/io.github.privacystreams.accessibility.PSAccessibilityService, null]
05-27 18:30:16.644 16001 16001 I cr_A11yState: Running accessibility services: [io.github.ylimit.droidbotapp/io.github.privacystreams.accessibility.PSAccessibilityService]
05-27 18:30:16.644 16001 16001 I cr_A11yState: Will check again after 2000 milliseconds.
05-27 18:30:16.645 16001 16069 W chromium: [WARNING:net/cert/ev_root_ca_metadata.cc:119] Not implemented
05-27 18:30:16.900 16001 16039 W GoogleApiManager: rv4 could not execute call because it requires feature (get_storage_info_api, 1).
05-27 18:30:17.014  1597  1605 W System  : A resource failed to call close. 
05-27 18:30:17.014  1597  1605 I chatty  : uid=1000(system) FinalizerDaemon identical 23 lines
05-27 18:30:17.014  1597  1605 W System  : A resource failed to call close. 
05-27 18:30:17.705 16001 16011 W JavaBinder: BinderProxy is being destroyed but the application did not call unlinkToDeath to unlink all of its death recipients beforehand.  Releasing leaked death recipient: gu5
05-27 18:30:18.673 16001 16001 I cr_A11yState: Enabled accessibility services: [io.github.ylimit.droidbotapp/io.github.privacystreams.accessibility.PSAccessibilityService, null]
05-27 18:30:18.673 16001 16001 I cr_A11yState: Running accessibility services: [io.github.ylimit.droidbotapp/io.github.privacystreams.accessibility.PSAccessibilityService]
05-27 18:30:18.673 16001 16001 I cr_A11yState: Will check again after 4000 milliseconds.
05-27 18:30:21.309 16001 16068 W chromium: [WARNING:net/cert/ev_root_ca_metadata.cc:119] Not implemented
05-27 18:30:22.398  1597  1612 E memtrack: Couldn't load memtrack module
05-27 18:30:22.399  1597  1612 W android.os.Debug: failed to get memory consumption info: -1
05-27 18:30:22.705 16001 16001 I cr_A11yState: Enabled accessibility services: [io.github.ylimit.droidbotapp/io.github.privacystreams.accessibility.PSAccessibilityService, null]
05-27 18:30:22.705 16001 16001 I cr_A11yState: Running accessibility services: [io.github.ylimit.droidbotapp/io.github.privacystreams.accessibility.PSAccessibilityService]
05-27 18:30:22.705 16001 16001 I cr_A11yState: Max delay reached. Send information as is.
05-27 18:30:22.705 16001 16001 I cr_A11yState: Informing listeners of changes.
05-27 18:30:22.705 16001 16001 I cr_A11yState: New AccessibilityState: State{isComplexUserInteractionServiceEnabled=true, isTouchExplorationEnabled=false, isPerformGesturesEnabled=false, isAnyAccessibilityServiceEnabled=true, isAccessibilityToolPresent=true, isTextShowPasswordEnabled=true, isOnlyAutofillRunning=false, isOnlyPasswordManagersEnabled=false, isKnownScreenReaderEnabled=false}
05-27 18:30:24.732  2423 16215 E memtrack: Couldn't load memtrack module
05-27 18:30:24.732  2423 16215 W android.os.Debug: failed to get memory consumption info: -1
05-27 18:30:25.513  1442  1579 V QCamera_Camera: getCameraInfo
05-27 18:30:25.513  1442  1579 V QCamera_BaseCamera: getCameraInfo
05-27 18:30:25.517  1442  1579 V QCamera_Camera: getCameraInfo
05-27 18:30:25.517  1442  1579 V QCamera_BaseCamera: getCameraInfo
05-27 18:30:25.546  1751  1751 I RenderThread: type=1400 audit(0.0:4182): avc: denied { ioctl } for path="/dev/fastpipe" dev="tmpfs" ino=3085 ioctlcmd=6867 scontext=u:r:platform_app:s0:c512,c768 tcontext=u:object_r:device:s0 tclass=chr_file permissive=1
05-27 18:30:26.360  1597  1605 W System  : A resource failed to call close. 
05-27 18:30:26.360  1597  1605 I chatty  : uid=1000(system) FinalizerDaemon identical 24 lines
05-27 18:30:26.360  1597  1605 W System  : A resource failed to call close. 
05-27 18:30:27.794  2423  2423 D BoundBrokerSvc: onUnbind: Intent { act=com.google.android.gms.languageprofile.service.START pkg=com.google.android.gms }
05-27 18:30:27.794  1597  1612 E memtrack: Couldn't load memtrack module
05-27 18:30:27.794  1597  1612 W android.os.Debug: failed to get memory consumption info: -1
05-27 18:30:29.239  1597  1735 E memtrack: Couldn't load memtrack module
05-27 18:30:29.239  1597  1735 W android.os.Debug: failed to get memory consumption info: -1
