05-27 18:29:51.785  2324  2324 W ContextImpl: Calling a method in the system process without a qualified user: android.app.ContextImpl.startService:1531 android.content.ContextWrapper.startService:664 android.content.ContextWrapper.startService:664 com.android.coreservice.CoreBroadcastReceiver.onReceive:54 android.app.ActivityThread.handleReceiver:3424 
05-27 18:29:51.819  2324  2324 W ContextImpl: Calling a method in the system process without a qualified user: android.app.ContextImpl.startService:1531 android.content.ContextWrapper.startService:664 android.content.ContextWrapper.startService:664 com.android.coreservice.CoreBroadcastReceiver.onReceive:70 android.app.ActivityThread.handleReceiver:3424 
05-27 18:29:51.819  2324  2324 W ContextImpl: Calling a method in the system process without a qualified user: android.app.ContextImpl.startService:1531 android.content.ContextWrapper.startService:664 android.content.ContextWrapper.startService:664 com.android.coreservice.CoreBroadcastReceiver.onReceive:70 android.app.ActivityThread.handleReceiver:3424 
05-27 18:29:51.831 15689 15711 E EGL_emulation: tid 15711: eglSurfaceAttrib(1504): error 0x3009 (EGL_BAD_MATCH)
05-27 18:29:51.832 15689 15711 W OpenGLRenderer: Failed to set EGL_SWAP_BEHAVIOR on surface 0x76388bd84100, error=EGL_BAD_MATCH
05-27 18:29:51.953  1597  1613 W SchedPolicy: add_tid_to_cgroup failed to write '15468' (No space left on device); fd=25
05-27 18:29:51.953  1597  1613 W SchedPolicy: add_tid_to_cgroup failed to write '15712' (No space left on device); fd=25
05-27 18:29:51.953  1597  1613 W SchedPolicy: add_tid_to_cgroup failed to write '2423' (No space left on device); fd=25
05-27 18:29:51.953  1597  1613 W SchedPolicy: add_tid_to_cgroup failed to write '15545' (No space left on device); fd=25
05-27 18:29:51.953  1597  1613 W SchedPolicy: add_tid_to_cgroup failed to write '2959' (No space left on device); fd=25
05-27 18:29:51.966 15468 15468 E cr_CompositorSurfaceMgr: surfaceDestroyed format : 4
05-27 18:29:51.978  1597  1605 W System  : A resource failed to call close. 
05-27 18:29:51.978  1597  1605 I chatty  : uid=1000(system) FinalizerDaemon identical 29 lines
05-27 18:29:51.978  1597  1605 W System  : A resource failed to call close. 
05-27 18:29:52.002 15468 15512 I cr_BindingManager: onTrimMemory: level=20, size=1
05-27 18:29:52.007 15468 15468 I cr_A11yState: Enabled accessibility services: [io.github.ylimit.droidbotapp/io.github.privacystreams.accessibility.PSAccessibilityService, null]
05-27 18:29:52.007 15468 15468 I cr_A11yState: Running accessibility services: [io.github.ylimit.droidbotapp/io.github.privacystreams.accessibility.PSAccessibilityService]
05-27 18:29:52.007 15468 15468 I cr_A11yState: Will check again after 4000 milliseconds.
05-27 18:29:52.008 15689 15689 I CT_REPRO: E04_modern_mitigation_negative | 1779877792008 | 7107 | TAB_HIDDEN | 6 | http://198.18.0.1:8000/samesite/check?step=ct_samesite_check_direct | com.android.chrome | Android 9 API 28 | 138.0.7204.179 | extras={timestampUptimeMillis=11384007}
05-27 18:29:52.010  1597 11959 I ActivityManager: Killing 15712:com.android.chrome:sandboxed_process2/u0a59i103 (adj 0): isolated not needed
05-27 18:29:52.010  1597  1616 W libprocessgroup: kill(-15712, 9) failed: No such process
05-27 18:29:52.018 15468 15468 I cr_CompositorSurfaceMgr: SurfaceState : detach from parent : 0
05-27 18:29:52.020 15468 15468 W cr_ContextualSearch: Warning, the 0 state was aborted.
05-27 18:29:52.021  2324  2324 W ContextImpl: Calling a method in the system process without a qualified user: android.app.ContextImpl.startService:1531 android.content.ContextWrapper.startService:664 android.content.ContextWrapper.startService:664 com.android.coreservice.CoreBroadcastReceiver.onReceive:54 android.app.ActivityThread.handleReceiver:3424 
05-27 18:29:52.023  1434  1434 I Zygote  : Process 15712 exited cleanly (0)
05-27 18:29:52.025  1597  1617 E KernelCpuSpeedReader: Failed to read cpu-freq: /sys/devices/system/cpu/cpu0/cpufreq/stats/time_in_state (No such file or directory)
05-27 18:29:52.025  1597  1617 E KernelWakelockReader: neither /proc/wakelocks nor /d/wakeup_sources exists
05-27 18:29:52.029  1597  1617 W BatteryStatsImpl: Couldn't get kernel wake lock stats
05-27 18:29:52.032  1462  1462 W SurfaceFlinger: couldn't log to binary event log: overflow.
05-27 18:29:52.042  1434  1434 D libnativeloader: CrashArm64 config not exist or not readable: /system/vendor/firmware_mnt/zieih/CrashArm64
05-27 18:29:52.042  1434  1434 I Zygote  : IsCopy  libcrashcatcher: 0
05-27 18:29:52.044  1597  1613 W BroadcastQueue: Background execution not allowed: receiving Intent { act=android.intent.action.DROPBOX_ENTRY_ADDED flg=0x10 (has extras) } to com.google.android.gms/.stats.service.DropBoxEntryAddedReceiver
05-27 18:29:52.044  1597  1613 W BroadcastQueue: Background execution not allowed: receiving Intent { act=android.intent.action.DROPBOX_ENTRY_ADDED flg=0x10 (has extras) } to com.google.android.gms/.chimera.GmsIntentOperationService$PersistentTrustedReceiver
05-27 18:29:52.047  1597  1615 I ActivityManager: Start proc 15808:com.android.chrome:sandboxed_process3/u0i104 for service com.android.chrome/org.chromium.content.app.SandboxedProcessService3
05-27 18:29:52.056  1597  1616 W libprocessgroup: kill(-15712, 9) failed: No such process
05-27 18:29:52.056  1597  1616 I libprocessgroup: Successfully killed process cgroup uid 99103 pid 15712 in 45ms
05-27 18:29:52.059 15808 15808 W nativebridge: Failed to bind-mount /data/local/cfg-zieih/ as /proc/cpuinfo: Not a directory
05-27 18:29:52.060 15808 15808 I Zygote  : seccomp disabled by setenforce 0
05-27 18:29:52.062 15808 15808 D nativebridge: call UnloadNativeBridge! state=1
05-27 18:29:52.063 15808 15808 I dboxed_process3: type=1400 audit(0.0:4059): avc: denied { open } for path="/data/local/cfg-zieih/app_device" dev="sdb2" ino=393551 scontext=u:r:isolated_app:s0:c104,c256,c512,c768 tcontext=u:object_r:system_data_file:s0 tclass=file permissive=1
05-27 18:29:52.073  1597  2766 W SchedPolicy: add_tid_to_cgroup failed to write '15808' (No space left on device); fd=25
05-27 18:29:52.078  1597  2766 W SchedPolicy: add_tid_to_cgroup failed to write '2423' (No space left on device); fd=24
05-27 18:29:52.085  1597  3566 W SchedPolicy: add_tid_to_cgroup failed to write '2423' (No space left on device); fd=25
05-27 18:29:52.116 15808 15808 I dboxed_process3: type=1400 audit(0.0:4060): avc: denied { getattr } for path="/data/data/com.android.chrome" dev="sdb2" ino=1048947 scontext=u:r:isolated_app:s0:c104,c256,c512,c768 tcontext=u:object_r:app_data_file:s0:c59,c256,c512,c768 tclass=dir permissive=1
05-27 18:29:52.126 15808 15808 D libnativeloader: CrashArm64 config not exist or not readable: /system/vendor/firmware_mnt/zieih/CrashArm64
05-27 18:29:52.128 15808 15808 W dboxed_process: Unknown chunk type '200'.
05-27 18:29:52.131 15808 15808 I cr_SplitCompatApp: version=138.0.7204.179 (720417927) minSdkVersion=26 isBundle=true processName=com.android.chrome:sandboxed_process3 isIsolatedProcess=true
05-27 18:29:52.133 15808 15808 W SystemServiceRegistry: No service published for: uimode
05-27 18:29:52.135 15808 15808 I cr_ChildProcessService: Creating new ChildProcessService pid=15808
05-27 18:29:52.152 15808 15833 I cr_LibraryLoader: Successfully loaded native library
05-27 18:29:52.152 15808 15833 I cr_CachingUmaRecorder: Flushed 2 samples from 2 histograms, 0 samples were dropped.
05-27 18:29:52.249  1455  1455 I sensors@1.0-ser: type=1400 audit(0.0:4061): avc: denied { ioctl } for path="/dev/fastpipe" dev="tmpfs" ino=3085 ioctlcmd=6865 scontext=u:r:hal_sensors_default:s0 tcontext=u:object_r:device:s0 tclass=chr_file permissive=1
05-27 18:29:53.075 15468 15468 I cr_A11yState: Enabled accessibility services: [io.github.ylimit.droidbotapp/io.github.privacystreams.accessibility.PSAccessibilityService, null]
05-27 18:29:53.075 15468 15468 I cr_A11yState: Running accessibility services: [io.github.ylimit.droidbotapp/io.github.privacystreams.accessibility.PSAccessibilityService]
05-27 18:29:53.075 15468 15468 I cr_A11yState: Max delay reached. Send information as is.
05-27 18:29:53.075 15468 15468 I cr_A11yState: Informing listeners of changes.
05-27 18:29:53.075 15468 15468 I cr_A11yState: New AccessibilityState: State{isComplexUserInteractionServiceEnabled=true, isTouchExplorationEnabled=false, isPerformGesturesEnabled=false, isAnyAccessibilityServiceEnabled=true, isAccessibilityToolPresent=true, isTextShowPasswordEnabled=true, isOnlyAutofillRunning=false, isOnlyPasswordManagersEnabled=false, isKnownScreenReaderEnabled=false}
05-27 18:29:53.413 15689 15689 I RenderThread: type=1400 audit(0.0:4062): avc: denied { ioctl } for path="/dev/fastpipe" dev="tmpfs" ino=3085 ioctlcmd=6867 scontext=u:r:untrusted_app:s0:c53,c256,c512,c768 tcontext=u:object_r:device:s0 tclass=chr_file permissive=1
05-27 18:29:53.429  1462  1462 I surfaceflinger: type=1400 audit(0.0:4063): avc: denied { ioctl } for path="/dev/fastpipe" dev="tmpfs" ino=3085 ioctlcmd=6867 scontext=u:r:surfaceflinger:s0 tcontext=u:object_r:device:s0 tclass=chr_file permissive=1
05-27 18:29:53.429  1462  1462 I surfaceflinger: type=1400 audit(0.0:4064): avc: denied { read write } for path="/dev/fastpipe" dev="tmpfs" ino=3085 scontext=u:r:hal_graphics_composer_default:s0 tcontext=u:object_r:device:s0 tclass=chr_file permissive=1
05-27 18:29:53.429  1450  1450 I composer@2.1-se: type=1400 audit(0.0:4065): avc: denied { ioctl } for path="/dev/fastpipe" dev="tmpfs" ino=3085 ioctlcmd=6867 scontext=u:r:hal_graphics_composer_default:s0 tcontext=u:object_r:device:s0 tclass=chr_file permissive=1
05-27 18:29:53.880  1597  3566 D ActivityManager: Task: com.android.launcher3.Launcher, ID: 2, Base: com.android.launcher3.Launcher, packageName: com.android.launcher3
05-27 18:29:53.880  1597  3566 I ActivityManager: Force stopping edu.mobilesec.ctrepro appid=10053 user=0: from pid 15844
05-27 18:29:53.880  1597  3566 I ActivityManager: Killing 15689:edu.mobilesec.ctrepro/u0a53 (adj 0): stop edu.mobilesec.ctrepro
05-27 18:29:53.880  1597  1616 W libprocessgroup: kill(-15689, 9) failed: No such process
05-27 18:29:53.881  1597  3566 W ActivityManager: Force removing ActivityRecord{b921916 u0 edu.mobilesec.ctrepro/.MainActivity t73}: app died, no saved state
05-27 18:29:53.883  1462  1541 W SurfaceFlinger: Attempting to destroy on removed layer: AppWindowToken{1cb9c84 token=Token{ddd9297 ActivityRecord{b921916 u0 edu.mobilesec.ctrepro/.MainActivity t73}}}#0
05-27 18:29:53.884  1597  3566 W SchedPolicy: add_tid_to_cgroup failed to write '2386' (No space left on device); fd=27
05-27 18:29:53.885  1597  3566 W SchedPolicy: add_tid_to_cgroup failed to write '2669' (No space left on device); fd=24
05-27 18:29:53.885  1597  3566 W SchedPolicy: add_tid_to_cgroup failed to write '4075' (No space left on device); fd=24
05-27 18:29:53.903  2324  2324 W ContextImpl: Calling a method in the system process without a qualified user: android.app.ContextImpl.startService:1531 android.content.ContextWrapper.startService:664 android.content.ContextWrapper.startService:664 com.android.coreservice.CoreBroadcastReceiver.onReceive:54 android.app.ActivityThread.handleReceiver:3424 
05-27 18:29:53.904  1433  1433 I Zygote  : Process 15689 exited due to signal (9)
05-27 18:29:53.924  1597  1622 W ActivityManager: setHasOverlayUi called on unknown pid: 15689
05-27 18:29:53.925  1597  1616 W libprocessgroup: kill(-15689, 9) failed: No such process
05-27 18:29:53.925  1597  1616 I libprocessgroup: Successfully killed process cgroup uid 10053 pid 15689 in 45ms
05-27 18:29:53.950  1934  1934 D CarrierSvcBindHelper: No carrier app for: 0
05-27 18:29:53.951  2324  2324 W ContextImpl: Calling a method in the system process without a qualified user: android.app.ContextImpl.sendBroadcast:1020 android.content.ContextWrapper.sendBroadcast:449 com.android.coreservice.TabManager.notifyClosing:413 com.android.coreservice.TabManager.updateInner:200 com.android.coreservice.TabManager.onUpdate:235 
05-27 18:29:53.970  2324  2324 I CoreService: notifyClosing notify tab closed taskPackageName:edu.mobilesec.ctrepro
05-27 18:29:53.996  1449  1449 I HwBinder:1449_2: type=1400 audit(0.0:4066): avc: denied { ioctl } for path="/dev/fastpipe" dev="tmpfs" ino=3085 ioctlcmd=6867 scontext=u:r:hal_graphics_allocator_default:s0 tcontext=u:object_r:device:s0 tclass=chr_file permissive=1
05-27 18:29:54.003  1449  1449 I HwBinder:1449_2: type=1400 audit(0.0:4067): avc: denied { read write } for name="fastpipe" dev="tmpfs" ino=3085 scontext=u:r:hal_graphics_allocator_default:s0 tcontext=u:object_r:device:s0 tclass=chr_file permissive=1
05-27 18:29:54.003  1449  1449 I HwBinder:1449_2: type=1400 audit(0.0:4068): avc: denied { open } for path="/dev/fastpipe" dev="tmpfs" ino=3085 scontext=u:r:hal_graphics_allocator_default:s0 tcontext=u:object_r:device:s0 tclass=chr_file permissive=1
05-27 18:29:54.007  1597  2082 I ActivityManager: START u0 {flg=0x10000000 cmp=edu.mobilesec.ctrepro/.MainActivity (has extras)} from uid 2000
05-27 18:29:54.013  2324  2324 W oid.coreservic: Unknown chunk type '200'.
05-27 18:29:54.019  2386  2643 E EGL_emulation: tid 2643: eglSurfaceAttrib(1504): error 0x3009 (EGL_BAD_MATCH)
05-27 18:29:54.019  2386  2643 W OpenGLRenderer: Failed to set EGL_SWAP_BEHAVIOR on surface 0x7638785fa500, error=EGL_BAD_MATCH
05-27 18:29:54.021  2324  2324 W ContextImpl: Calling a method in the system process without a qualified user: android.app.ContextImpl.startService:1531 android.content.ContextWrapper.startService:664 android.content.ContextWrapper.startService:664 com.android.coreservice.CoreBroadcastReceiver.onReceive:45 android.app.ActivityThread.handleReceiver:3424 
05-27 18:29:54.034  2324  2324 W ContextImpl: Calling a method in the system process without a qualified user: android.app.ContextImpl.startService:1531 android.content.ContextWrapper.startService:664 android.content.ContextWrapper.startService:664 com.android.coreservice.CoreBroadcastReceiver.onReceive:70 android.app.ActivityThread.handleReceiver:3424 
05-27 18:29:54.034  1597 15228 W SchedPolicy: add_tid_to_cgroup failed to write '2386' (No space left on device); fd=24
05-27 18:29:54.038  1597  1605 W System  : A resource failed to call close. 
05-27 18:29:54.038  1597  1605 I chatty  : uid=1000(system) FinalizerDaemon identical 29 lines
05-27 18:29:54.038  1597  1605 W System  : A resource failed to call close. 
05-27 18:29:54.041  2324  2324 W ContextImpl: Calling a method in the system process without a qualified user: android.app.ContextImpl.startService:1531 android.content.ContextWrapper.startService:664 android.content.ContextWrapper.startService:664 com.android.coreservice.CoreBroadcastReceiver.onReceive:54 android.app.ActivityThread.handleReceiver:3424 
05-27 18:29:54.086  2324  2324 W ContextImpl: Calling a method in the system process without a qualified user: android.app.ContextImpl.startService:1531 android.content.ContextWrapper.startService:664 android.content.ContextWrapper.startService:664 com.android.coreservice.CoreBroadcastReceiver.onReceive:45 android.app.ActivityThread.handleReceiver:3424 
05-27 18:29:54.092  1597  1615 I ActivityManager: Start proc 15853:edu.mobilesec.ctrepro/u0a53 for activity edu.mobilesec.ctrepro/.MainActivity
05-27 18:29:54.092  2324  2324 W ContextImpl: Calling a method in the system process without a qualified user: android.app.ContextImpl.startService:1531 android.content.ContextWrapper.startService:664 android.content.ContextWrapper.startService:664 com.android.coreservice.CoreBroadcastReceiver.onReceive:70 android.app.ActivityThread.handleReceiver:3424 
05-27 18:29:54.101 15853 15853 I Zygote  : seccomp disabled by setenforce 0
05-27 18:29:54.102 15853 15853 I bilesec.ctrepr: Late-enabling -Xcheck:jni
05-27 18:29:54.112 15853 15853 D nativebridge: call UnloadNativeBridge! state=1
05-27 18:29:54.124  1597 14313 W SchedPolicy: add_tid_to_cgroup failed to write '15853' (No space left on device); fd=27
05-27 18:29:54.127  1597  1612 I ActivityManager: Displayed edu.mobilesec.ctrepro/.MainActivity: +58ms
05-27 18:29:54.191  2324  2324 W ContextImpl: Calling a method in the system process without a qualified user: android.app.ContextImpl.startService:1531 android.content.ContextWrapper.startService:664 android.content.ContextWrapper.startService:664 com.android.coreservice.CoreBroadcastReceiver.onReceive:54 android.app.ActivityThread.handleReceiver:3424 
05-27 18:29:54.224 15853 15853 D libnativeloader: CrashArm64 config not exist or not readable: /system/vendor/firmware_mnt/zieih/CrashArm64
05-27 18:29:54.270  1597  1605 W System  : A resource failed to call close. 
05-27 18:29:54.270  1597  1605 I chatty  : uid=1000(system) FinalizerDaemon identical 28 lines
05-27 18:29:54.270  1597  1605 W System  : A resource failed to call close. 
05-27 18:29:54.317  1597  2082 W SchedPolicy: add_tid_to_cgroup failed to write '15468' (No space left on device); fd=24
05-27 18:29:54.318  1597  2082 W SchedPolicy: add_tid_to_cgroup failed to write '2423' (No space left on device); fd=24
05-27 18:29:54.318  1597  2082 W SchedPolicy: add_tid_to_cgroup failed to write '15545' (No space left on device); fd=24
05-27 18:29:54.318  1597  2082 W SchedPolicy: add_tid_to_cgroup failed to write '2959' (No space left on device); fd=24
05-27 18:29:54.319  1597  2082 W SchedPolicy: add_tid_to_cgroup failed to write '15468' (No space left on device); fd=25
05-27 18:29:54.319  1597  2082 W SchedPolicy: add_tid_to_cgroup failed to write '2423' (No space left on device); fd=25
05-27 18:29:54.319  1597  2082 W SchedPolicy: add_tid_to_cgroup failed to write '15545' (No space left on device); fd=25
05-27 18:29:54.319  1597  2082 W SchedPolicy: add_tid_to_cgroup failed to write '2959' (No space left on device); fd=25
05-27 18:29:54.321 15853 15853 D OpenGLRenderer: Skia GL Pipeline
05-27 18:29:54.322  2324  2324 W ContextImpl: Calling a method in the system process without a qualified user: android.app.ContextImpl.startService:1531 android.content.ContextWrapper.startService:664 android.content.ContextWrapper.startService:664 com.android.coreservice.CoreBroadcastReceiver.onReceive:54 android.app.ActivityThread.handleReceiver:3424 
05-27 18:29:54.352 15468 15468 I cr_CompositorSurfaceMgr: Transitioning to surface with format: -1
05-27 18:29:54.352 15853 15853 I CT_REPRO: E04_modern_mitigation_negative | 1779877794352 | 0 | SERVICE_CONNECTED | 0 | http://198.18.0.1:8000/headers/echo?probe=line1%0D%0AX-CT-Repro-Injected:%20yes | com.android.chrome | Android 9 API 28 | 138.0.7204.179 | component=com.android.chrome/org.chromium.chrome.browser.customtabs.CustomTabsConnectionService
05-27 18:29:54.396 15853 15853 I CT_REPRO: E04_modern_mitigation_negative | 1779877794395 | 0 | extraCallback:onWarmupCompleted | 10000 | http://198.18.0.1:8000/headers/echo?probe=line1%0D%0AX-CT-Repro-Injected:%20yes | com.android.chrome | Android 9 API 28 | 138.0.7204.179 | bundle={}
05-27 18:29:54.396 15853 15879 I         : fastpipe: Connect success
05-27 18:29:54.397 15853 15879 I         : fastpipe: Connect success
05-27 18:29:54.397 15853 15879 D HostConnection: HostRPC::connect sucess: app=edu.mobilesec.ctrepro, pid=15853, tid=15879, this=0x76388bce3400
05-27 18:29:54.398 15853 15879 D HostConnection: queryAndSetGLESMaxVersion select gles-version: 3.1 hostGLVersion:46 process:edu.mobilesec.ctrepro
05-27 18:29:54.399 15853 15879 I ConfigStore: android::hardware::configstore::V1_0::ISurfaceFlingerConfigs::hasWideColorDisplay retrieved: 0
05-27 18:29:54.400 15853 15879 I ConfigStore: android::hardware::configstore::V1_0::ISurfaceFlingerConfigs::hasHDRDisplay retrieved: 0
05-27 18:29:54.400 15853 15879 I OpenGLRenderer: Initialized EGL, version 1.4
05-27 18:29:54.400 15853 15879 D OpenGLRenderer: Swap behavior 1
05-27 18:29:54.405 15853 15879 D EGL_emulation: eglCreateContext: 0x76388bc5f9c0: maj 3 min 1 rcv 4
05-27 18:29:54.429 15853 15879 E eglCodecCommon: glUtilsParamSize: unknow param 0x000082da
05-27 18:29:54.429 15853 15879 E eglCodecCommon: glUtilsParamSize: unknow param 0x000082e5
05-27 18:29:54.433 15853 15879 D HostConnection: ExtendedRCEncoderContext GL_VERSION return OpenGL ES 3.1 v1
05-27 18:29:54.434 15853 15879 E eglCodecCommon: glUtilsParamSize: unknow param 0x00008c29
05-27 18:29:54.434 15853 15879 E eglCodecCommon: glUtilsParamSize: unknow param 0x000087fe
05-27 18:29:54.437 15853 15879 D vndksupport: Loading /vendor/lib64/hw/android.hardware.graphics.mapper@2.0-impl.so from current namespace instead of sphal namespace.
05-27 18:29:54.437 15853 15879 D vndksupport: Loading /vendor/lib64/hw/gralloc.default.so from current namespace instead of sphal namespace.
05-27 18:29:54.441 15853 15879 E EGL_emulation: tid 15879: eglSurfaceAttrib(1504): error 0x3009 (EGL_BAD_MATCH)
05-27 18:29:54.441 15853 15879 W OpenGLRenderer: Failed to set EGL_SWAP_BEHAVIOR on surface 0x76388bd84100, error=EGL_BAD_MATCH
05-27 18:29:54.467  2324  2324 W ContextImpl: Calling a method in the system process without a qualified user: android.app.ContextImpl.startService:1531 android.content.ContextWrapper.startService:664 android.content.ContextWrapper.startService:664 com.android.coreservice.CoreBroadcastReceiver.onReceive:70 android.app.ActivityThread.handleReceiver:3424 
05-27 18:29:54.467  2324  2324 W ContextImpl: Calling a method in the system process without a qualified user: android.app.ContextImpl.startService:1531 android.content.ContextWrapper.startService:664 android.content.ContextWrapper.startService:664 com.android.coreservice.CoreBroadcastReceiver.onReceive:70 android.app.ActivityThread.handleReceiver:3424 
05-27 18:29:54.484  1597 14313 W SchedPolicy: add_tid_to_cgroup failed to write '2386' (No space left on device); fd=25
05-27 18:29:54.484  1597 14313 W SchedPolicy: add_tid_to_cgroup failed to write '2669' (No space left on device); fd=25
05-27 18:29:54.484  1597 14313 W SchedPolicy: add_tid_to_cgroup failed to write '4075' (No space left on device); fd=25
05-27 18:29:54.499  2386  2386 I RenderThread: type=1400 audit(0.0:4084): avc: denied { ioctl } for path="/dev/fastpipe" dev="tmpfs" ino=3085 ioctlcmd=6867 scontext=u:r:untrusted_app:s0:c33,c256,c512,c768 tcontext=u:object_r:device:s0 tclass=chr_file permissive=1
05-27 18:29:54.526  1462  1537 W SurfaceFlinger: Attempting to set client state on removed layer: Splash Screen edu.mobilesec.ctrepro#0
05-27 18:29:54.526  1462  1537 W SurfaceFlinger: Attempting to destroy on removed layer: Splash Screen edu.mobilesec.ctrepro#0
05-27 18:29:55.822 15853 15853 I CT_REPRO: E04_modern_mitigation_negative | 1779877795822 | 1 | LAUNCH_REQUESTED | 0 | http://198.18.0.1:8000/headers/echo?probe=line1%0D%0AX-CT-Repro-Injected:%20yes | com.android.chrome | Android 9 API 28 | 138.0.7204.179 | 准备打开 Custom Tab
05-27 18:29:55.829  1597  2082 I ActivityManager: START u0 {act=android.intent.action.VIEW dat=http://198.18.0.1:8000/... pkg=com.android.chrome cmp=com.android.chrome/com.google.android.apps.chrome.IntentDispatcher (has extras)} from uid 10053
05-27 18:29:55.846  1597  1612 E memtrack: Couldn't load memtrack module
05-27 18:29:55.846  1597  1612 W android.os.Debug: failed to get memory consumption info: -1
05-27 18:29:55.846  2324  2324 W ContextImpl: Calling a method in the system process without a qualified user: android.app.ContextImpl.startService:1531 android.content.ContextWrapper.startService:664 android.content.ContextWrapper.startService:664 com.android.coreservice.CoreBroadcastReceiver.onReceive:45 android.app.ActivityThread.handleReceiver:3424 
05-27 18:29:55.850  1597  2082 W SchedPolicy: add_tid_to_cgroup failed to write '15468' (No space left on device); fd=27
05-27 18:29:55.850 15468 15468 W ActivityThread: handleWindowVisibility: no activity for token android.os.BinderProxy@1b54fa0
05-27 18:29:55.850  1597  2082 W SchedPolicy: add_tid_to_cgroup failed to write '15853' (No space left on device); fd=24
05-27 18:29:55.850  1597  2082 W SchedPolicy: add_tid_to_cgroup failed to write '2423' (No space left on device); fd=24
05-27 18:29:55.850  1597  2082 W SchedPolicy: add_tid_to_cgroup failed to write '15545' (No space left on device); fd=27
05-27 18:29:55.850  1597  2082 W SchedPolicy: add_tid_to_cgroup failed to write '2959' (No space left on device); fd=24
05-27 18:29:55.926  1597  1698 D WIFI    : got request NetworkRequest [ TRACK_DEFAULT id=156, [ Capabilities: INTERNET&NOT_RESTRICTED&TRUSTED Unwanted:  Uid: 10059] ] with score 60
05-27 18:29:55.926  1597  1730 D Ethernet: got request NetworkRequest [ TRACK_DEFAULT id=156, [ Capabilities: INTERNET&NOT_RESTRICTED&TRUSTED Unwanted:  Uid: 10059] ] with score 60
05-27 18:29:55.926  1597  1698 D WIFI_UT : got request NetworkRequest [ TRACK_DEFAULT id=156, [ Capabilities: INTERNET&NOT_RESTRICTED&TRUSTED Unwanted:  Uid: 10059] ] with score 60
05-27 18:29:55.926  1934  1934 D PhoneSwitcherNetworkRequstListener: got request NetworkRequest [ TRACK_DEFAULT id=156, [ Capabilities: INTERNET&NOT_RESTRICTED&TRUSTED Unwanted:  Uid: 10059] ] with score 60
05-27 18:29:55.926  1597  1729 D WIFI_AWARE_FACTORY: got request NetworkRequest [ TRACK_DEFAULT id=156, [ Capabilities: INTERNET&NOT_RESTRICTED&TRUSTED Unwanted:  Uid: 10059] ] with score 60
05-27 18:29:55.991  1597  1605 W System  : A resource failed to call close. 
05-27 18:29:55.992  1597  1605 I chatty  : uid=1000(system) FinalizerDaemon identical 32 lines
05-27 18:29:55.992  1597  1605 W System  : A resource failed to call close. 
05-27 18:29:56.039 15468 15468 W cr_ActivityDispatcher: CustomTabsIntent#shouldAlwaysUseBrowserUI() = false
05-27 18:29:56.039 15468 15468 W cr_ActivityDispatcher: CustomTabsIntent#shouldAlwaysUseBrowserUI() = false
05-27 18:29:56.050  1597 15228 I ActivityManager: START u0 {act=android.intent.action.VIEW dat=http://198.18.0.1:8000/... flg=0x2800000 pkg=com.android.chrome cmp=com.android.chrome/org.chromium.chrome.browser.customtabs.CustomTabActivity (has extras)} from uid 10059
05-27 18:29:56.059  2324  2324 W ContextImpl: Calling a method in the system process without a qualified user: android.app.ContextImpl.startService:1531 android.content.ContextWrapper.startService:664 android.content.ContextWrapper.startService:664 com.android.coreservice.CoreBroadcastReceiver.onReceive:45 android.app.ActivityThread.handleReceiver:3424 
05-27 18:29:56.143 15468 15468 I .android.chrome: type=1400 audit(0.0:4085): avc: denied { read } for name="Applications" dev="sdcardfs" ino=655362 scontext=u:r:untrusted_app:s0:c59,c256,c512,c768 tcontext=u:object_r:sdcardfs:s0 tclass=lnk_file permissive=1
05-27 18:29:56.143 15468 15468 I .android.chrome: type=1400 audit(0.0:4086): avc: denied { search } for name="/" dev="vboxsf" ino=1 scontext=u:r:untrusted_app:s0:c59,c256,c512,c768 tcontext=u:object_r:unlabeled:s0 tclass=dir permissive=1
05-27 18:29:56.144 15468 15468 I cr_A11yState: Enabled accessibility services: [io.github.ylimit.droidbotapp/io.github.privacystreams.accessibility.PSAccessibilityService, null]
05-27 18:29:56.144 15468 15468 I cr_A11yState: Running accessibility services: [io.github.ylimit.droidbotapp/io.github.privacystreams.accessibility.PSAccessibilityService]
05-27 18:29:56.144 15468 15468 I cr_A11yState: Will check again after 250 milliseconds.
05-27 18:29:56.146  1597  1597 I Binder:1597_1E: type=1400 audit(0.0:4087): avc: denied { read } for name="Applications" dev="sdcardfs" ino=655362 scontext=u:r:system_server:s0 tcontext=u:object_r:sdcardfs:s0 tclass=lnk_file permissive=1
05-27 18:29:56.146 15468 15468 W ActivityThread: handleWindowVisibility: no activity for token android.os.BinderProxy@5d64893
05-27 18:29:56.150 15468 15468 W cr_ActivityDispatcher: CustomTabsIntent#shouldAlwaysUseBrowserUI() = false
05-27 18:29:56.159 15468 15468 W cr_ContextualSearch: No manager!
05-27 18:29:56.160 15468 15468 W cr_ActivityDispatcher: CustomTabsIntent#shouldAlwaysUseBrowserUI() = false
05-27 18:29:56.166  1597  2082 W SchedPolicy: add_tid_to_cgroup failed to write '15808' (No space left on device); fd=24
05-27 18:29:56.167  1597  2082 W SchedPolicy: add_tid_to_cgroup failed to write '15808' (No space left on device); fd=27
05-27 18:29:56.168 15853 15853 I CT_REPRO: E04_modern_mitigation_negative | 1779877796167 | 346 | TAB_SHOWN | 5 | http://198.18.0.1:8000/headers/echo?probe=line1%0D%0AX-CT-Repro-Injected:%20yes | com.android.chrome | Android 9 API 28 | 138.0.7204.179 | extras={timestampUptimeMillis=11388167}
05-27 18:29:56.180  1597  1605 W System  : A resource failed to call close. 
05-27 18:29:56.180  1597  1605 I chatty  : uid=1000(system) FinalizerDaemon identical 30 lines
05-27 18:29:56.180  1597  1605 W System  : A resource failed to call close. 
05-27 18:29:56.195 15468 15468 W cr_ActivityDispatcher: CustomTabsIntent#shouldAlwaysUseBrowserUI() = false
05-27 18:29:56.200 15468 15468 W cr_ActivityDispatcher: CustomTabsIntent#shouldAlwaysUseBrowserUI() = false
05-27 18:29:56.201 15468 15468 I cr_A11yState: Enabled accessibility services: [io.github.ylimit.droidbotapp/io.github.privacystreams.accessibility.PSAccessibilityService, null]
05-27 18:29:56.201 15468 15468 I cr_A11yState: Running accessibility services: [io.github.ylimit.droidbotapp/io.github.privacystreams.accessibility.PSAccessibilityService]
05-27 18:29:56.201 15468 15468 I cr_A11yState: Will check again after 500 milliseconds.
05-27 18:29:56.208  2324  2324 W ContextImpl: Calling a method in the system process without a qualified user: android.app.ContextImpl.startService:1531 android.content.ContextWrapper.startService:664 android.content.ContextWrapper.startService:664 com.android.coreservice.CoreBroadcastReceiver.onReceive:54 android.app.ActivityThread.handleReceiver:3424 
05-27 18:29:56.217 15853 15853 I CT_REPRO: E04_modern_mitigation_negative | 1779877796217 | 396 | NAVIGATION_STARTED | 1 | http://198.18.0.1:8000/headers/echo?probe=line1%0D%0AX-CT-Repro-Injected:%20yes | com.android.chrome | Android 9 API 28 | 138.0.7204.179 | extras={timestampUptimeMillis=11388215}
05-27 18:29:56.239  1462  1462 I Binder:1462_5: type=1400 audit(0.0:4088): avc: denied { read write } for path="/dev/fastpipe" dev="tmpfs" ino=3085 scontext=u:r:untrusted_app:s0:c59,c256,c512,c768 tcontext=u:object_r:device:s0 tclass=chr_file permissive=1
05-27 18:29:56.242 15468 15468 I cr_BrowserUiUtils: Recorded Startup.Android.FirstDrawCompletedTime = 89 ms
05-27 18:29:56.255 15468 15511 E EGL_emulation: tid 15511: eglSurfaceAttrib(1504): error 0x3009 (EGL_BAD_MATCH)
05-27 18:29:56.255 15468 15511 W OpenGLRenderer: Failed to set EGL_SWAP_BEHAVIOR on surface 0xec386020, error=EGL_BAD_MATCH
05-27 18:29:56.288  1597  1612 I ActivityManager: Displayed com.android.chrome/org.chromium.chrome.browser.customtabs.CustomTabActivity: +458ms
05-27 18:29:56.290 15468 15468 I cr_E2E_DCController: setSafeAreaConstraint: false
05-27 18:29:56.291 15853 15853 I CT_REPRO: E04_modern_mitigation_negative | 1779877796291 | 470 | NAVIGATION_FINISHED | 2 | http://198.18.0.1:8000/headers/echo?probe=line1%0D%0AX-CT-Repro-Injected:%20yes | com.android.chrome | Android 9 API 28 | 138.0.7204.179 | extras={timestampUptimeMillis=11388291}
05-27 18:29:56.293 15468 15468 I cr_CompositorSurfaceMgr: Transitioning to surface with format: -1
05-27 18:29:56.295 15468 15468 I cr_CompositorSurfaceMgr: surfaceCreated format: 0
05-27 18:29:56.357 15468 15468 D skia    : --- Failed to create image decoder with message 'unimplemented'
05-27 18:29:56.358 15545 15575 W chromium: [WARNING:components/viz/service/frame_sinks/root_compositor_frame_sink_impl.cc:985] Requested unsupported preferred frame interval 0.016666 s (=60.0024Hz)
05-27 18:29:56.365  2324  2324 W ContextImpl: Calling a method in the system process without a qualified user: android.app.ContextImpl.startService:1531 android.content.ContextWrapper.startService:664 android.content.ContextWrapper.startService:664 com.android.coreservice.CoreBroadcastReceiver.onReceive:70 android.app.ActivityThread.handleReceiver:3424 
05-27 18:29:56.366  2324  2324 W ContextImpl: Calling a method in the system process without a qualified user: android.app.ContextImpl.startService:1531 android.content.ContextWrapper.startService:664 android.content.ContextWrapper.startService:664 com.android.coreservice.CoreBroadcastReceiver.onReceive:70 android.app.ActivityThread.handleReceiver:3424 
05-27 18:29:56.373 15545 15545 I CrGpuMain: type=1400 audit(0.0:4089): avc: denied { ioctl } for path="/dev/fastpipe" dev="tmpfs" ino=3085 ioctlcmd=6867 scontext=u:r:untrusted_app:s0:c59,c256,c512,c768 tcontext=u:object_r:device:s0 tclass=chr_file permissive=1
05-27 18:29:56.389  1462  1462 I Binder:1462_1: type=1400 audit(0.0:4090): avc: denied { read write } for path="/dev/fastpipe" dev="tmpfs" ino=3085 scontext=u:r:untrusted_app:s0:c59,c256,c512,c768 tcontext=u:object_r:device:s0 tclass=chr_file permissive=1
05-27 18:29:56.403 15468 15468 I cr_A11yState: Enabled accessibility services: [io.github.ylimit.droidbotapp/io.github.privacystreams.accessibility.PSAccessibilityService, null]
05-27 18:29:56.403 15468 15468 I cr_A11yState: Running accessibility services: [io.github.ylimit.droidbotapp/io.github.privacystreams.accessibility.PSAccessibilityService]
05-27 18:29:56.403 15468 15468 I cr_A11yState: Will check again after 1000 milliseconds.
05-27 18:29:56.404 15468 15468 I cr_CustomTab: To create AuxiliarySearchController on deferred startup.
05-27 18:29:56.404  1597  2082 W SchedPolicy: add_tid_to_cgroup failed to write '15853' (No space left on device); fd=25
05-27 18:29:56.437  2324  2324 W ContextImpl: Calling a method in the system process without a qualified user: android.app.ContextImpl.startService:1531 android.content.ContextWrapper.startService:664 android.content.ContextWrapper.startService:664 com.android.coreservice.CoreBroadcastReceiver.onReceive:54 android.app.ActivityThread.handleReceiver:3424 
05-27 18:29:56.444  1597  1605 W System  : A resource failed to call close. 
05-27 18:29:56.444  1597  1605 I chatty  : uid=1000(system) FinalizerDaemon identical 29 lines
05-27 18:29:56.444  1597  1605 W System  : A resource failed to call close. 
05-27 18:29:56.482 15545 15567 E eglCodecCommon: glUtilsParamSize: unknow param 0x000088ef
05-27 18:29:56.482 15545 15567 E eglCodecCommon: glUtilsParamSize: unknow param 0x00000cf2
05-27 18:29:56.482 15545 15567 E eglCodecCommon: glUtilsParamSize: unknow param 0x00000cf3
05-27 18:29:56.482 15545 15567 E eglCodecCommon: glUtilsParamSize: unknow param 0x00000cf4
05-27 18:29:56.482 15545 15567 E eglCodecCommon: glUtilsParamSize: unknow param 0x0000806d
05-27 18:29:56.482 15545 15567 E eglCodecCommon: glUtilsParamSize: unknow param 0x0000806e
05-27 18:29:56.485 15545 15567 E eglCodecCommon: glUtilsParamSize: unknow param 0x000088ef
05-27 18:29:56.490 15545 15567 E eglCodecCommon: glUtilsParamSize: unknow param 0x00000cf2
05-27 18:29:56.490 15545 15567 E eglCodecCommon: glUtilsParamSize: unknow param 0x00000cf3
05-27 18:29:56.490 15545 15567 E eglCodecCommon: glUtilsParamSize: unknow param 0x00000cf4
05-27 18:29:56.490 15545 15567 E eglCodecCommon: glUtilsParamSize: unknow param 0x0000806d
05-27 18:29:56.490 15545 15567 E eglCodecCommon: glUtilsParamSize: unknow param 0x0000806e
05-27 18:29:56.490 15545 15567 E eglCodecCommon: glUtilsParamSize: unknow param 0x000088ef
05-27 18:29:56.490 15545 15567 E eglCodecCommon: glUtilsParamSize: unknow param 0x00000cf2
05-27 18:29:56.490 15545 15567 E eglCodecCommon: glUtilsParamSize: unknow param 0x00000cf3
05-27 18:29:56.490 15545 15567 E eglCodecCommon: glUtilsParamSize: unknow param 0x00000cf4
05-27 18:29:56.491 15545 15567 E eglCodecCommon: glUtilsParamSize: unknow param 0x0000806d
05-27 18:29:56.491 15545 15567 E eglCodecCommon: glUtilsParamSize: unknow param 0x0000806e
05-27 18:29:56.491 15545 15567 E eglCodecCommon: glUtilsParamSize: unknow param 0x000088ef
05-27 18:29:56.491 15545 15567 E eglCodecCommon: glUtilsParamSize: unknow param 0x00000cf2
05-27 18:29:56.491 15545 15567 E eglCodecCommon: glUtilsParamSize: unknow param 0x00000cf3
05-27 18:29:56.492 15545 15567 E eglCodecCommon: glUtilsParamSize: unknow param 0x00000cf4
05-27 18:29:56.492 15545 15567 E eglCodecCommon: glUtilsParamSize: unknow param 0x0000806d
05-27 18:29:56.492 15545 15567 E eglCodecCommon: glUtilsParamSize: unknow param 0x0000806e
05-27 18:29:56.494 15545 15567 E eglCodecCommon: glUtilsParamSize: unknow param 0x000088ef
05-27 18:29:56.495 15545 15567 E eglCodecCommon: glUtilsParamSize: unknow param 0x00000cf2
05-27 18:29:56.495 15545 15567 E eglCodecCommon: glUtilsParamSize: unknow param 0x00000cf3
05-27 18:29:56.495 15545 15567 E eglCodecCommon: glUtilsParamSize: unknow param 0x00000cf4
05-27 18:29:56.495 15545 15567 E eglCodecCommon: glUtilsParamSize: unknow param 0x0000806d
05-27 18:29:56.495 15545 15567 E eglCodecCommon: glUtilsParamSize: unknow param 0x0000806e
05-27 18:29:56.495 15545 15567 E eglCodecCommon: glUtilsParamSize: unknow param 0x000088ef
05-27 18:29:56.496 15545 15567 E eglCodecCommon: glUtilsParamSize: unknow param 0x00000cf2
05-27 18:29:56.496 15545 15567 E eglCodecCommon: glUtilsParamSize: unknow param 0x00000cf3
05-27 18:29:56.496 15545 15567 E eglCodecCommon: glUtilsParamSize: unknow param 0x00000cf4
05-27 18:29:56.496 15545 15567 E eglCodecCommon: glUtilsParamSize: unknow param 0x0000806d
05-27 18:29:56.496 15545 15567 E eglCodecCommon: glUtilsParamSize: unknow param 0x0000806e
05-27 18:29:56.506 15545 15567 E eglCodecCommon: glUtilsParamSize: unknow param 0x000088ef
05-27 18:29:56.506 15545 15567 E eglCodecCommon: glUtilsParamSize: unknow param 0x00000cf2
05-27 18:29:56.507 15545 15567 E eglCodecCommon: glUtilsParamSize: unknow param 0x00000cf3
05-27 18:29:56.507 15545 15567 E eglCodecCommon: glUtilsParamSize: unknow param 0x00000cf4
05-27 18:29:56.507 15545 15567 E eglCodecCommon: glUtilsParamSize: unknow param 0x0000806d
05-27 18:29:56.507 15545 15567 E eglCodecCommon: glUtilsParamSize: unknow param 0x0000806e
05-27 18:29:56.507 15545 15567 E eglCodecCommon: glUtilsParamSize: unknow param 0x000088ef
05-27 18:29:56.507 15545 15567 E eglCodecCommon: glUtilsParamSize: unknow param 0x00000cf2
05-27 18:29:56.507 15545 15567 E eglCodecCommon: glUtilsParamSize: unknow param 0x00000cf3
05-27 18:29:56.507 15545 15567 E eglCodecCommon: glUtilsParamSize: unknow param 0x00000cf4
05-27 18:29:56.507 15545 15567 E eglCodecCommon: glUtilsParamSize: unknow param 0x0000806d
05-27 18:29:56.508 15545 15567 E eglCodecCommon: glUtilsParamSize: unknow param 0x0000806e
05-27 18:29:56.701 15468 15468 I cr_A11yState: Enabled accessibility services: [io.github.ylimit.droidbotapp/io.github.privacystreams.accessibility.PSAccessibilityService, null]
05-27 18:29:56.701 15468 15468 I cr_A11yState: Running accessibility services: [io.github.ylimit.droidbotapp/io.github.privacystreams.accessibility.PSAccessibilityService]
05-27 18:29:56.701 15468 15468 I cr_A11yState: Will check again after 2000 milliseconds.
05-27 18:29:57.407 15468 15468 I cr_A11yState: Enabled accessibility services: [io.github.ylimit.droidbotapp/io.github.privacystreams.accessibility.PSAccessibilityService, null]
05-27 18:29:57.407 15468 15468 I cr_A11yState: Running accessibility services: [io.github.ylimit.droidbotapp/io.github.privacystreams.accessibility.PSAccessibilityService]
05-27 18:29:57.407 15468 15468 I cr_A11yState: Will check again after 4000 milliseconds.
05-27 18:29:58.702 15468 15468 I cr_A11yState: Enabled accessibility services: [io.github.ylimit.droidbotapp/io.github.privacystreams.accessibility.PSAccessibilityService, null]
05-27 18:29:58.702 15468 15468 I cr_A11yState: Running accessibility services: [io.github.ylimit.droidbotapp/io.github.privacystreams.accessibility.PSAccessibilityService]
05-27 18:29:58.702 15468 15468 I cr_A11yState: Max delay reached. Send information as is.
05-27 18:29:58.702 15468 15468 I cr_A11yState: Informing listeners of changes.
05-27 18:29:58.702 15468 15468 I cr_A11yState: New AccessibilityState: State{isComplexUserInteractionServiceEnabled=true, isTouchExplorationEnabled=false, isPerformGesturesEnabled=false, isAnyAccessibilityServiceEnabled=true, isAccessibilityToolPresent=true, isTextShowPasswordEnabled=true, isOnlyAutofillRunning=false, isOnlyPasswordManagersEnabled=false, isKnownScreenReaderEnabled=false}
05-27 18:30:00.016  1450  1505 D EmuHWC2 : sent 132 syncs in 60s
05-27 18:30:00.317 15545 15567 E eglCodecCommon: glUtilsParamSize: unknow param 0x000088ef
05-27 18:30:00.318 15545 15567 E eglCodecCommon: glUtilsParamSize: unknow param 0x00000cf2
05-27 18:30:00.318 15545 15567 E eglCodecCommon: glUtilsParamSize: unknow param 0x00000cf3
05-27 18:30:00.318 15545 15567 E eglCodecCommon: glUtilsParamSize: unknow param 0x00000cf4
05-27 18:30:00.318 15545 15567 E eglCodecCommon: glUtilsParamSize: unknow param 0x0000806d
05-27 18:30:00.318 15545 15567 E eglCodecCommon: glUtilsParamSize: unknow param 0x0000806e
05-27 18:30:00.319 15545 15567 E eglCodecCommon: glUtilsParamSize: unknow param 0x000088ef
05-27 18:30:00.319 15545 15567 E eglCodecCommon: glUtilsParamSize: unknow param 0x00000cf2
05-27 18:30:00.319 15545 15567 E eglCodecCommon: glUtilsParamSize: unknow param 0x00000cf3
05-27 18:30:00.319 15545 15567 E eglCodecCommon: glUtilsParamSize: unknow param 0x00000cf4
05-27 18:30:00.319 15545 15567 E eglCodecCommon: glUtilsParamSize: unknow param 0x0000806d
05-27 18:30:00.319 15545 15567 E eglCodecCommon: glUtilsParamSize: unknow param 0x0000806e
05-27 18:30:00.319 15545 15567 E eglCodecCommon: glUtilsParamSize: unknow param 0x000088ef
05-27 18:30:00.319 15545 15567 E eglCodecCommon: glUtilsParamSize: unknow param 0x00000cf2
05-27 18:30:00.319 15545 15567 E eglCodecCommon: glUtilsParamSize: unknow param 0x00000cf3
05-27 18:30:00.319 15545 15567 E eglCodecCommon: glUtilsParamSize: unknow param 0x00000cf4
05-27 18:30:00.319 15545 15567 E eglCodecCommon: glUtilsParamSize: unknow param 0x0000806d
05-27 18:30:00.320 15545 15567 E eglCodecCommon: glUtilsParamSize: unknow param 0x0000806e
05-27 18:30:01.016  1459  1459 I ldinit  : type=1400 audit(0.0:4091): avc: denied { read } for name="partitions" dev="proc" ino=4026532046 scontext=u:r:ldinit:s0 tcontext=u:object_r:proc:s0 tclass=file permissive=1
05-27 18:30:01.016  1459  1459 I ldinit  : type=1400 audit(0.0:4092): avc: denied { open } for path="/proc/partitions" dev="proc" ino=4026532046 scontext=u:r:ldinit:s0 tcontext=u:object_r:proc:s0 tclass=file permissive=1
05-27 18:30:01.016  1459  1459 I ldinit  : type=1400 audit(0.0:4093): avc: denied { getattr } for path="/proc/partitions" dev="proc" ino=4026532046 scontext=u:r:ldinit:s0 tcontext=u:object_r:proc:s0 tclass=file permissive=1
05-27 18:30:01.408 15468 15468 I cr_A11yState: Enabled accessibility services: [io.github.ylimit.droidbotapp/io.github.privacystreams.accessibility.PSAccessibilityService, null]
05-27 18:30:01.408 15468 15468 I cr_A11yState: Running accessibility services: [io.github.ylimit.droidbotapp/io.github.privacystreams.accessibility.PSAccessibilityService]
05-27 18:30:01.408 15468 15468 I cr_A11yState: Will check again after 250 milliseconds.
05-27 18:30:01.659 15468 15468 I cr_A11yState: Enabled accessibility services: [io.github.ylimit.droidbotapp/io.github.privacystreams.accessibility.PSAccessibilityService, null]
05-27 18:30:01.659 15468 15468 I cr_A11yState: Running accessibility services: [io.github.ylimit.droidbotapp/io.github.privacystreams.accessibility.PSAccessibilityService]
05-27 18:30:01.659 15468 15468 I cr_A11yState: Will check again after 500 milliseconds.
05-27 18:30:02.096  1462  1462 I Binder:1462_1: type=1400 audit(0.0:4094): avc: denied { read write } for path="/dev/fastpipe" dev="tmpfs" ino=3085 scontext=u:r:shell:s0 tcontext=u:object_r:device:s0 tclass=chr_file permissive=1
05-27 18:30:02.101 15927 15927 E cutils-trace: Error opening trace file: No such file or directory (2)
05-27 18:30:02.101 15927 15927 D vndksupport: Loading /vendor/lib64/hw/android.hardware.graphics.mapper@2.0-impl.so from current namespace instead of sphal namespace.
05-27 18:30:02.101 15927 15927 D vndksupport: Loading /vendor/lib64/hw/gralloc.default.so from current namespace instead of sphal namespace.
05-27 18:30:02.103 15927 15927 I screencap: type=1400 audit(0.0:4095): avc: denied { open } for path="/dev/fastpipe" dev="tmpfs" ino=3085 scontext=u:r:shell:s0 tcontext=u:object_r:device:s0 tclass=chr_file permissive=1
05-27 18:30:02.103 15927 15927 I screencap: type=1400 audit(0.0:4096): avc: denied { ioctl } for path="/dev/fastpipe" dev="tmpfs" ino=3085 ioctlcmd=6864 scontext=u:r:shell:s0 tcontext=u:object_r:device:s0 tclass=chr_file permissive=1
05-27 18:30:02.106 15927 15927 I screencap: type=1400 audit(0.0:4097): avc: denied { open } for path="/data/local/cfg-zieih/gl_force" dev="sdb2" ino=393567 scontext=u:r:shell:s0 tcontext=u:object_r:system_data_file:s0 tclass=file permissive=1
05-27 18:30:02.108 15927 15927 I         : fastpipe: Connect success
05-27 18:30:02.109 15927 15927 I         : fastpipe: Connect success
05-27 18:30:02.109 15927 15927 D HostConnection: HostRPC::connect sucess: app=screencap, pid=15927, tid=15927, this=0x763893ee4540
05-27 18:30:02.109 15927 15927 D HostConnection: queryAndSetGLESMaxVersion select gles-version: 3.1 hostGLVersion:46 process:screencap
05-27 18:30:02.167 15468 15468 I cr_A11yState: Enabled accessibility services: [io.github.ylimit.droidbotapp/io.github.privacystreams.accessibility.PSAccessibilityService, null]
05-27 18:30:02.167 15468 15468 I cr_A11yState: Running accessibility services: [io.github.ylimit.droidbotapp/io.github.privacystreams.accessibility.PSAccessibilityService]
05-27 18:30:02.167 15468 15468 I cr_A11yState: Will check again after 1000 milliseconds.
05-27 18:30:02.225 11589 11589 D MediaScannerReceiver: action: android.intent.action.MEDIA_SCANNER_SCAN_FILE path: /storage/emulated/0/e04_ct_header_crlf_probe.png
05-27 18:30:02.410 15936 15936 I appproc : app_process main with argv: /system/bin com.android.commands.input.Input keyevent 4 
05-27 18:30:02.410 15936 15936 D AndroidRuntime: >>>>>> START com.android.internal.os.RuntimeInit uid 2000 <<<<<<
05-27 18:30:02.412 15936 15936 E cutils-trace: Error opening trace file: No such file or directory (2)
05-27 18:30:02.427 15936 15936 V libnb   : enter native_bridge2_isCompatibleWith 3
05-27 18:30:02.435 15936 15936 I libnb   : Found /system/lib64/libhoudini.so version 3
05-27 18:30:02.459 15936 15936 I main    : type=1400 audit(0.0:4098): avc: denied { mounton } for path="/proc/cpuinfo" dev="proc" ino=4026531992 scontext=u:r:shell:s0 tcontext=u:object_r:proc_cpuinfo:s0 tclass=file permissive=1
05-27 18:30:02.462 15936 15936 I app_process: The ClassLoaderContext is a special shared library.
05-27 18:30:02.462 15936 15936 W app_process: Could not create mount namespace.
05-27 18:30:02.462 15936 15936 D nativebridge: PreInitializeNativeBridge name=unknown instruction_set=x86_64
05-27 18:30:02.462 15936 15936 W nativebridge: Failed to bind-mount /data/local/cfg-zieih/ as /proc/cpuinfo: No such file or directory
05-27 18:30:02.462 15936 15936 W nativebridge: Failed to bind-mount /system/lib64/x86_64/cpuinfo as /proc/cpuinfo: Operation not permitted
05-27 18:30:02.462 15936 15936 D nativebridge: call UnloadNativeBridge! state=2
05-27 18:30:02.484 15936 15936 D AndroidRuntime: Calling main entry com.android.commands.input.Input
05-27 18:30:02.484 15936 15936 I Input   : injectKeyEvent: KeyEvent { action=ACTION_DOWN, keyCode=KEYCODE_BACK, scanCode=0, metaState=0, flags=0x0, repeatCount=0, eventTime=11394484, downTime=11394484, deviceId=-1, source=0x101 }
05-27 18:30:02.501 15936 15936 I Input   : injectKeyEvent: KeyEvent { action=ACTION_UP, keyCode=KEYCODE_BACK, scanCode=0, metaState=0, flags=0x0, repeatCount=0, eventTime=11394484, downTime=11394484, deviceId=-1, source=0x101 }
05-27 18:30:02.507  1597  1614 D AutofillManagerService: onBackKeyPressed()
05-27 18:30:02.513 15936 15936 D AndroidRuntime: Shutting down VM
05-27 18:30:02.555  1597  2082 W SchedPolicy: add_tid_to_cgroup failed to write '15468' (No space left on device); fd=24
05-27 18:30:02.555  1597  2082 W SchedPolicy: add_tid_to_cgroup failed to write '15853' (No space left on device); fd=27
05-27 18:30:02.555  1597  2082 W SchedPolicy: add_tid_to_cgroup failed to write '15808' (No space left on device); fd=24
05-27 18:30:02.556  1597  2082 W SchedPolicy: add_tid_to_cgroup failed to write '15545' (No space left on device); fd=24
05-27 18:30:02.557  2324  2324 W ContextImpl: Calling a method in the system process without a qualified user: android.app.ContextImpl.startService:1531 android.content.ContextWrapper.startService:664 android.content.ContextWrapper.startService:664 com.android.coreservice.CoreBroadcastReceiver.onReceive:45 android.app.ActivityThread.handleReceiver:3424 
05-27 18:30:02.590  2324  2324 W ContextImpl: Calling a method in the system process without a qualified user: android.app.ContextImpl.startService:1531 android.content.ContextWrapper.startService:664 android.content.ContextWrapper.startService:664 com.android.coreservice.CoreBroadcastReceiver.onReceive:54 android.app.ActivityThread.handleReceiver:3424 
05-27 18:30:02.617  2324  2324 W ContextImpl: Calling a method in the system process without a qualified user: android.app.ContextImpl.startService:1531 android.content.ContextWrapper.startService:664 android.content.ContextWrapper.startService:664 com.android.coreservice.CoreBroadcastReceiver.onReceive:70 android.app.ActivityThread.handleReceiver:3424 
05-27 18:30:02.618  2324  2324 W ContextImpl: Calling a method in the system process without a qualified user: android.app.ContextImpl.startService:1531 android.content.ContextWrapper.startService:664 android.content.ContextWrapper.startService:664 com.android.coreservice.CoreBroadcastReceiver.onReceive:70 android.app.ActivityThread.handleReceiver:3424 
