05-27 18:30:05.725 16001 16001 I .android.chrom:   at java.lang.Class java.lang.ClassLoader.loadClass(java.lang.String) (ClassLoader.java:312)
05-27 18:30:05.725 16001 16001 I .android.chrom:   at y54 z54.a() (chromium-Monochrome.aab-stable-720417927:17)
05-27 18:30:05.725 16001 16001 I .android.chrom:   at boolean org.chromium.chrome.browser.safe_browsing.AdvancedProtectionStatusManagerAndroidBridge.isUnderAdvancedProtection() (chromium-Monochrome.aab-stable-720417927:13)
05-27 18:30:05.725 16001 16001 I .android.chrom:   at void android.os.MessageQueue.nativePollOnce(long, int) (MessageQueue.java:-2)
05-27 18:30:05.725 16001 16001 I .android.chrom:   at android.os.Message android.os.MessageQueue.next() (MessageQueue.java:326)
05-27 18:30:05.725 16001 16001 I .android.chrom:   at void android.os.Looper.loop() (Looper.java:160)
05-27 18:30:05.725 16001 16001 I .android.chrom:   at void android.app.ActivityThread.main(java.lang.String[]) (ActivityThread.java:6838)
05-27 18:30:05.725 16001 16001 I .android.chrom:   at java.lang.Object java.lang.reflect.Method.invoke(java.lang.Object, java.lang.Object[]) (Method.java:-2)
05-27 18:30:05.725 16001 16001 I .android.chrom:   at void com.android.internal.os.RuntimeInit$MethodAndArgsCaller.run() (RuntimeInit.java:493)
05-27 18:30:05.725 16001 16001 I .android.chrom:   at void com.android.internal.os.ZygoteInit.main(java.lang.String[]) (ZygoteInit.java:860)
05-27 18:30:05.725 16001 16001 I .android.chrom: 
05-27 18:30:05.725 16001 16001 I .android.chrom: Rejecting re-init on previously-failed class java.lang.Class<v54>: java.lang.NoClassDefFoundError: Failed resolution of: Landroid/security/advancedprotection/AdvancedProtectionManager$Callback;
05-27 18:30:05.725 16001 16001 I .android.chrom:   at y54 z54.a() (chromium-Monochrome.aab-stable-720417927:17)
05-27 18:30:05.725 16001 16001 I .android.chrom:   at boolean org.chromium.chrome.browser.safe_browsing.AdvancedProtectionStatusManagerAndroidBridge.isUnderAdvancedProtection() (chromium-Monochrome.aab-stable-720417927:13)
05-27 18:30:05.725 16001 16001 I .android.chrom:   at void android.os.MessageQueue.nativePollOnce(long, int) (MessageQueue.java:-2)
05-27 18:30:05.725 16001 16001 I .android.chrom:   at android.os.Message android.os.MessageQueue.next() (MessageQueue.java:326)
05-27 18:30:05.725 16001 16001 I .android.chrom:   at void android.os.Looper.loop() (Looper.java:160)
05-27 18:30:05.725 16001 16001 I .android.chrom:   at void android.app.ActivityThread.main(java.lang.String[]) (ActivityThread.java:6838)
05-27 18:30:05.725 16001 16001 I .android.chrom:   at java.lang.Object java.lang.reflect.Method.invoke(java.lang.Object, java.lang.Object[]) (Method.java:-2)
05-27 18:30:05.725 16001 16001 I .android.chrom:   at void com.android.internal.os.RuntimeInit$MethodAndArgsCaller.run() (RuntimeInit.java:493)
05-27 18:30:05.725 16001 16001 I .android.chrom:   at void com.android.internal.os.ZygoteInit.main(java.lang.String[]) (ZygoteInit.java:860)
05-27 18:30:05.726 16001 16001 I .android.chrom: Caused by: java.lang.ClassNotFoundException: Didn't find class "android.security.advancedprotection.AdvancedProtectionManager$Callback" on path: DexPathList[[zip file "/data/app/com.android.chrome-yGxuaLI28II_-ssLHdXtoQ==/split_chrome.apk"],nativeLibraryDirectories=[/system/lib, /system/vendor/lib]]
05-27 18:30:05.726 16001 16001 I .android.chrom:   at java.lang.Class dalvik.system.BaseDexClassLoader.findClass(java.lang.String) (BaseDexClassLoader.java:134)
05-27 18:30:05.726 16001 16001 I .android.chrom:   at java.lang.Class java.lang.ClassLoader.loadClass(java.lang.String, boolean) (ClassLoader.java:379)
05-27 18:30:05.726 16001 16001 I .android.chrom:   at java.lang.Class java.lang.ClassLoader.loadClass(java.lang.String) (ClassLoader.java:312)
05-27 18:30:05.726 16001 16001 I .android.chrom:   at y54 z54.a() (chromium-Monochrome.aab-stable-720417927:17)
05-27 18:30:05.726 16001 16001 I .android.chrom:   at boolean org.chromium.chrome.browser.safe_browsing.AdvancedProtectionStatusManagerAndroidBridge.isUnderAdvancedProtection() (chromium-Monochrome.aab-stable-720417927:13)
05-27 18:30:05.726 16001 16001 I .android.chrom:   at void android.os.MessageQueue.nativePollOnce(long, int) (MessageQueue.java:-2)
05-27 18:30:05.726 16001 16001 I .android.chrom:   at android.os.Message android.os.MessageQueue.next() (MessageQueue.java:326)
05-27 18:30:05.726 16001 16001 I .android.chrom:   at void android.os.Looper.loop() (Looper.java:160)
05-27 18:30:05.726 16001 16001 I .android.chrom:   at void android.app.ActivityThread.main(java.lang.String[]) (ActivityThread.java:6838)
05-27 18:30:05.726 16001 16001 I .android.chrom:   at java.lang.Object java.lang.reflect.Method.invoke(java.lang.Object, java.lang.Object[]) (Method.java:-2)
05-27 18:30:05.726 16001 16001 I .android.chrom:   at void com.android.internal.os.RuntimeInit$MethodAndArgsCaller.run() (RuntimeInit.java:493)
05-27 18:30:05.726 16001 16001 I .android.chrom:   at void com.android.internal.os.ZygoteInit.main(java.lang.String[]) (ZygoteInit.java:860)
05-27 18:30:05.726 16001 16001 I .android.chrom: 
05-27 18:30:05.732  1462  2227 W SurfaceFlinger: Attempting to set client state on removed layer: Splash Screen com.android.chrome#0
05-27 18:30:05.732  1462  2227 W SurfaceFlinger: Attempting to destroy on removed layer: Splash Screen com.android.chrome#0
05-27 18:30:05.745 16001 16070 D NetworkSecurityConfig: Using Network Security Config from resource 0_resource_name_obfuscated debugBuild: false
05-27 18:30:05.757 16001 16001 I chromium: [INFO:components/enterprise/browser/controller/chrome_browser_cloud_management_controller.cc:279] Deferring CBCM Controller Initialization until it is unblocked.
05-27 18:30:05.773 16001 16077 I PlayCore: UID: [10059]  PID: [16001] AppUpdateService : requestUpdateInfo(com.android.chrome)
05-27 18:30:05.774 16001 16080 I PlayCore: UID: [10059]  PID: [16001] AppUpdateService : Initiate binding to the service.
05-27 18:30:05.782  1597  6125 W SchedPolicy: add_tid_to_cgroup failed to write '2959' (No space left on device); fd=24
05-27 18:30:05.787  1434  1434 D libnativeloader: CrashArm64 config not exist or not readable: /system/vendor/firmware_mnt/zieih/CrashArm64
05-27 18:30:05.788  1434  1434 I Zygote  : IsCopy  libcrashcatcher: 0
05-27 18:30:05.797  1597  1615 I ActivityManager: Start proc 16081:com.android.chrome:privileged_process0/u0a59 for service com.android.chrome/org.chromium.content.app.PrivilegedProcessService0
05-27 18:30:05.803 16001 16001 W cr_SearchEngineDelegate: ensureIsDeviceChoiceRequiredSupplier() called on ineligible device
05-27 18:30:05.819 16081 16081 W nativebridge: Failed to bind-mount /data/local/cfg-zieih/ as /proc/cpuinfo: Not a directory
05-27 18:30:05.820 16081 16081 I Zygote  : seccomp disabled by setenforce 0
05-27 18:30:05.822 16081 16081 D nativebridge: call UnloadNativeBridge! state=1
05-27 18:30:05.834  1597  6125 W SchedPolicy: add_tid_to_cgroup failed to write '16081' (No space left on device); fd=27
05-27 18:30:05.843 16001 16001 W chromium: [WARNING:components/gcm_driver/instance_id/instance_id_android.cc:101] Non-zero TTL requested for InstanceID token, while TTLs are not supported by Android Firebase IID API.
05-27 18:30:05.843 16001 16077 W InstanceID: Instance ID SDK is deprecated, com.android.chrome should update to use Firebase Instance ID
05-27 18:30:05.848  2959  2990 I Finsky  : [165] pls.h(1): Triggered update for experiment package com.google.android.finsky.stable.
05-27 18:30:05.852  1597  6125 W SchedPolicy: add_tid_to_cgroup failed to write '2423' (No space left on device); fd=24
05-27 18:30:05.858 16001 16001 W chromium: [WARNING:components/gcm_driver/instance_id/instance_id_android.cc:101] Non-zero TTL requested for InstanceID token, while TTLs are not supported by Android Firebase IID API.
05-27 18:30:05.858 16001 16001 W chromium: [WARNING:components/gcm_driver/instance_id/instance_id_android.cc:101] Non-zero TTL requested for InstanceID token, while TTLs are not supported by Android Firebase IID API.
05-27 18:30:05.862  2423  2423 D BoundBrokerSvc: onBind: Intent { act=com.google.android.gms.auth.key.retrieval.service.START pkg=com.google.android.gms cmp=com.google.android.gms/.chimera.GmsApiService }
05-27 18:30:05.862  2423  2423 D BoundBrokerSvc: Loading bound service for intent: Intent { act=com.google.android.gms.auth.key.retrieval.service.START pkg=com.google.android.gms cmp=com.google.android.gms/.chimera.GmsApiService }
05-27 18:30:05.862 16001 16001 I cr_SmsProviderGms: construction successfull PM5@a9e2ac1, MM5@8a53266
05-27 18:30:05.869  2959  2959 I BlockingExecuto: type=1400 audit(0.0:4144): avc: denied { open } for path="/data/local/cfg-zieih/android7" dev="sdb2" ino=393549 scontext=u:r:untrusted_app:s0:c57,c256,c512,c768 tcontext=u:object_r:system_data_file:s0 tclass=file permissive=1
05-27 18:30:05.885  2324  2324 W ContextImpl: Calling a method in the system process without a qualified user: android.app.ContextImpl.startService:1531 android.content.ContextWrapper.startService:664 android.content.ContextWrapper.startService:664 com.android.coreservice.CoreBroadcastReceiver.onReceive:54 android.app.ActivityThread.handleReceiver:3424 
05-27 18:30:05.889 16081 16081 I ileged_process0: type=1400 audit(0.0:4145): avc: denied { read } for name="Applications" dev="sdcardfs" ino=655362 scontext=u:r:untrusted_app:s0:c59,c256,c512,c768 tcontext=u:object_r:sdcardfs:s0 tclass=lnk_file permissive=1
05-27 18:30:05.893 16081 16081 D libnativeloader: CrashArm64 config not exist or not readable: /system/vendor/firmware_mnt/zieih/CrashArm64
05-27 18:30:05.893 16081 16081 W ileged_process: JIT profile information will not be recorded: profile file does not exits.
05-27 18:30:05.893 16081 16081 W ileged_process: Unknown chunk type '200'.
05-27 18:30:05.902  2959  2965 I android.vendin: JIT allocated 60KB for compiled code of java.lang.Object fhp.e()
05-27 18:30:05.902  2959  2965 I android.vendin: Compiler allocated 5MB to compile java.lang.Object fhp.e()
05-27 18:30:05.908 16081 16081 I cr_SplitCompatApp: version=138.0.7204.179 (720417927) minSdkVersion=26 isBundle=true processName=com.android.chrome:privileged_process0 isIsolatedProcess=false
05-27 18:30:05.939  1597  1698 D WIFI    : got request NetworkRequest [ TRACK_DEFAULT id=158, [ Capabilities: INTERNET&NOT_RESTRICTED&TRUSTED Unwanted:  Uid: 10059] ] with score 60
05-27 18:30:05.939  1597  1730 D Ethernet: got request NetworkRequest [ TRACK_DEFAULT id=158, [ Capabilities: INTERNET&NOT_RESTRICTED&TRUSTED Unwanted:  Uid: 10059] ] with score 60
05-27 18:30:05.939  1597  1729 D WIFI_AWARE_FACTORY: got request NetworkRequest [ TRACK_DEFAULT id=158, [ Capabilities: INTERNET&NOT_RESTRICTED&TRUSTED Unwanted:  Uid: 10059] ] with score 60
05-27 18:30:05.939  1597  1698 D WIFI_UT : got request NetworkRequest [ TRACK_DEFAULT id=158, [ Capabilities: INTERNET&NOT_RESTRICTED&TRUSTED Unwanted:  Uid: 10059] ] with score 60
05-27 18:30:05.939 16081 16081 I cr_ChildProcessService: Creating new ChildProcessService pid=16081
05-27 18:30:05.939  1934  1934 D PhoneSwitcherNetworkRequstListener: got request NetworkRequest [ TRACK_DEFAULT id=158, [ Capabilities: INTERNET&NOT_RESTRICTED&TRUSTED Unwanted:  Uid: 10059] ] with score 60
05-27 18:30:05.960 16081 16101 I cr_LibraryLoader: Successfully loaded native library
05-27 18:30:05.960 16081 16101 I cr_CachingUmaRecorder: Flushed 2 samples from 2 histograms, 0 samples were dropped.
05-27 18:30:05.966 16081 16101 I         : fastpipe: Connect success
05-27 18:30:05.966 16081 16101 I         : fastpipe: Connect success
05-27 18:30:05.966 16081 16101 D HostConnection: HostRPC::connect sucess: app=com.android.chrome:privileged_process0, pid=16081, tid=16101, this=0xec0f1d80
05-27 18:30:05.967 16081 16101 D HostConnection: queryAndSetGLESMaxVersion select gles-version: 3.1 hostGLVersion:46 process:com.android.chrome:privileged_process0
05-27 18:30:05.968 16081 16101 I ConfigStore: android::hardware::configstore::V1_0::ISurfaceFlingerConfigs::hasWideColorDisplay retrieved: 0
05-27 18:30:05.968 16081 16101 I ConfigStore: android::hardware::configstore::V1_0::ISurfaceFlingerConfigs::hasHDRDisplay retrieved: 0
05-27 18:30:05.999 16081 16101 D EGL_emulation: eglCreateContext: 0xf2927760: maj 3 min 1 rcv 4
05-27 18:30:06.001 16081 16101 E eglCodecCommon: glUtilsParamSize: unknow param 0x000082da
05-27 18:30:06.001 16081 16101 E eglCodecCommon: glUtilsParamSize: unknow param 0x000082e5
05-27 18:30:06.004 16081 16101 D HostConnection: ExtendedRCEncoderContext GL_VERSION return OpenGL ES 3.1 v1
05-27 18:30:06.030 16001 16111 I CameraManagerGlobal: Connecting to camera service
05-27 18:30:06.032  2959 14884 W ProxyAndroidLoggerBackend: Too many Flogger logs received before configuration. Dropping old logs.
05-27 18:30:06.060  1597  1605 W System  : A resource failed to call close. 
05-27 18:30:06.061  1597  1605 I chatty  : uid=1000(system) FinalizerDaemon identical 29 lines
05-27 18:30:06.061  1597  1605 W System  : A resource failed to call close. 
05-27 18:30:06.064  2959 14884 W ProxyAndroidLoggerBackend: Too many Flogger logs received before configuration. Dropping old logs.
05-27 18:30:06.064  2959 14884 W ProxyAndroidLoggerBackend: Too many Flogger logs received before configuration. Dropping old logs.
05-27 18:30:06.080 16001 16070 I cr_CableAuthModuleProv: GMS Core version is too old to get linking information.
05-27 18:30:06.084  2959 14884 W ProxyAndroidLoggerBackend: Too many Flogger logs received before configuration. Dropping old logs.
05-27 18:30:06.086  2959  2990 I Finsky  : [165] pfh.g(3): Writing flags config, size 1.
05-27 18:30:06.090  2959  2990 I Finsky  : [165] pfh.g(3): Started writing experiment flags into file [8uKij9Tp4PZyjSvh8NyLyFvuCv94NONrKvkkdzEKIoQ].
05-27 18:30:06.091  2959  2990 I Finsky  : [165] pfh.g(17): Finished writing experiment flags into file [8uKij9Tp4PZyjSvh8NyLyFvuCv94NONrKvkkdzEKIoQ].
05-27 18:30:06.092  2959  2990 I Finsky  : [165] pls.g(22): Successfully applied new configurations for package com.google.android.finsky.stable.
05-27 18:30:06.092  2959  2989 I Finsky  : [164] pls.h(1): Triggered update for experiment package com.google.android.finsky.regular.
05-27 18:30:06.097 16001 16001 I cr_EnterpriseInfoImpl: #setCacheResult() deviceOwned:false profileOwned:false
05-27 18:30:06.097 16001 16001 I cr_EnterpriseInfo: #getManagedStateForNative() zE1@1699dbb
05-27 18:30:06.107 16001 16001 I .android.chrom: Rejecting re-init on previously-failed class java.lang.Class<f3>: java.lang.NoClassDefFoundError: Failed resolution of: Landroid/app/UiModeManager$ContrastChangeListener;
05-27 18:30:06.107 16001 16001 I .android.chrom:   at void org.chromium.ui.accessibility.AccessibilityState.j() (chromium-Monochrome.aab-stable-720417927:1)
05-27 18:30:06.107 16001 16001 I .android.chrom:   at void NJ4.run() (chromium-Monochrome.aab-stable-720417927:719)
05-27 18:30:06.107 16001 16001 I .android.chrom:   at void Hh0.run() (chromium-Monochrome.aab-stable-720417927:47)
05-27 18:30:06.107 16001 16001 I .android.chrom:   at void org.chromium.base.task.TaskRunnerImpl.runTask(int) (chromium-Monochrome.aab-stable-720417927:31)
05-27 18:30:06.107 16001 16001 I .android.chrom:   at void android.os.MessageQueue.nativePollOnce(long, int) (MessageQueue.java:-2)
05-27 18:30:06.107 16001 16001 I .android.chrom:   at android.os.Message android.os.MessageQueue.next() (MessageQueue.java:326)
05-27 18:30:06.107 16001 16001 I .android.chrom:   at void android.os.Looper.loop() (Looper.java:160)
05-27 18:30:06.107 16001 16001 I .android.chrom:   at void android.app.ActivityThread.main(java.lang.String[]) (ActivityThread.java:6838)
05-27 18:30:06.107 16001 16001 I .android.chrom:   at java.lang.Object java.lang.reflect.Method.invoke(java.lang.Object, java.lang.Object[]) (Method.java:-2)
05-27 18:30:06.107 16001 16001 I .android.chrom:   at void com.android.internal.os.RuntimeInit$MethodAndArgsCaller.run() (RuntimeInit.java:493)
05-27 18:30:06.107 16001 16001 I .android.chrom:   at void com.android.internal.os.ZygoteInit.main(java.lang.String[]) (ZygoteInit.java:860)
05-27 18:30:06.107 16001 16001 I .android.chrom: Caused by: java.lang.ClassNotFoundException: Didn't find class "android.app.UiModeManager$ContrastChangeListener" on path: DexPathList[[zip file "/data/app/com.android.chrome-yGxuaLI28II_-ssLHdXtoQ==/base.apk"],nativeLibraryDirectories=[/data/app/com.android.chrome-yGxuaLI28II_-ssLHdXtoQ==/lib/x86, /data/app/com.android.chrome-yGxuaLI28II_-ssLHdXtoQ==/base.apk!/lib/x86, /system/lib, /system/vendor/lib]]
05-27 18:30:06.107 16001 16001 I .android.chrom:   at java.lang.Class dalvik.system.BaseDexClassLoader.findClass(java.lang.String) (BaseDexClassLoader.java:134)
05-27 18:30:06.107 16001 16001 I .android.chrom:   at java.lang.Class java.lang.ClassLoader.loadClass(java.lang.String, boolean) (ClassLoader.java:379)
05-27 18:30:06.107 16001 16001 I .android.chrom:   at java.lang.Class java.lang.ClassLoader.loadClass(java.lang.String) (ClassLoader.java:312)
05-27 18:30:06.107 16001 16001 I .android.chrom:   at void org.chromium.ui.accessibility.AccessibilityState.j() (chromium-Monochrome.aab-stable-720417927:1)
05-27 18:30:06.107 16001 16001 I .android.chrom:   at void NJ4.run() (chromium-Monochrome.aab-stable-720417927:719)
05-27 18:30:06.107 16001 16001 I .android.chrom:   at void Hh0.run() (chromium-Monochrome.aab-stable-720417927:47)
05-27 18:30:06.107 16001 16001 I .android.chrom:   at void org.chromium.base.task.TaskRunnerImpl.runTask(int) (chromium-Monochrome.aab-stable-720417927:31)
05-27 18:30:06.107 16001 16001 I .android.chrom:   at void android.os.MessageQueue.nativePollOnce(long, int) (MessageQueue.java:-2)
05-27 18:30:06.107 16001 16001 I .android.chrom:   at android.os.Message android.os.MessageQueue.next() (MessageQueue.java:326)
05-27 18:30:06.107 16001 16001 I .android.chrom:   at void android.os.Looper.loop() (Looper.java:160)
05-27 18:30:06.107 16001 16001 I .android.chrom:   at void android.app.ActivityThread.main(java.lang.String[]) (ActivityThread.java:6838)
05-27 18:30:06.107 16001 16001 I .android.chrom:   at java.lang.Object java.lang.reflect.Method.invoke(java.lang.Object, java.lang.Object[]) (Method.java:-2)
05-27 18:30:06.107 16001 16001 I .android.chrom:   at void com.android.internal.os.RuntimeInit$MethodAndArgsCaller.run() (RuntimeInit.java:493)
05-27 18:30:06.107 16001 16001 I .android.chrom:   at void com.android.internal.os.ZygoteInit.main(java.lang.String[]) (ZygoteInit.java:860)
05-27 18:30:06.107 16001 16001 I .android.chrom: 
05-27 18:30:06.107 16001 16001 I .android.chrom: Rejecting re-init on previously-failed class java.lang.Class<f3>: java.lang.NoClassDefFoundError: Failed resolution of: Landroid/app/UiModeManager$ContrastChangeListener;
05-27 18:30:06.107 16001 16001 I .android.chrom:   at void org.chromium.ui.accessibility.AccessibilityState.j() (chromium-Monochrome.aab-stable-720417927:1)
05-27 18:30:06.107 16001 16001 I .android.chrom:   at void NJ4.run() (chromium-Monochrome.aab-stable-720417927:719)
05-27 18:30:06.107 16001 16001 I .android.chrom:   at void Hh0.run() (chromium-Monochrome.aab-stable-720417927:47)
05-27 18:30:06.107 16001 16001 I .android.chrom:   at void org.chromium.base.task.TaskRunnerImpl.runTask(int) (chromium-Monochrome.aab-stable-720417927:31)
05-27 18:30:06.107 16001 16001 I .android.chrom:   at void android.os.MessageQueue.nativePollOnce(long, int) (MessageQueue.java:-2)
05-27 18:30:06.107 16001 16001 I .android.chrom:   at android.os.Message android.os.MessageQueue.next() (MessageQueue.java:326)
05-27 18:30:06.107 16001 16001 I .android.chrom:   at void android.os.Looper.loop() (Looper.java:160)
05-27 18:30:06.107 16001 16001 I .android.chrom:   at void android.app.ActivityThread.main(java.lang.String[]) (ActivityThread.java:6838)
05-27 18:30:06.107 16001 16001 I .android.chrom:   at java.lang.Object java.lang.reflect.Method.invoke(java.lang.Object, java.lang.Object[]) (Method.java:-2)
05-27 18:30:06.107 16001 16001 I .android.chrom:   at void com.android.internal.os.RuntimeInit$MethodAndArgsCaller.run() (RuntimeInit.java:493)
05-27 18:30:06.107 16001 16001 I .android.chrom:   at void com.android.internal.os.ZygoteInit.main(java.lang.String[]) (ZygoteInit.java:860)
05-27 18:30:06.107 16001 16001 I .android.chrom: Caused by: java.lang.ClassNotFoundException: Didn't find class "android.app.UiModeManager$ContrastChangeListener" on path: DexPathList[[zip file "/data/app/com.android.chrome-yGxuaLI28II_-ssLHdXtoQ==/base.apk"],nativeLibraryDirectories=[/data/app/com.android.chrome-yGxuaLI28II_-ssLHdXtoQ==/lib/x86, /data/app/com.android.chrome-yGxuaLI28II_-ssLHdXtoQ==/base.apk!/lib/x86, /system/lib, /system/vendor/lib]]
05-27 18:30:06.107 16001 16001 I .android.chrom:   at java.lang.Class dalvik.system.BaseDexClassLoader.findClass(java.lang.String) (BaseDexClassLoader.java:134)
05-27 18:30:06.107 16001 16001 I .android.chrom:   at java.lang.Class java.lang.ClassLoader.loadClass(java.lang.String, boolean) (ClassLoader.java:379)
05-27 18:30:06.107 16001 16001 I .android.chrom:   at java.lang.Class java.lang.ClassLoader.loadClass(java.lang.String) (ClassLoader.java:312)
05-27 18:30:06.107 16001 16001 I .android.chrom:   at void org.chromium.ui.accessibility.AccessibilityState.j() (chromium-Monochrome.aab-stable-720417927:1)
05-27 18:30:06.107 16001 16001 I .android.chrom:   at void NJ4.run() (chromium-Monochrome.aab-stable-720417927:719)
05-27 18:30:06.107 16001 16001 I .android.chrom:   at void Hh0.run() (chromium-Monochrome.aab-stable-720417927:47)
05-27 18:30:06.107 16001 16001 I .android.chrom:   at void org.chromium.base.task.TaskRunnerImpl.runTask(int) (chromium-Monochrome.aab-stable-720417927:31)
05-27 18:30:06.107 16001 16001 I .android.chrom:   at void android.os.MessageQueue.nativePollOnce(long, int) (MessageQueue.java:-2)
05-27 18:30:06.107 16001 16001 I .android.chrom:   at android.os.Message android.os.MessageQueue.next() (MessageQueue.java:326)
05-27 18:30:06.107 16001 16001 I .android.chrom:   at void android.os.Looper.loop() (Looper.java:160)
05-27 18:30:06.107 16001 16001 I .android.chrom:   at void android.app.ActivityThread.main(java.lang.String[]) (ActivityThread.java:6838)
05-27 18:30:06.107 16001 16001 I .android.chrom:   at java.lang.Object java.lang.reflect.Method.invoke(java.lang.Object, java.lang.Object[]) (Method.java:-2)
05-27 18:30:06.107 16001 16001 I .android.chrom:   at void com.android.internal.os.RuntimeInit$MethodAndArgsCaller.run() (RuntimeInit.java:493)
05-27 18:30:06.107 16001 16001 I .android.chrom:   at void com.android.internal.os.ZygoteInit.main(java.lang.String[]) (ZygoteInit.java:860)
05-27 18:30:06.107 16001 16001 I .android.chrom: 
05-27 18:30:06.107 16001 16001 I .android.chrom: Rejecting re-init on previously-failed class java.lang.Class<f3>: java.lang.NoClassDefFoundError: Failed resolution of: Landroid/app/UiModeManager$ContrastChangeListener;
05-27 18:30:06.107 16001 16001 I .android.chrom:   at void org.chromium.ui.accessibility.AccessibilityState.j() (chromium-Monochrome.aab-stable-720417927:1)
05-27 18:30:06.107 16001 16001 I .android.chrom:   at void NJ4.run() (chromium-Monochrome.aab-stable-720417927:719)
05-27 18:30:06.107 16001 16001 I .android.chrom:   at void Hh0.run() (chromium-Monochrome.aab-stable-720417927:47)
05-27 18:30:06.107 16001 16001 I .android.chrom:   at void org.chromium.base.task.TaskRunnerImpl.runTask(int) (chromium-Monochrome.aab-stable-720417927:31)
05-27 18:30:06.107 16001 16001 I .android.chrom:   at void android.os.MessageQueue.nativePollOnce(long, int) (MessageQueue.java:-2)
05-27 18:30:06.107 16001 16001 I .android.chrom:   at android.os.Message android.os.MessageQueue.next() (MessageQueue.java:326)
05-27 18:30:06.107 16001 16001 I .android.chrom:   at void android.os.Looper.loop() (Looper.java:160)
05-27 18:30:06.107 16001 16001 I .android.chrom:   at void android.app.ActivityThread.main(java.lang.String[]) (ActivityThread.java:6838)
05-27 18:30:06.107 16001 16001 I .android.chrom:   at java.lang.Object java.lang.reflect.Method.invoke(java.lang.Object, java.lang.Object[]) (Method.java:-2)
05-27 18:30:06.107 16001 16001 I .android.chrom:   at void com.android.internal.os.RuntimeInit$MethodAndArgsCaller.run() (RuntimeInit.java:493)
05-27 18:30:06.107 16001 16001 I .android.chrom:   at void com.android.internal.os.ZygoteInit.main(java.lang.String[]) (ZygoteInit.java:860)
05-27 18:30:06.107 16001 16001 I .android.chrom: Caused by: java.lang.ClassNotFoundException: Didn't find class "android.app.UiModeManager$ContrastChangeListener" on path: DexPathList[[zip file "/data/app/com.android.chrome-yGxuaLI28II_-ssLHdXtoQ==/base.apk"],nativeLibraryDirectories=[/data/app/com.android.chrome-yGxuaLI28II_-ssLHdXtoQ==/lib/x86, /data/app/com.android.chrome-yGxuaLI28II_-ssLHdXtoQ==/base.apk!/lib/x86, /system/lib, /system/vendor/lib]]
05-27 18:30:06.107 16001 16001 I .android.chrom:   at java.lang.Class dalvik.system.BaseDexClassLoader.findClass(java.lang.String) (BaseDexClassLoader.java:134)
05-27 18:30:06.107 16001 16001 I .android.chrom:   at java.lang.Class java.lang.ClassLoader.loadClass(java.lang.String, boolean) (ClassLoader.java:379)
05-27 18:30:06.107 16001 16001 I .android.chrom:   at java.lang.Class java.lang.ClassLoader.loadClass(java.lang.String) (ClassLoader.java:312)
05-27 18:30:06.107 16001 16001 I .android.chrom:   at void org.chromium.ui.accessibility.AccessibilityState.j() (chromium-Monochrome.aab-stable-720417927:1)
05-27 18:30:06.107 16001 16001 I .android.chrom:   at void NJ4.run() (chromium-Monochrome.aab-stable-720417927:719)
05-27 18:30:06.107 16001 16001 I .android.chrom:   at void Hh0.run() (chromium-Monochrome.aab-stable-720417927:47)
05-27 18:30:06.107 16001 16001 I .android.chrom:   at void org.chromium.base.task.TaskRunnerImpl.runTask(int) (chromium-Monochrome.aab-stable-720417927:31)
05-27 18:30:06.107 16001 16001 I .android.chrom:   at void android.os.MessageQueue.nativePollOnce(long, int) (MessageQueue.java:-2)
05-27 18:30:06.107 16001 16001 I .android.chrom:   at android.os.Message android.os.MessageQueue.next() (MessageQueue.java:326)
05-27 18:30:06.107 16001 16001 I .android.chrom:   at void android.os.Looper.loop() (Looper.java:160)
05-27 18:30:06.107 16001 16001 I .android.chrom:   at void android.app.ActivityThread.main(java.lang.String[]) (ActivityThread.java:6838)
05-27 18:30:06.107 16001 16001 I .android.chrom:   at java.lang.Object java.lang.reflect.Method.invoke(java.lang.Object, java.lang.Object[]) (Method.java:-2)
05-27 18:30:06.107 16001 16001 I .android.chrom:   at void com.android.internal.os.RuntimeInit$MethodAndArgsCaller.run() (RuntimeInit.java:493)
05-27 18:30:06.107 16001 16001 I .android.chrom:   at void com.android.internal.os.ZygoteInit.main(java.lang.String[]) (ZygoteInit.java:860)
05-27 18:30:06.107 16001 16001 I .android.chrom: 
05-27 18:30:06.107 16001 16001 I .android.chrom: Rejecting re-init on previously-failed class java.lang.Class<f3>: java.lang.NoClassDefFoundError: Failed resolution of: Landroid/app/UiModeManager$ContrastChangeListener;
05-27 18:30:06.107 16001 16001 I .android.chrom:   at void org.chromium.ui.accessibility.AccessibilityState.j() (chromium-Monochrome.aab-stable-720417927:1)
05-27 18:30:06.107 16001 16001 I .android.chrom:   at void NJ4.run() (chromium-Monochrome.aab-stable-720417927:719)
05-27 18:30:06.107 16001 16001 I .android.chrom:   at void Hh0.run() (chromium-Monochrome.aab-stable-720417927:47)
05-27 18:30:06.107 16001 16001 I .android.chrom:   at void org.chromium.base.task.TaskRunnerImpl.runTask(int) (chromium-Monochrome.aab-stable-720417927:31)
05-27 18:30:06.107 16001 16001 I .android.chrom:   at void android.os.MessageQueue.nativePollOnce(long, int) (MessageQueue.java:-2)
05-27 18:30:06.107 16001 16001 I .android.chrom:   at android.os.Message android.os.MessageQueue.next() (MessageQueue.java:326)
05-27 18:30:06.107 16001 16001 I .android.chrom:   at void android.os.Looper.loop() (Looper.java:160)
05-27 18:30:06.107 16001 16001 I .android.chrom:   at void android.app.ActivityThread.main(java.lang.String[]) (ActivityThread.java:6838)
05-27 18:30:06.107 16001 16001 I .android.chrom:   at java.lang.Object java.lang.reflect.Method.invoke(java.lang.Object, java.lang.Object[]) (Method.java:-2)
05-27 18:30:06.107 16001 16001 I .android.chrom:   at void com.android.internal.os.RuntimeInit$MethodAndArgsCaller.run() (RuntimeInit.java:493)
05-27 18:30:06.107 16001 16001 I .android.chrom:   at void com.android.internal.os.ZygoteInit.main(java.lang.String[]) (ZygoteInit.java:860)
05-27 18:30:06.107 16001 16001 I .android.chrom: Caused by: java.lang.ClassNotFoundException: Didn't find class "android.app.UiModeManager$ContrastChangeListener" on path: DexPathList[[zip file "/data/app/com.android.chrome-yGxuaLI28II_-ssLHdXtoQ==/base.apk"],nativeLibraryDirectories=[/data/app/com.android.chrome-yGxuaLI28II_-ssLHdXtoQ==/lib/x86, /data/app/com.android.chrome-yGxuaLI28II_-ssLHdXtoQ==/base.apk!/lib/x86, /system/lib, /system/vendor/lib]]
05-27 18:30:06.107 16001 16001 I .android.chrom:   at java.lang.Class dalvik.system.BaseDexClassLoader.findClass(java.lang.String) (BaseDexClassLoader.java:134)
05-27 18:30:06.107 16001 16001 I .android.chrom:   at java.lang.Class java.lang.ClassLoader.loadClass(java.lang.String, boolean) (ClassLoader.java:379)
05-27 18:30:06.107 16001 16001 I .android.chrom:   at java.lang.Class java.lang.ClassLoader.loadClass(java.lang.String) (ClassLoader.java:312)
05-27 18:30:06.107 16001 16001 I .android.chrom:   at void org.chromium.ui.accessibility.AccessibilityState.j() (chromium-Monochrome.aab-stable-720417927:1)
05-27 18:30:06.107 16001 16001 I .android.chrom:   at void NJ4.run() (chromium-Monochrome.aab-stable-720417927:719)
05-27 18:30:06.107 16001 16001 I .android.chrom:   at void Hh0.run() (chromium-Monochrome.aab-stable-720417927:47)
05-27 18:30:06.107 16001 16001 I .android.chrom:   at void org.chromium.base.task.TaskRunnerImpl.runTask(int) (chromium-Monochrome.aab-stable-720417927:31)
05-27 18:30:06.107 16001 16001 I .android.chrom:   at void android.os.MessageQueue.nativePollOnce(long, int) (MessageQueue.java:-2)
05-27 18:30:06.107 16001 16001 I .android.chrom:   at android.os.Message android.os.MessageQueue.next() (MessageQueue.java:326)
05-27 18:30:06.107 16001 16001 I .android.chrom:   at void android.os.Looper.loop() (Looper.java:160)
05-27 18:30:06.107 16001 16001 I .android.chrom:   at void android.app.ActivityThread.main(java.lang.String[]) (ActivityThread.java:6838)
05-27 18:30:06.107 16001 16001 I .android.chrom:   at java.lang.Object java.lang.reflect.Method.invoke(java.lang.Object, java.lang.Object[]) (Method.java:-2)
05-27 18:30:06.107 16001 16001 I .android.chrom:   at void com.android.internal.os.RuntimeInit$MethodAndArgsCaller.run() (RuntimeInit.java:493)
05-27 18:30:06.107 16001 16001 I .android.chrom:   at void com.android.internal.os.ZygoteInit.main(java.lang.String[]) (ZygoteInit.java:860)
05-27 18:30:06.107 16001 16001 I .android.chrom: 
05-27 18:30:06.108 16001 16001 I .android.chrom: Rejecting re-init on previously-failed class java.lang.Class<f3>: java.lang.NoClassDefFoundError: Failed resolution of: Landroid/app/UiModeManager$ContrastChangeListener;
05-27 18:30:06.108 16001 16001 I .android.chrom:   at void org.chromium.ui.accessibility.AccessibilityState.j() (chromium-Monochrome.aab-stable-720417927:1)
05-27 18:30:06.108 16001 16001 I .android.chrom:   at void NJ4.run() (chromium-Monochrome.aab-stable-720417927:719)
05-27 18:30:06.108 16001 16001 I .android.chrom:   at void Hh0.run() (chromium-Monochrome.aab-stable-720417927:47)
05-27 18:30:06.108 16001 16001 I .android.chrom:   at void org.chromium.base.task.TaskRunnerImpl.runTask(int) (chromium-Monochrome.aab-stable-720417927:31)
05-27 18:30:06.108 16001 16001 I .android.chrom:   at void android.os.MessageQueue.nativePollOnce(long, int) (MessageQueue.java:-2)
05-27 18:30:06.108 16001 16001 I .android.chrom:   at android.os.Message android.os.MessageQueue.next() (MessageQueue.java:326)
05-27 18:30:06.108 16001 16001 I .android.chrom:   at void android.os.Looper.loop() (Looper.java:160)
05-27 18:30:06.108 16001 16001 I .android.chrom:   at void android.app.ActivityThread.main(java.lang.String[]) (ActivityThread.java:6838)
05-27 18:30:06.108 16001 16001 I .android.chrom:   at java.lang.Object java.lang.reflect.Method.invoke(java.lang.Object, java.lang.Object[]) (Method.java:-2)
05-27 18:30:06.108 16001 16001 I .android.chrom:   at void com.android.internal.os.RuntimeInit$MethodAndArgsCaller.run() (RuntimeInit.java:493)
05-27 18:30:06.108 16001 16001 I .android.chrom:   at void com.android.internal.os.ZygoteInit.main(java.lang.String[]) (ZygoteInit.java:860)
05-27 18:30:06.108 16001 16001 I .android.chrom: Caused by: java.lang.ClassNotFoundException: Didn't find class "android.app.UiModeManager$ContrastChangeListener" on path: DexPathList[[zip file "/data/app/com.android.chrome-yGxuaLI28II_-ssLHdXtoQ==/base.apk"],nativeLibraryDirectories=[/data/app/com.android.chrome-yGxuaLI28II_-ssLHdXtoQ==/lib/x86, /data/app/com.android.chrome-yGxuaLI28II_-ssLHdXtoQ==/base.apk!/lib/x86, /system/lib, /system/vendor/lib]]
05-27 18:30:06.108 16001 16001 I .android.chrom:   at java.lang.Class dalvik.system.BaseDexClassLoader.findClass(java.lang.String) (BaseDexClassLoader.java:134)
05-27 18:30:06.108 16001 16001 I .android.chrom:   at java.lang.Class java.lang.ClassLoader.loadClass(java.lang.String, boolean) (ClassLoader.java:379)
05-27 18:30:06.108 16001 16001 I .android.chrom:   at java.lang.Class java.lang.ClassLoader.loadClass(java.lang.String) (ClassLoader.java:312)
05-27 18:30:06.108 16001 16001 I .android.chrom:   at void org.chromium.ui.accessibility.AccessibilityState.j() (chromium-Monochrome.aab-stable-720417927:1)
05-27 18:30:06.108 16001 16001 I .android.chrom:   at void NJ4.run() (chromium-Monochrome.aab-stable-720417927:719)
05-27 18:30:06.108 16001 16001 I .android.chrom:   at void Hh0.run() (chromium-Monochrome.aab-stable-720417927:47)
05-27 18:30:06.108 16001 16001 I .android.chrom:   at void org.chromium.base.task.TaskRunnerImpl.runTask(int) (chromium-Monochrome.aab-stable-720417927:31)
05-27 18:30:06.108 16001 16001 I .android.chrom:   at void android.os.MessageQueue.nativePollOnce(long, int) (MessageQueue.java:-2)
05-27 18:30:06.108 16001 16001 I .android.chrom:   at android.os.Message android.os.MessageQueue.next() (MessageQueue.java:326)
05-27 18:30:06.108 16001 16001 I .android.chrom:   at void android.os.Looper.loop() (Looper.java:160)
05-27 18:30:06.108 16001 16001 I .android.chrom:   at void android.app.ActivityThread.main(java.lang.String[]) (ActivityThread.java:6838)
05-27 18:30:06.108 16001 16001 I .android.chrom:   at java.lang.Object java.lang.reflect.Method.invoke(java.lang.Object, java.lang.Object[]) (Method.java:-2)
05-27 18:30:06.108 16001 16001 I .android.chrom:   at void com.android.internal.os.RuntimeInit$MethodAndArgsCaller.run() (RuntimeInit.java:493)
05-27 18:30:06.108 16001 16001 I .android.chrom:   at void com.android.internal.os.ZygoteInit.main(java.lang.String[]) (ZygoteInit.java:860)
05-27 18:30:06.108 16001 16001 I .android.chrom: 
05-27 18:30:06.108 16001 16001 I .android.chrom: Rejecting re-init on previously-failed class java.lang.Class<f3>: java.lang.NoClassDefFoundError: Failed resolution of: Landroid/app/UiModeManager$ContrastChangeListener;
05-27 18:30:06.108 16001 16001 I .android.chrom:   at void org.chromium.ui.accessibility.AccessibilityState.j() (chromium-Monochrome.aab-stable-720417927:1)
05-27 18:30:06.108 16001 16001 I .android.chrom:   at void NJ4.run() (chromium-Monochrome.aab-stable-720417927:719)
05-27 18:30:06.108 16001 16001 I .android.chrom:   at void Hh0.run() (chromium-Monochrome.aab-stable-720417927:47)
05-27 18:30:06.108 16001 16001 I .android.chrom:   at void org.chromium.base.task.TaskRunnerImpl.runTask(int) (chromium-Monochrome.aab-stable-720417927:31)
05-27 18:30:06.108 16001 16001 I .android.chrom:   at void android.os.MessageQueue.nativePollOnce(long, int) (MessageQueue.java:-2)
05-27 18:30:06.108 16001 16001 I .android.chrom:   at android.os.Message android.os.MessageQueue.next() (MessageQueue.java:326)
05-27 18:30:06.108 16001 16001 I .android.chrom:   at void android.os.Looper.loop() (Looper.java:160)
05-27 18:30:06.108 16001 16001 I .android.chrom:   at void android.app.ActivityThread.main(java.lang.String[]) (ActivityThread.java:6838)
05-27 18:30:06.108 16001 16001 I .android.chrom:   at java.lang.Object java.lang.reflect.Method.invoke(java.lang.Object, java.lang.Object[]) (Method.java:-2)
05-27 18:30:06.108 16001 16001 I .android.chrom:   at void com.android.internal.os.RuntimeInit$MethodAndArgsCaller.run() (RuntimeInit.java:493)
05-27 18:30:06.108 16001 16001 I .android.chrom:   at void com.android.internal.os.ZygoteInit.main(java.lang.String[]) (ZygoteInit.java:860)
05-27 18:30:06.108 16001 16001 I .android.chrom: Caused by: java.lang.ClassNotFoundException: Didn't find class "android.app.UiModeManager$ContrastChangeListener" on path: DexPathList[[zip file "/data/app/com.android.chrome-yGxuaLI28II_-ssLHdXtoQ==/base.apk"],nativeLibraryDirectories=[/data/app/com.android.chrome-yGxuaLI28II_-ssLHdXtoQ==/lib/x86, /data/app/com.android.chrome-yGxuaLI28II_-ssLHdXtoQ==/base.apk!/lib/x86, /system/lib, /system/vendor/lib]]
05-27 18:30:06.108 16001 16001 I .android.chrom:   at java.lang.Class dalvik.system.BaseDexClassLoader.findClass(java.lang.String) (BaseDexClassLoader.java:134)
05-27 18:30:06.108 16001 16001 I .android.chrom:   at java.lang.Class java.lang.ClassLoader.loadClass(java.lang.String, boolean) (ClassLoader.java:379)
05-27 18:30:06.108 16001 16001 I .android.chrom:   at java.lang.Class java.lang.ClassLoader.loadClass(java.lang.String) (ClassLoader.java:312)
05-27 18:30:06.108 16001 16001 I .android.chrom:   at void org.chromium.ui.accessibility.AccessibilityState.j() (chromium-Monochrome.aab-stable-720417927:1)
05-27 18:30:06.108 16001 16001 I .android.chrom:   at void NJ4.run() (chromium-Monochrome.aab-stable-720417927:719)
05-27 18:30:06.108 16001 16001 I .android.chrom:   at void Hh0.run() (chromium-Monochrome.aab-stable-720417927:47)
05-27 18:30:06.108 16001 16001 I .android.chrom:   at void org.chromium.base.task.TaskRunnerImpl.runTask(int) (chromium-Monochrome.aab-stable-720417927:31)
05-27 18:30:06.108 16001 16001 I .android.chrom:   at void android.os.MessageQueue.nativePollOnce(long, int) (MessageQueue.java:-2)
05-27 18:30:06.108 16001 16001 I .android.chrom:   at android.os.Message android.os.MessageQueue.next() (MessageQueue.java:326)
05-27 18:30:06.108 16001 16001 I .android.chrom:   at void android.os.Looper.loop() (Looper.java:160)
05-27 18:30:06.108 16001 16001 I .android.chrom:   at void android.app.ActivityThread.main(java.lang.String[]) (ActivityThread.java:6838)
05-27 18:30:06.108 16001 16001 I .android.chrom:   at java.lang.Object java.lang.reflect.Method.invoke(java.lang.Object, java.lang.Object[]) (Method.java:-2)
05-27 18:30:06.108 16001 16001 I .android.chrom:   at void com.android.internal.os.RuntimeInit$MethodAndArgsCaller.run() (RuntimeInit.java:493)
05-27 18:30:06.108 16001 16001 I .android.chrom:   at void com.android.internal.os.ZygoteInit.main(java.lang.String[]) (ZygoteInit.java:860)
05-27 18:30:06.108 16001 16001 I .android.chrom: 
05-27 18:30:06.108 16001 16001 I .android.chrom: Rejecting re-init on previously-failed class java.lang.Class<f3>: java.lang.NoClassDefFoundError: Failed resolution of: Landroid/app/UiModeManager$ContrastChangeListener;
05-27 18:30:06.108 16001 16001 I .android.chrom:   at void org.chromium.ui.accessibility.AccessibilityState.j() (chromium-Monochrome.aab-stable-720417927:1)
05-27 18:30:06.108 16001 16001 I .android.chrom:   at void NJ4.run() (chromium-Monochrome.aab-stable-720417927:719)
05-27 18:30:06.108 16001 16001 I .android.chrom:   at void Hh0.run() (chromium-Monochrome.aab-stable-720417927:47)
05-27 18:30:06.108 16001 16001 I .android.chrom:   at void org.chromium.base.task.TaskRunnerImpl.runTask(int) (chromium-Monochrome.aab-stable-720417927:31)
05-27 18:30:06.108 16001 16001 I .android.chrom:   at void android.os.MessageQueue.nativePollOnce(long, int) (MessageQueue.java:-2)
05-27 18:30:06.108 16001 16001 I .android.chrom:   at android.os.Message android.os.MessageQueue.next() (MessageQueue.java:326)
05-27 18:30:06.108 16001 16001 I .android.chrom:   at void android.os.Looper.loop() (Looper.java:160)
05-27 18:30:06.108 16001 16001 I .android.chrom:   at void android.app.ActivityThread.main(java.lang.String[]) (ActivityThread.java:6838)
05-27 18:30:06.108 16001 16001 I .android.chrom:   at java.lang.Object java.lang.reflect.Method.invoke(java.lang.Object, java.lang.Object[]) (Method.java:-2)
05-27 18:30:06.108 16001 16001 I .android.chrom:   at void com.android.internal.os.RuntimeInit$MethodAndArgsCaller.run() (RuntimeInit.java:493)
05-27 18:30:06.108 16001 16001 I .android.chrom:   at void com.android.internal.os.ZygoteInit.main(java.lang.String[]) (ZygoteInit.java:860)
05-27 18:30:06.108 16001 16001 I .android.chrom: Caused by: java.lang.ClassNotFoundException: Didn't find class "android.app.UiModeManager$ContrastChangeListener" on path: DexPathList[[zip file "/data/app/com.android.chrome-yGxuaLI28II_-ssLHdXtoQ==/base.apk"],nativeLibraryDirectories=[/data/app/com.android.chrome-yGxuaLI28II_-ssLHdXtoQ==/lib/x86, /data/app/com.android.chrome-yGxuaLI28II_-ssLHdXtoQ==/base.apk!/lib/x86, /system/lib, /system/vendor/lib]]
05-27 18:30:06.108 16001 16001 I .android.chrom:   at java.lang.Class dalvik.system.BaseDexClassLoader.findClass(java.lang.String) (BaseDexClassLoader.java:134)
05-27 18:30:06.108 16001 16001 I .android.chrom:   at java.lang.Class java.lang.ClassLoader.loadClass(java.lang.String, boolean) (ClassLoader.java:379)
05-27 18:30:06.108 16001 16001 I .android.chrom:   at java.lang.Class java.lang.ClassLoader.loadClass(java.lang.String) (ClassLoader.java:312)
05-27 18:30:06.108 16001 16001 I .android.chrom:   at void org.chromium.ui.accessibility.AccessibilityState.j() (chromium-Monochrome.aab-stable-720417927:1)
05-27 18:30:06.108 16001 16001 I .android.chrom:   at void NJ4.run() (chromium-Monochrome.aab-stable-720417927:719)
05-27 18:30:06.108 16001 16001 I .android.chrom:   at void Hh0.run() (chromium-Monochrome.aab-stable-720417927:47)
05-27 18:30:06.108 16001 16001 I .android.chrom:   at void org.chromium.base.task.TaskRunnerImpl.runTask(int) (chromium-Monochrome.aab-stable-720417927:31)
05-27 18:30:06.108 16001 16001 I .android.chrom:   at void android.os.MessageQueue.nativePollOnce(long, int) (MessageQueue.java:-2)
05-27 18:30:06.108 16001 16001 I .android.chrom:   at android.os.Message android.os.MessageQueue.next() (MessageQueue.java:326)
05-27 18:30:06.108 16001 16001 I .android.chrom:   at void android.os.Looper.loop() (Looper.java:160)
05-27 18:30:06.108 16001 16001 I .android.chrom:   at void android.app.ActivityThread.main(java.lang.String[]) (ActivityThread.java:6838)
05-27 18:30:06.108 16001 16001 I .android.chrom:   at java.lang.Object java.lang.reflect.Method.invoke(java.lang.Object, java.lang.Object[]) (Method.java:-2)
05-27 18:30:06.108 16001 16001 I .android.chrom:   at void com.android.internal.os.RuntimeInit$MethodAndArgsCaller.run() (RuntimeInit.java:493)
05-27 18:30:06.108 16001 16001 I .android.chrom:   at void com.android.internal.os.ZygoteInit.main(java.lang.String[]) (ZygoteInit.java:860)
05-27 18:30:06.108 16001 16001 I .android.chrom: 
05-27 18:30:06.134 16001 16001 W cr_KnoxSettingsProvider: Permission to read device policy denied.
05-27 18:30:06.134 16001 16001 I cr_CombinedPProvider: #registerProvider() provider:Td4@ad50116 isPolicyCacheEnabled:true policyProvidersSize:0
05-27 18:30:06.134 16001 16001 I cr_PolicyProvider: #setManagerAndSource() 0
05-27 18:30:06.134 16001 16001 I cr_CombinedPProvider: #registerProvider() provider:mt@a5a97 isPolicyCacheEnabled:false policyProvidersSize:1
05-27 18:30:06.135 16001 16001 I cr_PolicyProvider: #setManagerAndSource() 1
05-27 18:30:06.135 16001 16001 I cr_AppResProvider: #getApplicationRestrictionsFromUserManager() Bundle[EMPTY_PARCEL]
05-27 18:30:06.135 16001 16001 I cr_PolicyProvider: #notifySettingsAvailable() 1
05-27 18:30:06.135 16001 16001 I cr_CombinedPProvider: #onSettingsAvailable() 1
05-27 18:30:06.140 16001 16001 I cr_PolicyProvider: #notifySettingsAvailable() 0
05-27 18:30:06.140 16001 16001 I cr_CombinedPProvider: #onSettingsAvailable() 0
05-27 18:30:06.140 16001 16001 I cr_CombinedPProvider: #flushPolicies()
05-27 18:30:06.140 16001 16001 I cr_PolicyService: #onPolicyServiceInitialized()
05-27 18:30:06.141 16001 16001 I cr_PolicyProvider: #notifySettingsAvailable() 0
05-27 18:30:06.141 16001 16001 I cr_CombinedPProvider: #onSettingsAvailable() 0
05-27 18:30:06.141 16001 16001 I cr_CombinedPProvider: #flushPolicies()
05-27 18:30:06.143  2959 14884 W ProxyAndroidLoggerBackend: Too many Flogger logs received before configuration. Dropping old logs.
05-27 18:30:06.170  2959 14884 I chatty  : uid=10057(com.android.vending) BlockingExecuto identical 1 line
05-27 18:30:06.170  2959 14884 W ProxyAndroidLoggerBackend: Too many Flogger logs received before configuration. Dropping old logs.
05-27 18:30:06.172  2959  2989 I Finsky  : [164] pls.h(7): Already at the latest configurations for experiment package com.google.android.finsky.regular.
05-27 18:30:06.172  2959  2989 I Finsky  : [164] shw.b(2): Setup::DSE: Successfully synced Phenotype experiments
05-27 18:30:06.181  1597  1698 D WIFI    : got request NetworkRequest [ TRACK_DEFAULT id=160, [ Capabilities: INTERNET&NOT_RESTRICTED&TRUSTED Unwanted:  Uid: 10059] ] with score 60
05-27 18:30:06.181  1597  1730 D Ethernet: got request NetworkRequest [ TRACK_DEFAULT id=160, [ Capabilities: INTERNET&NOT_RESTRICTED&TRUSTED Unwanted:  Uid: 10059] ] with score 60
05-27 18:30:06.181  1597  1729 D WIFI_AWARE_FACTORY: got request NetworkRequest [ TRACK_DEFAULT id=160, [ Capabilities: INTERNET&NOT_RESTRICTED&TRUSTED Unwanted:  Uid: 10059] ] with score 60
05-27 18:30:06.181  1934  1934 D PhoneSwitcherNetworkRequstListener: got request NetworkRequest [ TRACK_DEFAULT id=160, [ Capabilities: INTERNET&NOT_RESTRICTED&TRUSTED Unwanted:  Uid: 10059] ] with score 60
05-27 18:30:06.181  1597  1698 D WIFI_UT : got request NetworkRequest [ TRACK_DEFAULT id=160, [ Capabilities: INTERNET&NOT_RESTRICTED&TRUSTED Unwanted:  Uid: 10059] ] with score 60
05-27 18:30:06.273 16001 16001 I cr_CompositorSurfaceMgr: Transitioning to surface with format: -1
05-27 18:30:06.275 16001 16001 I cr_CompositorSurfaceMgr: surfaceCreated format: 0
05-27 18:30:06.276 16081 16101 D EGL_emulation: eglCreateContext: 0xf2927760: maj 3 min 0 rcv 3
05-27 18:30:06.279 16081 16101 D HostConnection: ExtendedRCEncoderContext GL_VERSION return OpenGL ES 3.1 v1
05-27 18:30:06.281 16081 16101 E eglCodecCommon: glUtilsParamSize: unknow param 0x000088ef
05-27 18:30:06.287 16081 16101 E eglCodecCommon: glUtilsParamSize: unknow param 0x000084ff
05-27 18:30:06.287 16081 16101 E eglCodecCommon: glUtilsParamSize: unknow param 0x000087fe
05-27 18:30:06.309 16081 16109 I         : fastpipe: Connect success
05-27 18:30:06.309 16081 16109 D HostConnection: HostRPC::connect sucess: app=com.android.chrome:privileged_process0, pid=16081, tid=16109, this=0xec3ca900
05-27 18:30:06.310 16081 16109 D HostConnection: queryAndSetGLESMaxVersion select gles-version: 3.1 hostGLVersion:46 process:com.android.chrome:privileged_process0
05-27 18:30:06.343 16081 16109 D EGL_emulation: eglCreateContext: 0xec3a8340: maj 3 min 0 rcv 3
05-27 18:30:06.345 16001 16001 I cr_ChromeTabbedActivity: #initializeState
05-27 18:30:06.346 16081 16109 D HostConnection: ExtendedRCEncoderContext GL_VERSION return OpenGL ES 3.1 v1
05-27 18:30:06.349 16081 16109 E eglCodecCommon: glUtilsParamSize: unknow param 0x000088ef
05-27 18:30:06.350 16081 16109 E eglCodecCommon: glUtilsParamSize: unknow param 0x000084ff
05-27 18:30:06.351 16081 16109 E eglCodecCommon: glUtilsParamSize: unknow param 0x000087fe
05-27 18:30:06.352 16081 16109 D OpenGLRenderer: Skia GL Pipeline
05-27 18:30:06.355 16081 16109 D vndksupport: Loading /vendor/lib/hw/android.hardware.graphics.mapper@2.0-impl.so from current namespace instead of sphal namespace.
05-27 18:30:06.355 16081 16109 D vndksupport: Loading /vendor/lib/hw/gralloc.default.so from current namespace instead of sphal namespace.
05-27 18:30:06.372  2423  2423 D BoundBrokerSvc: onBind: Intent { act=com.google.android.gms.languageprofile.service.START pkg=com.google.android.gms }
05-27 18:30:06.372  2423  2423 D BoundBrokerSvc: Loading bound service for intent: Intent { act=com.google.android.gms.languageprofile.service.START pkg=com.google.android.gms }
05-27 18:30:06.377  1597  1735 W SchedPolicy: add_tid_to_cgroup failed to write '3385' (No space left on device); fd=24
05-27 18:30:06.383 16001 16001 W cr_ActivityDispatcher: CustomTabsIntent#shouldAlwaysUseBrowserUI() = false
05-27 18:30:06.402  1597  1605 W System  : A resource failed to call close. 
05-27 18:30:06.402  1597  1605 I chatty  : uid=1000(system) FinalizerDaemon identical 28 lines
05-27 18:30:06.402  1597  1605 W System  : A resource failed to call close. 
05-27 18:30:06.419  3115  3115 I Binder:3115_1: type=1400 audit(0.0:4146): avc: denied { open } for path="/data/local/cfg-zieih/android7" dev="sdb2" ino=393549 scontext=u:r:untrusted_app:s0:c54,c256,c512,c768 tcontext=u:object_r:system_data_file:s0 tclass=file permissive=1
05-27 18:30:06.446 16001 16039 W ServiceBindIntentUtils: Dynamic lookup for intent failed for action: com.google.android.gms.safebrowsing.SafeBrowsingService.START
05-27 18:30:06.448  1597  6125 W ActivityManager: Unable to start service Intent { act=com.google.android.gms.safebrowsing.SafeBrowsingService.START pkg=com.google.android.gms } U=0: not found
