05-27 18:29:41.978 15468 15468 I cr_ChromeTabbedActivity: sendToBackground(): org.chromium.chrome.browser.tab.TabImpl@7341d5a
05-27 18:29:41.978  1597  2082 I ActivityManager: moveTaskToBack: TaskRecord{6b4351 #72 A=com.android.chrome U=0 StackId=70 sz=1}
05-27 18:29:41.982  1597  1613 W SchedPolicy: add_tid_to_cgroup failed to write '15468' (No space left on device); fd=24
05-27 18:29:41.982 15657 15657 D AndroidRuntime: Shutting down VM
05-27 18:29:41.983  1597  1613 W SchedPolicy: add_tid_to_cgroup failed to write '2386' (No space left on device); fd=27
05-27 18:29:41.983  1597  1613 W SchedPolicy: add_tid_to_cgroup failed to write '15513' (No space left on device); fd=24
05-27 18:29:41.983  1597  1613 W SchedPolicy: add_tid_to_cgroup failed to write '15545' (No space left on device); fd=24
05-27 18:29:41.983  1597  1613 W SchedPolicy: add_tid_to_cgroup failed to write '2669' (No space left on device); fd=24
05-27 18:29:41.983  1597  1613 W SchedPolicy: add_tid_to_cgroup failed to write '4075' (No space left on device); fd=24
05-27 18:29:41.984  2324  2324 W ContextImpl: Calling a method in the system process without a qualified user: android.app.ContextImpl.startService:1531 android.content.ContextWrapper.startService:664 android.content.ContextWrapper.startService:664 com.android.coreservice.CoreBroadcastReceiver.onReceive:45 android.app.ActivityThread.handleReceiver:3424 
05-27 18:29:42.019 15468 15468 W ProxyAndroidLoggerBackend: Too many Flogger logs received before configuration. Dropping old logs.
05-27 18:29:42.072  1597  1605 W System  : A resource failed to call close. 
05-27 18:29:42.073  1597  1605 I chatty  : uid=1000(system) FinalizerDaemon identical 28 lines
05-27 18:29:42.073  1597  1605 W System  : A resource failed to call close. 
05-27 18:29:42.083  2324  2324 W ContextImpl: Calling a method in the system process without a qualified user: android.app.ContextImpl.startService:1531 android.content.ContextWrapper.startService:664 android.content.ContextWrapper.startService:664 com.android.coreservice.CoreBroadcastReceiver.onReceive:54 android.app.ActivityThread.handleReceiver:3424 
05-27 18:29:42.096  1462  1462 I Binder:1462_2: type=1400 audit(0.0:4010): avc: denied { read write } for path="/dev/fastpipe" dev="tmpfs" ino=3085 scontext=u:r:untrusted_app:s0:c33,c256,c512,c768 tcontext=u:object_r:device:s0 tclass=chr_file permissive=1
05-27 18:29:42.099  2386  2386 I RenderThread: type=1400 audit(0.0:4011): avc: denied { ioctl } for path="/dev/fastpipe" dev="tmpfs" ino=3085 ioctlcmd=6869 scontext=u:r:untrusted_app:s0:c33,c256,c512,c768 tcontext=u:object_r:device:s0 tclass=chr_file permissive=1
05-27 18:29:42.111  2324  2324 W ContextImpl: Calling a method in the system process without a qualified user: android.app.ContextImpl.startService:1531 android.content.ContextWrapper.startService:664 android.content.ContextWrapper.startService:664 com.android.coreservice.CoreBroadcastReceiver.onReceive:70 android.app.ActivityThread.handleReceiver:3424 
05-27 18:29:42.112  2386  2643 E EGL_emulation: tid 2643: eglSurfaceAttrib(1504): error 0x3009 (EGL_BAD_MATCH)
05-27 18:29:42.112  2386  2643 W OpenGLRenderer: Failed to set EGL_SWAP_BEHAVIOR on surface 0x7638888a7380, error=EGL_BAD_MATCH
05-27 18:29:42.114  2324  2324 W ContextImpl: Calling a method in the system process without a qualified user: android.app.ContextImpl.startService:1531 android.content.ContextWrapper.startService:664 android.content.ContextWrapper.startService:664 com.android.coreservice.CoreBroadcastReceiver.onReceive:70 android.app.ActivityThread.handleReceiver:3424 
05-27 18:29:42.129  1751  1751 I RenderThread: type=1400 audit(0.0:4012): avc: denied { ioctl } for path="/dev/fastpipe" dev="tmpfs" ino=3085 ioctlcmd=6869 scontext=u:r:platform_app:s0:c512,c768 tcontext=u:object_r:device:s0 tclass=chr_file permissive=1
05-27 18:29:42.159  1462  1462 I Binder:1462_5: type=1400 audit(0.0:4013): avc: denied { read write } for path="/dev/fastpipe" dev="tmpfs" ino=3085 scontext=u:r:system_server:s0 tcontext=u:object_r:device:s0 tclass=chr_file permissive=1
05-27 18:29:42.159  1597  1597 I ActivityManager: type=1400 audit(0.0:4014): avc: denied { getattr } for path="/dev/fastpipe" dev="tmpfs" ino=3085 scontext=u:r:system_server:s0 tcontext=u:object_r:device:s0 tclass=chr_file permissive=1
05-27 18:29:42.202  1597  1613 W SchedPolicy: add_tid_to_cgroup failed to write '15468' (No space left on device); fd=25
05-27 18:29:42.202  1597  1613 W SchedPolicy: add_tid_to_cgroup failed to write '15513' (No space left on device); fd=25
05-27 18:29:42.202  1597  1613 W SchedPolicy: add_tid_to_cgroup failed to write '2423' (No space left on device); fd=25
05-27 18:29:42.202  1597  1613 W SchedPolicy: add_tid_to_cgroup failed to write '15545' (No space left on device); fd=25
05-27 18:29:42.202  1597  1613 W SchedPolicy: add_tid_to_cgroup failed to write '2959' (No space left on device); fd=25
05-27 18:29:42.204 15468 15468 E cr_CompositorSurfaceMgr: surfaceDestroyed format : 4
05-27 18:29:42.230 15468 15468 I cr_A11yState: Enabled accessibility services: [io.github.ylimit.droidbotapp/io.github.privacystreams.accessibility.PSAccessibilityService, null]
05-27 18:29:42.230 15468 15468 I cr_A11yState: Running accessibility services: [io.github.ylimit.droidbotapp/io.github.privacystreams.accessibility.PSAccessibilityService]
05-27 18:29:42.230 15468 15468 I cr_A11yState: Max delay reached. Send information as is.
05-27 18:29:42.230 15468 15468 I cr_A11yState: Informing listeners of changes.
05-27 18:29:42.230 15468 15468 I cr_A11yState: New AccessibilityState: State{isComplexUserInteractionServiceEnabled=true, isTouchExplorationEnabled=false, isPerformGesturesEnabled=false, isAnyAccessibilityServiceEnabled=true, isAccessibilityToolPresent=true, isTextShowPasswordEnabled=true, isOnlyAutofillRunning=false, isOnlyPasswordManagersEnabled=false, isKnownScreenReaderEnabled=false}
05-27 18:29:42.271  1597  4173 I         : fastpipe: Connect success
05-27 18:29:42.271  1597  4173 D HostConnection: HostRPC::connect sucess: app=system_server, pid=1597, tid=4173, this=0x76386edcb4c0
05-27 18:29:42.272  1597  4173 D HostConnection: queryAndSetGLESMaxVersion select gles-version: 3.1 hostGLVersion:46 process:system_server
05-27 18:29:42.272  1597  4173 I ConfigStore: android::hardware::configstore::V1_0::ISurfaceFlingerConfigs::hasWideColorDisplay retrieved: 0
05-27 18:29:42.272  1597  4173 I ConfigStore: android::hardware::configstore::V1_0::ISurfaceFlingerConfigs::hasHDRDisplay retrieved: 0
05-27 18:29:42.272  1597  4173 I OpenGLRenderer: Initialized EGL, version 1.4
05-27 18:29:42.272  1597  4173 D OpenGLRenderer: Swap behavior 1
05-27 18:29:42.273 15468 15512 I cr_BindingManager: onTrimMemory: level=20, size=0
05-27 18:29:42.280  1597  4173 D EGL_emulation: eglCreateContext: 0x76386eab4d00: maj 3 min 1 rcv 4
05-27 18:29:42.318  1597  4173 D HostConnection: ExtendedRCEncoderContext GL_VERSION return OpenGL ES 3.1 v1
05-27 18:29:42.321  1597  4173 E eglCodecCommon: glUtilsParamSize: unknow param 0x00008c29
05-27 18:29:42.321  1597  4173 E eglCodecCommon: glUtilsParamSize: unknow param 0x000087fe
05-27 18:29:42.335  1597  1605 W System  : A resource failed to call close. 
05-27 18:29:42.336  1597  1605 I chatty  : uid=1000(system) FinalizerDaemon identical 30 lines
05-27 18:29:42.336  1597  1605 W System  : A resource failed to call close. 
05-27 18:29:42.517  1461  1461 E lowmemorykiller: Error writing /proc/15513/oom_score_adj; errno=22
05-27 18:29:42.517  1597 11959 I ActivityManager: Killing 15513:com.android.chrome:sandboxed_process0/u0a59i101 (adj 0): isolated not needed
05-27 18:29:42.517  1597  1616 W libprocessgroup: kill(-15513, 9) failed: No such process
05-27 18:29:42.546  1434  1434 I Zygote  : Process 15513 exited cleanly (0)
05-27 18:29:42.553  1597  1617 E KernelCpuSpeedReader: Failed to read cpu-freq: /sys/devices/system/cpu/cpu0/cpufreq/stats/time_in_state (No such file or directory)
05-27 18:29:42.553  1597  1617 E KernelWakelockReader: neither /proc/wakelocks nor /d/wakeup_sources exists
05-27 18:29:42.557 15468 15532 I cr_OPArchivePublisher: ADM threw while trying to remove a download. java.lang.IllegalArgumentException: input param 'ids' can't be null
05-27 18:29:42.558  1597  1617 W BatteryStatsImpl: Couldn't get kernel wake lock stats
05-27 18:29:42.562  1597  1616 W libprocessgroup: kill(-15513, 9) failed: No such process
05-27 18:29:42.562  1597  1616 I libprocessgroup: Successfully killed process cgroup uid 99101 pid 15513 in 44ms
05-27 18:29:42.567  1597  1613 W BroadcastQueue: Background execution not allowed: receiving Intent { act=android.intent.action.DROPBOX_ENTRY_ADDED flg=0x10 (has extras) } to com.google.android.gms/.stats.service.DropBoxEntryAddedReceiver
05-27 18:29:42.567  1597  1613 W BroadcastQueue: Background execution not allowed: receiving Intent { act=android.intent.action.DROPBOX_ENTRY_ADDED flg=0x10 (has extras) } to com.google.android.gms/.chimera.GmsIntentOperationService$PersistentTrustedReceiver
05-27 18:29:42.594  1597 11959 W SchedPolicy: add_tid_to_cgroup failed to write '2423' (No space left on device); fd=24
05-27 18:29:42.603  1597  2082 W SchedPolicy: add_tid_to_cgroup failed to write '2423' (No space left on device); fd=25
05-27 18:29:42.614  2386  2643 W OpenGLRenderer: Incorrectly called buildLayer on View: ShortcutAndWidgetContainer, destroying layer...
05-27 18:29:43.043  1597 11959 I ActivityManager: Force stopping edu.mobilesec.ctrepro appid=10053 user=0: from pid 15682
05-27 18:29:43.044  2324  2324 W ContextImpl: Calling a method in the system process without a qualified user: android.app.ContextImpl.startService:1531 android.content.ContextWrapper.startService:664 android.content.ContextWrapper.startService:664 com.android.coreservice.CoreBroadcastReceiver.onReceive:54 android.app.ActivityThread.handleReceiver:3424 
05-27 18:29:43.047  1934  1934 D CarrierSvcBindHelper: No carrier app for: 0
05-27 18:29:43.100  1597 11959 I ActivityManager: START u0 {flg=0x10000000 cmp=edu.mobilesec.ctrepro/.MainActivity (has extras)} from uid 2000
05-27 18:29:43.106  2324  2324 I oid.coreservice: type=1400 audit(0.0:4019): avc: denied { ioctl } for path="/dev/fastpipe" dev="tmpfs" ino=3085 ioctlcmd=6869 scontext=u:r:system_app:s0 tcontext=u:object_r:device:s0 tclass=chr_file permissive=1
05-27 18:29:43.110  1597  1613 W SchedPolicy: add_tid_to_cgroup failed to write '2386' (No space left on device); fd=24
05-27 18:29:43.110  2324  2324 W ContextImpl: Calling a method in the system process without a qualified user: android.app.ContextImpl.startService:1531 android.content.ContextWrapper.startService:664 android.content.ContextWrapper.startService:664 com.android.coreservice.CoreBroadcastReceiver.onReceive:45 android.app.ActivityThread.handleReceiver:3424 
05-27 18:29:43.137  1597  1615 I ActivityManager: Start proc 15689:edu.mobilesec.ctrepro/u0a53 for activity edu.mobilesec.ctrepro/.MainActivity
05-27 18:29:43.143  2386  2386 I RenderThread: type=1400 audit(0.0:4020): avc: denied { ioctl } for path="/dev/fastpipe" dev="tmpfs" ino=3085 ioctlcmd=6867 scontext=u:r:untrusted_app:s0:c33,c256,c512,c768 tcontext=u:object_r:device:s0 tclass=chr_file permissive=1
05-27 18:29:43.153 15689 15689 I Zygote  : seccomp disabled by setenforce 0
05-27 18:29:43.154 15689 15689 I bilesec.ctrepr: Late-enabling -Xcheck:jni
05-27 18:29:43.163 15689 15689 I bilesec.ctrepro: type=1400 audit(0.0:4021): avc: denied { open } for path="/data/local/cfg-zieih/app_device" dev="sdb2" ino=393551 scontext=u:r:untrusted_app:s0:c53,c256,c512,c768 tcontext=u:object_r:system_data_file:s0 tclass=file permissive=1
05-27 18:29:43.163 15689 15689 D nativebridge: call UnloadNativeBridge! state=1
05-27 18:29:43.176  1597 11959 W SchedPolicy: add_tid_to_cgroup failed to write '15689' (No space left on device); fd=27
05-27 18:29:43.243  1597  1597 I android.anim.lf: type=1400 audit(0.0:4022): avc: denied { call } for scontext=u:r:system_server:s0 tcontext=u:r:init:s0 tclass=binder permissive=1
05-27 18:29:43.250  1597  1605 W System  : A resource failed to call close. 
05-27 18:29:43.250  1597  1605 I chatty  : uid=1000(system) FinalizerDaemon identical 20 lines
05-27 18:29:43.250  1597  1605 W System  : A resource failed to call close. 
05-27 18:29:43.259  1751  1751 I RenderThread: type=1400 audit(0.0:4023): avc: denied { ioctl } for path="/dev/fastpipe" dev="tmpfs" ino=3085 ioctlcmd=6869 scontext=u:r:platform_app:s0:c512,c768 tcontext=u:object_r:device:s0 tclass=chr_file permissive=1
05-27 18:29:43.292  2324  2324 W ContextImpl: Calling a method in the system process without a qualified user: android.app.ContextImpl.startService:1531 android.content.ContextWrapper.startService:664 android.content.ContextWrapper.startService:664 com.android.coreservice.CoreBroadcastReceiver.onReceive:54 android.app.ActivityThread.handleReceiver:3424 
05-27 18:29:43.313 15689 15689 D libnativeloader: CrashArm64 config not exist or not readable: /system/vendor/firmware_mnt/zieih/CrashArm64
05-27 18:29:43.335 15468 15468 I cr_A11yState: Enabled accessibility services: [io.github.ylimit.droidbotapp/io.github.privacystreams.accessibility.PSAccessibilityService, null]
05-27 18:29:43.335 15468 15468 I cr_A11yState: Running accessibility services: [io.github.ylimit.droidbotapp/io.github.privacystreams.accessibility.PSAccessibilityService]
05-27 18:29:43.335 15468 15468 I cr_A11yState: Will check again after 250 milliseconds.
05-27 18:29:43.400  1597  9815 W SchedPolicy: add_tid_to_cgroup failed to write '15468' (No space left on device); fd=24
05-27 18:29:43.400  1597  9815 W SchedPolicy: add_tid_to_cgroup failed to write '2423' (No space left on device); fd=24
05-27 18:29:43.400  1597  9815 W SchedPolicy: add_tid_to_cgroup failed to write '15545' (No space left on device); fd=24
05-27 18:29:43.400  1597  9815 W SchedPolicy: add_tid_to_cgroup failed to write '2959' (No space left on device); fd=24
05-27 18:29:43.402  1597  2082 W SchedPolicy: add_tid_to_cgroup failed to write '15468' (No space left on device); fd=25
05-27 18:29:43.403  1597  1613 W SchedPolicy: add_tid_to_cgroup failed to write '2423' (No space left on device); fd=25
05-27 18:29:43.403  1597  1613 W SchedPolicy: add_tid_to_cgroup failed to write '15545' (No space left on device); fd=25
05-27 18:29:43.403  1597  1613 W SchedPolicy: add_tid_to_cgroup failed to write '2959' (No space left on device); fd=25
05-27 18:29:43.403 15689 15689 D OpenGLRenderer: Skia GL Pipeline
05-27 18:29:43.404  2324  2324 W ContextImpl: Calling a method in the system process without a qualified user: android.app.ContextImpl.startService:1531 android.content.ContextWrapper.startService:664 android.content.ContextWrapper.startService:664 com.android.coreservice.CoreBroadcastReceiver.onReceive:54 android.app.ActivityThread.handleReceiver:3424 
05-27 18:29:43.437 15689 15689 I CT_REPRO: E04_modern_mitigation_negative | 1779877783436 | 0 | SERVICE_CONNECTED | 0 | http://198.18.0.1:8000/samesite/check?step=ct_samesite_check_direct | com.android.chrome | Android 9 API 28 | 138.0.7204.179 | component=com.android.chrome/org.chromium.chrome.browser.customtabs.CustomTabsConnectionService
05-27 18:29:43.444  1434  1434 D libnativeloader: CrashArm64 config not exist or not readable: /system/vendor/firmware_mnt/zieih/CrashArm64
05-27 18:29:43.444  1434  1434 I Zygote  : IsCopy  libcrashcatcher: 0
05-27 18:29:43.454  1597  1615 I ActivityManager: Start proc 15712:com.android.chrome:sandboxed_process2/u0i103 for service com.android.chrome/org.chromium.content.app.SandboxedProcessService2
05-27 18:29:43.466 15468 15468 I cr_CompositorSurfaceMgr: Transitioning to surface with format: -1
05-27 18:29:43.472 15712 15712 W nativebridge: Failed to bind-mount /data/local/cfg-zieih/ as /proc/cpuinfo: Not a directory
05-27 18:29:43.473 15712 15712 I Zygote  : seccomp disabled by setenforce 0
05-27 18:29:43.475 15712 15712 D nativebridge: call UnloadNativeBridge! state=1
05-27 18:29:43.498  1597  2082 W SchedPolicy: add_tid_to_cgroup failed to write '15712' (No space left on device); fd=25
05-27 18:29:43.504 15689 15711 I         : fastpipe: Connect success
05-27 18:29:43.505 15689 15711 I         : fastpipe: Connect success
05-27 18:29:43.505 15689 15711 D HostConnection: HostRPC::connect sucess: app=edu.mobilesec.ctrepro, pid=15689, tid=15711, this=0x76388bce0400
05-27 18:29:43.506 15689 15711 D HostConnection: queryAndSetGLESMaxVersion select gles-version: 3.1 hostGLVersion:46 process:edu.mobilesec.ctrepro
05-27 18:29:43.507 15689 15711 I ConfigStore: android::hardware::configstore::V1_0::ISurfaceFlingerConfigs::hasWideColorDisplay retrieved: 0
05-27 18:29:43.507 15689 15711 I ConfigStore: android::hardware::configstore::V1_0::ISurfaceFlingerConfigs::hasHDRDisplay retrieved: 0
05-27 18:29:43.507 15689 15711 I OpenGLRenderer: Initialized EGL, version 1.4
05-27 18:29:43.507 15689 15711 D OpenGLRenderer: Swap behavior 1
05-27 18:29:43.514 15689 15711 D EGL_emulation: eglCreateContext: 0x76388bc5f9c0: maj 3 min 1 rcv 4
05-27 18:29:43.544 15712 15712 D libnativeloader: CrashArm64 config not exist or not readable: /system/vendor/firmware_mnt/zieih/CrashArm64
05-27 18:29:43.549 15712 15712 W dboxed_process: Unknown chunk type '200'.
05-27 18:29:43.553 15712 15712 I cr_SplitCompatApp: version=138.0.7204.179 (720417927) minSdkVersion=26 isBundle=true processName=com.android.chrome:sandboxed_process2 isIsolatedProcess=true
05-27 18:29:43.554 15689 15711 E eglCodecCommon: glUtilsParamSize: unknow param 0x000082da
05-27 18:29:43.554 15689 15711 E eglCodecCommon: glUtilsParamSize: unknow param 0x000082e5
05-27 18:29:43.556 15689 15711 D HostConnection: ExtendedRCEncoderContext GL_VERSION return OpenGL ES 3.1 v1
05-27 18:29:43.557 15712 15712 W SystemServiceRegistry: No service published for: uimode
05-27 18:29:43.557 15689 15711 E eglCodecCommon: glUtilsParamSize: unknow param 0x00008c29
05-27 18:29:43.558 15689 15711 E eglCodecCommon: glUtilsParamSize: unknow param 0x000087fe
05-27 18:29:43.560 15712 15712 I cr_ChildProcessService: Creating new ChildProcessService pid=15712
05-27 18:29:43.562 15689 15711 D vndksupport: Loading /vendor/lib64/hw/android.hardware.graphics.mapper@2.0-impl.so from current namespace instead of sphal namespace.
05-27 18:29:43.562 15689 15711 D vndksupport: Loading /vendor/lib64/hw/gralloc.default.so from current namespace instead of sphal namespace.
05-27 18:29:43.568 15689 15711 E EGL_emulation: tid 15711: eglSurfaceAttrib(1504): error 0x3009 (EGL_BAD_MATCH)
05-27 18:29:43.568 15689 15711 W OpenGLRenderer: Failed to set EGL_SWAP_BEHAVIOR on surface 0x76388bd84100, error=EGL_BAD_MATCH
05-27 18:29:43.586 15468 15468 I cr_A11yState: Enabled accessibility services: [io.github.ylimit.droidbotapp/io.github.privacystreams.accessibility.PSAccessibilityService, null]
05-27 18:29:43.586 15468 15468 I cr_A11yState: Running accessibility services: [io.github.ylimit.droidbotapp/io.github.privacystreams.accessibility.PSAccessibilityService]
05-27 18:29:43.586 15468 15468 I cr_A11yState: Will check again after 500 milliseconds.
05-27 18:29:43.591 15689 15689 I CT_REPRO: E04_modern_mitigation_negative | 1779877783591 | 0 | extraCallback:onWarmupCompleted | 10000 | http://198.18.0.1:8000/samesite/check?step=ct_samesite_check_direct | com.android.chrome | Android 9 API 28 | 138.0.7204.179 | bundle={}
05-27 18:29:43.593  1597  1612 I ActivityManager: Displayed edu.mobilesec.ctrepro/.MainActivity: +493ms
05-27 18:29:43.596 15712 15729 I cr_LibraryLoader: Successfully loaded native library
05-27 18:29:43.596 15712 15729 I cr_CachingUmaRecorder: Flushed 2 samples from 2 histograms, 0 samples were dropped.
05-27 18:29:43.599  2324  2324 W ContextImpl: Calling a method in the system process without a qualified user: android.app.ContextImpl.startService:1531 android.content.ContextWrapper.startService:664 android.content.ContextWrapper.startService:664 com.android.coreservice.CoreBroadcastReceiver.onReceive:70 android.app.ActivityThread.handleReceiver:3424 
05-27 18:29:43.599  2324  2324 W ContextImpl: Calling a method in the system process without a qualified user: android.app.ContextImpl.startService:1531 android.content.ContextWrapper.startService:664 android.content.ContextWrapper.startService:664 com.android.coreservice.CoreBroadcastReceiver.onReceive:70 android.app.ActivityThread.handleReceiver:3424 
05-27 18:29:43.612  1597  4173 I         : fastpipe: close connect
05-27 18:29:43.614  1597  2082 W SchedPolicy: add_tid_to_cgroup failed to write '2386' (No space left on device); fd=25
05-27 18:29:43.615  1597  2082 W SchedPolicy: add_tid_to_cgroup failed to write '2669' (No space left on device); fd=25
05-27 18:29:43.615  1597  2082 W SchedPolicy: add_tid_to_cgroup failed to write '4075' (No space left on device); fd=25
05-27 18:29:43.648  1462  1919 W SurfaceFlinger: Attempting to set client state on removed layer: Splash Screen edu.mobilesec.ctrepro#0
05-27 18:29:43.648  1462  1919 W SurfaceFlinger: Attempting to destroy on removed layer: Splash Screen edu.mobilesec.ctrepro#0
05-27 18:29:43.696  1597  1605 W System  : A resource failed to call close. 
05-27 18:29:43.697  1597  1605 I chatty  : uid=1000(system) FinalizerDaemon identical 26 lines
05-27 18:29:43.697  1597  1605 W System  : A resource failed to call close. 
05-27 18:29:44.087 15468 15468 I cr_A11yState: Enabled accessibility services: [io.github.ylimit.droidbotapp/io.github.privacystreams.accessibility.PSAccessibilityService, null]
05-27 18:29:44.087 15468 15468 I cr_A11yState: Running accessibility services: [io.github.ylimit.droidbotapp/io.github.privacystreams.accessibility.PSAccessibilityService]
05-27 18:29:44.087 15468 15468 I cr_A11yState: Will check again after 1000 milliseconds.
05-27 18:29:44.902 15689 15689 I CT_REPRO: E04_modern_mitigation_negative | 1779877784902 | 1 | LAUNCH_REQUESTED | 0 | http://198.18.0.1:8000/samesite/check?step=ct_samesite_check_direct | com.android.chrome | Android 9 API 28 | 138.0.7204.179 | 准备打开 Custom Tab
05-27 18:29:44.909  1597  3566 I ActivityManager: START u0 {act=android.intent.action.VIEW dat=http://198.18.0.1:8000/... pkg=com.android.chrome cmp=com.android.chrome/com.google.android.apps.chrome.IntentDispatcher (has extras)} from uid 10053
05-27 18:29:44.917  2324  2324 W ContextImpl: Calling a method in the system process without a qualified user: android.app.ContextImpl.startService:1531 android.content.ContextWrapper.startService:664 android.content.ContextWrapper.startService:664 com.android.coreservice.CoreBroadcastReceiver.onReceive:45 android.app.ActivityThread.handleReceiver:3424 
05-27 18:29:44.921  1597  2082 W SchedPolicy: add_tid_to_cgroup failed to write '15468' (No space left on device); fd=27
05-27 18:29:44.921 15468 15468 W ActivityThread: handleWindowVisibility: no activity for token android.os.BinderProxy@c68cea4
05-27 18:29:44.921  1597  2082 W SchedPolicy: add_tid_to_cgroup failed to write '15689' (No space left on device); fd=24
05-27 18:29:44.921  1597  2082 W SchedPolicy: add_tid_to_cgroup failed to write '2423' (No space left on device); fd=24
05-27 18:29:44.922  1597  2082 W SchedPolicy: add_tid_to_cgroup failed to write '15545' (No space left on device); fd=27
05-27 18:29:44.922  1597  2082 W SchedPolicy: add_tid_to_cgroup failed to write '2959' (No space left on device); fd=24
05-27 18:29:44.986  1934  1934 D PhoneSwitcherNetworkRequstListener: got request NetworkRequest [ TRACK_DEFAULT id=154, [ Capabilities: INTERNET&NOT_RESTRICTED&TRUSTED Unwanted:  Uid: 10059] ] with score 60
05-27 18:29:44.987  1597  1698 D WIFI    : got request NetworkRequest [ TRACK_DEFAULT id=154, [ Capabilities: INTERNET&NOT_RESTRICTED&TRUSTED Unwanted:  Uid: 10059] ] with score 60
05-27 18:29:44.987  1597  1730 D Ethernet: got request NetworkRequest [ TRACK_DEFAULT id=154, [ Capabilities: INTERNET&NOT_RESTRICTED&TRUSTED Unwanted:  Uid: 10059] ] with score 60
05-27 18:29:44.987  1597  1729 D WIFI_AWARE_FACTORY: got request NetworkRequest [ TRACK_DEFAULT id=154, [ Capabilities: INTERNET&NOT_RESTRICTED&TRUSTED Unwanted:  Uid: 10059] ] with score 60
05-27 18:29:44.987  1597  1698 D WIFI_UT : got request NetworkRequest [ TRACK_DEFAULT id=154, [ Capabilities: INTERNET&NOT_RESTRICTED&TRUSTED Unwanted:  Uid: 10059] ] with score 60
05-27 18:29:45.098  1597  1605 W System  : A resource failed to call close. 
05-27 18:29:45.098  1597  1605 I chatty  : uid=1000(system) FinalizerDaemon identical 32 lines
05-27 18:29:45.098  1597  1605 W System  : A resource failed to call close. 
05-27 18:29:45.113 15468 15468 W cr_ActivityDispatcher: CustomTabsIntent#shouldAlwaysUseBrowserUI() = false
05-27 18:29:45.113 15468 15468 W cr_ActivityDispatcher: CustomTabsIntent#shouldAlwaysUseBrowserUI() = false
05-27 18:29:45.124  1597  3566 I ActivityManager: START u0 {act=android.intent.action.VIEW dat=http://198.18.0.1:8000/... flg=0x2800000 pkg=com.android.chrome cmp=com.android.chrome/org.chromium.chrome.browser.customtabs.CustomTabActivity (has extras)} from uid 10059
05-27 18:29:45.131  2324  2324 W ContextImpl: Calling a method in the system process without a qualified user: android.app.ContextImpl.startService:1531 android.content.ContextWrapper.startService:664 android.content.ContextWrapper.startService:664 com.android.coreservice.CoreBroadcastReceiver.onReceive:45 android.app.ActivityThread.handleReceiver:3424 
05-27 18:29:45.135 15468 15532 W chromium: [WARNING:net/cert/ev_root_ca_metadata.cc:119] Not implemented
05-27 18:29:45.215 15468 15468 I cr_A11yState: Enabled accessibility services: [io.github.ylimit.droidbotapp/io.github.privacystreams.accessibility.PSAccessibilityService, null]
05-27 18:29:45.215 15468 15468 I cr_A11yState: Running accessibility services: [io.github.ylimit.droidbotapp/io.github.privacystreams.accessibility.PSAccessibilityService]
05-27 18:29:45.215 15468 15468 I cr_A11yState: Will check again after 2000 milliseconds.
05-27 18:29:45.218 15468 15468 W ActivityThread: handleWindowVisibility: no activity for token android.os.BinderProxy@8815e27
05-27 18:29:45.226 15468 15468 I .android.chrome: type=1400 audit(0.0:4044): avc: denied { read } for name="Applications" dev="sdcardfs" ino=655362 scontext=u:r:untrusted_app:s0:c59,c256,c512,c768 tcontext=u:object_r:sdcardfs:s0 tclass=lnk_file permissive=1
05-27 18:29:45.226 15468 15468 I .android.chrome: type=1400 audit(0.0:4045): avc: denied { search } for name="/" dev="vboxsf" ino=1 scontext=u:r:untrusted_app:s0:c59,c256,c512,c768 tcontext=u:object_r:unlabeled:s0 tclass=dir permissive=1
05-27 18:29:45.233  1597  1597 I Binder:1597_13: type=1400 audit(0.0:4046): avc: denied { read } for name="Applications" dev="sdcardfs" ino=655362 scontext=u:r:system_server:s0 tcontext=u:object_r:sdcardfs:s0 tclass=lnk_file permissive=1
05-27 18:29:45.234 15468 15468 W cr_ActivityDispatcher: CustomTabsIntent#shouldAlwaysUseBrowserUI() = false
05-27 18:29:45.247 15468 15468 W cr_ContextualSearch: No manager!
05-27 18:29:45.248 15468 15468 W cr_ActivityDispatcher: CustomTabsIntent#shouldAlwaysUseBrowserUI() = false
05-27 18:29:45.257  1597  2082 W SchedPolicy: add_tid_to_cgroup failed to write '15712' (No space left on device); fd=24
05-27 18:29:45.257  1597  2082 W SchedPolicy: add_tid_to_cgroup failed to write '15712' (No space left on device); fd=27
05-27 18:29:45.271 15689 15689 I CT_REPRO: E04_modern_mitigation_negative | 1779877785271 | 370 | TAB_SHOWN | 5 | http://198.18.0.1:8000/samesite/check?step=ct_samesite_check_direct | com.android.chrome | Android 9 API 28 | 138.0.7204.179 | extras={timestampUptimeMillis=11377257}
05-27 18:29:45.287 15468 15468 W cr_ActivityDispatcher: CustomTabsIntent#shouldAlwaysUseBrowserUI() = false
05-27 18:29:45.288 15468 15468 W .android.chrom: Accessing hidden method Landroid/content/res/Resources$Theme;->rebase()V (dark greylist, reflection)
05-27 18:29:45.290 15468 15468 I ResourcesCompat: Failed to retrieve rebase() method
05-27 18:29:45.290 15468 15468 I ResourcesCompat: java.lang.NoSuchMethodException: rebase []
05-27 18:29:45.290 15468 15468 I ResourcesCompat: 	at java.lang.Class.getMethod(Class.java:2124)
05-27 18:29:45.290 15468 15468 I ResourcesCompat: 	at java.lang.Class.getDeclaredMethod(Class.java:2103)
05-27 18:29:45.290 15468 15468 I ResourcesCompat: 	at B55.d(chromium-Monochrome.aab-stable-720417927:24)
05-27 18:29:45.290 15468 15468 I ResourcesCompat: 	at C57.k(chromium-Monochrome.aab-stable-720417927:58)
05-27 18:29:45.290 15468 15468 I ResourcesCompat: 	at fm0.W1(chromium-Monochrome.aab-stable-720417927:122)
05-27 18:29:45.290 15468 15468 I ResourcesCompat: 	at Gx.p(chromium-Monochrome.aab-stable-720417927:16)
05-27 18:29:45.290 15468 15468 I ResourcesCompat: 	at jn0.b(chromium-Monochrome.aab-stable-720417927:93)
05-27 18:29:45.290 15468 15468 I ResourcesCompat: 	at Gx.onCreate(chromium-Monochrome.aab-stable-720417927:174)
05-27 18:29:45.290 15468 15468 I ResourcesCompat: 	at android.app.Activity.performCreate(Activity.java:7284)
05-27 18:29:45.290 15468 15468 I ResourcesCompat: 	at android.app.Activity.performCreate(Activity.java:7275)
05-27 18:29:45.290 15468 15468 I ResourcesCompat: 	at android.app.Instrumentation.callActivityOnCreate(Instrumentation.java:1271)
05-27 18:29:45.290 15468 15468 I ResourcesCompat: 	at android.app.ActivityThread.performLaunchActivity(ActivityThread.java:2938)
05-27 18:29:45.290 15468 15468 I ResourcesCompat: 	at android.app.ActivityThread.handleLaunchActivity(ActivityThread.java:3093)
05-27 18:29:45.290 15468 15468 I ResourcesCompat: 	at android.app.servertransaction.LaunchActivityItem.execute(LaunchActivityItem.java:78)
05-27 18:29:45.290 15468 15468 I ResourcesCompat: 	at android.app.servertransaction.TransactionExecutor.executeCallbacks(TransactionExecutor.java:108)
05-27 18:29:45.290 15468 15468 I ResourcesCompat: 	at android.app.servertransaction.TransactionExecutor.execute(TransactionExecutor.java:68)
05-27 18:29:45.290 15468 15468 I ResourcesCompat: 	at android.app.ActivityThread$H.handleMessage(ActivityThread.java:1823)
05-27 18:29:45.290 15468 15468 I ResourcesCompat: 	at android.os.Handler.dispatchMessage(Handler.java:106)
05-27 18:29:45.290 15468 15468 I ResourcesCompat: 	at android.os.Looper.loop(Looper.java:193)
05-27 18:29:45.290 15468 15468 I ResourcesCompat: 	at android.app.ActivityThread.main(ActivityThread.java:6838)
05-27 18:29:45.290 15468 15468 I ResourcesCompat: 	at java.lang.reflect.Method.invoke(Native Method)
05-27 18:29:45.290 15468 15468 I ResourcesCompat: 	at com.android.internal.os.RuntimeInit$MethodAndArgsCaller.run(RuntimeInit.java:493)
05-27 18:29:45.290 15468 15468 I ResourcesCompat: 	at com.android.internal.os.ZygoteInit.main(ZygoteInit.java:860)
05-27 18:29:45.298 15468 15468 W cr_ActivityDispatcher: CustomTabsIntent#shouldAlwaysUseBrowserUI() = false
05-27 18:29:45.299 15468 15468 I cr_A11yState: Enabled accessibility services: [io.github.ylimit.droidbotapp/io.github.privacystreams.accessibility.PSAccessibilityService, null]
05-27 18:29:45.299 15468 15468 I cr_A11yState: Running accessibility services: [io.github.ylimit.droidbotapp/io.github.privacystreams.accessibility.PSAccessibilityService]
05-27 18:29:45.299 15468 15468 I cr_A11yState: Will check again after 4000 milliseconds.
05-27 18:29:45.308 15468 15504 W GoogleApiManager: rv4 could not execute call because it requires feature (get_storage_info_api, 1).
05-27 18:29:45.310  2324  2324 W ContextImpl: Calling a method in the system process without a qualified user: android.app.ContextImpl.startService:1531 android.content.ContextWrapper.startService:664 android.content.ContextWrapper.startService:664 com.android.coreservice.CoreBroadcastReceiver.onReceive:54 android.app.ActivityThread.handleReceiver:3424 
05-27 18:29:45.317 15468 15476 W JavaBinder: BinderProxy is being destroyed but the application did not call unlinkToDeath to unlink all of its death recipients beforehand.  Releasing leaked death recipient: gu5
05-27 18:29:45.326 15689 15689 I CT_REPRO: E04_modern_mitigation_negative | 1779877785326 | 425 | NAVIGATION_STARTED | 1 | http://198.18.0.1:8000/samesite/check?step=ct_samesite_check_direct | com.android.chrome | Android 9 API 28 | 138.0.7204.179 | extras={timestampUptimeMillis=11377326}
05-27 18:29:45.341  1597  1605 W System  : A resource failed to call close. 
05-27 18:29:45.342  1597  1605 I chatty  : uid=1000(system) FinalizerDaemon identical 30 lines
05-27 18:29:45.342  1597  1605 W System  : A resource failed to call close. 
05-27 18:29:45.366  1462  1462 I Binder:1462_5: type=1400 audit(0.0:4047): avc: denied { read write } for path="/dev/fastpipe" dev="tmpfs" ino=3085 scontext=u:r:untrusted_app:s0:c59,c256,c512,c768 tcontext=u:object_r:device:s0 tclass=chr_file permissive=1
05-27 18:29:45.374 15468 15468 I cr_BrowserUiUtils: Recorded Startup.Android.FirstDrawCompletedTime = 136 ms
05-27 18:29:45.382 15468 15511 E EGL_emulation: tid 15511: eglSurfaceAttrib(1504): error 0x3009 (EGL_BAD_MATCH)
05-27 18:29:45.383 15468 15511 W OpenGLRenderer: Failed to set EGL_SWAP_BEHAVIOR on surface 0xec3864a0, error=EGL_BAD_MATCH
05-27 18:29:45.423  1597  1612 I ActivityManager: Displayed com.android.chrome/org.chromium.chrome.browser.customtabs.CustomTabActivity: +511ms
05-27 18:29:45.424 15468 15468 I cr_E2E_DCController: setSafeAreaConstraint: false
05-27 18:29:45.425 15689 15689 I CT_REPRO: E04_modern_mitigation_negative | 1779877785425 | 524 | NAVIGATION_FINISHED | 2 | http://198.18.0.1:8000/samesite/check?step=ct_samesite_check_direct | com.android.chrome | Android 9 API 28 | 138.0.7204.179 | extras={timestampUptimeMillis=11377424}
05-27 18:29:45.428 15468 15468 I cr_CompositorSurfaceMgr: Transitioning to surface with format: -1
05-27 18:29:45.428 15468 15468 I cr_CompositorSurfaceMgr: surfaceCreated format: 0
05-27 18:29:45.475 15468 15468 D skia    : --- Failed to create image decoder with message 'unimplemented'
05-27 18:29:45.481 15545 15575 W chromium: [WARNING:components/viz/service/frame_sinks/root_compositor_frame_sink_impl.cc:985] Requested unsupported preferred frame interval 0.016666 s (=60.0024Hz)
05-27 18:29:45.490  2324  2324 W ContextImpl: Calling a method in the system process without a qualified user: android.app.ContextImpl.startService:1531 android.content.ContextWrapper.startService:664 android.content.ContextWrapper.startService:664 com.android.coreservice.CoreBroadcastReceiver.onReceive:70 android.app.ActivityThread.handleReceiver:3424 
05-27 18:29:45.491  2324  2324 W ContextImpl: Calling a method in the system process without a qualified user: android.app.ContextImpl.startService:1531 android.content.ContextWrapper.startService:664 android.content.ContextWrapper.startService:664 com.android.coreservice.CoreBroadcastReceiver.onReceive:70 android.app.ActivityThread.handleReceiver:3424 
05-27 18:29:45.493  1597  1597 W Looper  : Slow dispatch took 127ms main h=com.android.server.accessibility.AccessibilityManagerService$MainHandler c=<recycled PooledLambda@d688ac5> m=0
05-27 18:29:45.530 15468 15468 I cr_CustomTab: To create AuxiliarySearchController on deferred startup.
05-27 18:29:45.530  1597  9815 W SchedPolicy: add_tid_to_cgroup failed to write '15689' (No space left on device); fd=25
05-27 18:29:45.571  2324  2324 W ContextImpl: Calling a method in the system process without a qualified user: android.app.ContextImpl.startService:1531 android.content.ContextWrapper.startService:664 android.content.ContextWrapper.startService:664 com.android.coreservice.CoreBroadcastReceiver.onReceive:54 android.app.ActivityThread.handleReceiver:3424 
05-27 18:29:45.620  1597  1605 W System  : A resource failed to call close. 
05-27 18:29:45.620  1597  1605 I chatty  : uid=1000(system) FinalizerDaemon identical 25 lines
05-27 18:29:45.620  1597  1605 W System  : A resource failed to call close. 
05-27 18:29:47.216 15468 15468 I cr_A11yState: Enabled accessibility services: [io.github.ylimit.droidbotapp/io.github.privacystreams.accessibility.PSAccessibilityService, null]
05-27 18:29:47.216 15468 15468 I cr_A11yState: Running accessibility services: [io.github.ylimit.droidbotapp/io.github.privacystreams.accessibility.PSAccessibilityService]
05-27 18:29:47.216 15468 15468 I cr_A11yState: Max delay reached. Send information as is.
05-27 18:29:47.216 15468 15468 I cr_A11yState: Informing listeners of changes.
05-27 18:29:47.216 15468 15468 I cr_A11yState: New AccessibilityState: State{isComplexUserInteractionServiceEnabled=true, isTouchExplorationEnabled=false, isPerformGesturesEnabled=false, isAnyAccessibilityServiceEnabled=true, isAccessibilityToolPresent=true, isTextShowPasswordEnabled=true, isOnlyAutofillRunning=false, isOnlyPasswordManagersEnabled=false, isKnownScreenReaderEnabled=false}
05-27 18:29:49.301 15468 15468 I cr_A11yState: Enabled accessibility services: [io.github.ylimit.droidbotapp/io.github.privacystreams.accessibility.PSAccessibilityService, null]
05-27 18:29:49.301 15468 15468 I cr_A11yState: Running accessibility services: [io.github.ylimit.droidbotapp/io.github.privacystreams.accessibility.PSAccessibilityService]
05-27 18:29:49.301 15468 15468 I cr_A11yState: Will check again after 250 milliseconds.
05-27 18:29:49.445 15545 15567 E eglCodecCommon: glUtilsParamSize: unknow param 0x000088ef
05-27 18:29:49.446 15545 15567 E eglCodecCommon: glUtilsParamSize: unknow param 0x00000cf2
05-27 18:29:49.446 15545 15567 E eglCodecCommon: glUtilsParamSize: unknow param 0x00000cf3
05-27 18:29:49.446 15545 15567 E eglCodecCommon: glUtilsParamSize: unknow param 0x00000cf4
05-27 18:29:49.446 15545 15567 E eglCodecCommon: glUtilsParamSize: unknow param 0x0000806d
05-27 18:29:49.446 15545 15567 E eglCodecCommon: glUtilsParamSize: unknow param 0x0000806e
05-27 18:29:49.447 15545 15567 E eglCodecCommon: glUtilsParamSize: unknow param 0x000088ef
05-27 18:29:49.447 15545 15567 E eglCodecCommon: glUtilsParamSize: unknow param 0x00000cf2
05-27 18:29:49.447 15545 15567 E eglCodecCommon: glUtilsParamSize: unknow param 0x00000cf3
05-27 18:29:49.447 15545 15567 E eglCodecCommon: glUtilsParamSize: unknow param 0x00000cf4
05-27 18:29:49.447 15545 15567 E eglCodecCommon: glUtilsParamSize: unknow param 0x0000806d
05-27 18:29:49.447 15545 15567 E eglCodecCommon: glUtilsParamSize: unknow param 0x0000806e
05-27 18:29:49.447 15545 15567 E eglCodecCommon: glUtilsParamSize: unknow param 0x000088ef
05-27 18:29:49.447 15545 15567 E eglCodecCommon: glUtilsParamSize: unknow param 0x00000cf2
05-27 18:29:49.447 15545 15567 E eglCodecCommon: glUtilsParamSize: unknow param 0x00000cf3
05-27 18:29:49.447 15545 15567 E eglCodecCommon: glUtilsParamSize: unknow param 0x00000cf4
05-27 18:29:49.448 15545 15567 E eglCodecCommon: glUtilsParamSize: unknow param 0x0000806d
05-27 18:29:49.448 15545 15567 E eglCodecCommon: glUtilsParamSize: unknow param 0x0000806e
05-27 18:29:49.448 15545 15567 E eglCodecCommon: glUtilsParamSize: unknow param 0x000088ef
05-27 18:29:49.448 15545 15567 E eglCodecCommon: glUtilsParamSize: unknow param 0x00000cf2
05-27 18:29:49.448 15545 15567 E eglCodecCommon: glUtilsParamSize: unknow param 0x00000cf3
05-27 18:29:49.448 15545 15567 E eglCodecCommon: glUtilsParamSize: unknow param 0x00000cf4
05-27 18:29:49.448 15545 15567 E eglCodecCommon: glUtilsParamSize: unknow param 0x0000806d
05-27 18:29:49.448 15545 15567 E eglCodecCommon: glUtilsParamSize: unknow param 0x0000806e
05-27 18:29:49.449 15545 15567 E eglCodecCommon: glUtilsParamSize: unknow param 0x000088ef
05-27 18:29:49.449 15545 15567 E eglCodecCommon: glUtilsParamSize: unknow param 0x00000cf2
05-27 18:29:49.449 15545 15567 E eglCodecCommon: glUtilsParamSize: unknow param 0x00000cf3
05-27 18:29:49.449 15545 15567 E eglCodecCommon: glUtilsParamSize: unknow param 0x00000cf4
05-27 18:29:49.449 15545 15567 E eglCodecCommon: glUtilsParamSize: unknow param 0x0000806d
05-27 18:29:49.449 15545 15567 E eglCodecCommon: glUtilsParamSize: unknow param 0x0000806e
05-27 18:29:49.449 15545 15567 E eglCodecCommon: glUtilsParamSize: unknow param 0x000088ef
05-27 18:29:49.449 15545 15567 E eglCodecCommon: glUtilsParamSize: unknow param 0x00000cf2
05-27 18:29:49.449 15545 15567 E eglCodecCommon: glUtilsParamSize: unknow param 0x00000cf3
05-27 18:29:49.450 15545 15567 E eglCodecCommon: glUtilsParamSize: unknow param 0x00000cf4
05-27 18:29:49.450 15545 15567 E eglCodecCommon: glUtilsParamSize: unknow param 0x0000806d
05-27 18:29:49.450 15545 15567 E eglCodecCommon: glUtilsParamSize: unknow param 0x0000806e
05-27 18:29:49.450 15545 15567 E eglCodecCommon: glUtilsParamSize: unknow param 0x000088ef
05-27 18:29:49.450 15545 15567 E eglCodecCommon: glUtilsParamSize: unknow param 0x00000cf2
05-27 18:29:49.450 15545 15567 E eglCodecCommon: glUtilsParamSize: unknow param 0x00000cf3
05-27 18:29:49.450 15545 15567 E eglCodecCommon: glUtilsParamSize: unknow param 0x00000cf4
05-27 18:29:49.450 15545 15567 E eglCodecCommon: glUtilsParamSize: unknow param 0x0000806d
05-27 18:29:49.450 15545 15567 E eglCodecCommon: glUtilsParamSize: unknow param 0x0000806e
05-27 18:29:49.450 15545 15567 E eglCodecCommon: glUtilsParamSize: unknow param 0x000088ef
05-27 18:29:49.451 15545 15567 E eglCodecCommon: glUtilsParamSize: unknow param 0x00000cf2
05-27 18:29:49.451 15545 15567 E eglCodecCommon: glUtilsParamSize: unknow param 0x00000cf3
05-27 18:29:49.451 15545 15567 E eglCodecCommon: glUtilsParamSize: unknow param 0x00000cf4
05-27 18:29:49.451 15545 15567 E eglCodecCommon: glUtilsParamSize: unknow param 0x0000806d
05-27 18:29:49.451 15545 15567 E eglCodecCommon: glUtilsParamSize: unknow param 0x0000806e
05-27 18:29:49.451 15545 15567 E eglCodecCommon: glUtilsParamSize: unknow param 0x000088ef
05-27 18:29:49.452 15545 15567 E eglCodecCommon: glUtilsParamSize: unknow param 0x00000cf2
05-27 18:29:49.452 15545 15567 E eglCodecCommon: glUtilsParamSize: unknow param 0x00000cf3
05-27 18:29:49.452 15545 15567 E eglCodecCommon: glUtilsParamSize: unknow param 0x00000cf4
05-27 18:29:49.452 15545 15567 E eglCodecCommon: glUtilsParamSize: unknow param 0x0000806d
05-27 18:29:49.452 15545 15567 E eglCodecCommon: glUtilsParamSize: unknow param 0x0000806e
05-27 18:29:49.452 15545 15567 E eglCodecCommon: glUtilsParamSize: unknow param 0x000088ef
05-27 18:29:49.452 15545 15567 E eglCodecCommon: glUtilsParamSize: unknow param 0x00000cf2
05-27 18:29:49.452 15545 15567 E eglCodecCommon: glUtilsParamSize: unknow param 0x00000cf3
05-27 18:29:49.453 15545 15567 E eglCodecCommon: glUtilsParamSize: unknow param 0x00000cf4
05-27 18:29:49.453 15545 15567 E eglCodecCommon: glUtilsParamSize: unknow param 0x0000806d
05-27 18:29:49.453 15545 15567 E eglCodecCommon: glUtilsParamSize: unknow param 0x0000806e
05-27 18:29:49.453 15545 15567 E eglCodecCommon: glUtilsParamSize: unknow param 0x000088ef
05-27 18:29:49.453 15545 15567 E eglCodecCommon: glUtilsParamSize: unknow param 0x00000cf2
05-27 18:29:49.453 15545 15567 E eglCodecCommon: glUtilsParamSize: unknow param 0x00000cf3
05-27 18:29:49.453 15545 15567 E eglCodecCommon: glUtilsParamSize: unknow param 0x00000cf4
05-27 18:29:49.453 15545 15567 E eglCodecCommon: glUtilsParamSize: unknow param 0x0000806d
05-27 18:29:49.453 15545 15567 E eglCodecCommon: glUtilsParamSize: unknow param 0x0000806e
05-27 18:29:49.569 15468 15468 I cr_A11yState: Enabled accessibility services: [io.github.ylimit.droidbotapp/io.github.privacystreams.accessibility.PSAccessibilityService, null]
05-27 18:29:49.569 15468 15468 I cr_A11yState: Running accessibility services: [io.github.ylimit.droidbotapp/io.github.privacystreams.accessibility.PSAccessibilityService]
05-27 18:29:49.569 15468 15468 I cr_A11yState: Will check again after 500 milliseconds.
05-27 18:29:49.569 15468 15532 W chromium: [WARNING:net/cert/ev_root_ca_metadata.cc:119] Not implemented
05-27 18:29:50.072 15468 15468 I cr_A11yState: Enabled accessibility services: [io.github.ylimit.droidbotapp/io.github.privacystreams.accessibility.PSAccessibilityService, null]
05-27 18:29:50.072 15468 15468 I cr_A11yState: Running accessibility services: [io.github.ylimit.droidbotapp/io.github.privacystreams.accessibility.PSAccessibilityService]
05-27 18:29:50.072 15468 15468 I cr_A11yState: Will check again after 1000 milliseconds.
05-27 18:29:51.016  1459  1459 I ldinit  : type=1400 audit(0.0:4048): avc: denied { read } for name="partitions" dev="proc" ino=4026532046 scontext=u:r:ldinit:s0 tcontext=u:object_r:proc:s0 tclass=file permissive=1
05-27 18:29:51.016  1459  1459 I ldinit  : type=1400 audit(0.0:4049): avc: denied { open } for path="/proc/partitions" dev="proc" ino=4026532046 scontext=u:r:ldinit:s0 tcontext=u:object_r:proc:s0 tclass=file permissive=1
05-27 18:29:51.016  1459  1459 I ldinit  : type=1400 audit(0.0:4050): avc: denied { getattr } for path="/proc/partitions" dev="proc" ino=4026532046 scontext=u:r:ldinit:s0 tcontext=u:object_r:proc:s0 tclass=file permissive=1
05-27 18:29:51.034 15468 15532 W chromium: [WARNING:net/cert/ev_root_ca_metadata.cc:119] Not implemented
05-27 18:29:51.073 15468 15468 I cr_A11yState: Enabled accessibility services: [io.github.ylimit.droidbotapp/io.github.privacystreams.accessibility.PSAccessibilityService, null]
05-27 18:29:51.073 15468 15468 I cr_A11yState: Running accessibility services: [io.github.ylimit.droidbotapp/io.github.privacystreams.accessibility.PSAccessibilityService]
05-27 18:29:51.073 15468 15468 I cr_A11yState: Will check again after 2000 milliseconds.
05-27 18:29:51.193  1462  1462 I Binder:1462_2: type=1400 audit(0.0:4051): avc: denied { read write } for path="/dev/fastpipe" dev="tmpfs" ino=3085 scontext=u:r:shell:s0 tcontext=u:object_r:device:s0 tclass=chr_file permissive=1
05-27 18:29:51.195 15780 15780 E cutils-trace: Error opening trace file: No such file or directory (2)
05-27 18:29:51.195 15780 15780 D vndksupport: Loading /vendor/lib64/hw/android.hardware.graphics.mapper@2.0-impl.so from current namespace instead of sphal namespace.
05-27 18:29:51.195 15780 15780 D vndksupport: Loading /vendor/lib64/hw/gralloc.default.so from current namespace instead of sphal namespace.
05-27 18:29:51.196 15780 15780 I screencap: type=1400 audit(0.0:4052): avc: denied { open } for path="/dev/fastpipe" dev="tmpfs" ino=3085 scontext=u:r:shell:s0 tcontext=u:object_r:device:s0 tclass=chr_file permissive=1
05-27 18:29:51.199 15780 15780 I screencap: type=1400 audit(0.0:4053): avc: denied { ioctl } for path="/dev/fastpipe" dev="tmpfs" ino=3085 ioctlcmd=6864 scontext=u:r:shell:s0 tcontext=u:object_r:device:s0 tclass=chr_file permissive=1
05-27 18:29:51.203 15780 15780 I         : fastpipe: Connect success
05-27 18:29:51.203 15780 15780 I         : fastpipe: Connect success
05-27 18:29:51.204 15780 15780 D HostConnection: HostRPC::connect sucess: app=screencap, pid=15780, tid=15780, this=0x763893ee4540
05-27 18:29:51.204 15780 15780 D HostConnection: queryAndSetGLESMaxVersion select gles-version: 3.1 hostGLVersion:46 process:screencap
05-27 18:29:51.337 11589 11589 D MediaScannerReceiver: action: android.intent.action.MEDIA_SCANNER_SCAN_FILE path: /storage/emulated/0/e04_ct_samesite_check_direct.png
05-27 18:29:51.570 15789 15789 I appproc : app_process main with argv: /system/bin com.android.commands.input.Input keyevent 4 
05-27 18:29:51.570 15789 15789 D AndroidRuntime: >>>>>> START com.android.internal.os.RuntimeInit uid 2000 <<<<<<
05-27 18:29:51.574 15789 15789 E cutils-trace: Error opening trace file: No such file or directory (2)
05-27 18:29:51.595 15789 15789 V libnb   : enter native_bridge2_isCompatibleWith 3
05-27 18:29:51.606 15789 15789 I libnb   : Found /system/lib64/libhoudini.so version 3
05-27 18:29:51.639 15789 15789 I app_process: The ClassLoaderContext is a special shared library.
05-27 18:29:51.639 15789 15789 W app_process: Could not create mount namespace.
05-27 18:29:51.639 15789 15789 D nativebridge: PreInitializeNativeBridge name=unknown instruction_set=x86_64
05-27 18:29:51.639 15789 15789 W nativebridge: Failed to bind-mount /data/local/cfg-zieih/ as /proc/cpuinfo: No such file or directory
05-27 18:29:51.639 15789 15789 W nativebridge: Failed to bind-mount /system/lib64/x86_64/cpuinfo as /proc/cpuinfo: Operation not permitted
05-27 18:29:51.639 15789 15789 D nativebridge: call UnloadNativeBridge! state=2
05-27 18:29:51.668 15789 15789 D AndroidRuntime: Calling main entry com.android.commands.input.Input
05-27 18:29:51.669 15789 15789 I Input   : injectKeyEvent: KeyEvent { action=ACTION_DOWN, keyCode=KEYCODE_BACK, scanCode=0, metaState=0, flags=0x0, repeatCount=0, eventTime=11383669, downTime=11383669, deviceId=-1, source=0x101 }
05-27 18:29:51.687 15789 15789 I Input   : injectKeyEvent: KeyEvent { action=ACTION_UP, keyCode=KEYCODE_BACK, scanCode=0, metaState=0, flags=0x0, repeatCount=0, eventTime=11383669, downTime=11383669, deviceId=-1, source=0x101 }
05-27 18:29:51.694  1597  1614 D AutofillManagerService: onBackKeyPressed()
05-27 18:29:51.703 15789 15789 D AndroidRuntime: Shutting down VM
05-27 18:29:51.749  1597 11959 W SchedPolicy: add_tid_to_cgroup failed to write '15468' (No space left on device); fd=24
05-27 18:29:51.749  1597 11959 W SchedPolicy: add_tid_to_cgroup failed to write '15689' (No space left on device); fd=27
05-27 18:29:51.750  1597 11959 W SchedPolicy: add_tid_to_cgroup failed to write '15712' (No space left on device); fd=24
05-27 18:29:51.750  1597 11959 W SchedPolicy: add_tid_to_cgroup failed to write '15545' (No space left on device); fd=24
05-27 18:29:51.751  2324  2324 W ContextImpl: Calling a method in the system process without a qualified user: android.app.ContextImpl.startService:1531 android.content.ContextWrapper.startService:664 android.content.ContextWrapper.startService:664 com.android.coreservice.CoreBroadcastReceiver.onReceive:45 android.app.ActivityThread.handleReceiver:3424 
